2026-09-10 09:37:07 INFO  (LoggingInitialization) Using log config file: jar:file:/E:/ghidra_11.2.1_PUBLIC/Ghidra/Framework/Generic/lib/Generic.jar!/generic.log4j.xml  
2026-09-10 09:37:07 INFO  (LoggingInitialization) Using log file: I:\SkypeReverse\skypeopensource2\skyserver\diagnostics\pe-analysis-20260907-233415\binary-seeds.log  
2026-09-10 09:37:07 INFO  (Preferences) Loading user preferences: C:\Users\IlyaBOT\AppData\Roaming\ghidra\ghidra_11.2.1_PUBLIC\preferences  
2026-09-10 09:37:07 INFO  (ClassSearcher) Searching for classes...  
2026-09-10 09:37:08 INFO  (ClassSearcher) Class search complete (966 ms)  
2026-09-10 09:37:08 INFO  (SSLContextInitializer) Initializing SSL Context  
2026-09-10 09:37:08 INFO  (SecureRandomFactory) Initializing Random Number Generator...  
2026-09-10 09:37:08 INFO  (SecureRandomFactory) Random Number Generator initialization complete: SHA1PRNG  
2026-09-10 09:37:08 INFO  (ApplicationTrustManagerFactory) Trust manager disabled, cacerts have not been set  
2026-09-10 09:37:08 INFO  (AnalyzeHeadless) Headless startup complete (2231 ms)  
2026-09-10 09:37:08 INFO  (ClassSearcher) Class searcher loaded 57 extension points (18 false positives)  
2026-09-10 09:37:08 INFO  (HeadlessAnalyzer) HEADLESS Script Paths:
    E:\ghidra_11.2.1_PUBLIC\Ghidra\Features\SystemEmulation\ghidra_scripts
    E:\ghidra_11.2.1_PUBLIC\Ghidra\Features\FileFormats\ghidra_scripts
    E:\ghidra_11.2.1_PUBLIC\Ghidra\Debug\Debugger\ghidra_scripts
    E:\ghidra_11.2.1_PUBLIC\Ghidra\Processors\JVM\ghidra_scripts
    E:\ghidra_11.2.1_PUBLIC\Ghidra\Features\BSim\ghidra_scripts
    E:\ghidra_11.2.1_PUBLIC\Ghidra\Features\WildcardAssembler\ghidra_scripts
    E:\ghidra_11.2.1_PUBLIC\Ghidra\Features\SwiftDemangler\ghidra_scripts
    E:\ghidra_11.2.1_PUBLIC\Ghidra\Features\BytePatterns\ghidra_scripts
    E:\ghidra_11.2.1_PUBLIC\Ghidra\Processors\PIC\ghidra_scripts
    E:\ghidra_11.2.1_PUBLIC\Ghidra\Debug\Debugger-agent-dbgmodel-traceloader\ghidra_scripts
    E:\ghidra_11.2.1_PUBLIC\Ghidra\Features\PDB\ghidra_scripts
    E:\ghidra_11.2.1_PUBLIC\Ghidra\Processors\8051\ghidra_scripts
    E:\ghidra_11.2.1_PUBLIC\Ghidra\Debug\Debugger-rmi-trace\ghidra_scripts
    I:\SkypeReverse\skypeopensource2\skyserver\tools
    E:\ghidra_11.2.1_PUBLIC\Ghidra\Features\Jython\ghidra_scripts
    E:\ghidra_11.2.1_PUBLIC\Ghidra\Features\Base\ghidra_scripts
    E:\ghidra_11.2.1_PUBLIC\Ghidra\Features\Decompiler\ghidra_scripts
    E:\ghidra_11.2.1_PUBLIC\Ghidra\Processors\Atmel\ghidra_scripts
    E:\ghidra_11.2.1_PUBLIC\Ghidra\Features\FunctionID\ghidra_scripts
    E:\ghidra_11.2.1_PUBLIC\Ghidra\Debug\Debugger-agent-frida\ghidra_scripts
    E:\ghidra_11.2.1_PUBLIC\Ghidra\Features\VersionTracking\ghidra_scripts
    E:\ghidra_11.2.1_PUBLIC\Ghidra\Features\GnuDemangler\ghidra_scripts
    E:\ghidra_11.2.1_PUBLIC\Ghidra\Features\MicrosoftCodeAnalyzer\ghidra_scripts
    E:\ghidra_11.2.1_PUBLIC\Ghidra\Processors\DATA\ghidra_scripts  
2026-09-10 09:37:09 INFO  (HeadlessAnalyzer) HEADLESS: execution starts  
2026-09-10 09:37:09 INFO  (HeadlessAnalyzer) Opening existing project: I:\SkypeReverse\skypeopensource2\skyserver\diagnostics\pe-analysis-20260907-233415\Skype42  
2026-09-10 09:37:09 INFO  (HeadlessProject) Opening project: I:\SkypeReverse\skypeopensource2\skyserver\diagnostics\pe-analysis-20260907-233415\Skype42  
2026-09-10 09:37:10 INFO  (HeadlessAnalyzer) REPORT: Processing project file: /Skype-uncompressed.image.bin  
2026-09-10 09:37:11 INFO  (HeadlessAnalyzer) SCRIPT: I:\SkypeReverse\skypeopensource2\skyserver\tools\InspectSkypeEntry.java  
2026-09-10 09:37:11 INFO  (GhidraScript) InspectSkypeEntry.java> SKYPE_ENTRY 0064bd40  
2026-09-10 09:37:11 INFO  (GhidraScript) InspectSkypeEntry.java> 0064bd40 ADD byte ptr [EAX],AL  
2026-09-10 09:37:11 INFO  (GhidraScript) InspectSkypeEntry.java> 0064bd42 ADD byte ptr [EAX + -0x77],AL  
2026-09-10 09:37:11 INFO  (GhidraScript) InspectSkypeEntry.java> 0064bd45 MOV word ptr [EAX + EAX*0x8],FS  
2026-09-10 09:37:11 INFO  (GhidraScript) InspectSkypeEntry.java> 0064bd48 ADD byte ptr [EAX],AL  
2026-09-10 09:37:11 INFO  (GhidraScript) InspectSkypeEntry.java> 0064bd4a ADD BH,AL  
2026-09-10 09:37:11 INFO  (GhidraScript) InspectSkypeEntry.java> 0064bd4c TEST byte ptr [ESP + ECX*0x8],AH  
2026-09-10 09:37:11 INFO  (GhidraScript) InspectSkypeEntry.java> 0064bd4f ADD byte ptr [EAX],AL  
2026-09-10 09:37:11 INFO  (GhidraScript) InspectSkypeEntry.java> 0064bd51 ADD byte ptr [EAX + EAX*0x1],BH  
2026-09-10 09:37:11 INFO  (GhidraScript) InspectSkypeEntry.java> 0064bd54 ADD byte ptr [EAX],AL  
2026-09-10 09:37:11 INFO  (GhidraScript) InspectSkypeEntry.java> 0064bd56 MOV dword ptr [ESP + 0xc8],0x14  
2026-09-10 09:37:11 INFO  (GhidraScript) InspectSkypeEntry.java> 0064bd61 CALL 0x007382a0  
2026-09-10 09:37:11 INFO  (GhidraScript) InspectSkypeEntry.java> 0064bd66 MOV dword ptr [ESP + 0x14],0xc763e2  
2026-09-10 09:37:11 INFO  (GhidraScript) InspectSkypeEntry.java> 0064bd6e MOV EAX,dword ptr [ESP + 0x14]  
2026-09-10 09:37:11 INFO  (GhidraScript) InspectSkypeEntry.java> 0064bd72 MOV AL,byte ptr [EAX + -0x2]  
2026-09-10 09:37:11 INFO  (GhidraScript) InspectSkypeEntry.java> 0064bd75 TEST AL,AL  
2026-09-10 09:37:11 INFO  (GhidraScript) InspectSkypeEntry.java> 0064bd77 JZ 0x0064bf49  
2026-09-10 09:37:11 INFO  (GhidraScript) InspectSkypeEntry.java> 0064bd7d MOV EDI,dword ptr [ESP + 0x14]  
2026-09-10 09:37:11 INFO  (GhidraScript) InspectSkypeEntry.java> 0064bd81 MOVZX ECX,byte ptr [EDI + -0x1]  
2026-09-10 09:37:11 INFO  (GhidraScript) InspectSkypeEntry.java> 0064bd85 MOVZX EDX,byte ptr [EDI]  
2026-09-10 09:37:11 INFO  (GhidraScript) InspectSkypeEntry.java> 0064bd88 MOVZX EBX,byte ptr [EDI + 0x2]  
2026-09-10 09:37:11 INFO  (GhidraScript) InspectSkypeEntry.java> 0064bd8c MOVZX ESI,AL  
2026-09-10 09:37:11 INFO  (GhidraScript) InspectSkypeEntry.java> 0064bd8f MOVZX EAX,byte ptr [EDI + 0x1]  
2026-09-10 09:37:11 INFO  (GhidraScript) InspectSkypeEntry.java> 0064bd93 SHL ESI,0x8  
2026-09-10 09:37:11 INFO  (GhidraScript) InspectSkypeEntry.java> 0064bd96 ADD ESI,ECX  
2026-09-10 09:37:11 INFO  (GhidraScript) InspectSkypeEntry.java> 0064bd98 MOVZX ECX,byte ptr [EDI + 0x3]  
2026-09-10 09:37:11 INFO  (GhidraScript) InspectSkypeEntry.java> 0064bd9c SHL ESI,0x8  
2026-09-10 09:37:11 INFO  (GhidraScript) InspectSkypeEntry.java> 0064bd9f ADD ESI,EDX  
2026-09-10 09:37:11 INFO  (GhidraScript) InspectSkypeEntry.java> 0064bda1 SHL ESI,0x8  
2026-09-10 09:37:11 INFO  (GhidraScript) InspectSkypeEntry.java> 0064bda4 ADD ESI,EAX  
2026-09-10 09:37:11 INFO  (GhidraScript) InspectSkypeEntry.java> 0064bda6 SHL EBX,0x8  
2026-09-10 09:37:11 INFO  (GhidraScript) InspectSkypeEntry.java> 0064bda9 MOV EAX,ESI  
2026-09-10 09:37:11 INFO  (GhidraScript) InspectSkypeEntry.java> 0064bdab ADD EBX,ECX  
2026-09-10 09:37:11 INFO  (GhidraScript) InspectSkypeEntry.java> 0064bdad AND EAX,0xff000000  
2026-09-10 09:37:11 INFO  (GhidraScript) InspectSkypeEntry.java> 0064bdb2 CMP EAX,0x7f000000  
2026-09-10 09:37:11 INFO  (GhidraScript) InspectSkypeEntry.java> 0064bdb7 MOV dword ptr [ESP + 0x30],ESI  
2026-09-10 09:37:11 INFO  (GhidraScript) InspectSkypeEntry.java> 0064bdbb MOV dword ptr [ESP + 0x34],EBX  
2026-09-10 09:37:11 INFO  (GhidraScript) InspectSkypeEntry.java> 0064bdbf JZ 0x0064bdff  
2026-09-10 09:37:11 INFO  (GhidraScript) InspectSkypeEntry.java> 0064bdc1 TEST ESI,ESI  
2026-09-10 09:37:11 INFO  (GhidraScript) InspectSkypeEntry.java> 0064bdc3 JZ 0x0064bdff  
2026-09-10 09:37:11 INFO  (GhidraScript) InspectSkypeEntry.java> 0064bdc5 CMP EAX,0xa000000  
2026-09-10 09:37:11 INFO  (GhidraScript) InspectSkypeEntry.java> 0064bdca JZ 0x0064bdff  
2026-09-10 09:37:11 INFO  (GhidraScript) InspectSkypeEntry.java> 0064bdcc MOV EDX,ESI  
2026-09-10 09:37:11 INFO  (GhidraScript) InspectSkypeEntry.java> 0064bdce AND EDX,0xfff00000  
2026-09-10 09:37:11 INFO  (GhidraScript) InspectSkypeEntry.java> 0064bdd4 CMP EDX,0xac100000  
2026-09-10 09:37:11 INFO  (GhidraScript) InspectSkypeEntry.java> 0064bdda JZ 0x0064bdff  
2026-09-10 09:37:11 INFO  (GhidraScript) InspectSkypeEntry.java> 0064bddc MOV ECX,ESI  
2026-09-10 09:37:11 INFO  (GhidraScript) InspectSkypeEntry.java> 0064bdde AND ECX,0xffff0000  
2026-09-10 09:37:11 INFO  (GhidraScript) InspectSkypeEntry.java> 0064bde4 CMP ECX,0xc0a80000  
2026-09-10 09:37:11 INFO  (GhidraScript) InspectSkypeEntry.java> 0064bdea JZ 0x0064bdff  
2026-09-10 09:37:11 INFO  (GhidraScript) InspectSkypeEntry.java> 0064bdec TEST EAX,EAX  
2026-09-10 09:37:13 INFO  (GhidraScript) InspectSkypeEntry.java> 
/* WARNING: Globals starting with '_' overlap smaller symbols at the same address */

void FUN_0064bd40(void)

{
  int iVar1;
  ushort uVar2;
  code *pcVar3;
  char cVar4;
  char *in_EAX;
  uint uVar5;
  int *piVar6;
  undefined4 unaff_EBX;
  uint uVar7;
  int iVar8;
  undefined *puVar9;
  undefined2 in_FS;
  bool bVar10;
  undefined4 in_stack_00000010;
  undefined *in_stack_00000014;
  int in_stack_00000018;
  int in_stack_00000030;
  uint in_stack_00000034;
  undefined4 in_stack_00000060;
  int in_stack_00000078;
  int in_stack_00000090;
  int in_stack_000000b0;
  undefined4 uStack000000c8;
  int in_stack_000000d0;
  int in_stack_000000e0;
  undefined4 in_stack_000000e4;
  int in_stack_000000f0;
  
  cVar4 = (char)in_EAX;
  *in_EAX = *in_EAX + cVar4;
  in_EAX[-0x77] = in_EAX[-0x77] + cVar4;
  *(undefined2 *)((int)in_EAX * 9) = in_FS;
  *in_EAX = *in_EAX + cVar4;
  *in_EAX = *in_EAX + cVar4;
  *(char *)((int)in_EAX * 2) = *(char *)((int)in_EAX * 2) + (char)((uint)unaff_EBX >> 8) + cVar4;
  *in_EAX = *in_EAX + cVar4;
  uStack000000c8 = 0x14;
  func_0x007382a0();
  in_stack_00000014 = (undefined *)0xc763e2;
  do {
    puVar9 = in_stack_00000014;
    cVar4 = in_stack_00000014[-2];
    if (cVar4 == '\0') break;
    uVar2 = CONCAT11(cVar4,in_stack_00000014[-1]);
    iVar8 = CONCAT31(CONCAT21(uVar2,*in_stack_00000014),in_stack_00000014[1]);
    uVar7 = (uint)CONCAT11(in_stack_00000014[2],in_stack_00000014[3]);
    in_stack_00000030 = iVar8;
    in_stack_00000034 = uVar7;
    if (((((cVar4 == '\x7f') || (iVar8 == 0)) || (cVar4 == '\n')) ||
        (((uVar2 & 0xfff0) == 0xac10 || (uVar2 == 0xc0a8)))) ||
       ((cVar4 == '\0' || ((cVar4 == -1 || (0xffff < uVar7)))))) {
      func_0x0051fb30(0xb89a44,0xc99988,0xc99930,0x77,0xb88638,0xb88638);
      in_stack_00000014 = puVar9;
    }
    else {
      uVar5 = (uint)(iVar8 * -0x61c8c933) >> ((byte)in_stack_000000e4 & 0x1f);
      iVar1 = *(int *)(in_stack_000000f0 + uVar5 * 4);
      while ((iVar1 != -1 && (*(int *)(in_stack_000000d0 + iVar1 * 5) != iVar8))) {
        uVar5 = uVar5 + 1;
        if (in_stack_000000e0 <= (int)uVar5) {
          uVar5 = 0;
        }
        iVar1 = *(int *)(in_stack_000000f0 + uVar5 * 4);
      }
      in_stack_00000014 = puVar9;
      if (*(int *)(in_stack_000000f0 + uVar5 * 4) == -1) {
        if (*(uint *)(in_stack_00000018 + 0x3e3) <= *(uint *)(in_stack_00000018 + 0x3df)) {
          func_0x00859d30();
        }
        piVar6 = (int *)(*(int *)(in_stack_00000018 + 0x3df) * 0x1d +
                        *(int *)(in_stack_00000018 + 0x3db));
        *(int *)(in_stack_00000018 + 0x3df) = *(int *)(in_stack_00000018 + 0x3df) + 1;
        if (piVar6 == (int *)0x0) {
          piVar6 = (int *)0x0;
        }
        else {
          *piVar6 = 0;
          piVar6[1] = 0;
          *(undefined *)(piVar6 + 2) = 0;
          *(undefined4 *)((int)piVar6 + 9) = 8;
          *(undefined4 *)((int)piVar6 + 0xd) = 0xffffffff;
          *(undefined4 *)((int)piVar6 + 0x11) = 0xffffffff;
          *(undefined4 *)((int)piVar6 + 0x15) = 0xffffffff;
          *(undefined4 *)((int)piVar6 + 0x19) = 0;
        }
        *piVar6 = iVar8;
        piVar6[1] = uVar7;
        *(undefined4 *)((int)piVar6 + 9) = 4;
        iVar8 = *(int *)(*(int *)(in_stack_00000018 + 0xe) + 0x221) + -0x76a700;
        *(int *)((int)piVar6 + 0x15) = iVar8;
        *(int *)((int)piVar6 + 0x11) = iVar8;
        in_stack_00000010._3_1_ = 1;
        func_0x006a82e0(&stack0x00000030,(int)&stack0x00000010 + 3);
      }
    }
    puVar9 = in_stack_00000014 + 6;
    bVar10 = in_stack_00000014 != (undefined *)0xfffffffc;
    in_stack_00000014 = puVar9;
  } while (bVar10);
  pcVar3 = _DAT_00b5d120;
  func_0x0052c940(0xc99990,*(undefined4 *)(in_stack_00000018 + 0x3df));
  if (in_stack_000000f0 != 0) {
    (*pcVar3)(in_stack_000000f0);
  }
  if (in_stack_000000d0 != 0) {
    (*pcVar3)(in_stack_000000d0);
  }
  in_stack_00000060 = 0xb886e8;
  func_0x004f8d40();
  if (in_stack_00000078 != 0) {
    (*pcVar3)(in_stack_00000078);
  }
  if (in_stack_000000b0 != 0) {
    (*pcVar3)(in_stack_000000b0);
  }
  if (in_stack_00000090 != 0) {
    (*pcVar3)(in_stack_00000090);
  }
  func_0x00a90c08();
  return;
}

  
2026-09-10 09:37:14 INFO  (HeadlessAnalyzer) REPORT: Save succeeded for processed file: /Skype-uncompressed.image.bin  
