2026-09-07 23:41:17 INFO  (LoggingInitialization) Using log config file: jar:file:/E:/ghidra_11.2.1_PUBLIC/Ghidra/Framework/Generic/lib/Generic.jar!/generic.log4j.xml  
2026-09-07 23:41:17 INFO  (LoggingInitialization) Using log file: I:\SkypeReverse\skypeopensource2\skyserver\diagnostics\pe-analysis-20260907-233415\cipher.log  
2026-09-07 23:41:17 INFO  (Preferences) Loading user preferences: C:\Users\IlyaBOT\AppData\Roaming\ghidra\ghidra_11.2.1_PUBLIC\preferences  
2026-09-07 23:41:17 INFO  (ClassSearcher) Searching for classes...  
2026-09-07 23:41:18 INFO  (ClassSearcher) Class search complete (972 ms)  
2026-09-07 23:41:19 INFO  (SSLContextInitializer) Initializing SSL Context  
2026-09-07 23:41:19 INFO  (SecureRandomFactory) Initializing Random Number Generator...  
2026-09-07 23:41:19 INFO  (SecureRandomFactory) Random Number Generator initialization complete: SHA1PRNG  
2026-09-07 23:41:19 INFO  (ApplicationTrustManagerFactory) Trust manager disabled, cacerts have not been set  
2026-09-07 23:41:19 INFO  (AnalyzeHeadless) Headless startup complete (2190 ms)  
2026-09-07 23:41:19 INFO  (ClassSearcher) Class searcher loaded 57 extension points (18 false positives)  
2026-09-07 23:41:19 INFO  (HeadlessAnalyzer) HEADLESS Script Paths:
    E:\ghidra_11.2.1_PUBLIC\Ghidra\Features\SystemEmulation\ghidra_scripts
    E:\ghidra_11.2.1_PUBLIC\Ghidra\Features\FileFormats\ghidra_scripts
    E:\ghidra_11.2.1_PUBLIC\Ghidra\Debug\Debugger\ghidra_scripts
    E:\ghidra_11.2.1_PUBLIC\Ghidra\Processors\JVM\ghidra_scripts
    E:\ghidra_11.2.1_PUBLIC\Ghidra\Features\BSim\ghidra_scripts
    E:\ghidra_11.2.1_PUBLIC\Ghidra\Features\WildcardAssembler\ghidra_scripts
    E:\ghidra_11.2.1_PUBLIC\Ghidra\Features\SwiftDemangler\ghidra_scripts
    E:\ghidra_11.2.1_PUBLIC\Ghidra\Features\BytePatterns\ghidra_scripts
    E:\ghidra_11.2.1_PUBLIC\Ghidra\Processors\PIC\ghidra_scripts
    E:\ghidra_11.2.1_PUBLIC\Ghidra\Debug\Debugger-agent-dbgmodel-traceloader\ghidra_scripts
    E:\ghidra_11.2.1_PUBLIC\Ghidra\Features\PDB\ghidra_scripts
    E:\ghidra_11.2.1_PUBLIC\Ghidra\Processors\8051\ghidra_scripts
    E:\ghidra_11.2.1_PUBLIC\Ghidra\Debug\Debugger-rmi-trace\ghidra_scripts
    I:\SkypeReverse\skypeopensource2\skyserver\tools
    E:\ghidra_11.2.1_PUBLIC\Ghidra\Features\Jython\ghidra_scripts
    E:\ghidra_11.2.1_PUBLIC\Ghidra\Features\Base\ghidra_scripts
    E:\ghidra_11.2.1_PUBLIC\Ghidra\Features\Decompiler\ghidra_scripts
    E:\ghidra_11.2.1_PUBLIC\Ghidra\Processors\Atmel\ghidra_scripts
    E:\ghidra_11.2.1_PUBLIC\Ghidra\Features\FunctionID\ghidra_scripts
    E:\ghidra_11.2.1_PUBLIC\Ghidra\Debug\Debugger-agent-frida\ghidra_scripts
    E:\ghidra_11.2.1_PUBLIC\Ghidra\Features\VersionTracking\ghidra_scripts
    E:\ghidra_11.2.1_PUBLIC\Ghidra\Features\GnuDemangler\ghidra_scripts
    E:\ghidra_11.2.1_PUBLIC\Ghidra\Features\MicrosoftCodeAnalyzer\ghidra_scripts
    E:\ghidra_11.2.1_PUBLIC\Ghidra\Processors\DATA\ghidra_scripts  
2026-09-07 23:41:19 INFO  (HeadlessAnalyzer) HEADLESS: execution starts  
2026-09-07 23:41:19 INFO  (HeadlessAnalyzer) Opening existing project: I:\SkypeReverse\skypeopensource2\skyserver\diagnostics\pe-analysis-20260907-233415\Skype42  
2026-09-07 23:41:19 INFO  (HeadlessProject) Opening project: I:\SkypeReverse\skypeopensource2\skyserver\diagnostics\pe-analysis-20260907-233415\Skype42  
2026-09-07 23:41:21 INFO  (HeadlessAnalyzer) REPORT: Processing project file: /Skype-original.exe  
2026-09-07 23:41:21 INFO  (HeadlessAnalyzer) SCRIPT: I:\SkypeReverse\skypeopensource2\skyserver\tools\InspectSkypeEntry.java  
2026-09-07 23:41:21 INFO  (GhidraScript) InspectSkypeEntry.java> SKYPE_ENTRY 0050eee0  
2026-09-07 23:41:21 INFO  (GhidraScript) InspectSkypeEntry.java> 0050eee0 SUB ESP,0x20  
2026-09-07 23:41:21 INFO  (GhidraScript) InspectSkypeEntry.java> 0050eee3 MOV EAX,dword ptr [ECX + 0x14]  
2026-09-07 23:41:21 INFO  (GhidraScript) InspectSkypeEntry.java> 0050eee6 MOV EDX,dword ptr [ECX + 0x7c]  
2026-09-07 23:41:21 INFO  (GhidraScript) InspectSkypeEntry.java> 0050eee9 PUSH EBX  
2026-09-07 23:41:21 INFO  (GhidraScript) InspectSkypeEntry.java> 0050eeea PUSH EBP  
2026-09-07 23:41:21 INFO  (GhidraScript) InspectSkypeEntry.java> 0050eeeb PUSH ESI  
2026-09-07 23:41:21 INFO  (GhidraScript) InspectSkypeEntry.java> 0050eeec MOV ESI,dword ptr [ECX + 0x18]  
2026-09-07 23:41:21 INFO  (GhidraScript) InspectSkypeEntry.java> 0050eeef SUB ESI,EAX  
2026-09-07 23:41:21 INFO  (GhidraScript) InspectSkypeEntry.java> 0050eef1 PUSH EDI  
2026-09-07 23:41:21 INFO  (GhidraScript) InspectSkypeEntry.java> 0050eef2 MOV dword ptr [ESP + 0x18],EDX  
2026-09-07 23:41:21 INFO  (GhidraScript) InspectSkypeEntry.java> 0050eef6 MOV dword ptr [ESP + 0x28],EAX  
2026-09-07 23:41:21 INFO  (GhidraScript) InspectSkypeEntry.java> 0050eefa MOV dword ptr [ESP + 0x2c],ESI  
2026-09-07 23:41:21 INFO  (GhidraScript) InspectSkypeEntry.java> 0050eefe MOV EBP,EDX  
2026-09-07 23:41:21 INFO  (GhidraScript) InspectSkypeEntry.java> 0050ef00 LEA EDI,[ECX + 0x70]  
2026-09-07 23:41:21 INFO  (GhidraScript) InspectSkypeEntry.java> 0050ef03 MOV dword ptr [ESP + 0x10],0x2  
2026-09-07 23:41:21 INFO  (GhidraScript) InspectSkypeEntry.java> 0050ef0b JMP 0x0050ef10  
2026-09-07 23:41:21 INFO  (GhidraScript) InspectSkypeEntry.java> 0050ef10 MOV ESI,dword ptr [EDI]  
2026-09-07 23:41:21 INFO  (GhidraScript) InspectSkypeEntry.java> 0050ef12 TEST ESI,ESI  
2026-09-07 23:41:21 INFO  (GhidraScript) InspectSkypeEntry.java> 0050ef14 JZ 0x0050ef99  
2026-09-07 23:41:21 INFO  (GhidraScript) InspectSkypeEntry.java> 0050ef1a MOV ECX,ESI  
2026-09-07 23:41:21 INFO  (GhidraScript) InspectSkypeEntry.java> 0050ef1c SHR ECX,0x8  
2026-09-07 23:41:21 INFO  (GhidraScript) InspectSkypeEntry.java> 0050ef1f XOR EAX,EAX  
2026-09-07 23:41:21 INFO  (GhidraScript) InspectSkypeEntry.java> 0050ef21 CMP ECX,0x200  
2026-09-07 23:41:21 INFO  (GhidraScript) InspectSkypeEntry.java> 0050ef27 MOV dword ptr [ESP + 0x14],EAX  
2026-09-07 23:41:21 INFO  (GhidraScript) InspectSkypeEntry.java> 0050ef2b MOV dword ptr [ESP + 0x1c],ECX  
2026-09-07 23:41:22 INFO  (GhidraScript) InspectSkypeEntry.java> 
void FUN_0050eee0(undefined4 param_1,undefined4 param_2,int param_3)

{
  int iVar1;
  uint uVar2;
  uint uVar3;
  uint uVar4;
  uint *puVar5;
  int iStack_20;
  uint uStack_1c;
  uint uStack_18;
  uint uStack_14;
  uint uStack_10;
  int iStack_8;
  int iStack_4;
  
  iStack_8 = *(int *)(param_3 + 0x14);
  uStack_18 = *(uint *)(param_3 + 0x7c);
  iStack_4 = *(int *)(param_3 + 0x18) - iStack_8;
  puVar5 = (uint *)(param_3 + 0x70);
  iStack_20 = 2;
  uVar4 = uStack_18;
  do {
    uVar3 = *puVar5;
    if (uVar3 != 0) {
      uStack_14 = uVar3 >> 8;
      uStack_1c = 0;
      if (uStack_14 < 0x200) {
        uStack_18 = uStack_18 * 0x10dcd + 0x4271;
        uStack_14 = (uStack_18 & 0xff) + 0x100;
      }
      uStack_18 = uStack_18 * 0x10dcd + 0x4271;
      uStack_10 = (uStack_18 & 0x7f) * uStack_14 >> 9;
      uVar2 = puVar5[-1];
      if (uVar3 != 0) {
        do {
          iVar1 = uStack_1c * 4;
          uVar3 = func_0x004f9970(&uStack_1c,uVar4,*(undefined4 *)(uVar2 + uStack_1c * 4),&uStack_1c
                                 );
          *(uint *)(uVar2 + iVar1) = uVar3;
          uVar4 = uVar4 ^ uVar3;
          uStack_1c = uStack_1c + 1;
        } while (uStack_1c < *puVar5);
      }
    }
    puVar5 = puVar5 + 2;
    iStack_20 = iStack_20 + -1;
  } while (iStack_20 != 0);
  return;
}

  
2026-09-07 23:41:22 INFO  (HeadlessAnalyzer) SCRIPT: I:\SkypeReverse\skypeopensource2\skyserver\tools\InspectSkypeEntry.java  
2026-09-07 23:41:22 INFO  (GhidraScript) InspectSkypeEntry.java> SKYPE_ENTRY 004f9970  
2026-09-07 23:41:22 INFO  (GhidraScript) InspectSkypeEntry.java> 
uint FUN_004f9970(undefined4 param_1,int param_2,uint param_3,uint *param_4)

{
  uint uVar1;
  uint *puVar2;
  uint uVar3;
  uint uVar4;
  uint uStack_14;
  uint uStack_10;
  uint uStack_c;
  int iStack_8;
  uint uStack_4;
  
  puVar2 = param_4;
  uStack_c = param_4[2];
  uVar3 = *param_4;
  param_4[4] = 0;
  uVar1 = param_4[1];
  uVar4 = uVar1 * 0x10dcd + 0x4271;
  uStack_10 = param_4[3];
  param_4[1] = uVar4;
  param_4 = (uint *)param_2;
  uStack_14 = param_3;
  iStack_8 = param_2;
  uStack_4 = uVar3;
  if (100 < ((byte)uVar4 & 0x7f)) {
    uStack_14 = func_0x004f9a30(uStack_10,param_2,puVar2,uVar3,&uStack_c,param_2,uVar3,uStack_10);
    uStack_14 = param_3 ^ uStack_14;
  }
  if (uVar1 * 0x10dcd + 0x4248 < 0x45) {
    uVar3 = func_0x004f9b70(&uStack_10,uVar3,puVar2,&param_4,&uStack_4,&uStack_10,uStack_c,&iStack_8
                           );
    uStack_14 = uStack_14 ^ uVar3;
  }
  if (puVar2[4] == 0) {
    uStack_14 = uStack_14 ^ (*puVar2 ^ uVar4) + param_2;
  }
  return uStack_14;
}

  
2026-09-07 23:41:23 INFO  (HeadlessAnalyzer) REPORT: Save succeeded for processed file: /Skype-original.exe  
