2026-09-12 22:58:07 INFO  (LoggingInitialization) Using log config file: jar:file:/E:/ghidra_11.2.1_PUBLIC/Ghidra/Framework/Generic/lib/Generic.jar!/generic.log4j.xml  
2026-09-12 22:58:07 INFO  (LoggingInitialization) Using log file: skyserver\diagnostics\pe-analysis-20260907-233415\command30-20260912.log  
2026-09-12 22:58:07 INFO  (Preferences) Loading user preferences: C:\Users\IlyaBOT\AppData\Roaming\ghidra\ghidra_11.2.1_PUBLIC\preferences  
2026-09-12 22:58:07 INFO  (ClassSearcher) Searching for classes...  
2026-09-12 22:58:09 INFO  (ClassSearcher) Class search complete (1079 ms)  
2026-09-12 22:58:09 INFO  (SSLContextInitializer) Initializing SSL Context  
2026-09-12 22:58:09 INFO  (SecureRandomFactory) Initializing Random Number Generator...  
2026-09-12 22:58:09 INFO  (SecureRandomFactory) Random Number Generator initialization complete: SHA1PRNG  
2026-09-12 22:58:09 INFO  (ApplicationTrustManagerFactory) Trust manager disabled, cacerts have not been set  
2026-09-12 22:58:09 INFO  (AnalyzeHeadless) Headless startup complete (2444 ms)  
2026-09-12 22:58:09 INFO  (ClassSearcher) Class searcher loaded 57 extension points (18 false positives)  
2026-09-12 22:58:09 INFO  (HeadlessAnalyzer) HEADLESS Script Paths:
    E:\ghidra_11.2.1_PUBLIC\Ghidra\Features\SystemEmulation\ghidra_scripts
    E:\ghidra_11.2.1_PUBLIC\Ghidra\Features\FileFormats\ghidra_scripts
    E:\ghidra_11.2.1_PUBLIC\Ghidra\Debug\Debugger\ghidra_scripts
    E:\ghidra_11.2.1_PUBLIC\Ghidra\Processors\JVM\ghidra_scripts
    E:\ghidra_11.2.1_PUBLIC\Ghidra\Features\BSim\ghidra_scripts
    E:\ghidra_11.2.1_PUBLIC\Ghidra\Features\WildcardAssembler\ghidra_scripts
    E:\ghidra_11.2.1_PUBLIC\Ghidra\Features\SwiftDemangler\ghidra_scripts
    E:\ghidra_11.2.1_PUBLIC\Ghidra\Features\BytePatterns\ghidra_scripts
    E:\ghidra_11.2.1_PUBLIC\Ghidra\Processors\PIC\ghidra_scripts
    E:\ghidra_11.2.1_PUBLIC\Ghidra\Debug\Debugger-agent-dbgmodel-traceloader\ghidra_scripts
    E:\ghidra_11.2.1_PUBLIC\Ghidra\Features\PDB\ghidra_scripts
    E:\ghidra_11.2.1_PUBLIC\Ghidra\Processors\8051\ghidra_scripts
    E:\ghidra_11.2.1_PUBLIC\Ghidra\Debug\Debugger-rmi-trace\ghidra_scripts
    E:\ghidra_11.2.1_PUBLIC\Ghidra\Features\Jython\ghidra_scripts
    I:\Open-SkyServer\skyserver\tools
    E:\ghidra_11.2.1_PUBLIC\Ghidra\Features\Base\ghidra_scripts
    E:\ghidra_11.2.1_PUBLIC\Ghidra\Features\Decompiler\ghidra_scripts
    E:\ghidra_11.2.1_PUBLIC\Ghidra\Processors\Atmel\ghidra_scripts
    E:\ghidra_11.2.1_PUBLIC\Ghidra\Features\FunctionID\ghidra_scripts
    E:\ghidra_11.2.1_PUBLIC\Ghidra\Debug\Debugger-agent-frida\ghidra_scripts
    E:\ghidra_11.2.1_PUBLIC\Ghidra\Features\VersionTracking\ghidra_scripts
    E:\ghidra_11.2.1_PUBLIC\Ghidra\Features\GnuDemangler\ghidra_scripts
    E:\ghidra_11.2.1_PUBLIC\Ghidra\Features\MicrosoftCodeAnalyzer\ghidra_scripts
    E:\ghidra_11.2.1_PUBLIC\Ghidra\Processors\DATA\ghidra_scripts  
2026-09-12 22:58:09 INFO  (HeadlessAnalyzer) HEADLESS: execution starts  
2026-09-12 22:58:09 INFO  (HeadlessAnalyzer) Opening existing project: I:\Open-SkyServer\skyserver\diagnostics\pe-analysis-20260907-233415\Skype42  
2026-09-12 22:58:09 INFO  (HeadlessProject) Opening project: I:\Open-SkyServer\skyserver\diagnostics\pe-analysis-20260907-233415\Skype42  
2026-09-12 22:58:12 INFO  (HeadlessAnalyzer) REPORT: Processing project file: /Skype-uncompressed.image.bin  
2026-09-12 22:58:12 INFO  (HeadlessAnalyzer) SCRIPT: I:\Open-SkyServer\skyserver\tools\InspectSkypeEntry.java  
2026-09-12 22:58:12 INFO  (GhidraScript) InspectSkypeEntry.java> SKYPE_ENTRY 006bc230  
2026-09-12 22:58:12 INFO  (GhidraScript) InspectSkypeEntry.java> 006bc230 PUSH ESI  
2026-09-12 22:58:12 INFO  (GhidraScript) InspectSkypeEntry.java> 006bc231 MOV ESI,ECX  
2026-09-12 22:58:12 INFO  (GhidraScript) InspectSkypeEntry.java> 006bc233 CMP dword ptr [ESI + 0x17],0x0  
2026-09-12 22:58:12 INFO  (GhidraScript) InspectSkypeEntry.java> 006bc237 MOV EAX,dword ptr [ESI + 0xe]  
2026-09-12 22:58:12 INFO  (GhidraScript) InspectSkypeEntry.java> 006bc23a MOV EAX,dword ptr [EAX + 0x328]  
2026-09-12 22:58:12 INFO  (GhidraScript) InspectSkypeEntry.java> 006bc240 PUSH EDI  
2026-09-12 22:58:12 INFO  (GhidraScript) InspectSkypeEntry.java> 006bc241 LEA EDI,[ESI + 0x13]  
2026-09-12 22:58:12 INFO  (GhidraScript) InspectSkypeEntry.java> 006bc244 JNZ 0x006bc260  
2026-09-12 22:58:12 INFO  (GhidraScript) InspectSkypeEntry.java> 006bc246 TEST EAX,EAX  
2026-09-12 22:58:12 INFO  (GhidraScript) InspectSkypeEntry.java> 006bc248 MOV dword ptr [EDI + 0x4],EAX  
2026-09-12 22:58:12 INFO  (GhidraScript) InspectSkypeEntry.java> 006bc24b MOV dword ptr [EDI + 0x14],EAX  
2026-09-12 22:58:12 INFO  (GhidraScript) InspectSkypeEntry.java> 006bc24e JZ 0x006bc255  
2026-09-12 22:58:12 INFO  (GhidraScript) InspectSkypeEntry.java> 006bc250 ADD EAX,0x17  
2026-09-12 22:58:12 INFO  (GhidraScript) InspectSkypeEntry.java> 006bc253 JMP 0x006bc257  
2026-09-12 22:58:12 INFO  (GhidraScript) InspectSkypeEntry.java> 006bc255 XOR EAX,EAX  
2026-09-12 22:58:12 INFO  (GhidraScript) InspectSkypeEntry.java> 006bc257 CMP dword ptr [EDI + 0xc],0x0  
2026-09-12 22:58:12 INFO  (GhidraScript) InspectSkypeEntry.java> 006bc25b JNZ 0x006bc260  
2026-09-12 22:58:12 INFO  (GhidraScript) InspectSkypeEntry.java> 006bc25d MOV dword ptr [EDI + 0xc],EAX  
2026-09-12 22:58:12 INFO  (GhidraScript) InspectSkypeEntry.java> 006bc260 MOV ECX,dword ptr [ESI + 0xe]  
2026-09-12 22:58:12 INFO  (GhidraScript) InspectSkypeEntry.java> 006bc263 MOV EAX,dword ptr [ECX + 0x20]  
2026-09-12 22:58:12 INFO  (GhidraScript) InspectSkypeEntry.java> 006bc266 PUSH 0x0  
2026-09-12 22:58:12 INFO  (GhidraScript) InspectSkypeEntry.java> 006bc268 PUSH 0x2f  
2026-09-12 22:58:12 INFO  (GhidraScript) InspectSkypeEntry.java> 006bc26a CALL 0x00518120  
2026-09-12 22:58:12 INFO  (GhidraScript) InspectSkypeEntry.java> 006bc26f MOV dword ptr [ESI + 0x2b],EAX  
2026-09-12 22:58:12 INFO  (GhidraScript) InspectSkypeEntry.java> 006bc272 MOV EDX,dword ptr [EDI + 0x18]  
2026-09-12 22:58:12 INFO  (GhidraScript) InspectSkypeEntry.java> 006bc275 PUSH EDX  
2026-09-12 22:58:12 INFO  (GhidraScript) InspectSkypeEntry.java> 006bc276 PUSH 0x2f  
2026-09-12 22:58:12 INFO  (GhidraScript) InspectSkypeEntry.java> 006bc278 LEA ESI,[EDI + 0x8]  
2026-09-12 22:58:12 INFO  (GhidraScript) InspectSkypeEntry.java> 006bc27b CALL 0x005f9470  
2026-09-12 22:58:12 INFO  (GhidraScript) InspectSkypeEntry.java> 006bc280 PUSH 0x8  
2026-09-12 22:58:12 INFO  (GhidraScript) InspectSkypeEntry.java> 006bc282 CALL 0x0051e610  
2026-09-12 22:58:12 INFO  (GhidraScript) InspectSkypeEntry.java> 006bc287 ADD ESP,0x4  
2026-09-12 22:58:12 INFO  (GhidraScript) InspectSkypeEntry.java> 006bc28a PUSH EAX  
2026-09-12 22:58:12 INFO  (GhidraScript) InspectSkypeEntry.java> 006bc28b MOV dword ptr [EAX],0x2f  
2026-09-12 22:58:12 INFO  (GhidraScript) InspectSkypeEntry.java> 006bc291 MOV dword ptr [EAX + 0x4],EDI  
2026-09-12 22:58:12 INFO  (GhidraScript) InspectSkypeEntry.java> 006bc294 MOV EAX,dword ptr [EDI + 0x4]  
2026-09-12 22:58:12 INFO  (GhidraScript) InspectSkypeEntry.java> 006bc297 PUSH 0x2f  
2026-09-12 22:58:12 INFO  (GhidraScript) InspectSkypeEntry.java> 006bc299 ADD EAX,0x35ec  
2026-09-12 22:58:12 INFO  (GhidraScript) InspectSkypeEntry.java> 006bc29e CALL 0x006a3120  
2026-09-12 22:58:12 INFO  (GhidraScript) InspectSkypeEntry.java> 006bc2a3 MOV EAX,dword ptr [EDI + 0x18]  
2026-09-12 22:58:12 INFO  (GhidraScript) InspectSkypeEntry.java> 006bc2a6 PUSH EAX  
2026-09-12 22:58:12 INFO  (GhidraScript) InspectSkypeEntry.java> 006bc2a7 PUSH 0x30  
2026-09-12 22:58:12 INFO  (GhidraScript) InspectSkypeEntry.java> 006bc2a9 LEA ESI,[EDI + 0x8]  
2026-09-12 22:58:12 INFO  (GhidraScript) InspectSkypeEntry.java> 006bc2ac CALL 0x005f9470  
2026-09-12 22:58:12 INFO  (GhidraScript) InspectSkypeEntry.java> 006bc2b1 PUSH 0x8  
2026-09-12 22:58:12 INFO  (GhidraScript) InspectSkypeEntry.java> 006bc2b3 CALL 0x0051e610  
2026-09-12 22:58:12 INFO  (GhidraScript) InspectSkypeEntry.java> 006bc2b8 ADD ESP,0x4  
2026-09-12 22:58:12 INFO  (GhidraScript) InspectSkypeEntry.java> 006bc2bb PUSH EAX  
2026-09-12 22:58:12 INFO  (GhidraScript) InspectSkypeEntry.java> 006bc2bc MOV dword ptr [EAX],0x30  
2026-09-12 22:58:12 INFO  (GhidraScript) InspectSkypeEntry.java> 006bc2c2 MOV dword ptr [EAX + 0x4],EDI  
2026-09-12 22:58:12 INFO  (GhidraScript) InspectSkypeEntry.java> 006bc2c5 MOV EAX,dword ptr [EDI + 0x4]  
2026-09-12 22:58:12 INFO  (GhidraScript) InspectSkypeEntry.java> 006bc2c8 PUSH 0x30  
2026-09-12 22:58:12 INFO  (GhidraScript) InspectSkypeEntry.java> 006bc2ca ADD EAX,0x35ec  
2026-09-12 22:58:12 INFO  (GhidraScript) InspectSkypeEntry.java> 006bc2cf CALL 0x006a3120  
2026-09-12 22:58:12 INFO  (GhidraScript) InspectSkypeEntry.java> 006bc2d4 POP EDI  
2026-09-12 22:58:12 INFO  (GhidraScript) InspectSkypeEntry.java> 006bc2d5 MOV AL,0x1  
2026-09-12 22:58:12 INFO  (GhidraScript) InspectSkypeEntry.java> 006bc2d7 POP ESI  
2026-09-12 22:58:12 INFO  (GhidraScript) InspectSkypeEntry.java> 006bc2d8 RET  
2026-09-12 22:58:12 INFO  (GhidraScript) InspectSkypeEntry.java> 006bc400 PUSH ECX  
2026-09-12 22:58:12 INFO  (GhidraScript) InspectSkypeEntry.java> 006bc401 MOV EAX,dword ptr [ESP + 0x8]  
2026-09-12 22:58:12 INFO  (GhidraScript) InspectSkypeEntry.java> 006bc405 PUSH EBX  
2026-09-12 22:58:12 INFO  (GhidraScript) InspectSkypeEntry.java> 006bc406 PUSH EBP  
2026-09-12 22:58:12 INFO  (GhidraScript) InspectSkypeEntry.java> 006bc407 XOR EBP,EBP  
2026-09-12 22:58:12 INFO  (GhidraScript) InspectSkypeEntry.java> 006bc409 MOV dword ptr [EAX],0x2f  
2026-09-12 22:58:12 INFO  (GhidraScript) InspectSkypeEntry.java> 006bc40f CMP dword ptr [EDI + 0x5b],EBP  
2026-09-12 22:58:12 INFO  (GhidraScript) InspectSkypeEntry.java> 006bc412 PUSH ESI  
2026-09-12 22:58:12 INFO  (GhidraScript) InspectSkypeEntry.java> 006bc413 MOV dword ptr [ESP + 0xc],EBP  
2026-09-12 22:58:12 INFO  (GhidraScript) InspectSkypeEntry.java> 006bc417 JLE 0x006bc4ce  
2026-09-12 22:58:12 INFO  (GhidraScript) InspectSkypeEntry.java> 006bc41d XOR EBX,EBX  
2026-09-12 22:58:12 INFO  (GhidraScript) InspectSkypeEntry.java> 006bc41f MOV ECX,dword ptr [EDI + 0x53]  
2026-09-12 22:58:12 INFO  (GhidraScript) InspectSkypeEntry.java> 006bc422 CMP dword ptr [EBX + ECX*0x1 + 0x4],EBP  
2026-09-12 22:58:12 INFO  (GhidraScript) InspectSkypeEntry.java> 006bc426 JZ 0x006bc4b7  
2026-09-12 22:58:12 INFO  (GhidraScript) InspectSkypeEntry.java> 006bc42c MOV EAX,dword ptr [ESP + 0x14]  
2026-09-12 22:58:12 INFO  (GhidraScript) InspectSkypeEntry.java> 006bc430 MOV EDX,dword ptr [EAX + 0x10]  
2026-09-12 22:58:12 INFO  (GhidraScript) InspectSkypeEntry.java> 006bc433 ADD EAX,0x8  
2026-09-12 22:58:12 INFO  (GhidraScript) InspectSkypeEntry.java> 006bc436 PUSH EDX  
2026-09-12 22:58:12 INFO  (GhidraScript) InspectSkypeEntry.java> 006bc437 CALL 0x0051ad40  
2026-09-12 22:58:12 INFO  (GhidraScript) InspectSkypeEntry.java> 006bc43c MOV ESI,EAX  
2026-09-12 22:58:12 INFO  (GhidraScript) InspectSkypeEntry.java> 006bc43e PUSH 0x10  
2026-09-12 22:58:12 INFO  (GhidraScript) InspectSkypeEntry.java> 006bc440 MOV dword ptr [ESI],0x5  
2026-09-12 22:58:12 INFO  (GhidraScript) InspectSkypeEntry.java> 006bc446 MOV dword ptr [ESI + 0x4],0x1  
2026-09-12 22:58:12 INFO  (GhidraScript) InspectSkypeEntry.java> 006bc44d CALL 0x0051e610  
2026-09-12 22:58:12 INFO  (GhidraScript) InspectSkypeEntry.java> 006bc452 ADD ESP,0x4  
2026-09-12 22:58:12 INFO  (GhidraScript) InspectSkypeEntry.java> 006bc455 CMP EAX,EBP  
2026-09-12 22:58:12 INFO  (GhidraScript) InspectSkypeEntry.java> 006bc457 JZ 0x006bc46a  
2026-09-12 22:58:12 INFO  (GhidraScript) InspectSkypeEntry.java> 006bc459 MOV dword ptr [EAX],0xb886e8  
2026-09-12 22:58:12 INFO  (GhidraScript) InspectSkypeEntry.java> 006bc45f MOV dword ptr [EAX + 0xc],EBP  
2026-09-12 22:58:12 INFO  (GhidraScript) InspectSkypeEntry.java> 006bc462 MOV dword ptr [EAX + 0x8],EBP  
2026-09-12 22:58:12 INFO  (GhidraScript) InspectSkypeEntry.java> 006bc465 MOV dword ptr [EAX + 0x4],EBP  
2026-09-12 22:58:12 INFO  (GhidraScript) InspectSkypeEntry.java> 006bc468 JMP 0x006bc46c  
2026-09-12 22:58:12 INFO  (GhidraScript) InspectSkypeEntry.java> 006bc46a XOR EAX,EAX  
2026-09-12 22:58:12 INFO  (GhidraScript) InspectSkypeEntry.java> 006bc46c MOV dword ptr [ESI + 0x8],EAX  
2026-09-12 22:58:12 INFO  (GhidraScript) InspectSkypeEntry.java> 006bc46f MOV EDX,dword ptr [EAX + 0xc]  
2026-09-12 22:58:12 INFO  (GhidraScript) InspectSkypeEntry.java> 006bc472 MOV ECX,dword ptr [EDI + 0x53]  
2026-09-12 22:58:12 INFO  (GhidraScript) InspectSkypeEntry.java> 006bc475 MOV EBP,dword ptr [EBX + ECX*0x1]  
2026-09-12 22:58:12 INFO  (GhidraScript) InspectSkypeEntry.java> 006bc478 LEA ESI,[EAX + 0x4]  
2026-09-12 22:58:12 INFO  (GhidraScript) InspectSkypeEntry.java> 006bc47b PUSH EDX  
2026-09-12 22:58:12 INFO  (GhidraScript) InspectSkypeEntry.java> 006bc47c MOV EAX,ESI  
2026-09-12 22:58:12 INFO  (GhidraScript) InspectSkypeEntry.java> 006bc47e CALL 0x0051ad40  
2026-09-12 22:58:12 INFO  (GhidraScript) InspectSkypeEntry.java> 006bc483 MOV dword ptr [EAX],0x0  
2026-09-12 22:58:13 INFO  (GhidraScript) InspectSkypeEntry.java> 
undefined4 __fastcall FUN_006bc230(int param_1)

{
  int iVar1;
  undefined4 uVar2;
  undefined4 *puVar3;
  
  iVar1 = *(int *)(*(int *)(param_1 + 0xe) + 0x328);
  if (*(int *)(param_1 + 0x17) == 0) {
    *(int *)(param_1 + 0x17) = iVar1;
    *(int *)(param_1 + 0x27) = iVar1;
    if (iVar1 == 0) {
      iVar1 = 0;
    }
    else {
      iVar1 = iVar1 + 0x17;
    }
    if (*(int *)(param_1 + 0x1f) == 0) {
      *(int *)(param_1 + 0x1f) = iVar1;
    }
  }
  uVar2 = func_0x00518120(0x2f,0);
  *(undefined4 *)(param_1 + 0x2b) = uVar2;
  func_0x005f9470(0x2f,*(undefined4 *)(param_1 + 0x2b));
  puVar3 = (undefined4 *)func_0x0051e610(8);
  *puVar3 = 0x2f;
  puVar3[1] = param_1 + 0x13;
  func_0x006a3120(0x2f,puVar3);
  func_0x005f9470(0x30,*(undefined4 *)(param_1 + 0x2b));
  puVar3 = (undefined4 *)func_0x0051e610(8);
  *puVar3 = 0x30;
  puVar3[1] = param_1 + 0x13;
  func_0x006a3120(0x30,puVar3);
  return 1;
}

  
2026-09-12 22:58:14 INFO  (HeadlessAnalyzer) REPORT: Save succeeded for processed file: /Skype-uncompressed.image.bin  
