2026-09-09 17:45:09 INFO  (LoggingInitialization) Using log config file: jar:file:/E:/ghidra_11.2.1_PUBLIC/Ghidra/Framework/Generic/lib/Generic.jar!/generic.log4j.xml  
2026-09-09 17:45:09 INFO  (LoggingInitialization) Using log file: I:\SkypeReverse\skypeopensource2\skyserver\diagnostics\pe-analysis-20260907-233415\custom-imports.log  
2026-09-09 17:45:09 INFO  (Preferences) Loading user preferences: C:\Users\IlyaBOT\AppData\Roaming\ghidra\ghidra_11.2.1_PUBLIC\preferences  
2026-09-09 17:45:09 INFO  (ClassSearcher) Searching for classes...  
2026-09-09 17:45:13 INFO  (ClassSearcher) Class search complete (3629 ms)  
2026-09-09 17:45:14 INFO  (SSLContextInitializer) Initializing SSL Context  
2026-09-09 17:45:14 INFO  (SecureRandomFactory) Initializing Random Number Generator...  
2026-09-09 17:45:14 INFO  (SecureRandomFactory) Random Number Generator initialization complete: SHA1PRNG  
2026-09-09 17:45:14 INFO  (ApplicationTrustManagerFactory) Trust manager disabled, cacerts have not been set  
2026-09-09 17:45:17 INFO  (AnalyzeHeadless) Headless startup complete (28210 ms)  
2026-09-09 17:45:17 INFO  (ClassSearcher) Class searcher loaded 57 extension points (18 false positives)  
2026-09-09 17:45:19 INFO  (HeadlessAnalyzer) HEADLESS Script Paths:
    E:\ghidra_11.2.1_PUBLIC\Ghidra\Features\SystemEmulation\ghidra_scripts
    E:\ghidra_11.2.1_PUBLIC\Ghidra\Features\FileFormats\ghidra_scripts
    E:\ghidra_11.2.1_PUBLIC\Ghidra\Debug\Debugger\ghidra_scripts
    E:\ghidra_11.2.1_PUBLIC\Ghidra\Processors\JVM\ghidra_scripts
    E:\ghidra_11.2.1_PUBLIC\Ghidra\Features\BSim\ghidra_scripts
    E:\ghidra_11.2.1_PUBLIC\Ghidra\Features\WildcardAssembler\ghidra_scripts
    E:\ghidra_11.2.1_PUBLIC\Ghidra\Features\SwiftDemangler\ghidra_scripts
    E:\ghidra_11.2.1_PUBLIC\Ghidra\Features\BytePatterns\ghidra_scripts
    E:\ghidra_11.2.1_PUBLIC\Ghidra\Processors\PIC\ghidra_scripts
    E:\ghidra_11.2.1_PUBLIC\Ghidra\Debug\Debugger-agent-dbgmodel-traceloader\ghidra_scripts
    E:\ghidra_11.2.1_PUBLIC\Ghidra\Features\PDB\ghidra_scripts
    E:\ghidra_11.2.1_PUBLIC\Ghidra\Processors\8051\ghidra_scripts
    E:\ghidra_11.2.1_PUBLIC\Ghidra\Debug\Debugger-rmi-trace\ghidra_scripts
    I:\SkypeReverse\skypeopensource2\skyserver\tools
    E:\ghidra_11.2.1_PUBLIC\Ghidra\Features\Jython\ghidra_scripts
    E:\ghidra_11.2.1_PUBLIC\Ghidra\Features\Base\ghidra_scripts
    E:\ghidra_11.2.1_PUBLIC\Ghidra\Features\Decompiler\ghidra_scripts
    E:\ghidra_11.2.1_PUBLIC\Ghidra\Processors\Atmel\ghidra_scripts
    E:\ghidra_11.2.1_PUBLIC\Ghidra\Features\FunctionID\ghidra_scripts
    E:\ghidra_11.2.1_PUBLIC\Ghidra\Debug\Debugger-agent-frida\ghidra_scripts
    E:\ghidra_11.2.1_PUBLIC\Ghidra\Features\VersionTracking\ghidra_scripts
    E:\ghidra_11.2.1_PUBLIC\Ghidra\Features\GnuDemangler\ghidra_scripts
    E:\ghidra_11.2.1_PUBLIC\Ghidra\Features\MicrosoftCodeAnalyzer\ghidra_scripts
    E:\ghidra_11.2.1_PUBLIC\Ghidra\Processors\DATA\ghidra_scripts  
2026-09-09 17:45:19 INFO  (HeadlessAnalyzer) HEADLESS: execution starts  
2026-09-09 17:45:19 INFO  (HeadlessAnalyzer) Opening existing project: I:\SkypeReverse\skypeopensource2\skyserver\diagnostics\pe-analysis-20260907-233415\Skype42  
2026-09-09 17:45:20 INFO  (HeadlessProject) Opening project: I:\SkypeReverse\skypeopensource2\skyserver\diagnostics\pe-analysis-20260907-233415\Skype42  
2026-09-09 17:45:34 INFO  (HeadlessAnalyzer) REPORT: Processing project file: /Skype-uncompressed.image.bin  
2026-09-09 17:45:39 INFO  (HeadlessAnalyzer) SCRIPT: I:\SkypeReverse\skypeopensource2\skyserver\tools\InspectSkypeEntry.java  
2026-09-09 17:45:39 INFO  (GhidraScript) InspectSkypeEntry.java> SKYPE_ENTRY 004f9190  
2026-09-09 17:45:41 INFO  (GhidraScript) InspectSkypeEntry.java> 
void __thiscall FUN_004f9190(int *param_1,int param_2,int param_3,int param_4)

{
  uint uVar1;
  char cVar2;
  int *piVar3;
  int iVar4;
  uint uVar5;
  char *pcVar6;
  char *pcVar7;
  uint *puVar8;
  char *pcVar9;
  uint uStack_8;
  
  uVar1 = param_1[1];
  uStack_8 = 0;
  if (uVar1 / 0x14 != 0) {
    piVar3 = (int *)(*param_1 + param_2 + 0xc);
    do {
      iVar4 = *piVar3;
      if (iVar4 == 0) {
        return;
      }
      pcVar9 = (char *)(iVar4 + param_2);
      cVar2 = *(char *)(param_3 + 0xe0);
      pcVar6 = (char *)(param_3 + 0xe1);
      pcVar7 = pcVar9;
      if (*(char *)(iVar4 + param_2) == cVar2) {
        do {
          pcVar7 = pcVar7 + 1;
          if (cVar2 == '\0') {
            iVar4 = *(int *)(param_4 + 8);
            goto LAB_004f9231;
          }
          cVar2 = *pcVar6;
          pcVar6 = pcVar6 + 1;
        } while (*pcVar7 == cVar2);
      }
      iVar4 = (**(code **)(param_4 + 0x14))(pcVar9);
LAB_004f9231:
      if (iVar4 == 0) {
        func_0x004f8e20(param_4);
      }
      if (piVar3[1] != 0) {
        puVar8 = (uint *)(piVar3[1] + param_2);
        uVar5 = *puVar8;
        while (uVar5 != 0) {
          uVar5 = *puVar8;
          if ((int)uVar5 < 0) {
            uVar5 = (**(code **)(param_4 + 4))(iVar4,uVar5 & 0xffff);
            if (uVar5 == 0) {
              func_0x004f8ef0(param_4);
            }
          }
          else {
            uVar5 = (**(code **)(param_4 + 4))(iVar4,uVar5 + 2 + param_2);
            if (uVar5 == 0) {
              func_0x004f9070(param_4,pcVar9);
            }
          }
          *puVar8 = uVar5;
          puVar8 = puVar8 + 1;
          uVar5 = *puVar8;
        }
      }
      uStack_8 = uStack_8 + 1;
      piVar3 = piVar3 + 5;
    } while (uStack_8 < uVar1 / 0x14);
  }
  return;
}

  
2026-09-09 17:45:42 INFO  (HeadlessAnalyzer) REPORT: Save succeeded for processed file: /Skype-uncompressed.image.bin  
