2026-09-07 23:44:51 INFO  (LoggingInitialization) Using log config file: jar:file:/E:/ghidra_11.2.1_PUBLIC/Ghidra/Framework/Generic/lib/Generic.jar!/generic.log4j.xml  
2026-09-07 23:44:51 INFO  (LoggingInitialization) Using log file: I:\SkypeReverse\skypeopensource2\skyserver\diagnostics\pe-analysis-20260907-233415\decompress-abi.log  
2026-09-07 23:44:51 INFO  (Preferences) Loading user preferences: C:\Users\IlyaBOT\AppData\Roaming\ghidra\ghidra_11.2.1_PUBLIC\preferences  
2026-09-07 23:44:51 INFO  (ClassSearcher) Searching for classes...  
2026-09-07 23:44:52 INFO  (ClassSearcher) Class search complete (1050 ms)  
2026-09-07 23:44:52 INFO  (SSLContextInitializer) Initializing SSL Context  
2026-09-07 23:44:52 INFO  (SecureRandomFactory) Initializing Random Number Generator...  
2026-09-07 23:44:52 INFO  (SecureRandomFactory) Random Number Generator initialization complete: SHA1PRNG  
2026-09-07 23:44:52 INFO  (ApplicationTrustManagerFactory) Trust manager disabled, cacerts have not been set  
2026-09-07 23:44:52 INFO  (AnalyzeHeadless) Headless startup complete (2379 ms)  
2026-09-07 23:44:52 INFO  (ClassSearcher) Class searcher loaded 57 extension points (18 false positives)  
2026-09-07 23:44:53 INFO  (HeadlessAnalyzer) HEADLESS Script Paths:
    E:\ghidra_11.2.1_PUBLIC\Ghidra\Features\SystemEmulation\ghidra_scripts
    E:\ghidra_11.2.1_PUBLIC\Ghidra\Features\FileFormats\ghidra_scripts
    E:\ghidra_11.2.1_PUBLIC\Ghidra\Debug\Debugger\ghidra_scripts
    E:\ghidra_11.2.1_PUBLIC\Ghidra\Processors\JVM\ghidra_scripts
    E:\ghidra_11.2.1_PUBLIC\Ghidra\Features\BSim\ghidra_scripts
    E:\ghidra_11.2.1_PUBLIC\Ghidra\Features\WildcardAssembler\ghidra_scripts
    E:\ghidra_11.2.1_PUBLIC\Ghidra\Features\SwiftDemangler\ghidra_scripts
    E:\ghidra_11.2.1_PUBLIC\Ghidra\Features\BytePatterns\ghidra_scripts
    E:\ghidra_11.2.1_PUBLIC\Ghidra\Processors\PIC\ghidra_scripts
    E:\ghidra_11.2.1_PUBLIC\Ghidra\Debug\Debugger-agent-dbgmodel-traceloader\ghidra_scripts
    E:\ghidra_11.2.1_PUBLIC\Ghidra\Features\PDB\ghidra_scripts
    E:\ghidra_11.2.1_PUBLIC\Ghidra\Processors\8051\ghidra_scripts
    E:\ghidra_11.2.1_PUBLIC\Ghidra\Debug\Debugger-rmi-trace\ghidra_scripts
    I:\SkypeReverse\skypeopensource2\skyserver\tools
    E:\ghidra_11.2.1_PUBLIC\Ghidra\Features\Jython\ghidra_scripts
    E:\ghidra_11.2.1_PUBLIC\Ghidra\Features\Base\ghidra_scripts
    E:\ghidra_11.2.1_PUBLIC\Ghidra\Features\Decompiler\ghidra_scripts
    E:\ghidra_11.2.1_PUBLIC\Ghidra\Processors\Atmel\ghidra_scripts
    E:\ghidra_11.2.1_PUBLIC\Ghidra\Features\FunctionID\ghidra_scripts
    E:\ghidra_11.2.1_PUBLIC\Ghidra\Debug\Debugger-agent-frida\ghidra_scripts
    E:\ghidra_11.2.1_PUBLIC\Ghidra\Features\VersionTracking\ghidra_scripts
    E:\ghidra_11.2.1_PUBLIC\Ghidra\Features\GnuDemangler\ghidra_scripts
    E:\ghidra_11.2.1_PUBLIC\Ghidra\Features\MicrosoftCodeAnalyzer\ghidra_scripts
    E:\ghidra_11.2.1_PUBLIC\Ghidra\Processors\DATA\ghidra_scripts  
2026-09-07 23:44:53 INFO  (HeadlessAnalyzer) HEADLESS: execution starts  
2026-09-07 23:44:53 INFO  (HeadlessAnalyzer) Opening existing project: I:\SkypeReverse\skypeopensource2\skyserver\diagnostics\pe-analysis-20260907-233415\Skype42  
2026-09-07 23:44:53 INFO  (HeadlessProject) Opening project: I:\SkypeReverse\skypeopensource2\skyserver\diagnostics\pe-analysis-20260907-233415\Skype42  
2026-09-07 23:44:54 INFO  (HeadlessAnalyzer) REPORT: Processing project file: /Skype-original.exe  
2026-09-07 23:44:55 INFO  (HeadlessAnalyzer) SCRIPT: I:\SkypeReverse\skypeopensource2\skyserver\tools\InspectSkypeEntry.java  
2026-09-07 23:44:56 INFO  (GhidraScript) InspectSkypeEntry.java> SKYPE_ENTRY 0050e9f0  
2026-09-07 23:44:56 INFO  (GhidraScript) InspectSkypeEntry.java> 0050e9f0 SUB ESP,0x60  
2026-09-07 23:44:56 INFO  (GhidraScript) InspectSkypeEntry.java> 0050e9f3 PUSH EBX  
2026-09-07 23:44:56 INFO  (GhidraScript) InspectSkypeEntry.java> 0050e9f4 MOV EBX,EDX  
2026-09-07 23:44:56 INFO  (GhidraScript) InspectSkypeEntry.java> 0050e9f6 MOV EAX,dword ptr [EBX + 0x3c]  
2026-09-07 23:44:56 INFO  (GhidraScript) InspectSkypeEntry.java> 0050e9f9 PUSH EBP  
2026-09-07 23:44:56 INFO  (GhidraScript) InspectSkypeEntry.java> 0050e9fa PUSH ESI  
2026-09-07 23:44:56 INFO  (GhidraScript) InspectSkypeEntry.java> 0050e9fb MOVZX ESI,word ptr [EAX + EBX*0x1 + 0x14]  
2026-09-07 23:44:56 INFO  (GhidraScript) InspectSkypeEntry.java> 0050ea00 MOV EBP,ECX  
2026-09-07 23:44:56 INFO  (GhidraScript) InspectSkypeEntry.java> 0050ea02 MOV ECX,dword ptr [EBP + 0xc]  
2026-09-07 23:44:56 INFO  (GhidraScript) InspectSkypeEntry.java> 0050ea05 MOV EDX,dword ptr [EBP + 0x8]  
2026-09-07 23:44:56 INFO  (GhidraScript) InspectSkypeEntry.java> 0050ea08 ADD ESI,EAX  
2026-09-07 23:44:56 INFO  (GhidraScript) InspectSkypeEntry.java> 0050ea0a MOV EAX,dword ptr [EBP + 0x14]  
2026-09-07 23:44:56 INFO  (GhidraScript) InspectSkypeEntry.java> 0050ea0d MOV ESI,dword ptr [ESI + EBX*0x1 + 0x24]  
2026-09-07 23:44:56 INFO  (GhidraScript) InspectSkypeEntry.java> 0050ea11 PUSH EDI  
2026-09-07 23:44:56 INFO  (GhidraScript) InspectSkypeEntry.java> 0050ea12 MOV EDI,dword ptr [EBP + 0x4]  
2026-09-07 23:44:56 INFO  (GhidraScript) InspectSkypeEntry.java> 0050ea15 SUB EAX,EDI  
2026-09-07 23:44:56 INFO  (GhidraScript) InspectSkypeEntry.java> 0050ea17 SUB EDX,ECX  
2026-09-07 23:44:56 INFO  (GhidraScript) InspectSkypeEntry.java> 0050ea19 SUB EAX,ESI  
2026-09-07 23:44:56 INFO  (GhidraScript) InspectSkypeEntry.java> 0050ea1b ADD EDX,EBX  
2026-09-07 23:44:56 INFO  (GhidraScript) InspectSkypeEntry.java> 0050ea1d CMP EAX,ECX  
2026-09-07 23:44:56 INFO  (GhidraScript) InspectSkypeEntry.java> 0050ea1f MOV dword ptr [ESP + 0x1c],EBX  
2026-09-07 23:44:56 INFO  (GhidraScript) InspectSkypeEntry.java> 0050ea23 MOV dword ptr [ESP + 0x24],EBP  
2026-09-07 23:44:56 INFO  (GhidraScript) InspectSkypeEntry.java> 0050ea27 MOV dword ptr [ESP + 0x20],ESI  
2026-09-07 23:44:56 INFO  (GhidraScript) InspectSkypeEntry.java> 0050ea2b JBE 0x0050ea2f  
2026-09-07 23:44:56 INFO  (GhidraScript) InspectSkypeEntry.java> 0050ea2d MOV EAX,ECX  
2026-09-07 23:44:56 INFO  (GhidraScript) InspectSkypeEntry.java> 0050ea2f SUB ECX,EAX  
2026-09-07 23:44:56 INFO  (GhidraScript) InspectSkypeEntry.java> 
undefined FUN_0050e9f0(undefined4 param_1,int param_2,int param_3,undefined4 param_4)

{
  undefined4 *puVar1;
  int iVar2;
  bool bVar3;
  ushort uVar4;
  uint uVar5;
  int iVar6;
  undefined4 uVar7;
  undefined *puVar8;
  undefined *puVar9;
  undefined *puVar10;
  uint uVar11;
  uint *puVar12;
  ushort *puVar13;
  uint uVar14;
  undefined *puVar15;
  undefined uStack_5d;
  ushort *puStack_50;
  int iStack_4c;
  undefined4 uStack_48;
  int iStack_44;
  undefined uStack_40;
  undefined auStack_3c [4];
  char cStack_38;
  undefined auStack_34 [8];
  char cStack_2c;
  undefined uStack_28;
  int iStack_27;
  undefined4 uStack_23;
  uint uStack_1f;
  uint uStack_1b;
  undefined auStack_14 [16];
  char cStack_4;
  
  uVar11 = *(uint *)(param_3 + 0xc);
  puStack_50 = *(ushort **)
                ((uint)*(ushort *)(*(int *)(param_2 + 0x3c) + 0x14 + param_2) +
                 *(int *)(param_2 + 0x3c) + 0x24 + param_2);
  iVar6 = *(int *)(param_3 + 4);
  uVar5 = (*(int *)(param_3 + 0x14) - iVar6) - (int)puStack_50;
  iStack_27 = (*(int *)(param_3 + 8) - uVar11) + param_2;
  if (uVar11 < uVar5) {
    uVar5 = uVar11;
  }
  uVar11 = uVar11 - uVar5;
  if (uVar11 != 0) {
    iVar2 = *(int *)(param_3 + 0x18);
    if (3 < uVar11) {
      do {
        puVar1 = (undefined4 *)((iVar2 - iVar6) + param_2 + -4 + uVar11);
        uVar11 = uVar11 - 4;
        *(undefined4 *)(uVar5 + iStack_27 + uVar11) = *puVar1;
      } while (3 < uVar11);
    }
    if (uVar11 != 0) {
      return 0;
    }
  }
  if (uVar5 != 0) {
    while (3 < uVar5) {
      iVar6 = uVar5 + param_2 + -4;
      uVar5 = uVar5 - 4;
      *(undefined4 *)(uVar5 + iStack_27) = *(undefined4 *)((int)puStack_50 + iVar6);
    }
    if (uVar5 != 0) {
      return 0;
    }
  }
  uStack_23 = *(undefined4 *)(param_3 + 0xc);
  uStack_28 = 1;
  uStack_1f = 0;
  uStack_1b = 0;
  bVar3 = false;
  uStack_5d = 0;
  uStack_40 = 0;
  uStack_48 = 0x200;
  iStack_4c = param_3;
  iStack_44 = func_0x004f9330(uVar5,0x800,param_4);
  if (iStack_44 != 0) {
    uVar4 = 0;
    puVar13 = (ushort *)(iStack_44 + 2);
    do {
      *puVar13 = uVar4;
      uVar4 = uVar4 + 1;
      puVar13 = puVar13 + 2;
    } while (uVar4 < 0x200);
    bVar3 = true;
    uStack_40 = 1;
  }
  if ((bVar3) && (func_0x0050e050(), 3 < uStack_1b)) {
    uStack_1b = uStack_1b - 4;
    uVar11 = uStack_1f >> 0x1c;
    if ((uVar11 != 0xffffffff) && (uStack_1f = uStack_1f << 4, func_0x0050e050(), 4 < uStack_1b)) {
      uStack_1b = uStack_1b - 5;
      uVar5 = uStack_1f >> 0x1b;
      if ((uVar5 != 0xffffffff) && (uStack_1f = uStack_1f << 5, func_0x0050e050(), 3 < uStack_1b)) {
        uStack_1b = uStack_1b - 4;
        iVar6 = uStack_1f << 4;
        uVar14 = uStack_1f >> 0x1c;
        if ((uVar14 != 0xffffffff) &&
           ((((uStack_1f = iVar6, iVar6 = func_0x0050e0a0(iVar6,4,&uStack_28), iVar6 != -1 &&
              (uVar7 = func_0x0050e0f0(param_4,uVar5 + 1,auStack_34,param_4), cStack_2c != '\0')) &&
             (uVar7 = func_0x0050e870(uVar7,&uStack_48,&uStack_28,uVar14), (char)uVar7 != '\0')) &&
            (uVar7 = func_0x0050e870(uVar7,auStack_34,&uStack_28,iVar6), (char)uVar7 != '\0')))) {
          uVar7 = func_0x0050e430(uVar7,10,auStack_14,&uStack_48,param_4);
          puVar8 = (undefined *)func_0x0050e430(uVar7,8,&puStack_50,auStack_3c,param_4);
          if ((cStack_4 != '\0') && (cStack_38 != '\0')) {
            puStack_50 = (ushort *)0x0;
            for (; uVar11 != 0; uVar11 = uVar11 - 1) {
              iVar6 = func_0x0050e0a0(puVar8,2,&uStack_28);
              if ((iVar6 == -1) ||
                 (uVar5 = func_0x0050e0a0(iVar6,0x18,&uStack_28), uVar5 == 0xffffffff)) {
LAB_0050ed79:
                if (uVar11 != 0) {
                  return 0;
                }
                break;
              }
              uVar5 = uVar5 | iVar6 << 0x18;
              iVar6 = uVar5 + param_2;
              puVar9 = (undefined *)func_0x0050e0a0(param_2,0x17,&uStack_28);
              if (puVar9 == (undefined *)0xffffffff) goto LAB_0050ed79;
              puVar13 = (ushort *)0x0;
              puVar8 = puVar9;
              for (; puVar9 != (undefined *)0x0; puVar9 = puVar9 + -1) {
                uVar4 = func_0x0050e6a0(puVar8,&uStack_28,auStack_14);
                puVar8 = (undefined *)(uint)uVar4;
                if (uVar4 == 0xffff) {
LAB_0050ed5d:
                  if (puVar9 != (undefined *)0x0) goto LAB_0050ed79;
                  break;
                }
                if (uVar4 < 0x100) {
                  *(char *)((int)puVar13 + iVar6) = (char)uVar4;
                  puVar13 = (ushort *)((int)puVar13 + 1);
                }
                else {
                  puVar15 = puVar8 + -0xfd;
                  puVar10 = (undefined *)func_0x0050e6a0(puVar8,&uStack_28,&uStack_48);
                  puVar8 = puVar10;
                  if (((short)puVar10 == -1) ||
                     ((puVar8 = (undefined *)0x0, (short)puVar10 != 0 &&
                      (puVar8 = (undefined *)func_0x0050e0a0(0,(uint)puVar10 & 0xffff,&uStack_28),
                      puVar8 == (undefined *)0xffffffff)))) goto LAB_0050ed5d;
                  puVar8 = (undefined *)
                           ((int)puVar13 +
                           (iVar6 - ((1 << ((byte)puVar10 & 0x1f) | (uint)puVar8) + 1)));
                  do {
                    *(undefined *)((int)puVar13 + iVar6) = *puVar8;
                    puVar13 = (ushort *)((int)puVar13 + 1);
                    puVar8 = puVar8 + 1;
                    puVar15 = puVar15 + -1;
                  } while (puVar15 != (undefined *)0x0);
                }
              }
              if (uVar5 == 0) {
                puStack_50 = puVar13;
              }
            }
            iVar6 = *(int *)(param_2 + 0x3c) + param_2;
            uVar11 = 0;
            if (*(short *)(iVar6 + 6) != 0) {
              puVar12 = (uint *)((uint)*(ushort *)(*(int *)(param_2 + 0x3c) + 0x14 + param_2) +
                                 iVar6 + 0x24);
              do {
                if (puStack_50 < (ushort *)*puVar12) {
                  do {
                    *(undefined *)((int)puStack_50 + param_2) = 0;
                    puStack_50 = (ushort *)((int)puStack_50 + 1);
                  } while (puStack_50 < (ushort *)*puVar12);
                }
                uVar5 = puVar12[-1];
                if (puVar12[1] < puVar12[-1]) {
                  uVar5 = puVar12[1];
                }
                puStack_50 = (ushort *)(*puVar12 + uVar5);
                uVar11 = uVar11 + 1;
                puVar12 = puVar12 + 10;
              } while (uVar11 < *(ushort *)(iVar6 + 6));
            }
            if (puStack_50 < *(ushort **)(iStack_4c + 8)) {
              do {
                *(undefined *)((int)puStack_50 + param_2) = 0;
                puStack_50 = (ushort *)((int)puStack_50 + 1);
              } while (puStack_50 < *(ushort **)(iStack_4c + 8));
            }
            uStack_5d = 1;
          }
        }
      }
    }
  }
  return uStack_5d;
}

  
2026-09-07 23:44:56 INFO  (HeadlessAnalyzer) SCRIPT: I:\SkypeReverse\skypeopensource2\skyserver\tools\InspectSkypeEntry.java  
2026-09-07 23:44:56 INFO  (GhidraScript) InspectSkypeEntry.java> SKYPE_ENTRY 004f9330  
2026-09-07 23:44:56 INFO  (GhidraScript) InspectSkypeEntry.java> 004f9330 MOV EAX,dword ptr [ECX + 0x4]  
2026-09-07 23:44:57 INFO  (GhidraScript) InspectSkypeEntry.java> 004f9333 ADD EDX,0x3  
2026-09-07 23:44:57 INFO  (GhidraScript) InspectSkypeEntry.java> 004f9336 PUSH ESI  
2026-09-07 23:44:57 INFO  (GhidraScript) InspectSkypeEntry.java> 004f9337 MOV ESI,dword ptr [ECX]  
2026-09-07 23:44:57 INFO  (GhidraScript) InspectSkypeEntry.java> 004f9339 AND EDX,0xfffffffc  
2026-09-07 23:44:57 INFO  (GhidraScript) InspectSkypeEntry.java> 004f933c ADD EDX,ESI  
2026-09-07 23:44:57 INFO  (GhidraScript) InspectSkypeEntry.java> 004f933e ADD EAX,ESI  
2026-09-07 23:44:57 INFO  (GhidraScript) InspectSkypeEntry.java> 004f9340 MOV dword ptr [ECX],EDX  
2026-09-07 23:44:57 INFO  (GhidraScript) InspectSkypeEntry.java> 004f9342 INC CL  
2026-09-07 23:44:57 INFO  (GhidraScript) InspectSkypeEntry.java> 004f9344 DEC CL  
2026-09-07 23:44:57 INFO  (GhidraScript) InspectSkypeEntry.java> 004f9346 POP ESI  
2026-09-07 23:44:57 INFO  (GhidraScript) InspectSkypeEntry.java> 004f9347 RET  
2026-09-07 23:44:57 INFO  (GhidraScript) InspectSkypeEntry.java> 004f9350 PUSH ECX  
2026-09-07 23:44:57 INFO  (GhidraScript) InspectSkypeEntry.java> 004f9351 PUSH ESI  
2026-09-07 23:44:57 INFO  (GhidraScript) InspectSkypeEntry.java> 004f9352 LEA EDX,[ESP + 0x4]  
2026-09-07 23:44:57 INFO  (GhidraScript) InspectSkypeEntry.java> 004f9356 MOV ESI,ECX  
2026-09-07 23:44:57 INFO  (GhidraScript) InspectSkypeEntry.java> 
int FUN_004f9330(undefined4 param_1,int param_2,int *param_3)

{
  int iVar1;
  
  iVar1 = *param_3;
  *param_3 = (param_2 + 3U & 0xfffffffc) + iVar1;
  return param_3[1] + iVar1;
}

  
2026-09-07 23:44:58 INFO  (HeadlessAnalyzer) REPORT: Save succeeded for processed file: /Skype-original.exe  
