2026-09-10 09:36:09 INFO  (LoggingInitialization) Using log config file: jar:file:/E:/ghidra_11.2.1_PUBLIC/Ghidra/Framework/Generic/lib/Generic.jar!/generic.log4j.xml  
2026-09-10 09:36:09 INFO  (LoggingInitialization) Using log file: I:\SkypeReverse\skypeopensource2\skyserver\diagnostics\pe-analysis-20260907-233415\default-hosts.log  
2026-09-10 09:36:09 INFO  (Preferences) Loading user preferences: C:\Users\IlyaBOT\AppData\Roaming\ghidra\ghidra_11.2.1_PUBLIC\preferences  
2026-09-10 09:36:09 INFO  (ClassSearcher) Searching for classes...  
2026-09-10 09:36:10 INFO  (ClassSearcher) Class search complete (990 ms)  
2026-09-10 09:36:10 INFO  (SSLContextInitializer) Initializing SSL Context  
2026-09-10 09:36:11 INFO  (SecureRandomFactory) Initializing Random Number Generator...  
2026-09-10 09:36:11 INFO  (SecureRandomFactory) Random Number Generator initialization complete: SHA1PRNG  
2026-09-10 09:36:11 INFO  (ApplicationTrustManagerFactory) Trust manager disabled, cacerts have not been set  
2026-09-10 09:36:11 INFO  (AnalyzeHeadless) Headless startup complete (2601 ms)  
2026-09-10 09:36:11 INFO  (ClassSearcher) Class searcher loaded 57 extension points (18 false positives)  
2026-09-10 09:36:11 INFO  (HeadlessAnalyzer) HEADLESS Script Paths:
    E:\ghidra_11.2.1_PUBLIC\Ghidra\Features\SystemEmulation\ghidra_scripts
    E:\ghidra_11.2.1_PUBLIC\Ghidra\Features\FileFormats\ghidra_scripts
    E:\ghidra_11.2.1_PUBLIC\Ghidra\Debug\Debugger\ghidra_scripts
    E:\ghidra_11.2.1_PUBLIC\Ghidra\Processors\JVM\ghidra_scripts
    E:\ghidra_11.2.1_PUBLIC\Ghidra\Features\BSim\ghidra_scripts
    E:\ghidra_11.2.1_PUBLIC\Ghidra\Features\WildcardAssembler\ghidra_scripts
    E:\ghidra_11.2.1_PUBLIC\Ghidra\Features\SwiftDemangler\ghidra_scripts
    E:\ghidra_11.2.1_PUBLIC\Ghidra\Features\BytePatterns\ghidra_scripts
    E:\ghidra_11.2.1_PUBLIC\Ghidra\Processors\PIC\ghidra_scripts
    E:\ghidra_11.2.1_PUBLIC\Ghidra\Debug\Debugger-agent-dbgmodel-traceloader\ghidra_scripts
    E:\ghidra_11.2.1_PUBLIC\Ghidra\Features\PDB\ghidra_scripts
    E:\ghidra_11.2.1_PUBLIC\Ghidra\Processors\8051\ghidra_scripts
    E:\ghidra_11.2.1_PUBLIC\Ghidra\Debug\Debugger-rmi-trace\ghidra_scripts
    I:\SkypeReverse\skypeopensource2\skyserver\tools
    E:\ghidra_11.2.1_PUBLIC\Ghidra\Features\Jython\ghidra_scripts
    E:\ghidra_11.2.1_PUBLIC\Ghidra\Features\Base\ghidra_scripts
    E:\ghidra_11.2.1_PUBLIC\Ghidra\Features\Decompiler\ghidra_scripts
    E:\ghidra_11.2.1_PUBLIC\Ghidra\Processors\Atmel\ghidra_scripts
    E:\ghidra_11.2.1_PUBLIC\Ghidra\Features\FunctionID\ghidra_scripts
    E:\ghidra_11.2.1_PUBLIC\Ghidra\Debug\Debugger-agent-frida\ghidra_scripts
    E:\ghidra_11.2.1_PUBLIC\Ghidra\Features\VersionTracking\ghidra_scripts
    E:\ghidra_11.2.1_PUBLIC\Ghidra\Features\GnuDemangler\ghidra_scripts
    E:\ghidra_11.2.1_PUBLIC\Ghidra\Features\MicrosoftCodeAnalyzer\ghidra_scripts
    E:\ghidra_11.2.1_PUBLIC\Ghidra\Processors\DATA\ghidra_scripts  
2026-09-10 09:36:12 INFO  (HeadlessAnalyzer) HEADLESS: execution starts  
2026-09-10 09:36:12 INFO  (HeadlessAnalyzer) Opening existing project: I:\SkypeReverse\skypeopensource2\skyserver\diagnostics\pe-analysis-20260907-233415\Skype42  
2026-09-10 09:36:12 INFO  (HeadlessProject) Opening project: I:\SkypeReverse\skypeopensource2\skyserver\diagnostics\pe-analysis-20260907-233415\Skype42  
2026-09-10 09:36:14 INFO  (HeadlessAnalyzer) REPORT: Processing project file: /Skype-uncompressed.image.bin  
2026-09-10 09:36:15 INFO  (HeadlessAnalyzer) SCRIPT: I:\SkypeReverse\skypeopensource2\skyserver\tools\InspectSkypeEntry.java  
2026-09-10 09:36:15 INFO  (GhidraScript) InspectSkypeEntry.java> SKYPE_ENTRY 005241d0  
2026-09-10 09:36:15 INFO  (GhidraScript) InspectSkypeEntry.java> 005241d0 MOV dword ptr [ESP + 0x2c],ESI  
2026-09-10 09:36:15 INFO  (GhidraScript) InspectSkypeEntry.java> 005241d4 MOV dword ptr [ESP + 0x30],ESI  
2026-09-10 09:36:15 INFO  (GhidraScript) InspectSkypeEntry.java> 005241d8 MOV dword ptr [ESP + 0x34],EDX  
2026-09-10 09:36:15 INFO  (GhidraScript) InspectSkypeEntry.java> 005241dc LEA ECX,[ESP + 0xc]  
2026-09-10 09:36:15 INFO  (GhidraScript) InspectSkypeEntry.java> 005241e0 PUSH ECX  
2026-09-10 09:36:15 INFO  (GhidraScript) InspectSkypeEntry.java> 005241e1 LEA EDX,[ESP + 0x30]  
2026-09-10 09:36:15 INFO  (GhidraScript) InspectSkypeEntry.java> 005241e5 MOV dword ptr [ESP + 0x48],0x83b320  
2026-09-10 09:36:15 INFO  (GhidraScript) InspectSkypeEntry.java> 005241ed MOV EAX,dword ptr [EDI]  
2026-09-10 09:36:15 INFO  (GhidraScript) InspectSkypeEntry.java> 005241ef MOV EAX,dword ptr [EAX + 0x4]  
2026-09-10 09:36:15 INFO  (GhidraScript) InspectSkypeEntry.java> 005241f2 PUSH EDX  
2026-09-10 09:36:15 INFO  (GhidraScript) InspectSkypeEntry.java> 005241f3 PUSH 0xc82978  
2026-09-10 09:36:15 INFO  (GhidraScript) InspectSkypeEntry.java> 005241f8 MOV ECX,EDI  
2026-09-10 09:36:15 INFO  (GhidraScript) InspectSkypeEntry.java> 005241fa CALL EAX  
2026-09-10 09:36:15 INFO  (GhidraScript) InspectSkypeEntry.java> 005241fc LEA ESI,[ESP + 0x10]  
2026-09-10 09:36:15 INFO  (GhidraScript) InspectSkypeEntry.java> 00524200 MOV dword ptr [ESP + 0xc],0xb886e8  
2026-09-10 09:36:15 INFO  (GhidraScript) InspectSkypeEntry.java> 00524208 CALL 0x004f8d40  
2026-09-10 09:36:15 INFO  (GhidraScript) InspectSkypeEntry.java> 0052420d POP EDI  
2026-09-10 09:36:15 INFO  (GhidraScript) InspectSkypeEntry.java> 0052420e POP ESI  
2026-09-10 09:36:15 INFO  (GhidraScript) InspectSkypeEntry.java> 0052420f MOV ESP,EBP  
2026-09-10 09:36:15 INFO  (GhidraScript) InspectSkypeEntry.java> 00524211 POP EBP  
2026-09-10 09:36:15 INFO  (GhidraScript) InspectSkypeEntry.java> 00524212 RET 0x8  
2026-09-10 09:36:15 INFO  (GhidraScript) InspectSkypeEntry.java> 00524270 PUSH EBP  
2026-09-10 09:36:15 INFO  (GhidraScript) InspectSkypeEntry.java> 00524271 MOV EBP,ESP  
2026-09-10 09:36:15 INFO  (GhidraScript) InspectSkypeEntry.java> 00524273 AND ESP,0xfffffff8  
2026-09-10 09:36:15 INFO  (GhidraScript) InspectSkypeEntry.java> 00524276 SUB ESP,0x214  
2026-09-10 09:36:15 INFO  (GhidraScript) InspectSkypeEntry.java> 0052427c MOV EAX,[0x00d0a8a0]  
2026-09-10 09:36:15 INFO  (GhidraScript) InspectSkypeEntry.java> 00524281 XOR EAX,ESP  
2026-09-10 09:36:15 INFO  (GhidraScript) InspectSkypeEntry.java> 00524283 MOV dword ptr [ESP + 0x210],EAX  
2026-09-10 09:36:15 INFO  (GhidraScript) InspectSkypeEntry.java> 0052428a PUSH EBX  
2026-09-10 09:36:15 INFO  (GhidraScript) InspectSkypeEntry.java> 0052428b MOV EBX,dword ptr [EBP + 0x8]  
2026-09-10 09:36:15 INFO  (GhidraScript) InspectSkypeEntry.java> 0052428e PUSH ESI  
2026-09-10 09:36:15 INFO  (GhidraScript) InspectSkypeEntry.java> 0052428f PUSH EDI  
2026-09-10 09:36:15 INFO  (GhidraScript) InspectSkypeEntry.java> 00524290 CALL 0x00578620  
2026-09-10 09:36:15 INFO  (GhidraScript) InspectSkypeEntry.java> 00524295 MOV EAX,[0x00d19cdc]  
2026-09-10 09:36:15 INFO  (GhidraScript) InspectSkypeEntry.java> 0052429a TEST EAX,EAX  
2026-09-10 09:36:15 INFO  (GhidraScript) InspectSkypeEntry.java> 0052429c JZ 0x005242a5  
2026-09-10 09:36:15 INFO  (GhidraScript) InspectSkypeEntry.java> 0052429e PUSH EAX  
2026-09-10 09:36:15 INFO  (GhidraScript) InspectSkypeEntry.java> 0052429f CALL dword ptr [0x00b5d120]  
2026-09-10 09:36:15 INFO  (GhidraScript) InspectSkypeEntry.java> 005242a5 TEST EBX,EBX  
2026-09-10 09:36:15 INFO  (GhidraScript) InspectSkypeEntry.java> 005242a7 MOV dword ptr [0x00d19cdc],0x0  
2026-09-10 09:36:15 INFO  (GhidraScript) InspectSkypeEntry.java> 005242b1 JZ 0x00524395  
2026-09-10 09:36:15 INFO  (GhidraScript) InspectSkypeEntry.java> 005242b7 CMP byte ptr [EBX],0x0  
2026-09-10 09:36:15 INFO  (GhidraScript) InspectSkypeEntry.java> 005242ba JZ 0x00524395  
2026-09-10 09:36:15 INFO  (GhidraScript) InspectSkypeEntry.java> 005242c0 CMP byte ptr [EBP + 0xc],0x0  
2026-09-10 09:36:15 INFO  (GhidraScript) InspectSkypeEntry.java> 005242c4 MOV byte ptr [0x00d17ea5],0x1  
2026-09-10 09:36:15 INFO  (GhidraScript) InspectSkypeEntry.java> 
void __fastcall FUN_005241d0(undefined4 param_1,undefined4 param_2)

{
  int *unaff_EDI;
  undefined4 uStack00000034;
  undefined4 uStack00000044;
  
  uStack00000044 = 0x83b320;
  uStack00000034 = param_2;
  (**(code **)(*unaff_EDI + 4))(0xc82978,&stack0x0000002c,&stack0x0000000c);
  func_0x004f8d40();
  return;
}

  
2026-09-10 09:36:16 INFO  (HeadlessAnalyzer) REPORT: Save succeeded for processed file: /Skype-uncompressed.image.bin  
