2026-09-07 23:52:06 INFO  (LoggingInitialization) Using log config file: jar:file:/E:/ghidra_11.2.1_PUBLIC/Ghidra/Framework/Generic/lib/Generic.jar!/generic.log4j.xml  
2026-09-07 23:52:06 INFO  (LoggingInitialization) Using log file: I:\SkypeReverse\skypeopensource2\skyserver\diagnostics\pe-analysis-20260907-233415\endpoint-property.log  
2026-09-07 23:52:06 INFO  (Preferences) Loading user preferences: C:\Users\IlyaBOT\AppData\Roaming\ghidra\ghidra_11.2.1_PUBLIC\preferences  
2026-09-07 23:52:06 INFO  (ClassSearcher) Searching for classes...  
2026-09-07 23:52:07 INFO  (ClassSearcher) Class search complete (1009 ms)  
2026-09-07 23:52:08 INFO  (SSLContextInitializer) Initializing SSL Context  
2026-09-07 23:52:08 INFO  (SecureRandomFactory) Initializing Random Number Generator...  
2026-09-07 23:52:08 INFO  (SecureRandomFactory) Random Number Generator initialization complete: SHA1PRNG  
2026-09-07 23:52:08 INFO  (ApplicationTrustManagerFactory) Trust manager disabled, cacerts have not been set  
2026-09-07 23:52:08 INFO  (AnalyzeHeadless) Headless startup complete (2348 ms)  
2026-09-07 23:52:08 INFO  (ClassSearcher) Class searcher loaded 57 extension points (18 false positives)  
2026-09-07 23:52:08 INFO  (HeadlessAnalyzer) HEADLESS Script Paths:
    E:\ghidra_11.2.1_PUBLIC\Ghidra\Features\SystemEmulation\ghidra_scripts
    E:\ghidra_11.2.1_PUBLIC\Ghidra\Features\FileFormats\ghidra_scripts
    E:\ghidra_11.2.1_PUBLIC\Ghidra\Debug\Debugger\ghidra_scripts
    E:\ghidra_11.2.1_PUBLIC\Ghidra\Processors\JVM\ghidra_scripts
    E:\ghidra_11.2.1_PUBLIC\Ghidra\Features\BSim\ghidra_scripts
    E:\ghidra_11.2.1_PUBLIC\Ghidra\Features\WildcardAssembler\ghidra_scripts
    E:\ghidra_11.2.1_PUBLIC\Ghidra\Features\SwiftDemangler\ghidra_scripts
    E:\ghidra_11.2.1_PUBLIC\Ghidra\Features\BytePatterns\ghidra_scripts
    E:\ghidra_11.2.1_PUBLIC\Ghidra\Processors\PIC\ghidra_scripts
    E:\ghidra_11.2.1_PUBLIC\Ghidra\Debug\Debugger-agent-dbgmodel-traceloader\ghidra_scripts
    E:\ghidra_11.2.1_PUBLIC\Ghidra\Features\PDB\ghidra_scripts
    E:\ghidra_11.2.1_PUBLIC\Ghidra\Processors\8051\ghidra_scripts
    E:\ghidra_11.2.1_PUBLIC\Ghidra\Debug\Debugger-rmi-trace\ghidra_scripts
    I:\SkypeReverse\skypeopensource2\skyserver\tools
    E:\ghidra_11.2.1_PUBLIC\Ghidra\Features\Jython\ghidra_scripts
    E:\ghidra_11.2.1_PUBLIC\Ghidra\Features\Base\ghidra_scripts
    E:\ghidra_11.2.1_PUBLIC\Ghidra\Features\Decompiler\ghidra_scripts
    E:\ghidra_11.2.1_PUBLIC\Ghidra\Processors\Atmel\ghidra_scripts
    E:\ghidra_11.2.1_PUBLIC\Ghidra\Features\FunctionID\ghidra_scripts
    E:\ghidra_11.2.1_PUBLIC\Ghidra\Debug\Debugger-agent-frida\ghidra_scripts
    E:\ghidra_11.2.1_PUBLIC\Ghidra\Features\VersionTracking\ghidra_scripts
    E:\ghidra_11.2.1_PUBLIC\Ghidra\Features\GnuDemangler\ghidra_scripts
    E:\ghidra_11.2.1_PUBLIC\Ghidra\Features\MicrosoftCodeAnalyzer\ghidra_scripts
    E:\ghidra_11.2.1_PUBLIC\Ghidra\Processors\DATA\ghidra_scripts  
2026-09-07 23:52:08 INFO  (HeadlessAnalyzer) HEADLESS: execution starts  
2026-09-07 23:52:08 INFO  (HeadlessAnalyzer) Opening existing project: I:\SkypeReverse\skypeopensource2\skyserver\diagnostics\pe-analysis-20260907-233415\Skype42  
2026-09-07 23:52:08 INFO  (HeadlessProject) Opening project: I:\SkypeReverse\skypeopensource2\skyserver\diagnostics\pe-analysis-20260907-233415\Skype42  
2026-09-07 23:52:11 INFO  (HeadlessAnalyzer) REPORT: Processing project file: /Skype-uncompressed.image.bin  
2026-09-07 23:52:11 INFO  (HeadlessAnalyzer) SCRIPT: I:\SkypeReverse\skypeopensource2\skyserver\tools\InspectSkypeEntry.java  
2026-09-07 23:52:11 INFO  (GhidraScript) InspectSkypeEntry.java> SKYPE_ENTRY 0056b090  
2026-09-07 23:52:11 INFO  (GhidraScript) InspectSkypeEntry.java> 0056b090 MOV EAX,dword ptr [ESI + 0x3a8]  
2026-09-07 23:52:11 INFO  (GhidraScript) InspectSkypeEntry.java> 0056b096 SUB ESP,0x10  
2026-09-07 23:52:11 INFO  (GhidraScript) InspectSkypeEntry.java> 0056b099 TEST EAX,EAX  
2026-09-07 23:52:11 INFO  (GhidraScript) InspectSkypeEntry.java> 0056b09b JZ 0x0056b0a2  
2026-09-07 23:52:11 INFO  (GhidraScript) InspectSkypeEntry.java> 0056b09d LEA ECX,[EAX + 0x17]  
2026-09-07 23:52:11 INFO  (GhidraScript) InspectSkypeEntry.java> 0056b0a0 JMP 0x0056b0a4  
2026-09-07 23:52:11 INFO  (GhidraScript) InspectSkypeEntry.java> 0056b0a2 XOR ECX,ECX  
2026-09-07 23:52:11 INFO  (GhidraScript) InspectSkypeEntry.java> 0056b0a4 MOV EAX,dword ptr [ECX]  
2026-09-07 23:52:11 INFO  (GhidraScript) InspectSkypeEntry.java> 0056b0a6 MOV EDX,dword ptr [EAX + 0x4]  
2026-09-07 23:52:11 INFO  (GhidraScript) InspectSkypeEntry.java> 0056b0a9 PUSH 0x0  
2026-09-07 23:52:11 INFO  (GhidraScript) InspectSkypeEntry.java> 0056b0ab PUSH 0x0  
2026-09-07 23:52:11 INFO  (GhidraScript) InspectSkypeEntry.java> 0056b0ad PUSH 0xc8a5ec  
2026-09-07 23:52:11 INFO  (GhidraScript) InspectSkypeEntry.java> 0056b0b2 PUSH 0x45  
2026-09-07 23:52:11 INFO  (GhidraScript) InspectSkypeEntry.java> 0056b0b4 PUSH 0xc8a60c  
2026-09-07 23:52:11 INFO  (GhidraScript) InspectSkypeEntry.java> 0056b0b9 PUSH -0x1  
2026-09-07 23:52:11 INFO  (GhidraScript) InspectSkypeEntry.java> 0056b0bb CALL EDX  
2026-09-07 23:52:12 INFO  (GhidraScript) InspectSkypeEntry.java> 
/* WARNING: Globals starting with '_' overlap smaller symbols at the same address */

void FUN_0056b090(void)

{
  code *pcVar1;
  undefined4 uVar2;
  int iVar3;
  int *piVar4;
  int unaff_ESI;
  undefined4 uStack_4c;
  undefined4 uStack_48;
  undefined4 uStack_44;
  undefined4 uStack_40;
  undefined4 uStack_3c;
  undefined4 uStack_38;
  undefined4 uStack_34;
  undefined4 uStack_30;
  
  if (*(int *)(unaff_ESI + 0x3a8) == 0) {
    piVar4 = (int *)0x0;
  }
  else {
    piVar4 = (int *)(*(int *)(unaff_ESI + 0x3a8) + 0x17);
  }
  uVar2 = (**(code **)(*piVar4 + 4))();
  *(undefined4 *)(unaff_ESI + 0x3ac) = uVar2;
  if (*(int *)(unaff_ESI + 0x3a8) == 0) {
    piVar4 = (int *)0x0;
  }
  else {
    piVar4 = (int *)(*(int *)(unaff_ESI + 0x3a8) + 0x17);
  }
  uStack_30 = 0;
  uStack_34 = 0;
  uStack_38 = 0xc8a648;
  uStack_3c = 0x46;
  uStack_40 = 0xc8a668;
  uStack_44 = -2;
  uStack_48 = 0x56b0ee;
  uVar2 = (**(code **)(*piVar4 + 4))();
  *(undefined4 *)(unaff_ESI + 0x3b0) = uVar2;
  uStack_48 = 0xc8a6a4;
  uStack_4c = 0x56b102;
  func_0x00532a00();
  uStack_4c = 0x56b10f;
  (**(code **)(**(int **)(unaff_ESI + 0x3ac) + 0x28))();
  uStack_4c = (int)&uStack_44 + 3;
  func_0x00532ab0();
  pcVar1 = _DAT_00b5d120;
  if (uStack_44 != 0) {
    (*_DAT_00b5d120)(uStack_44);
  }
  iVar3 = (**(code **)(**(int **)(unaff_ESI + 0x3ac) + 0x28))();
  *(undefined *)(iVar3 + 0x1b) = 0;
  func_0x00532a00(0xc8a6ac);
  (**(code **)(**(int **)(unaff_ESI + 0x3b0) + 0x28))();
  func_0x00532ab0((int)&uStack_4c + 3);
  if (uStack_4c != 0) {
    (*pcVar1)(uStack_4c);
  }
  return;
}

  
2026-09-07 23:52:12 INFO  (HeadlessAnalyzer) REPORT: Save succeeded for processed file: /Skype-uncompressed.image.bin  
