2026-09-07 23:51:44 INFO  (LoggingInitialization) Using log config file: jar:file:/E:/ghidra_11.2.1_PUBLIC/Ghidra/Framework/Generic/lib/Generic.jar!/generic.log4j.xml  
2026-09-07 23:51:44 INFO  (LoggingInitialization) Using log file: I:\SkypeReverse\skypeopensource2\skyserver\diagnostics\pe-analysis-20260907-233415\endpoint-constructor.log  
2026-09-07 23:51:44 INFO  (Preferences) Loading user preferences: C:\Users\IlyaBOT\AppData\Roaming\ghidra\ghidra_11.2.1_PUBLIC\preferences  
2026-09-07 23:51:44 INFO  (ClassSearcher) Searching for classes...  
2026-09-07 23:51:45 INFO  (ClassSearcher) Class search complete (1030 ms)  
2026-09-07 23:51:45 INFO  (SSLContextInitializer) Initializing SSL Context  
2026-09-07 23:51:45 INFO  (SecureRandomFactory) Initializing Random Number Generator...  
2026-09-07 23:51:45 INFO  (SecureRandomFactory) Random Number Generator initialization complete: SHA1PRNG  
2026-09-07 23:51:45 INFO  (ApplicationTrustManagerFactory) Trust manager disabled, cacerts have not been set  
2026-09-07 23:51:45 INFO  (AnalyzeHeadless) Headless startup complete (2320 ms)  
2026-09-07 23:51:45 INFO  (ClassSearcher) Class searcher loaded 57 extension points (18 false positives)  
2026-09-07 23:51:45 INFO  (HeadlessAnalyzer) HEADLESS Script Paths:
    E:\ghidra_11.2.1_PUBLIC\Ghidra\Features\SystemEmulation\ghidra_scripts
    E:\ghidra_11.2.1_PUBLIC\Ghidra\Features\FileFormats\ghidra_scripts
    E:\ghidra_11.2.1_PUBLIC\Ghidra\Debug\Debugger\ghidra_scripts
    E:\ghidra_11.2.1_PUBLIC\Ghidra\Processors\JVM\ghidra_scripts
    E:\ghidra_11.2.1_PUBLIC\Ghidra\Features\BSim\ghidra_scripts
    E:\ghidra_11.2.1_PUBLIC\Ghidra\Features\WildcardAssembler\ghidra_scripts
    E:\ghidra_11.2.1_PUBLIC\Ghidra\Features\SwiftDemangler\ghidra_scripts
    E:\ghidra_11.2.1_PUBLIC\Ghidra\Features\BytePatterns\ghidra_scripts
    E:\ghidra_11.2.1_PUBLIC\Ghidra\Processors\PIC\ghidra_scripts
    E:\ghidra_11.2.1_PUBLIC\Ghidra\Debug\Debugger-agent-dbgmodel-traceloader\ghidra_scripts
    E:\ghidra_11.2.1_PUBLIC\Ghidra\Features\PDB\ghidra_scripts
    E:\ghidra_11.2.1_PUBLIC\Ghidra\Processors\8051\ghidra_scripts
    E:\ghidra_11.2.1_PUBLIC\Ghidra\Debug\Debugger-rmi-trace\ghidra_scripts
    I:\SkypeReverse\skypeopensource2\skyserver\tools
    E:\ghidra_11.2.1_PUBLIC\Ghidra\Features\Jython\ghidra_scripts
    E:\ghidra_11.2.1_PUBLIC\Ghidra\Features\Base\ghidra_scripts
    E:\ghidra_11.2.1_PUBLIC\Ghidra\Features\Decompiler\ghidra_scripts
    E:\ghidra_11.2.1_PUBLIC\Ghidra\Processors\Atmel\ghidra_scripts
    E:\ghidra_11.2.1_PUBLIC\Ghidra\Features\FunctionID\ghidra_scripts
    E:\ghidra_11.2.1_PUBLIC\Ghidra\Debug\Debugger-agent-frida\ghidra_scripts
    E:\ghidra_11.2.1_PUBLIC\Ghidra\Features\VersionTracking\ghidra_scripts
    E:\ghidra_11.2.1_PUBLIC\Ghidra\Features\GnuDemangler\ghidra_scripts
    E:\ghidra_11.2.1_PUBLIC\Ghidra\Features\MicrosoftCodeAnalyzer\ghidra_scripts
    E:\ghidra_11.2.1_PUBLIC\Ghidra\Processors\DATA\ghidra_scripts  
2026-09-07 23:51:45 INFO  (HeadlessAnalyzer) HEADLESS: execution starts  
2026-09-07 23:51:45 INFO  (HeadlessAnalyzer) Opening existing project: I:\SkypeReverse\skypeopensource2\skyserver\diagnostics\pe-analysis-20260907-233415\Skype42  
2026-09-07 23:51:45 INFO  (HeadlessProject) Opening project: I:\SkypeReverse\skypeopensource2\skyserver\diagnostics\pe-analysis-20260907-233415\Skype42  
2026-09-07 23:51:48 INFO  (HeadlessAnalyzer) REPORT: Processing project file: /Skype-uncompressed.image.bin  
2026-09-07 23:51:48 INFO  (HeadlessAnalyzer) SCRIPT: I:\SkypeReverse\skypeopensource2\skyserver\tools\InspectSkypeEntry.java  
2026-09-07 23:51:48 INFO  (GhidraScript) InspectSkypeEntry.java> SKYPE_ENTRY 0056b0ad  
2026-09-07 23:51:49 INFO  (GhidraScript) InspectSkypeEntry.java> 0056b0ad PUSH 0xc8a5ec  
2026-09-07 23:51:49 INFO  (GhidraScript) InspectSkypeEntry.java> 0056b0b2 PUSH 0x45  
2026-09-07 23:51:49 INFO  (GhidraScript) InspectSkypeEntry.java> 0056b0b4 PUSH 0xc8a60c  
2026-09-07 23:51:49 INFO  (GhidraScript) InspectSkypeEntry.java> 0056b0b9 PUSH -0x1  
2026-09-07 23:51:49 INFO  (GhidraScript) InspectSkypeEntry.java> 0056b0bb CALL EDX  
2026-09-07 23:51:49 INFO  (GhidraScript) InspectSkypeEntry.java> 0056b0bd MOV dword ptr [ESI + 0x3ac],EAX  
2026-09-07 23:51:49 INFO  (GhidraScript) InspectSkypeEntry.java> 0056b0c3 MOV EAX,dword ptr [ESI + 0x3a8]  
2026-09-07 23:51:49 INFO  (GhidraScript) InspectSkypeEntry.java> 0056b0c9 TEST EAX,EAX  
2026-09-07 23:51:49 INFO  (GhidraScript) InspectSkypeEntry.java> 0056b0cb JZ 0x0056b0d2  
2026-09-07 23:51:49 INFO  (GhidraScript) InspectSkypeEntry.java> 0056b0cd LEA ECX,[EAX + 0x17]  
2026-09-07 23:51:49 INFO  (GhidraScript) InspectSkypeEntry.java> 0056b0d0 JMP 0x0056b0d4  
2026-09-07 23:51:49 INFO  (GhidraScript) InspectSkypeEntry.java> 0056b0d2 XOR ECX,ECX  
2026-09-07 23:51:49 INFO  (GhidraScript) InspectSkypeEntry.java> 0056b0d4 MOV EAX,dword ptr [ECX]  
2026-09-07 23:51:49 INFO  (GhidraScript) InspectSkypeEntry.java> 0056b0d6 MOV EDX,dword ptr [EAX + 0x4]  
2026-09-07 23:51:49 INFO  (GhidraScript) InspectSkypeEntry.java> 0056b0d9 PUSH EDI  
2026-09-07 23:51:49 INFO  (GhidraScript) InspectSkypeEntry.java> 0056b0da PUSH 0x0  
2026-09-07 23:51:49 INFO  (GhidraScript) InspectSkypeEntry.java> 0056b0dc PUSH 0x0  
2026-09-07 23:51:49 INFO  (GhidraScript) InspectSkypeEntry.java> 0056b0de PUSH 0xc8a648  
2026-09-07 23:51:49 INFO  (GhidraScript) InspectSkypeEntry.java> 0056b0e3 PUSH 0x46  
2026-09-07 23:51:49 INFO  (GhidraScript) InspectSkypeEntry.java> 0056b0e5 PUSH 0xc8a668  
2026-09-07 23:51:49 INFO  (GhidraScript) InspectSkypeEntry.java> 0056b0ea PUSH -0x2  
2026-09-07 23:51:49 INFO  (GhidraScript) InspectSkypeEntry.java> 0056b0ec CALL EDX  
2026-09-07 23:51:49 INFO  (GhidraScript) InspectSkypeEntry.java> 0056b0ee MOV dword ptr [ESI + 0x3b0],EAX  
2026-09-07 23:51:49 INFO  (GhidraScript) InspectSkypeEntry.java> 0056b0f4 PUSH 0xc8a6a4  
2026-09-07 23:51:49 INFO  (GhidraScript) InspectSkypeEntry.java> 0056b0f9 LEA EAX,[ESP + 0xb]  
2026-09-07 23:51:49 INFO  (GhidraScript) InspectSkypeEntry.java> 0056b0fd CALL 0x00532a00  
2026-09-07 23:51:49 INFO  (GhidraScript) InspectSkypeEntry.java> 0056b102 MOV ECX,dword ptr [ESI + 0x3ac]  
2026-09-07 23:51:49 INFO  (GhidraScript) InspectSkypeEntry.java> 0056b108 MOV EAX,dword ptr [ECX]  
2026-09-07 23:51:49 INFO  (GhidraScript) InspectSkypeEntry.java> 0056b10a MOV EDX,dword ptr [EAX + 0x28]  
2026-09-07 23:51:49 INFO  (GhidraScript) InspectSkypeEntry.java> 0056b10d CALL EDX  
2026-09-07 23:51:49 INFO  (GhidraScript) InspectSkypeEntry.java> 0056b10f LEA ECX,[ESP + 0x7]  
2026-09-07 23:51:49 INFO  (GhidraScript) InspectSkypeEntry.java> 0056b113 PUSH ECX  
2026-09-07 23:51:49 INFO  (GhidraScript) InspectSkypeEntry.java> 0056b114 CALL 0x00532ab0  
2026-09-07 23:51:49 INFO  (GhidraScript) InspectSkypeEntry.java> 0056b119 MOV EAX,dword ptr [ESP + 0x8]  
2026-09-07 23:51:49 INFO  (GhidraScript) InspectSkypeEntry.java> 0056b11d TEST EAX,EAX  
2026-09-07 23:51:49 INFO  (GhidraScript) InspectSkypeEntry.java> 0056b11f MOV EDI,dword ptr [0x00b5d120]  
2026-09-07 23:51:49 INFO  (GhidraScript) InspectSkypeEntry.java> 0056b125 JZ 0x0056b12a  
2026-09-07 23:51:49 INFO  (GhidraScript) InspectSkypeEntry.java> 0056b127 PUSH EAX  
2026-09-07 23:51:49 INFO  (GhidraScript) InspectSkypeEntry.java> 0056b128 CALL EDI  
2026-09-07 23:51:49 INFO  (GhidraScript) InspectSkypeEntry.java> 0056b12a MOV ECX,dword ptr [ESI + 0x3ac]  
2026-09-07 23:51:49 INFO  (GhidraScript) InspectSkypeEntry.java> 0056b130 MOV EDX,dword ptr [ECX]  
2026-09-07 23:51:49 INFO  (GhidraScript) InspectSkypeEntry.java> 0056b132 MOV EAX,dword ptr [EDX + 0x28]  
2026-09-07 23:51:49 INFO  (GhidraScript) InspectSkypeEntry.java> 0056b135 CALL EAX  
2026-09-07 23:51:49 INFO  (GhidraScript) InspectSkypeEntry.java> 0056b137 MOV byte ptr [EAX + 0x1b],0x0  
2026-09-07 23:51:49 INFO  (GhidraScript) InspectSkypeEntry.java> 0056b13b PUSH 0xc8a6ac  
2026-09-07 23:51:49 INFO  (GhidraScript) InspectSkypeEntry.java> 
/* WARNING: Globals starting with '_' overlap smaller symbols at the same address */

void __fastcall FUN_0056b0ad(undefined4 param_1,code *param_2)

{
  code *pcVar1;
  undefined4 uVar2;
  int iVar3;
  int *piVar4;
  int unaff_ESI;
  undefined4 uStack_34;
  undefined4 uStack_30;
  undefined4 uStack_2c;
  undefined4 uStack_28;
  undefined4 uStack_24;
  undefined4 uStack_20;
  undefined4 uStack_1c;
  undefined4 uStack_18;
  
  uVar2 = (*param_2)();
  *(undefined4 *)(unaff_ESI + 0x3ac) = uVar2;
  if (*(int *)(unaff_ESI + 0x3a8) == 0) {
    piVar4 = (int *)0x0;
  }
  else {
    piVar4 = (int *)(*(int *)(unaff_ESI + 0x3a8) + 0x17);
  }
  uStack_18 = 0;
  uStack_1c = 0;
  uStack_20 = 0xc8a648;
  uStack_24 = 0x46;
  uStack_28 = 0xc8a668;
  uStack_2c = -2;
  uStack_30 = 0x56b0ee;
  uVar2 = (**(code **)(*piVar4 + 4))();
  *(undefined4 *)(unaff_ESI + 0x3b0) = uVar2;
  uStack_30 = 0xc8a6a4;
  uStack_34 = 0x56b102;
  func_0x00532a00();
  uStack_34 = 0x56b10f;
  (**(code **)(**(int **)(unaff_ESI + 0x3ac) + 0x28))();
  uStack_34 = (int)&uStack_2c + 3;
  func_0x00532ab0();
  pcVar1 = _DAT_00b5d120;
  if (uStack_2c != 0) {
    (*_DAT_00b5d120)(uStack_2c);
  }
  iVar3 = (**(code **)(**(int **)(unaff_ESI + 0x3ac) + 0x28))();
  *(undefined *)(iVar3 + 0x1b) = 0;
  func_0x00532a00(0xc8a6ac);
  (**(code **)(**(int **)(unaff_ESI + 0x3b0) + 0x28))();
  func_0x00532ab0((int)&uStack_34 + 3);
  if (uStack_34 != 0) {
    (*pcVar1)(uStack_34);
  }
  return;
}

  
2026-09-07 23:51:49 INFO  (HeadlessAnalyzer) REPORT: Save succeeded for processed file: /Skype-uncompressed.image.bin  
