2026-09-09 23:16:02 INFO  (LoggingInitialization) Using log config file: jar:file:/E:/ghidra_11.2.1_PUBLIC/Ghidra/Framework/Generic/lib/Generic.jar!/generic.log4j.xml  
2026-09-09 23:16:02 INFO  (LoggingInitialization) Using log file: I:\SkypeReverse\skypeopensource2\skyserver\diagnostics\pe-analysis-20260907-233415\integrity-caller.log  
2026-09-09 23:16:02 INFO  (Preferences) Loading user preferences: C:\Users\IlyaBOT\AppData\Roaming\ghidra\ghidra_11.2.1_PUBLIC\preferences  
2026-09-09 23:16:02 INFO  (ClassSearcher) Searching for classes...  
2026-09-09 23:16:03 INFO  (ClassSearcher) Class search complete (1029 ms)  
2026-09-09 23:16:03 INFO  (SSLContextInitializer) Initializing SSL Context  
2026-09-09 23:16:03 INFO  (SecureRandomFactory) Initializing Random Number Generator...  
2026-09-09 23:16:03 INFO  (SecureRandomFactory) Random Number Generator initialization complete: SHA1PRNG  
2026-09-09 23:16:03 INFO  (ApplicationTrustManagerFactory) Trust manager disabled, cacerts have not been set  
2026-09-09 23:16:04 INFO  (AnalyzeHeadless) Headless startup complete (2849 ms)  
2026-09-09 23:16:04 INFO  (ClassSearcher) Class searcher loaded 57 extension points (18 false positives)  
2026-09-09 23:16:04 INFO  (HeadlessAnalyzer) HEADLESS Script Paths:
    E:\ghidra_11.2.1_PUBLIC\Ghidra\Features\SystemEmulation\ghidra_scripts
    E:\ghidra_11.2.1_PUBLIC\Ghidra\Features\FileFormats\ghidra_scripts
    E:\ghidra_11.2.1_PUBLIC\Ghidra\Debug\Debugger\ghidra_scripts
    E:\ghidra_11.2.1_PUBLIC\Ghidra\Processors\JVM\ghidra_scripts
    E:\ghidra_11.2.1_PUBLIC\Ghidra\Features\BSim\ghidra_scripts
    E:\ghidra_11.2.1_PUBLIC\Ghidra\Features\WildcardAssembler\ghidra_scripts
    E:\ghidra_11.2.1_PUBLIC\Ghidra\Features\SwiftDemangler\ghidra_scripts
    E:\ghidra_11.2.1_PUBLIC\Ghidra\Features\BytePatterns\ghidra_scripts
    E:\ghidra_11.2.1_PUBLIC\Ghidra\Processors\PIC\ghidra_scripts
    E:\ghidra_11.2.1_PUBLIC\Ghidra\Debug\Debugger-agent-dbgmodel-traceloader\ghidra_scripts
    E:\ghidra_11.2.1_PUBLIC\Ghidra\Features\PDB\ghidra_scripts
    E:\ghidra_11.2.1_PUBLIC\Ghidra\Processors\8051\ghidra_scripts
    E:\ghidra_11.2.1_PUBLIC\Ghidra\Debug\Debugger-rmi-trace\ghidra_scripts
    I:\SkypeReverse\skypeopensource2\skyserver\tools
    E:\ghidra_11.2.1_PUBLIC\Ghidra\Features\Jython\ghidra_scripts
    E:\ghidra_11.2.1_PUBLIC\Ghidra\Features\Base\ghidra_scripts
    E:\ghidra_11.2.1_PUBLIC\Ghidra\Features\Decompiler\ghidra_scripts
    E:\ghidra_11.2.1_PUBLIC\Ghidra\Processors\Atmel\ghidra_scripts
    E:\ghidra_11.2.1_PUBLIC\Ghidra\Features\FunctionID\ghidra_scripts
    E:\ghidra_11.2.1_PUBLIC\Ghidra\Debug\Debugger-agent-frida\ghidra_scripts
    E:\ghidra_11.2.1_PUBLIC\Ghidra\Features\VersionTracking\ghidra_scripts
    E:\ghidra_11.2.1_PUBLIC\Ghidra\Features\GnuDemangler\ghidra_scripts
    E:\ghidra_11.2.1_PUBLIC\Ghidra\Features\MicrosoftCodeAnalyzer\ghidra_scripts
    E:\ghidra_11.2.1_PUBLIC\Ghidra\Processors\DATA\ghidra_scripts  
2026-09-09 23:16:04 INFO  (HeadlessAnalyzer) HEADLESS: execution starts  
2026-09-09 23:16:04 INFO  (HeadlessAnalyzer) Opening existing project: I:\SkypeReverse\skypeopensource2\skyserver\diagnostics\pe-analysis-20260907-233415\Skype42  
2026-09-09 23:16:04 INFO  (HeadlessProject) Opening project: I:\SkypeReverse\skypeopensource2\skyserver\diagnostics\pe-analysis-20260907-233415\Skype42  
2026-09-09 23:16:06 INFO  (HeadlessAnalyzer) REPORT: Processing project file: /Skype-uncompressed.image.bin  
2026-09-09 23:16:07 INFO  (HeadlessAnalyzer) SCRIPT: I:\SkypeReverse\skypeopensource2\skyserver\tools\InspectSkypeEntry.java  
2026-09-09 23:16:07 INFO  (GhidraScript) InspectSkypeEntry.java> SKYPE_ENTRY 01015bd0  
2026-09-09 23:16:07 INFO  (GhidraScript) InspectSkypeEntry.java> 01015bd0 PUSH EBP  
2026-09-09 23:16:07 INFO  (GhidraScript) InspectSkypeEntry.java> 01015bd1 MOV EBP,ESP  
2026-09-09 23:16:07 INFO  (GhidraScript) InspectSkypeEntry.java> 01015bd3 MOV ECX,0x7  
2026-09-09 23:16:07 INFO  (GhidraScript) InspectSkypeEntry.java> 01015bd8 PUSH 0x0  
2026-09-09 23:16:07 INFO  (GhidraScript) InspectSkypeEntry.java> 01015bda PUSH 0x0  
2026-09-09 23:16:07 INFO  (GhidraScript) InspectSkypeEntry.java> 01015bdc DEC ECX  
2026-09-09 23:16:07 INFO  (GhidraScript) InspectSkypeEntry.java> 01015bdd JNZ 0x01015bd8  
2026-09-09 23:16:07 INFO  (GhidraScript) InspectSkypeEntry.java> 01015bdf PUSH ECX  
2026-09-09 23:16:07 INFO  (GhidraScript) InspectSkypeEntry.java> 01015be0 PUSH EBX  
2026-09-09 23:16:07 INFO  (GhidraScript) InspectSkypeEntry.java> 01015be1 XOR EAX,EAX  
2026-09-09 23:16:07 INFO  (GhidraScript) InspectSkypeEntry.java> 01015be3 PUSH EBP  
2026-09-09 23:16:07 INFO  (GhidraScript) InspectSkypeEntry.java> 01015be4 PUSH 0x1015e6a  
2026-09-09 23:16:07 INFO  (GhidraScript) InspectSkypeEntry.java> 01015be9 PUSH dword ptr FS:[EAX]  
2026-09-09 23:16:07 INFO  (GhidraScript) InspectSkypeEntry.java> 01015bec MOV dword ptr FS:[EAX],ESP  
2026-09-09 23:16:07 INFO  (GhidraScript) InspectSkypeEntry.java> 01015bef SUB dword ptr [0x0105d584],0x1  
2026-09-09 23:16:07 INFO  (GhidraScript) InspectSkypeEntry.java> 01015bf6 JNC 0x01015e2d  
2026-09-09 23:16:07 INFO  (GhidraScript) InspectSkypeEntry.java> 01015bfc CALL 0x00d69354  
2026-09-09 23:16:07 INFO  (GhidraScript) InspectSkypeEntry.java> 01015c01 CALL 0x004f2b90  
2026-09-09 23:16:07 INFO  (GhidraScript) InspectSkypeEntry.java> 01015c06 TEST EAX,EAX  
2026-09-09 23:16:07 INFO  (GhidraScript) InspectSkypeEntry.java> 01015c08 JNZ 0x01015c27  
2026-09-09 23:16:07 INFO  (GhidraScript) InspectSkypeEntry.java> 01015c0a PUSH 0x30  
2026-09-09 23:16:07 INFO  (GhidraScript) InspectSkypeEntry.java> 01015c0c PUSH 0x1015e78  
2026-09-09 23:16:07 INFO  (GhidraScript) InspectSkypeEntry.java> 01015c11 PUSH 0x1015e80  
2026-09-09 23:16:07 INFO  (GhidraScript) InspectSkypeEntry.java> 01015c16 PUSH 0x0  
2026-09-09 23:16:07 INFO  (GhidraScript) InspectSkypeEntry.java> 01015c18 CALL 0x004092b8  
2026-09-09 23:16:07 INFO  (GhidraScript) InspectSkypeEntry.java> 01015c1d PUSH 0x26ad  
2026-09-09 23:16:07 INFO  (GhidraScript) InspectSkypeEntry.java> 01015c22 CALL 0x00408530  
2026-09-09 23:16:07 INFO  (GhidraScript) InspectSkypeEntry.java> 01015c27 MOV DL,0x1  
2026-09-09 23:16:07 INFO  (GhidraScript) InspectSkypeEntry.java> 01015c29 MOV EAX,[0x00431f88]  
2026-09-09 23:16:07 INFO  (GhidraScript) InspectSkypeEntry.java> 01015c2e CALL 0x004320f4  
2026-09-09 23:16:07 INFO  (GhidraScript) InspectSkypeEntry.java> 01015c33 MOV EBX,EAX  
2026-09-09 23:16:07 INFO  (GhidraScript) InspectSkypeEntry.java> 01015c35 MOV EDX,0x80000001  
2026-09-09 23:16:07 INFO  (GhidraScript) InspectSkypeEntry.java> 01015c3a MOV EAX,EBX  
2026-09-09 23:16:07 INFO  (GhidraScript) InspectSkypeEntry.java> 01015c3c CALL 0x004321d0  
2026-09-09 23:16:07 INFO  (GhidraScript) InspectSkypeEntry.java> 01015c41 XOR ECX,ECX  
2026-09-09 23:16:07 INFO  (GhidraScript) InspectSkypeEntry.java> 01015c43 MOV EDX,0x1015ed4  
2026-09-09 23:16:08 INFO  (GhidraScript) InspectSkypeEntry.java> 
/* WARNING: Globals starting with '_' overlap smaller symbols at the same address */

void FUN_01015bd0(void)

{
  int iVar1;
  undefined4 *unaff_FS_OFFSET;
  bool bVar2;
  undefined uVar3;
  undefined4 uStack_20;
  undefined4 uStack_1c;
  undefined *puStack_18;
  
  puStack_18 = &stack0xfffffffc;
  iVar1 = 7;
  do {
    iVar1 = iVar1 + -1;
  } while (iVar1 != 0);
  uStack_1c = 0x1015e6a;
  uStack_20 = *unaff_FS_OFFSET;
  *unaff_FS_OFFSET = &uStack_20;
  bVar2 = _DAT_0105d584 == 0;
  _DAT_0105d584 = _DAT_0105d584 + -1;
  if (bVar2) {
    func_0x00d69354();
    iVar1 = func_0x004f2b90();
    if (iVar1 == 0) {
      func_0x004092b8(0,0x1015e80,0x1015e78,0x30);
      func_0x00408530(0x26ad);
    }
    func_0x004320f4();
    func_0x004321d0();
    uVar3 = 1;
    func_0x00432238();
    func_0x004ee788();
    func_0x004328f4();
    func_0x00405904();
    func_0x00405bd8();
    func_0x00405ce8();
    if ((bool)uVar3) {
      func_0x004f154c();
    }
    func_0x004e6e70(1);
    uVar3 = _DAT_0105d588 == 0;
    if (!(bool)uVar3) {
      func_0x004e59d0();
      func_0x004e5d00();
      func_0x00405ce8();
      if ((bool)uVar3) {
        func_0x004036f0();
        func_0x0040c7cc();
        func_0x00d69358();
        func_0x00405904();
        func_0x004e6e70(1);
        func_0x00d694c8();
        bVar2 = true;
        func_0x004063f8();
        if (bVar2) {
          iVar1 = func_0x004e5de8(0,0x1a,0,0,0x105d58c);
          if (iVar1 == 0) {
            func_0x00405b30();
            iVar1 = func_0x00405b80();
            if (*(char *)(_DAT_01020f8c + -1 + iVar1) != '\\') {
              func_0x00405b8c();
            }
            func_0x00405bd8();
            func_0x00d69358();
            func_0x00405904();
            func_0x004e6e70(1);
            bVar2 = true;
          }
          else {
            bVar2 = false;
          }
          if (!bVar2) {
            func_0x00408768(0x104,0x105d58c);
            func_0x00405b30();
            func_0x00d69358();
            func_0x00405d50();
            func_0x00405ab8();
            func_0x004e6e70(1);
          }
        }
      }
    }
    func_0x00404850();
  }
  *unaff_FS_OFFSET = uStack_20;
  puStack_18 = (undefined *)0x1015e71;
  uStack_1c = 0x1015e47;
  func_0x004058d4();
  uStack_1c = 0x1015e4f;
  func_0x004060cc();
  uStack_1c = 0x1015e5c;
  func_0x004058d4();
  uStack_1c = 0x1015e69;
  func_0x004058d4();
  return;
}

  
2026-09-09 23:16:09 INFO  (HeadlessAnalyzer) REPORT: Save succeeded for processed file: /Skype-uncompressed.image.bin  
