2026-09-12 22:55:43 INFO  (LoggingInitialization) Using log config file: jar:file:/E:/ghidra_11.2.1_PUBLIC/Ghidra/Framework/Generic/lib/Generic.jar!/generic.log4j.xml  
2026-09-12 22:55:43 INFO  (LoggingInitialization) Using log file: skyserver\diagnostics\pe-analysis-20260907-233415\keepalive-20260912.log  
2026-09-12 22:55:43 INFO  (Preferences) Loading user preferences: C:\Users\IlyaBOT\AppData\Roaming\ghidra\ghidra_11.2.1_PUBLIC\preferences  
2026-09-12 22:55:43 INFO  (ClassSearcher) Searching for classes...  
2026-09-12 22:55:44 INFO  (ClassSearcher) Class search complete (1545 ms)  
2026-09-12 22:55:45 INFO  (SSLContextInitializer) Initializing SSL Context  
2026-09-12 22:55:45 INFO  (SecureRandomFactory) Initializing Random Number Generator...  
2026-09-12 22:55:45 INFO  (SecureRandomFactory) Random Number Generator initialization complete: SHA1PRNG  
2026-09-12 22:55:45 INFO  (ApplicationTrustManagerFactory) Trust manager disabled, cacerts have not been set  
2026-09-12 22:55:45 INFO  (FileCacheMaintenanceDaemon) Starting cache cleanup: C:\Users\IlyaBOT\AppData\Local\ghidra\fscache2  
2026-09-12 22:55:45 INFO  (FileCacheMaintenanceDaemon) Finished cache cleanup, estimated storage used: 0  
2026-09-12 22:55:46 INFO  (AnalyzeHeadless) Headless startup complete (10688 ms)  
2026-09-12 22:55:46 INFO  (ClassSearcher) Class searcher loaded 57 extension points (18 false positives)  
2026-09-12 22:55:46 INFO  (HeadlessAnalyzer) HEADLESS Script Paths:
    E:\ghidra_11.2.1_PUBLIC\Ghidra\Features\SystemEmulation\ghidra_scripts
    E:\ghidra_11.2.1_PUBLIC\Ghidra\Features\FileFormats\ghidra_scripts
    E:\ghidra_11.2.1_PUBLIC\Ghidra\Debug\Debugger\ghidra_scripts
    E:\ghidra_11.2.1_PUBLIC\Ghidra\Processors\JVM\ghidra_scripts
    E:\ghidra_11.2.1_PUBLIC\Ghidra\Features\BSim\ghidra_scripts
    E:\ghidra_11.2.1_PUBLIC\Ghidra\Features\WildcardAssembler\ghidra_scripts
    E:\ghidra_11.2.1_PUBLIC\Ghidra\Features\SwiftDemangler\ghidra_scripts
    E:\ghidra_11.2.1_PUBLIC\Ghidra\Features\BytePatterns\ghidra_scripts
    E:\ghidra_11.2.1_PUBLIC\Ghidra\Processors\PIC\ghidra_scripts
    E:\ghidra_11.2.1_PUBLIC\Ghidra\Debug\Debugger-agent-dbgmodel-traceloader\ghidra_scripts
    E:\ghidra_11.2.1_PUBLIC\Ghidra\Features\PDB\ghidra_scripts
    E:\ghidra_11.2.1_PUBLIC\Ghidra\Processors\8051\ghidra_scripts
    E:\ghidra_11.2.1_PUBLIC\Ghidra\Debug\Debugger-rmi-trace\ghidra_scripts
    E:\ghidra_11.2.1_PUBLIC\Ghidra\Features\Jython\ghidra_scripts
    I:\Open-SkyServer\skyserver\tools
    E:\ghidra_11.2.1_PUBLIC\Ghidra\Features\Base\ghidra_scripts
    E:\ghidra_11.2.1_PUBLIC\Ghidra\Features\Decompiler\ghidra_scripts
    E:\ghidra_11.2.1_PUBLIC\Ghidra\Processors\Atmel\ghidra_scripts
    E:\ghidra_11.2.1_PUBLIC\Ghidra\Features\FunctionID\ghidra_scripts
    E:\ghidra_11.2.1_PUBLIC\Ghidra\Debug\Debugger-agent-frida\ghidra_scripts
    E:\ghidra_11.2.1_PUBLIC\Ghidra\Features\VersionTracking\ghidra_scripts
    E:\ghidra_11.2.1_PUBLIC\Ghidra\Features\GnuDemangler\ghidra_scripts
    E:\ghidra_11.2.1_PUBLIC\Ghidra\Features\MicrosoftCodeAnalyzer\ghidra_scripts
    E:\ghidra_11.2.1_PUBLIC\Ghidra\Processors\DATA\ghidra_scripts  
2026-09-12 22:55:47 INFO  (HeadlessAnalyzer) HEADLESS: execution starts  
2026-09-12 22:55:47 INFO  (HeadlessAnalyzer) Opening existing project: I:\Open-SkyServer\skyserver\diagnostics\pe-analysis-20260907-233415\Skype42  
2026-09-12 22:55:47 INFO  (HeadlessProject) Opening project: I:\Open-SkyServer\skyserver\diagnostics\pe-analysis-20260907-233415\Skype42  
2026-09-12 22:55:54 INFO  (HeadlessAnalyzer) REPORT: Processing project file: /Skype-uncompressed.image.bin  
2026-09-12 22:55:59 INFO  (HeadlessAnalyzer) SCRIPT: I:\Open-SkyServer\skyserver\tools\InspectSkypeEntry.java  
2026-09-12 22:55:59 INFO  (GhidraScript) InspectSkypeEntry.java> SKYPE_ENTRY 00570590  
2026-09-12 22:56:00 INFO  (GhidraScript) InspectSkypeEntry.java> 00570590 ADD AL,CH  
2026-09-12 22:56:00 INFO  (GhidraScript) InspectSkypeEntry.java> 00570592 JP 0x00570574  
2026-09-12 22:56:00 INFO  (GhidraScript) InspectSkypeEntry.java> 00570594 CLI  
2026-09-12 22:56:00 INFO  (GhidraScript) InspectSkypeEntry.java> 00570595 INC dword ptr [EBX + 0xc08504c4]  
2026-09-12 22:56:00 INFO  (GhidraScript) InspectSkypeEntry.java> 0057059b JZ 0x005705aa  
2026-09-12 22:56:00 INFO  (GhidraScript) InspectSkypeEntry.java> 0057059d MOV ECX,dword ptr [EBP + 0xe]  
2026-09-12 22:56:00 INFO  (GhidraScript) InspectSkypeEntry.java> 005705a0 PUSH EAX  
2026-09-12 22:56:00 INFO  (GhidraScript) InspectSkypeEntry.java> 005705a1 MOV EAX,ECX  
2026-09-12 22:56:00 INFO  (GhidraScript) InspectSkypeEntry.java> 005705a3 CALL 0x007812b0  
2026-09-12 22:56:00 INFO  (GhidraScript) InspectSkypeEntry.java> 005705a8 JMP 0x005705ac  
2026-09-12 22:56:00 INFO  (GhidraScript) InspectSkypeEntry.java> 005705aa XOR EAX,EAX  
2026-09-12 22:56:00 INFO  (GhidraScript) InspectSkypeEntry.java> 005705ac MOV dword ptr [EBP + 0xcd],EAX  
2026-09-12 22:56:00 INFO  (GhidraScript) InspectSkypeEntry.java> 005705b2 MOV ECX,dword ptr [EBP + 0xcd]  
2026-09-12 22:56:00 INFO  (GhidraScript) InspectSkypeEntry.java> 005705b8 CALL 0x007816b0  
2026-09-12 22:56:00 INFO  (GhidraScript) InspectSkypeEntry.java> 005705bd MOV EAX,dword ptr [EBP + 0xcd]  
2026-09-12 22:56:00 INFO  (GhidraScript) InspectSkypeEntry.java> 005705c3 CMP byte ptr [EAX + 0x38c2],0x0  
2026-09-12 22:56:00 INFO  (GhidraScript) InspectSkypeEntry.java> 005705ca JZ 0x00570912  
2026-09-12 22:56:00 INFO  (GhidraScript) InspectSkypeEntry.java> 005705d0 MOV ESI,dword ptr [EAX + 0x38ac]  
2026-09-12 22:56:00 INFO  (GhidraScript) InspectSkypeEntry.java> 005705d6 TEST ESI,ESI  
2026-09-12 22:56:00 INFO  (GhidraScript) InspectSkypeEntry.java> 005705d8 JZ 0x005708b5  
2026-09-12 22:56:00 INFO  (GhidraScript) InspectSkypeEntry.java> 005705de MOV EAX,dword ptr [EBP + 0xe]  
2026-09-12 22:56:00 INFO  (GhidraScript) InspectSkypeEntry.java> 005705e1 MOV EDX,dword ptr [EAX + 0x235]  
2026-09-12 22:56:00 INFO  (GhidraScript) InspectSkypeEntry.java> 005705e7 LEA ECX,[EAX + 0x235]  
2026-09-12 22:56:00 INFO  (GhidraScript) InspectSkypeEntry.java> 005705ed MOV EAX,dword ptr [EDX + 0x24]  
2026-09-12 22:56:00 INFO  (GhidraScript) InspectSkypeEntry.java> 005705f0 PUSH 0x0  
2026-09-12 22:56:00 INFO  (GhidraScript) InspectSkypeEntry.java> 005705f2 PUSH 0xc8bab4  
2026-09-12 22:56:00 INFO  (GhidraScript) InspectSkypeEntry.java> 005705f7 CALL EAX  
2026-09-12 22:56:00 INFO  (GhidraScript) InspectSkypeEntry.java> 005705f9 LEA ECX,[EAX + -0x1e]  
2026-09-12 22:56:00 INFO  (GhidraScript) InspectSkypeEntry.java> 005705fc CMP ECX,0x6ea  
2026-09-12 22:56:00 INFO  (GhidraScript) InspectSkypeEntry.java> 00570602 JA 0x0057061a  
2026-09-12 22:56:00 INFO  (GhidraScript) InspectSkypeEntry.java> 00570604 MOV EDX,dword ptr [EBP + 0xe]  
2026-09-12 22:56:00 INFO  (GhidraScript) InspectSkypeEntry.java> 00570607 MOV ECX,dword ptr [EDX + 0x328]  
2026-09-12 22:56:00 INFO  (GhidraScript) InspectSkypeEntry.java> 0057060d MOV EDX,dword ptr [ECX + 0x13]  
2026-09-12 22:56:00 INFO  (GhidraScript) InspectSkypeEntry.java> 00570610 ADD ECX,0x13  
2026-09-12 22:56:00 INFO  (GhidraScript) InspectSkypeEntry.java> 00570613 PUSH EAX  
2026-09-12 22:56:00 INFO  (GhidraScript) InspectSkypeEntry.java> 00570614 MOV EAX,dword ptr [EDX + 0x40]  
2026-09-12 22:56:00 INFO  (GhidraScript) InspectSkypeEntry.java> 00570617 PUSH ESI  
2026-09-12 22:56:00 INFO  (GhidraScript) InspectSkypeEntry.java> 00570618 CALL EAX  
2026-09-12 22:56:00 INFO  (GhidraScript) InspectSkypeEntry.java> 0057061a MOV ECX,dword ptr [EBP + 0xe]  
2026-09-12 22:56:00 INFO  (GhidraScript) InspectSkypeEntry.java> 0057061d MOV EAX,dword ptr [ECX + 0x328]  
2026-09-12 22:56:00 INFO  (GhidraScript) InspectSkypeEntry.java> 00570623 MOV EDX,dword ptr [EAX + 0x13]  
2026-09-12 22:56:00 INFO  (GhidraScript) InspectSkypeEntry.java> 00570626 MOV EDX,dword ptr [EDX + 0x2c]  
2026-09-12 22:56:00 INFO  (GhidraScript) InspectSkypeEntry.java> 00570629 LEA ECX,[EAX + 0x13]  
2026-09-12 22:56:00 INFO  (GhidraScript) InspectSkypeEntry.java> 0057062c PUSH 0x1  
2026-09-12 22:56:00 INFO  (GhidraScript) InspectSkypeEntry.java> 0057062e PUSH ESI  
2026-09-12 22:56:00 INFO  (GhidraScript) InspectSkypeEntry.java> 0057062f LEA EAX,[ESP + 0x1c]  
2026-09-12 22:56:00 INFO  (GhidraScript) InspectSkypeEntry.java> 00570633 PUSH EAX  
2026-09-12 22:56:00 INFO  (GhidraScript) InspectSkypeEntry.java> 00570634 CALL EDX  
2026-09-12 22:56:00 INFO  (GhidraScript) InspectSkypeEntry.java> 00570636 MOV EAX,dword ptr [EBP + 0xe]  
2026-09-12 22:56:00 INFO  (GhidraScript) InspectSkypeEntry.java> 00570639 MOV EAX,dword ptr [EAX + 0x328]  
2026-09-12 22:56:00 INFO  (GhidraScript) InspectSkypeEntry.java> 0057063f MOV EDX,dword ptr [EAX + 0x13]  
2026-09-12 22:56:00 INFO  (GhidraScript) InspectSkypeEntry.java> 00570642 MOV EDX,dword ptr [EDX + 0x28]  
2026-09-12 22:56:00 INFO  (GhidraScript) InspectSkypeEntry.java> 00570645 LEA ECX,[EAX + 0x13]  
2026-09-12 22:56:00 INFO  (GhidraScript) InspectSkypeEntry.java> 00570648 PUSH 0x0  
2026-09-12 22:56:00 INFO  (GhidraScript) InspectSkypeEntry.java> 0057064a PUSH ESI  
2026-09-12 22:56:00 INFO  (GhidraScript) InspectSkypeEntry.java> 0057064b LEA EAX,[ESP + 0x24]  
2026-09-12 22:56:00 INFO  (GhidraScript) InspectSkypeEntry.java> 0057064f PUSH EAX  
2026-09-12 22:56:00 INFO  (GhidraScript) InspectSkypeEntry.java> 00570650 CALL EDX  
2026-09-12 22:56:00 INFO  (GhidraScript) InspectSkypeEntry.java> 00570652 MOV EBX,dword ptr [EAX]  
2026-09-12 22:56:00 INFO  (GhidraScript) InspectSkypeEntry.java> 00570654 MOV EAX,dword ptr [EBP + 0xe]  
2026-09-12 22:56:00 INFO  (GhidraScript) InspectSkypeEntry.java> 00570657 MOV ECX,dword ptr [EAX + 0x328]  
2026-09-12 22:56:00 INFO  (GhidraScript) InspectSkypeEntry.java> 0057065d MOV EDX,dword ptr [ECX + 0x13]  
2026-09-12 22:56:00 INFO  (GhidraScript) InspectSkypeEntry.java> 00570660 MOV EDX,dword ptr [EDX + 0x28]  
2026-09-12 22:56:00 INFO  (GhidraScript) InspectSkypeEntry.java> 00570663 PUSH 0x1  
2026-09-12 22:56:00 INFO  (GhidraScript) InspectSkypeEntry.java> 00570665 ADD ECX,0x13  
2026-09-12 22:56:00 INFO  (GhidraScript) InspectSkypeEntry.java> 00570668 PUSH ESI  
2026-09-12 22:56:00 INFO  (GhidraScript) InspectSkypeEntry.java> 00570669 LEA EAX,[ESP + 0x24]  
2026-09-12 22:56:00 INFO  (GhidraScript) InspectSkypeEntry.java> 0057066d PUSH EAX  
2026-09-12 22:56:00 INFO  (GhidraScript) InspectSkypeEntry.java> 0057066e CALL EDX  
2026-09-12 22:56:00 INFO  (GhidraScript) InspectSkypeEntry.java> 00570670 MOV EDI,dword ptr [EAX]  
2026-09-12 22:56:00 INFO  (GhidraScript) InspectSkypeEntry.java> 00570672 MOV EDX,dword ptr [EBP + 0xcd]  
2026-09-12 22:56:00 INFO  (GhidraScript) InspectSkypeEntry.java> 00570678 PUSH 0x11  
2026-09-12 22:56:00 INFO  (GhidraScript) InspectSkypeEntry.java> 0057067a LEA EAX,[ESP + 0x20]  
2026-09-12 22:56:00 INFO  (GhidraScript) InspectSkypeEntry.java> 0057067e PUSH EAX  
2026-09-12 22:56:00 INFO  (GhidraScript) InspectSkypeEntry.java> 0057067f ADD EDX,0x38b0  
2026-09-12 22:56:00 INFO  (GhidraScript) InspectSkypeEntry.java> 00570685 MOV dword ptr [EBP + 0x12f],ESI  
2026-09-12 22:56:00 INFO  (GhidraScript) InspectSkypeEntry.java> 0057068b CALL 0x00518280  
2026-09-12 22:56:00 INFO  (GhidraScript) InspectSkypeEntry.java> 00570690 MOV ECX,dword ptr [EAX]  
2026-09-12 22:56:00 INFO  (GhidraScript) InspectSkypeEntry.java> 00570692 MOV ESI,dword ptr [EBP + 0xcd]  
2026-09-12 22:56:00 INFO  (GhidraScript) InspectSkypeEntry.java> 00570698 MOV dword ptr [EBP + 0x137],ECX  
2026-09-12 22:56:00 INFO  (GhidraScript) InspectSkypeEntry.java> 0057069e MOV EDX,dword ptr [EAX + 0x4]  
2026-09-12 22:56:00 INFO  (GhidraScript) InspectSkypeEntry.java> 005706a1 MOV EAX,dword ptr [EBP + 0xe]  
2026-09-12 22:56:00 INFO  (GhidraScript) InspectSkypeEntry.java> 005706a4 MOV dword ptr [EBP + 0x13b],EDX  
2026-09-12 22:56:00 INFO  (GhidraScript) InspectSkypeEntry.java> 005706aa MOV ECX,dword ptr [EAX + 0x225]  
2026-09-12 22:56:00 INFO  (GhidraScript) InspectSkypeEntry.java> 005706b0 CMP EDI,EBX  
2026-09-12 22:56:00 INFO  (GhidraScript) InspectSkypeEntry.java> 005706b2 SETNZ DL  
2026-09-12 22:56:00 INFO  (GhidraScript) InspectSkypeEntry.java> 005706b5 PUSH 0x0  
2026-09-12 22:56:00 INFO  (GhidraScript) InspectSkypeEntry.java> 005706b7 ADD ESI,0x38b0  
2026-09-12 22:56:00 INFO  (GhidraScript) InspectSkypeEntry.java> 005706bd PUSH 0xb  
2026-09-12 22:56:00 INFO  (GhidraScript) InspectSkypeEntry.java> 005706bf MOV EAX,ESI  
2026-09-12 22:56:00 INFO  (GhidraScript) InspectSkypeEntry.java> 005706c1 MOV dword ptr [EBP + 0x13f],ECX  
2026-09-12 22:56:00 INFO  (GhidraScript) InspectSkypeEntry.java> 005706c7 MOV byte ptr [EBP + 0x143],DL  
2026-09-12 22:56:00 INFO  (GhidraScript) InspectSkypeEntry.java> 005706cd CALL 0x00518120  
2026-09-12 22:56:00 INFO  (GhidraScript) InspectSkypeEntry.java> 005706d2 PUSH 0x0  
2026-09-12 22:56:00 INFO  (GhidraScript) InspectSkypeEntry.java> 005706d4 MOV dword ptr [EBP + 0x144],EAX  
2026-09-12 22:56:00 INFO  (GhidraScript) InspectSkypeEntry.java> 005706da PUSH 0xc  
2026-09-12 22:56:00 INFO  (GhidraScript) InspectSkypeEntry.java> 005706dc MOV EAX,ESI  
2026-09-12 22:56:00 INFO  (GhidraScript) InspectSkypeEntry.java> 005706de CALL 0x00518120  
2026-09-12 22:56:00 INFO  (GhidraScript) InspectSkypeEntry.java> 005706e3 MOV EDX,dword ptr [EBP + 0x13]  
2026-09-12 22:56:00 INFO  (GhidraScript) InspectSkypeEntry.java> 005706e6 MOV dword ptr [EBP + 0x148],EAX  
2026-09-12 22:56:00 INFO  (GhidraScript) InspectSkypeEntry.java> 005706ec MOV EAX,dword ptr [ESP + 0x14]  
2026-09-12 22:56:00 INFO  (GhidraScript) InspectSkypeEntry.java> 005706f0 LEA ESI,[EBP + 0x13]  
2026-09-12 22:56:00 INFO  (GhidraScript) InspectSkypeEntry.java> 005706f3 MOV dword ptr [EBP + 0x133],EAX  
2026-09-12 22:56:00 INFO  (GhidraScript) InspectSkypeEntry.java> 005706f9 MOV EAX,dword ptr [EDX + 0x18]  
2026-09-12 22:56:00 INFO  (GhidraScript) InspectSkypeEntry.java> 005706fc MOV ECX,ESI  
2026-09-12 22:56:00 INFO  (GhidraScript) InspectSkypeEntry.java> 005706fe CALL EAX  
2026-09-12 22:56:00 INFO  (GhidraScript) InspectSkypeEntry.java> 00570700 MOV ECX,dword ptr [EAX + 0x8]  
2026-09-12 22:56:00 INFO  (GhidraScript) InspectSkypeEntry.java> 00570703 ADD EAX,0x8  
2026-09-12 22:56:00 INFO  (GhidraScript) InspectSkypeEntry.java> 00570706 MOVZX EDX,CL  
2026-09-12 22:56:00 INFO  (GhidraScript) InspectSkypeEntry.java> 00570709 PUSH EDX  
2026-09-12 22:56:00 INFO  (GhidraScript) InspectSkypeEntry.java> 0057070a MOVZX EDX,byte ptr [EAX + 0x1]  
2026-09-12 22:56:00 INFO  (GhidraScript) InspectSkypeEntry.java> 0057070e MOVZX EAX,byte ptr [EAX + 0x2]  
2026-09-12 22:56:00 INFO  (GhidraScript) InspectSkypeEntry.java> 00570712 PUSH EDX  
2026-09-12 22:56:00 INFO  (GhidraScript) InspectSkypeEntry.java> 00570713 PUSH EAX  
2026-09-12 22:56:00 INFO  (GhidraScript) InspectSkypeEntry.java> 00570714 SHR ECX,0x18  
2026-09-12 22:56:00 INFO  (GhidraScript) InspectSkypeEntry.java> 00570717 PUSH ECX  
2026-09-12 22:56:00 INFO  (GhidraScript) InspectSkypeEntry.java> 00570718 PUSH 0xc93f68  
2026-09-12 22:56:00 INFO  (GhidraScript) InspectSkypeEntry.java> 0057071d LEA ECX,[ESP + 0x38]  
2026-09-12 22:56:00 INFO  (GhidraScript) InspectSkypeEntry.java> 00570721 PUSH ECX  
2026-09-12 22:56:00 INFO  (GhidraScript) InspectSkypeEntry.java> 00570722 CALL 0x00a91bb6  
2026-09-12 22:56:00 INFO  (GhidraScript) InspectSkypeEntry.java> 00570727 MOV EAX,dword ptr [ESP + 0x2c]  
2026-09-12 22:56:00 INFO  (GhidraScript) InspectSkypeEntry.java> 0057072b MOVZX EDX,AL  
2026-09-12 22:56:00 INFO  (GhidraScript) InspectSkypeEntry.java> 0057072e PUSH EDX  
2026-09-12 22:56:00 INFO  (GhidraScript) InspectSkypeEntry.java> 0057072f MOVZX EDX,byte ptr [ESP + 0x32]  
2026-09-12 22:56:00 INFO  (GhidraScript) InspectSkypeEntry.java> 00570734 MOVZX ECX,AH  
2026-09-12 22:56:00 INFO  (GhidraScript) InspectSkypeEntry.java> 00570737 PUSH ECX  
2026-09-12 22:56:00 INFO  (GhidraScript) InspectSkypeEntry.java> 00570738 PUSH EDX  
2026-09-12 22:56:00 INFO  (GhidraScript) InspectSkypeEntry.java> 00570739 SHR EAX,0x18  
2026-09-12 22:56:00 INFO  (GhidraScript) InspectSkypeEntry.java> 0057073c PUSH EAX  
2026-09-12 22:56:00 INFO  (GhidraScript) InspectSkypeEntry.java> 0057073d LEA EAX,[ESP + 0x6c]  
2026-09-12 22:56:01 INFO  (GhidraScript) InspectSkypeEntry.java> 
/* WARNING: Instruction at (ram,0x00570591) overlaps instruction at (ram,0x00570590)
    */

void __thiscall
FUN_00570590(undefined4 param_1,undefined4 param_2,undefined4 param_3,undefined4 param_4)

{
  int iVar1;
  char in_AL;
  char cVar2;
  undefined4 uVar3;
  int *piVar4;
  undefined4 *puVar5;
  int iVar6;
  int iVar7;
  int unaff_EBX;
  undefined4 *unaff_EBP;
  undefined4 *puVar8;
  undefined *puStack_20;
  int iStack_1c;
  undefined4 uStack_18;
  undefined4 *puStack_14;
  int iStack_10;
  int iStack_c;
  undefined4 uStack_8;
  
  puVar8 = unaff_EBP;
  if ((POPCOUNT(in_AL + (char)((uint)param_1 >> 8)) & 1U) == 0) {
    puVar5 = (undefined4 *)&stack0xfffffffc;
    puVar8 = (undefined4 *)&stack0xfffffffc;
    cVar2 = '\x14';
    do {
      unaff_EBP = unaff_EBP + -1;
      puVar5 = puVar5 + -1;
      *puVar5 = *unaff_EBP;
      cVar2 = cVar2 + -1;
    } while ('\0' < cVar2);
    func_0x0052c940();
    func_0x0056fe00(&stack0xfffffffc,0,0);
    func_0x0051e610(0x38c3);
  }
  piVar4 = (int *)(unaff_EBX + -0x3f7afb3c);
  *piVar4 = *piVar4 + 1;
  if (*piVar4 == 0) {
    uVar3 = 0;
  }
  else {
    uStack_8 = 0x5705a8;
    uVar3 = func_0x007812b0();
  }
  *(undefined4 *)((int)puVar8 + 0xcd) = uVar3;
  func_0x007816b0();
  if (*(char *)(*(int *)((int)puVar8 + 0xcd) + 0x38c2) != '\0') {
    iVar6 = *(int *)(*(int *)((int)puVar8 + 0xcd) + 0x38ac);
    if (iVar6 == 0) {
      *(int *)((int)puVar8 + 0xd1) = *(int *)((int)puVar8 + 0xd1) + 1;
      iVar6 = 0x44;
      do {
        iVar6 = iVar6 + -1;
      } while (iVar6 != 0);
    }
    else {
      uStack_8 = 0xc8bab4;
      iStack_c = 0x5705f9;
      iStack_c = (**(code **)(*(int *)(*(int *)((int)puVar8 + 0xe) + 0x235) + 0x24))();
      if (iStack_c - 0x1eU < 0x6eb) {
        puStack_14 = (undefined4 *)0x57061a;
        iStack_10 = iVar6;
        (**(code **)(*(int *)(*(int *)(*(int *)((int)puVar8 + 0xe) + 0x328) + 0x13) + 0x40))();
      }
      iStack_c = 1;
      puStack_14 = &param_4;
      uStack_18 = 0x570636;
      iStack_10 = iVar6;
      (**(code **)(*(int *)(*(int *)(*(int *)((int)puVar8 + 0xe) + 0x328) + 0x13) + 0x2c))();
      uStack_18 = 0;
      puStack_20 = (undefined *)&param_3;
      iStack_1c = iVar6;
      piVar4 = (int *)(**(code **)(*(int *)(*(int *)(*(int *)((int)puVar8 + 0xe) + 0x328) + 0x13) +
                                  0x28))();
      iVar1 = *piVar4;
      piVar4 = (int *)(**(code **)(*(int *)(*(int *)(*(int *)((int)puVar8 + 0xe) + 0x328) + 0x13) +
                                  0x28))(&stack0xfffffffc,iVar6,1);
      iVar7 = *piVar4;
      *(int *)((int)puVar8 + 0x12f) = iVar6;
      puVar5 = (undefined4 *)func_0x00518280(&iStack_10);
      *(undefined4 *)((int)puVar8 + 0x137) = *puVar5;
      *(undefined4 *)((int)puVar8 + 0x13b) = puVar5[1];
      *(undefined4 *)((int)puVar8 + 0x13f) = *(undefined4 *)(*(int *)((int)puVar8 + 0xe) + 0x225);
      *(bool *)((int)puVar8 + 0x143) = iVar7 != iVar1;
      uVar3 = func_0x00518120(0xb,0);
      puVar8[0x51] = uVar3;
      uVar3 = func_0x00518120(0xc);
      puVar8[0x52] = uVar3;
      piVar4 = (int *)((int)puVar8 + 0x13);
      *(undefined4 *)((int)puVar8 + 0x133) = 0x11;
      iVar6 = (**(code **)(*(int *)((int)puVar8 + 0x13) + 0x18))();
      func_0x00a91bb6(&puStack_20,0xc93f68,*(uint *)(iVar6 + 8) >> 0x18,*(undefined *)(iVar6 + 10),
                      *(undefined *)(iVar6 + 9),*(uint *)(iVar6 + 8) & 0xff);
      func_0x00a91bb6(&stack0x00000000,0xc93f68,0,0,0,0x11);
      func_0x0052c940(0xc8bae0,&stack0x00000000,&puStack_20);
      iVar6 = *(int *)(*(int *)((int)puVar8 + 0xe) + 0x354);
      iVar7 = (**(code **)(*piVar4 + 0x18))();
      if (*(uint *)(iVar7 + 8) >> 0x18 < 0xdf) {
        uVar3 = func_0x00782400(*(uint *)(iVar7 + 8));
      }
      else {
        uVar3 = 0xc1bef8;
      }
      (**(code **)(*(int *)(iVar6 + 0x13) + 8))(0x10,uVar3,0);
      iVar6 = *(int *)((int)puVar8 + 0xcd);
      cVar2 = *(char *)(iVar6 + 0x38c0);
      *(char *)((int)puVar8 + 0x17) = cVar2;
      *(undefined *)(puVar8 + 6) = *(undefined *)(iVar6 + 0x38c1);
      (**(code **)(*piVar4 + 0x18))(CONCAT31((int3)((uint)iVar6 >> 8),cVar2 == '\0'));
      func_0x00627da0();
      (**(code **)(*piVar4 + 0x18))();
      cVar2 = FUN_0056e350();
      if (cVar2 == '\0') {
        func_0x0052c940(0xc8baec);
        uRam0000005b = uRam0000005b | 3;
      }
      else {
        uRam0000005b = uRam0000005b & 0xfffffffc;
      }
      func_0x00626f10();
      iVar6 = *(int *)((int)puVar8 + 0x10e);
      iVar7 = *(int *)((int)puVar8 + 0x112);
      uVar3 = func_0x00518120(0x10,0);
      func_0x0056fe00(puVar8,iVar1,uVar3);
      if ((*(int *)((int)puVar8 + 0x10e) != iVar6) || (*(int *)((int)puVar8 + 0x112) != iVar7)) {
        uStack_8 = 0xb88638;
        iStack_c = 0x23b;
        iStack_10 = 0xc8b840;
        puStack_14 = (undefined4 *)0xc8baf4;
        uStack_18 = 0xb89a44;
        iStack_1c = 0x570883;
        func_0x0051fb30();
        *(int *)((int)puVar8 + 0x10e) = iVar6;
        *(int *)((int)puVar8 + 0x112) = iVar7;
      }
      if (*(int **)((int)puVar8 + 0xcd) != (int *)0x0) {
        uStack_8 = 0x5708a5;
        (**(code **)(**(int **)((int)puVar8 + 0xcd) + 0x68))();
      }
      *(undefined4 *)((int)puVar8 + 0xcd) = 0;
    }
    uStack_8 = 0x570912;
    func_0x0056fb10();
  }
  param_4 = 0x570921;
  func_0x00a90c08();
  return;
}

  
2026-09-12 22:56:01 INFO  (HeadlessAnalyzer) REPORT: Save succeeded for processed file: /Skype-uncompressed.image.bin  
