2026-09-07 23:37:55 INFO  (LoggingInitialization) Using log config file: jar:file:/E:/ghidra_11.2.1_PUBLIC/Ghidra/Framework/Generic/lib/Generic.jar!/generic.log4j.xml  
2026-09-07 23:37:55 INFO  (LoggingInitialization) Using log file: I:\SkypeReverse\skypeopensource2\skyserver\diagnostics\pe-analysis-20260907-233415\loader.log  
2026-09-07 23:37:55 INFO  (Preferences) Loading user preferences: C:\Users\IlyaBOT\AppData\Roaming\ghidra\ghidra_11.2.1_PUBLIC\preferences  
2026-09-07 23:37:55 INFO  (ClassSearcher) Searching for classes...  
2026-09-07 23:37:56 INFO  (ClassSearcher) Class search complete (1021 ms)  
2026-09-07 23:37:56 INFO  (SSLContextInitializer) Initializing SSL Context  
2026-09-07 23:37:56 INFO  (SecureRandomFactory) Initializing Random Number Generator...  
2026-09-07 23:37:57 INFO  (SecureRandomFactory) Random Number Generator initialization complete: SHA1PRNG  
2026-09-07 23:37:57 INFO  (ApplicationTrustManagerFactory) Trust manager disabled, cacerts have not been set  
2026-09-07 23:37:57 INFO  (AnalyzeHeadless) Headless startup complete (2448 ms)  
2026-09-07 23:37:57 INFO  (ClassSearcher) Class searcher loaded 57 extension points (18 false positives)  
2026-09-07 23:37:57 INFO  (HeadlessAnalyzer) HEADLESS Script Paths:
    E:\ghidra_11.2.1_PUBLIC\Ghidra\Features\SystemEmulation\ghidra_scripts
    E:\ghidra_11.2.1_PUBLIC\Ghidra\Features\FileFormats\ghidra_scripts
    E:\ghidra_11.2.1_PUBLIC\Ghidra\Debug\Debugger\ghidra_scripts
    E:\ghidra_11.2.1_PUBLIC\Ghidra\Processors\JVM\ghidra_scripts
    E:\ghidra_11.2.1_PUBLIC\Ghidra\Features\BSim\ghidra_scripts
    E:\ghidra_11.2.1_PUBLIC\Ghidra\Features\WildcardAssembler\ghidra_scripts
    E:\ghidra_11.2.1_PUBLIC\Ghidra\Features\SwiftDemangler\ghidra_scripts
    E:\ghidra_11.2.1_PUBLIC\Ghidra\Features\BytePatterns\ghidra_scripts
    E:\ghidra_11.2.1_PUBLIC\Ghidra\Processors\PIC\ghidra_scripts
    E:\ghidra_11.2.1_PUBLIC\Ghidra\Debug\Debugger-agent-dbgmodel-traceloader\ghidra_scripts
    E:\ghidra_11.2.1_PUBLIC\Ghidra\Features\PDB\ghidra_scripts
    E:\ghidra_11.2.1_PUBLIC\Ghidra\Processors\8051\ghidra_scripts
    E:\ghidra_11.2.1_PUBLIC\Ghidra\Debug\Debugger-rmi-trace\ghidra_scripts
    I:\SkypeReverse\skypeopensource2\skyserver\tools
    E:\ghidra_11.2.1_PUBLIC\Ghidra\Features\Jython\ghidra_scripts
    E:\ghidra_11.2.1_PUBLIC\Ghidra\Features\Base\ghidra_scripts
    E:\ghidra_11.2.1_PUBLIC\Ghidra\Features\Decompiler\ghidra_scripts
    E:\ghidra_11.2.1_PUBLIC\Ghidra\Processors\Atmel\ghidra_scripts
    E:\ghidra_11.2.1_PUBLIC\Ghidra\Features\FunctionID\ghidra_scripts
    E:\ghidra_11.2.1_PUBLIC\Ghidra\Debug\Debugger-agent-frida\ghidra_scripts
    E:\ghidra_11.2.1_PUBLIC\Ghidra\Features\VersionTracking\ghidra_scripts
    E:\ghidra_11.2.1_PUBLIC\Ghidra\Features\GnuDemangler\ghidra_scripts
    E:\ghidra_11.2.1_PUBLIC\Ghidra\Features\MicrosoftCodeAnalyzer\ghidra_scripts
    E:\ghidra_11.2.1_PUBLIC\Ghidra\Processors\DATA\ghidra_scripts  
2026-09-07 23:37:57 INFO  (HeadlessAnalyzer) HEADLESS: execution starts  
2026-09-07 23:37:57 INFO  (HeadlessAnalyzer) Opening existing project: I:\SkypeReverse\skypeopensource2\skyserver\diagnostics\pe-analysis-20260907-233415\Skype42  
2026-09-07 23:37:57 INFO  (HeadlessProject) Opening project: I:\SkypeReverse\skypeopensource2\skyserver\diagnostics\pe-analysis-20260907-233415\Skype42  
2026-09-07 23:37:59 INFO  (HeadlessAnalyzer) REPORT: Processing project file: /Skype-original.exe  
2026-09-07 23:38:02 INFO  (HeadlessAnalyzer) SCRIPT: I:\SkypeReverse\skypeopensource2\skyserver\tools\InspectSkypeEntry.java  
2026-09-07 23:38:02 INFO  (GhidraScript) InspectSkypeEntry.java> SKYPE_ENTRY 0050f160  
2026-09-07 23:38:02 INFO  (GhidraScript) InspectSkypeEntry.java> 0050f160 PUSH EBP  
2026-09-07 23:38:02 INFO  (GhidraScript) InspectSkypeEntry.java> 0050f161 MOV EBP,ESP  
2026-09-07 23:38:02 INFO  (GhidraScript) InspectSkypeEntry.java> 0050f163 SUB ESP,0x54  
2026-09-07 23:38:02 INFO  (GhidraScript) InspectSkypeEntry.java> 0050f166 MOV dword ptr [EBP + -0x54],ECX  
2026-09-07 23:38:02 INFO  (GhidraScript) InspectSkypeEntry.java> 0050f169 CALL 0x0050f1a4  
2026-09-07 23:38:02 INFO  (GhidraScript) InspectSkypeEntry.java> 0050f16e CLD  
2026-09-07 23:38:02 INFO  (GhidraScript) InspectSkypeEntry.java> 0050f16f MOV EAX,0x8c705817  
2026-09-07 23:38:02 INFO  (GhidraScript) InspectSkypeEntry.java> 0050f174 MOV ECX,0x4f92e0  
2026-09-07 23:38:02 INFO  (GhidraScript) InspectSkypeEntry.java> 0050f179 CMP ECX,0x50f16e  
2026-09-07 23:38:03 INFO  (GhidraScript) InspectSkypeEntry.java> 0050f17f JNZ 0x0050f187  
2026-09-07 23:38:03 INFO  (GhidraScript) InspectSkypeEntry.java> 0050f181 ADD ECX,0x27  
2026-09-07 23:38:03 INFO  (GhidraScript) InspectSkypeEntry.java> 0050f187 XOR byte ptr [ECX],AL  
2026-09-07 23:38:03 INFO  (GhidraScript) InspectSkypeEntry.java> 0050f189 ROL EAX,0x3  
2026-09-07 23:38:03 INFO  (GhidraScript) InspectSkypeEntry.java> 0050f18c INC ECX  
2026-09-07 23:38:03 INFO  (GhidraScript) InspectSkypeEntry.java> 0050f18d CMP ECX,0x50f364  
2026-09-07 23:38:03 INFO  (GhidraScript) InspectSkypeEntry.java> 0050f193 JNZ 0x0050f179  
2026-09-07 23:38:03 INFO  (GhidraScript) InspectSkypeEntry.java> 0050f195 PUSH EAX  
2026-09-07 23:38:03 INFO  (GhidraScript) InspectSkypeEntry.java> 0050f196 MOV ECX,0x101b000  
2026-09-07 23:38:03 INFO  (GhidraScript) InspectSkypeEntry.java> 0050f19b CALL 0x0050f160  
2026-09-07 23:38:03 INFO  (GhidraScript) InspectSkypeEntry.java> 0050f1a0 XOR dword ptr [ESP],EAX  
2026-09-07 23:38:05 INFO  (GhidraScript) InspectSkypeEntry.java> 
void FUN_0050f160(undefined4 param_1,undefined4 param_2,undefined4 param_3)

{
  uint uVar1;
  code *pcVar2;
  undefined4 extraout_EDX;
  
  func_0x0050f1a4();
  uVar1 = 0x8c705817;
  pcVar2 = (code *)0x4f92e0;
  do {
    if (pcVar2 == entry) {
      pcVar2 = FUN_0050f195;
    }
    *pcVar2 = (code)((byte)*pcVar2 ^ (byte)uVar1);
    uVar1 = uVar1 << 3 | uVar1 >> 0x1d;
    pcVar2 = pcVar2 + 1;
  } while (pcVar2 != (code *)0x50f364);
  FUN_0050f160(uVar1,extraout_EDX,&DAT_0101b000,uVar1,param_3);
  return;
}

  
2026-09-07 23:38:05 INFO  (HeadlessAnalyzer) SCRIPT: I:\SkypeReverse\skypeopensource2\skyserver\tools\InspectSkypeEntry.java  
2026-09-07 23:38:05 INFO  (GhidraScript) InspectSkypeEntry.java> SKYPE_ENTRY 0050f1a4  
2026-09-07 23:38:05 INFO  (GhidraScript) InspectSkypeEntry.java> 
undefined4 FUN_0050f1a4(void)

{
  int iVar1;
  undefined4 uVar2;
  code *pcVar3;
  undefined4 uVar4;
  undefined4 uVar5;
  undefined4 uVar6;
  undefined4 uVar7;
  uint uVar8;
  int unaff_EBP;
  undefined4 in_stack_00000000;
  undefined4 uVar9;
  undefined4 uVar10;
  undefined4 uVar11;
  undefined4 uVar12;
  
  *(undefined4 *)(unaff_EBP + -0x24) = in_stack_00000000;
  *(undefined4 *)(unaff_EBP + -0x2c) = 0;
  *(undefined4 *)(unaff_EBP + -0x30) = **(undefined4 **)(unaff_EBP + -0x54);
  *(uint *)(unaff_EBP + -0x30) =
       (*(uint *)(unaff_EBP + -0x30) >> 0x10 ^ *(uint *)(unaff_EBP + -0x30)) & 0xffff;
  *(undefined4 *)(unaff_EBP + -0x34) = 0;
  while (*(uint *)(unaff_EBP + -0x34) < *(uint *)(unaff_EBP + -0x30)) {
    *(uint *)(unaff_EBP + -0x2c) =
         (uint)(byte)FUN_0050f160[*(int *)(unaff_EBP + -0x34)] + *(int *)(unaff_EBP + -0x2c) * 2 ^
         *(uint *)(unaff_EBP + -0x2c) >> 0x1f;
    *(int *)(unaff_EBP + -0x34) = *(int *)(unaff_EBP + -0x34) + 1;
  }
  *(undefined4 *)(unaff_EBP + -0x34) = 4;
  while( true ) {
    *(undefined4 *)(unaff_EBP + -0x40) = 0x90;
    *(undefined4 *)(unaff_EBP + -0x3c) = 0;
    *(undefined4 *)(unaff_EBP + -0x38) = 0;
    if (0x118U - *(int *)(unaff_EBP + -0x40) <= *(uint *)(unaff_EBP + -0x34)) break;
    *(uint *)(unaff_EBP + -0x2c) =
         *(int *)(unaff_EBP + -0x2c) << 3 | *(uint *)(unaff_EBP + -0x2c) >> 0x1d;
    *(byte *)(*(int *)(unaff_EBP + -0x54) + *(int *)(unaff_EBP + -0x34)) =
         *(byte *)(*(int *)(unaff_EBP + -0x54) + *(int *)(unaff_EBP + -0x34)) ^
         *(byte *)(unaff_EBP + -0x2c);
    *(int *)(unaff_EBP + -0x34) = *(int *)(unaff_EBP + -0x34) + 1;
  }
  *(undefined4 *)(unaff_EBP + -0x20) = *(undefined4 *)(*(int *)(unaff_EBP + -0x54) + 0xa0);
  *(undefined4 *)(unaff_EBP + -0x1c) = *(undefined4 *)(*(int *)(unaff_EBP + -0x54) + 0xa4);
  uVar2 = (**(code **)(unaff_EBP + -0x20))();
  *(undefined4 *)(unaff_EBP + -0x18) = uVar2;
  pcVar3 = (code *)(**(code **)(unaff_EBP + -0x1c))();
  uVar2 = (*pcVar3)();
  *(undefined4 *)(unaff_EBP + -0x14) = uVar2;
  uVar12 = 0x50efe0;
  uVar2 = *(undefined4 *)(unaff_EBP + -0x18);
  uVar4 = (**(code **)(unaff_EBP + -0x1c))();
  *(undefined4 *)(unaff_EBP + -0x10) = uVar4;
  uVar11 = 0x50eff0;
  uVar4 = *(undefined4 *)(unaff_EBP + -0x18);
  uVar5 = (**(code **)(unaff_EBP + -0x1c))();
  *(undefined4 *)(unaff_EBP + -0xc) = uVar5;
  uVar10 = 0x50f000;
  uVar5 = *(undefined4 *)(unaff_EBP + -0x18);
  uVar6 = (**(code **)(unaff_EBP + -0x1c))();
  *(undefined4 *)(unaff_EBP + -8) = uVar6;
  uVar9 = 0x50f010;
  uVar6 = *(undefined4 *)(unaff_EBP + -0x18);
  uVar7 = (**(code **)(unaff_EBP + -0x1c))();
  *(undefined4 *)(unaff_EBP + -4) = uVar7;
  *(int *)(unaff_EBP + -0x50) =
       *(int *)(*(int *)(unaff_EBP + -0x54) + 0x18) - *(int *)(*(int *)(unaff_EBP + -0x54) + 0x14);
  *(undefined4 *)(unaff_EBP + -0x4c) = *(undefined4 *)(*(int *)(unaff_EBP + -0x54) + 0x14);
  *(undefined4 *)(unaff_EBP + -0x44) = 0xa9c35b72;
  while (iVar1 = *(int *)(unaff_EBP + -0x50),
        *(int *)(unaff_EBP + -0x50) = *(int *)(unaff_EBP + -0x50) + -1, iVar1 != 0) {
    *(uint *)(unaff_EBP + -0x44) =
         *(int *)(unaff_EBP + -0x44) * 0x10 + (uint)**(byte **)(unaff_EBP + -0x4c);
    uVar8 = *(uint *)(unaff_EBP + -0x44) & 0xf0000000;
    *(uint *)(unaff_EBP + -0x48) = uVar8;
    if (uVar8 != 0) {
      *(uint *)(unaff_EBP + -0x44) =
           *(uint *)(unaff_EBP + -0x48) >> 0x18 ^ *(uint *)(unaff_EBP + -0x44);
    }
    *(uint *)(unaff_EBP + -0x44) = ~*(uint *)(unaff_EBP + -0x48) & *(uint *)(unaff_EBP + -0x44);
    *(int *)(unaff_EBP + -0x4c) = *(int *)(unaff_EBP + -0x4c) + 1;
  }
  pcVar3 = (code *)(*(uint *)(*(int *)(unaff_EBP + -0x54) + 0x20) ^ *(uint *)(unaff_EBP + -0x44));
  uVar2 = (*pcVar3)(pcVar3,unaff_EBP + -0x20,*(undefined4 *)(unaff_EBP + -0x54),uVar6,uVar9,uVar5,
                    uVar10,uVar4,uVar11,uVar2,uVar12);
  *(undefined4 *)(unaff_EBP + -0x28) = uVar2;
  return *(undefined4 *)(unaff_EBP + -0x28);
}

  
2026-09-07 23:38:06 INFO  (HeadlessAnalyzer) REPORT: Save succeeded for processed file: /Skype-original.exe  
