2026-09-07 23:38:02 INFO  InspectSkypeEntry.java> SKYPE_ENTRY 0050f160  
2026-09-07 23:38:02 INFO  InspectSkypeEntry.java> 0050f160 PUSH EBP  
2026-09-07 23:38:02 INFO  InspectSkypeEntry.java> 0050f161 MOV EBP,ESP  
2026-09-07 23:38:02 INFO  InspectSkypeEntry.java> 0050f163 SUB ESP,0x54  
2026-09-07 23:38:02 INFO  InspectSkypeEntry.java> 0050f166 MOV dword ptr [EBP + -0x54],ECX  
2026-09-07 23:38:02 INFO  InspectSkypeEntry.java> 0050f169 CALL 0x0050f1a4  
2026-09-07 23:38:02 INFO  InspectSkypeEntry.java> 0050f16e CLD  
2026-09-07 23:38:02 INFO  InspectSkypeEntry.java> 0050f16f MOV EAX,0x8c705817  
2026-09-07 23:38:02 INFO  InspectSkypeEntry.java> 0050f174 MOV ECX,0x4f92e0  
2026-09-07 23:38:02 INFO  InspectSkypeEntry.java> 0050f179 CMP ECX,0x50f16e  
2026-09-07 23:38:03 INFO  InspectSkypeEntry.java> 0050f17f JNZ 0x0050f187  
2026-09-07 23:38:03 INFO  InspectSkypeEntry.java> 0050f181 ADD ECX,0x27  
2026-09-07 23:38:03 INFO  InspectSkypeEntry.java> 0050f187 XOR byte ptr [ECX],AL  
2026-09-07 23:38:03 INFO  InspectSkypeEntry.java> 0050f189 ROL EAX,0x3  
2026-09-07 23:38:03 INFO  InspectSkypeEntry.java> 0050f18c INC ECX  
2026-09-07 23:38:03 INFO  InspectSkypeEntry.java> 0050f18d CMP ECX,0x50f364  
2026-09-07 23:38:03 INFO  InspectSkypeEntry.java> 0050f193 JNZ 0x0050f179  
2026-09-07 23:38:03 INFO  InspectSkypeEntry.java> 0050f195 PUSH EAX  
2026-09-07 23:38:03 INFO  InspectSkypeEntry.java> 0050f196 MOV ECX,0x101b000  
2026-09-07 23:38:03 INFO  InspectSkypeEntry.java> 0050f19b CALL 0x0050f160  
2026-09-07 23:38:03 INFO  InspectSkypeEntry.java> 0050f1a0 XOR dword ptr [ESP],EAX  
2026-09-07 23:38:05 INFO  InspectSkypeEntry.java> SKYPE_ENTRY 0050f1a4  
