2026-09-09 17:57:03 INFO  (LoggingInitialization) Using log config file: jar:file:/E:/ghidra_11.2.1_PUBLIC/Ghidra/Framework/Generic/lib/Generic.jar!/generic.log4j.xml  
2026-09-09 17:57:03 INFO  (LoggingInitialization) Using log file: I:\SkypeReverse\skypeopensource2\skyserver\diagnostics\pe-analysis-20260907-233415\loader-tail.log  
2026-09-09 17:57:03 INFO  (Preferences) Loading user preferences: C:\Users\IlyaBOT\AppData\Roaming\ghidra\ghidra_11.2.1_PUBLIC\preferences  
2026-09-09 17:57:03 INFO  (ClassSearcher) Searching for classes...  
2026-09-09 17:57:04 INFO  (ClassSearcher) Class search complete (1527 ms)  
2026-09-09 17:57:04 INFO  (SSLContextInitializer) Initializing SSL Context  
2026-09-09 17:57:05 INFO  (SecureRandomFactory) Initializing Random Number Generator...  
2026-09-09 17:57:05 INFO  (SecureRandomFactory) Random Number Generator initialization complete: SHA1PRNG  
2026-09-09 17:57:05 INFO  (ApplicationTrustManagerFactory) Trust manager disabled, cacerts have not been set  
2026-09-09 17:57:05 INFO  (AnalyzeHeadless) Headless startup complete (3420 ms)  
2026-09-09 17:57:05 INFO  (ClassSearcher) Class searcher loaded 57 extension points (18 false positives)  
2026-09-09 17:57:05 INFO  (HeadlessAnalyzer) HEADLESS Script Paths:
    E:\ghidra_11.2.1_PUBLIC\Ghidra\Features\SystemEmulation\ghidra_scripts
    E:\ghidra_11.2.1_PUBLIC\Ghidra\Features\FileFormats\ghidra_scripts
    E:\ghidra_11.2.1_PUBLIC\Ghidra\Debug\Debugger\ghidra_scripts
    E:\ghidra_11.2.1_PUBLIC\Ghidra\Processors\JVM\ghidra_scripts
    E:\ghidra_11.2.1_PUBLIC\Ghidra\Features\BSim\ghidra_scripts
    E:\ghidra_11.2.1_PUBLIC\Ghidra\Features\WildcardAssembler\ghidra_scripts
    E:\ghidra_11.2.1_PUBLIC\Ghidra\Features\SwiftDemangler\ghidra_scripts
    E:\ghidra_11.2.1_PUBLIC\Ghidra\Features\BytePatterns\ghidra_scripts
    E:\ghidra_11.2.1_PUBLIC\Ghidra\Processors\PIC\ghidra_scripts
    E:\ghidra_11.2.1_PUBLIC\Ghidra\Debug\Debugger-agent-dbgmodel-traceloader\ghidra_scripts
    E:\ghidra_11.2.1_PUBLIC\Ghidra\Features\PDB\ghidra_scripts
    E:\ghidra_11.2.1_PUBLIC\Ghidra\Processors\8051\ghidra_scripts
    E:\ghidra_11.2.1_PUBLIC\Ghidra\Debug\Debugger-rmi-trace\ghidra_scripts
    I:\SkypeReverse\skypeopensource2\skyserver\tools
    E:\ghidra_11.2.1_PUBLIC\Ghidra\Features\Jython\ghidra_scripts
    E:\ghidra_11.2.1_PUBLIC\Ghidra\Features\Base\ghidra_scripts
    E:\ghidra_11.2.1_PUBLIC\Ghidra\Features\Decompiler\ghidra_scripts
    E:\ghidra_11.2.1_PUBLIC\Ghidra\Processors\Atmel\ghidra_scripts
    E:\ghidra_11.2.1_PUBLIC\Ghidra\Features\FunctionID\ghidra_scripts
    E:\ghidra_11.2.1_PUBLIC\Ghidra\Debug\Debugger-agent-frida\ghidra_scripts
    E:\ghidra_11.2.1_PUBLIC\Ghidra\Features\VersionTracking\ghidra_scripts
    E:\ghidra_11.2.1_PUBLIC\Ghidra\Features\GnuDemangler\ghidra_scripts
    E:\ghidra_11.2.1_PUBLIC\Ghidra\Features\MicrosoftCodeAnalyzer\ghidra_scripts
    E:\ghidra_11.2.1_PUBLIC\Ghidra\Processors\DATA\ghidra_scripts  
2026-09-09 17:57:05 INFO  (HeadlessAnalyzer) HEADLESS: execution starts  
2026-09-09 17:57:05 INFO  (HeadlessAnalyzer) Opening existing project: I:\SkypeReverse\skypeopensource2\skyserver\diagnostics\pe-analysis-20260907-233415\Skype42  
2026-09-09 17:57:06 INFO  (HeadlessProject) Opening project: I:\SkypeReverse\skypeopensource2\skyserver\diagnostics\pe-analysis-20260907-233415\Skype42  
2026-09-09 17:57:09 INFO  (HeadlessAnalyzer) REPORT: Processing project file: /Skype-original.exe  
2026-09-09 17:57:10 INFO  (HeadlessAnalyzer) SCRIPT: I:\SkypeReverse\skypeopensource2\skyserver\tools\InspectSkypeEntry.java  
2026-09-09 17:57:10 INFO  (GhidraScript) InspectSkypeEntry.java> SKYPE_ENTRY 004f93d0  
2026-09-09 17:57:10 INFO  (GhidraScript) InspectSkypeEntry.java> 004f93d0 PUSH EBP  
2026-09-09 17:57:10 INFO  (GhidraScript) InspectSkypeEntry.java> 004f93d1 MOV EBP,ESP  
2026-09-09 17:57:10 INFO  (GhidraScript) InspectSkypeEntry.java> 004f93d3 SUB ESP,0x54  
2026-09-09 17:57:10 INFO  (GhidraScript) InspectSkypeEntry.java> 004f93d6 MOV EAX,dword ptr [EBP + 0x8]  
2026-09-09 17:57:10 INFO  (GhidraScript) InspectSkypeEntry.java> 004f93d9 PUSH EBX  
2026-09-09 17:57:10 INFO  (GhidraScript) InspectSkypeEntry.java> 004f93da MOV dword ptr [EBP + -0x20],ECX  
2026-09-09 17:57:10 INFO  (GhidraScript) InspectSkypeEntry.java> 004f93dd MOV dword ptr [EBP + -0x28],EAX  
2026-09-09 17:57:10 INFO  (GhidraScript) InspectSkypeEntry.java> 004f93e0 MOV EAX,dword ptr [ECX + 0x4]  
2026-09-09 17:57:10 INFO  (GhidraScript) InspectSkypeEntry.java> 004f93e3 MOV ECX,dword ptr [EAX + 0x3c]  
2026-09-09 17:57:10 INFO  (GhidraScript) InspectSkypeEntry.java> 004f93e6 PUSH ESI  
2026-09-09 17:57:10 INFO  (GhidraScript) InspectSkypeEntry.java> 004f93e7 MOV EBX,EDX  
2026-09-09 17:57:10 INFO  (GhidraScript) InspectSkypeEntry.java> 004f93e9 MOV EDX,dword ptr [EBX + 0x4]  
2026-09-09 17:57:10 INFO  (GhidraScript) InspectSkypeEntry.java> 004f93ec ADD ECX,EAX  
2026-09-09 17:57:10 INFO  (GhidraScript) InspectSkypeEntry.java> 004f93ee PUSH EDI  
2026-09-09 17:57:10 INFO  (GhidraScript) InspectSkypeEntry.java> 004f93ef MOV dword ptr [EBP + -0x1c],ECX  
2026-09-09 17:57:10 INFO  (GhidraScript) InspectSkypeEntry.java> 004f93f2 MOV ECX,dword ptr [EBX + 0x8]  
2026-09-09 17:57:10 INFO  (GhidraScript) InspectSkypeEntry.java> 004f93f5 PUSH 0x50f020  
2026-09-09 17:57:10 INFO  (GhidraScript) InspectSkypeEntry.java> 004f93fa PUSH ECX  
2026-09-09 17:57:10 INFO  (GhidraScript) InspectSkypeEntry.java> 004f93fb MOV dword ptr [EBP + -0x4],EBX  
2026-09-09 17:57:10 INFO  (GhidraScript) InspectSkypeEntry.java> 004f93fe MOV dword ptr [EBP + -0x2c],0x0  
2026-09-09 17:57:10 INFO  (GhidraScript) InspectSkypeEntry.java> 004f9405 MOV dword ptr [EBP + -0xc],EAX  
2026-09-09 17:57:10 INFO  (GhidraScript) InspectSkypeEntry.java> 004f9408 CALL EDX  
2026-09-09 17:57:10 INFO  (GhidraScript) InspectSkypeEntry.java> 004f940a MOV ECX,dword ptr [EBX + 0x4]  
2026-09-09 17:57:10 INFO  (GhidraScript) InspectSkypeEntry.java> 004f940d MOV ESI,EAX  
2026-09-09 17:57:10 INFO  (GhidraScript) InspectSkypeEntry.java> 004f940f MOV EAX,dword ptr [EBX + 0x8]  
2026-09-09 17:57:10 INFO  (GhidraScript) InspectSkypeEntry.java> 004f9412 PUSH 0x50f040  
2026-09-09 17:57:10 INFO  (GhidraScript) InspectSkypeEntry.java> 004f9417 PUSH EAX  
2026-09-09 17:57:10 INFO  (GhidraScript) InspectSkypeEntry.java> 004f9418 MOV dword ptr [EBP + -0x10],ESI  
2026-09-09 17:57:10 INFO  (GhidraScript) InspectSkypeEntry.java> 004f941b CALL ECX  
2026-09-09 17:57:10 INFO  (GhidraScript) InspectSkypeEntry.java> 004f941d MOV EDX,dword ptr [EBX + 0x8]  
2026-09-09 17:57:10 INFO  (GhidraScript) InspectSkypeEntry.java> 004f9420 PUSH 0x50f050  
2026-09-09 17:57:10 INFO  (GhidraScript) InspectSkypeEntry.java> 004f9425 MOV EDI,EAX  
2026-09-09 17:57:10 INFO  (GhidraScript) InspectSkypeEntry.java> 004f9427 MOV EAX,dword ptr [EBX + 0x4]  
2026-09-09 17:57:10 INFO  (GhidraScript) InspectSkypeEntry.java> 004f942a PUSH EDX  
2026-09-09 17:57:10 INFO  (GhidraScript) InspectSkypeEntry.java> 004f942b CALL EAX  
2026-09-09 17:57:10 INFO  (GhidraScript) InspectSkypeEntry.java> 004f942d TEST EDI,EDI  
2026-09-09 17:57:10 INFO  (GhidraScript) InspectSkypeEntry.java> 004f942f MOV dword ptr [EBP + -0x18],EAX  
2026-09-09 17:57:10 INFO  (GhidraScript) InspectSkypeEntry.java> 004f9432 JZ 0x004f943c  
2026-09-09 17:57:10 INFO  (GhidraScript) InspectSkypeEntry.java> 004f9434 TEST ESI,ESI  
2026-09-09 17:57:10 INFO  (GhidraScript) InspectSkypeEntry.java> 004f9436 JZ 0x004f943c  
2026-09-09 17:57:10 INFO  (GhidraScript) InspectSkypeEntry.java> 004f9438 TEST EAX,EAX  
2026-09-09 17:57:10 INFO  (GhidraScript) InspectSkypeEntry.java> 004f943a JNZ 0x004f9446  
2026-09-09 17:57:10 INFO  (GhidraScript) InspectSkypeEntry.java> 004f943c MOV ECX,dword ptr [EBX + 0x10]  
2026-09-09 17:57:10 INFO  (GhidraScript) InspectSkypeEntry.java> 004f943f PUSH 0xc8  
2026-09-09 17:57:10 INFO  (GhidraScript) InspectSkypeEntry.java> 004f9444 CALL ECX  
2026-09-09 17:57:10 INFO  (GhidraScript) InspectSkypeEntry.java> 004f9446 MOV EDX,0x18  
2026-09-09 17:57:10 INFO  (GhidraScript) InspectSkypeEntry.java> 004f944b LEA ECX,[EBP + -0x2c]  
2026-09-09 17:57:10 INFO  (GhidraScript) InspectSkypeEntry.java> 004f944e CALL 0x004f9330  
2026-09-09 17:57:10 INFO  (GhidraScript) InspectSkypeEntry.java> 004f9453 PUSH 0x0  
2026-09-09 17:57:10 INFO  (GhidraScript) InspectSkypeEntry.java> 004f9455 PUSH 0x0  
2026-09-09 17:57:10 INFO  (GhidraScript) InspectSkypeEntry.java> 004f9457 PUSH 0x3  
2026-09-09 17:57:10 INFO  (GhidraScript) InspectSkypeEntry.java> 004f9459 PUSH 0x0  
2026-09-09 17:57:10 INFO  (GhidraScript) InspectSkypeEntry.java> 004f945b MOV ESI,EAX  
2026-09-09 17:57:10 INFO  (GhidraScript) InspectSkypeEntry.java> 004f945d PUSH 0x0  
2026-09-09 17:57:10 INFO  (GhidraScript) InspectSkypeEntry.java> 004f945f PUSH 0x0  
2026-09-09 17:57:10 INFO  (GhidraScript) InspectSkypeEntry.java> 004f9461 PUSH ESI  
2026-09-09 17:57:10 INFO  (GhidraScript) InspectSkypeEntry.java> 004f9462 MOV word ptr [ESI],0x4e  
2026-09-09 17:57:10 INFO  (GhidraScript) InspectSkypeEntry.java> 004f9467 MOV word ptr [ESI + 0x2],0x55  
2026-09-09 17:57:10 INFO  (GhidraScript) InspectSkypeEntry.java> 004f946d MOV word ptr [ESI + 0x4],0x4c  
2026-09-09 17:57:10 INFO  (GhidraScript) InspectSkypeEntry.java> 004f9473 MOV word ptr [ESI + 0x6],0x0  
2026-09-09 17:57:10 INFO  (GhidraScript) InspectSkypeEntry.java> 004f9479 CALL EDI  
2026-09-09 17:57:10 INFO  (GhidraScript) InspectSkypeEntry.java> 004f947b MOV dword ptr [EBP + -0x14],EAX  
2026-09-09 17:57:10 INFO  (GhidraScript) InspectSkypeEntry.java> 004f947e CALL dword ptr [EBP + -0x18]  
2026-09-09 17:57:10 INFO  (GhidraScript) InspectSkypeEntry.java> 004f9481 MOV dword ptr [EBP + -0x18],EAX  
2026-09-09 17:57:10 INFO  (GhidraScript) InspectSkypeEntry.java> 004f9484 MOV EAX,dword ptr [EBP + -0x14]  
2026-09-09 17:57:10 INFO  (GhidraScript) InspectSkypeEntry.java> 004f9487 CMP EAX,-0x1  
2026-09-09 17:57:10 INFO  (GhidraScript) InspectSkypeEntry.java> 004f948a JZ 0x004f9490  
2026-09-09 17:57:10 INFO  (GhidraScript) InspectSkypeEntry.java> 004f948c PUSH EAX  
2026-09-09 17:57:10 INFO  (GhidraScript) InspectSkypeEntry.java> 004f948d CALL dword ptr [EBP + -0x10]  
2026-09-09 17:57:10 INFO  (GhidraScript) InspectSkypeEntry.java> 004f9490 CMP dword ptr [EBP + -0x18],0x4d2  
2026-09-09 17:57:10 INFO  (GhidraScript) InspectSkypeEntry.java> 004f9497 JNZ 0x004f9528  
2026-09-09 17:57:10 INFO  (GhidraScript) InspectSkypeEntry.java> 004f949d MOV EDX,dword ptr [EBX + 0x8]  
2026-09-09 17:57:10 INFO  (GhidraScript) InspectSkypeEntry.java> 004f94a0 MOV EAX,dword ptr [EBX + 0x4]  
2026-09-09 17:57:10 INFO  (GhidraScript) InspectSkypeEntry.java> 004f94a3 PUSH 0x50f030  
2026-09-09 17:57:10 INFO  (GhidraScript) InspectSkypeEntry.java> 004f94a8 PUSH EDX  
2026-09-09 17:57:10 INFO  (GhidraScript) InspectSkypeEntry.java> 004f94a9 CALL EAX  
2026-09-09 17:57:10 INFO  (GhidraScript) InspectSkypeEntry.java> 004f94ab MOV EDI,EAX  
2026-09-09 17:57:10 INFO  (GhidraScript) InspectSkypeEntry.java> 004f94ad TEST EDI,EDI  
2026-09-09 17:57:10 INFO  (GhidraScript) InspectSkypeEntry.java> 004f94af JNZ 0x004f94bb  
2026-09-09 17:57:10 INFO  (GhidraScript) InspectSkypeEntry.java> 004f94b1 MOV ECX,dword ptr [EBX + 0x10]  
2026-09-09 17:57:10 INFO  (GhidraScript) InspectSkypeEntry.java> 004f94b4 PUSH 0xc9  
2026-09-09 17:57:10 INFO  (GhidraScript) InspectSkypeEntry.java> 004f94b9 CALL ECX  
2026-09-09 17:57:10 INFO  (GhidraScript) InspectSkypeEntry.java> 004f94bb PUSH 0x0  
2026-09-09 17:57:10 INFO  (GhidraScript) InspectSkypeEntry.java> 004f94bd PUSH 0x0  
2026-09-09 17:57:10 INFO  (GhidraScript) InspectSkypeEntry.java> 004f94bf PUSH 0x3  
2026-09-09 17:57:10 INFO  (GhidraScript) InspectSkypeEntry.java> 004f94c1 PUSH 0x0  
2026-09-09 17:57:10 INFO  (GhidraScript) InspectSkypeEntry.java> 004f94c3 PUSH 0x0  
2026-09-09 17:57:10 INFO  (GhidraScript) InspectSkypeEntry.java> 004f94c5 MOV EBX,0x5c  
2026-09-09 17:57:10 INFO  (GhidraScript) InspectSkypeEntry.java> 004f94ca PUSH 0x0  
2026-09-09 17:57:10 INFO  (GhidraScript) InspectSkypeEntry.java> 004f94cc PUSH ESI  
2026-09-09 17:57:10 INFO  (GhidraScript) InspectSkypeEntry.java> 004f94cd MOV byte ptr [ESI],BL  
2026-09-09 17:57:10 INFO  (GhidraScript) InspectSkypeEntry.java> 004f94cf MOV byte ptr [ESI + 0x1],BL  
2026-09-09 17:57:10 INFO  (GhidraScript) InspectSkypeEntry.java> 004f94d2 MOV byte ptr [ESI + 0x2],0x2e  
2026-09-09 17:57:10 INFO  (GhidraScript) InspectSkypeEntry.java> 004f94d6 MOV byte ptr [ESI + 0x3],BL  
2026-09-09 17:57:10 INFO  (GhidraScript) InspectSkypeEntry.java> 004f94d9 MOV byte ptr [ESI + 0x4],0x53  
2026-09-09 17:57:10 INFO  (GhidraScript) InspectSkypeEntry.java> 004f94dd MOV byte ptr [ESI + 0x5],0x49  
2026-09-09 17:57:10 INFO  (GhidraScript) InspectSkypeEntry.java> 004f94e1 MOV byte ptr [ESI + 0x6],0x43  
2026-09-09 17:57:10 INFO  (GhidraScript) InspectSkypeEntry.java> 004f94e5 MOV byte ptr [ESI + 0x7],0x45  
2026-09-09 17:57:10 INFO  (GhidraScript) InspectSkypeEntry.java> 004f94e9 MOV byte ptr [ESI + 0x8],0x0  
2026-09-09 17:57:10 INFO  (GhidraScript) InspectSkypeEntry.java> 004f94ed CALL EDI  
2026-09-09 17:57:10 INFO  (GhidraScript) InspectSkypeEntry.java> 004f94ef CMP EAX,-0x1  
2026-09-09 17:57:10 INFO  (GhidraScript) InspectSkypeEntry.java> 004f94f2 JNZ 0x004f95c6  
2026-09-09 17:57:10 INFO  (GhidraScript) InspectSkypeEntry.java> 004f94f8 MOV EAX,0x69  
2026-09-09 17:57:10 INFO  (GhidraScript) InspectSkypeEntry.java> 004f94fd MOV byte ptr [ESI],BL  
2026-09-09 17:57:10 INFO  (GhidraScript) InspectSkypeEntry.java> 004f94ff MOV byte ptr [ESI + 0x1],BL  
2026-09-09 17:57:10 INFO  (GhidraScript) InspectSkypeEntry.java> 004f9502 MOV byte ptr [ESI + 0x2],0x2e  
2026-09-09 17:57:10 INFO  (GhidraScript) InspectSkypeEntry.java> 004f9506 MOV byte ptr [ESI + 0x3],BL  
2026-09-09 17:57:10 INFO  (GhidraScript) InspectSkypeEntry.java> 004f9509 MOV byte ptr [ESI + 0x4],0x53  
2026-09-09 17:57:10 INFO  (GhidraScript) InspectSkypeEntry.java> 004f950d MOV byte ptr [ESI + 0x5],AL  
2026-09-09 17:57:10 INFO  (GhidraScript) InspectSkypeEntry.java> 004f9510 MOV byte ptr [ESI + 0x6],0x77  
2026-09-09 17:57:10 INFO  (GhidraScript) InspectSkypeEntry.java> 004f9514 MOV byte ptr [ESI + 0x7],0x76  
2026-09-09 17:57:10 INFO  (GhidraScript) InspectSkypeEntry.java> 004f9518 MOV byte ptr [ESI + 0x8],AL  
2026-09-09 17:57:10 INFO  (GhidraScript) InspectSkypeEntry.java> 004f951b MOV byte ptr [ESI + 0x9],0x64  
2026-09-09 17:57:10 INFO  (GhidraScript) InspectSkypeEntry.java> 004f951f MOV byte ptr [ESI + 0xa],0x0  
2026-09-09 17:57:10 INFO  (GhidraScript) InspectSkypeEntry.java> 004f9523 JMP 0x004f95b2  
2026-09-09 17:57:10 INFO  (GhidraScript) InspectSkypeEntry.java> 004f9528 PUSH 0x0  
2026-09-09 17:57:10 INFO  (GhidraScript) InspectSkypeEntry.java> 004f952a PUSH 0x0  
2026-09-09 17:57:10 INFO  (GhidraScript) InspectSkypeEntry.java> 004f952c PUSH 0x3  
2026-09-09 17:57:10 INFO  (GhidraScript) InspectSkypeEntry.java> 004f952e PUSH 0x0  
2026-09-09 17:57:10 INFO  (GhidraScript) InspectSkypeEntry.java> 004f9530 PUSH 0x0  
2026-09-09 17:57:10 INFO  (GhidraScript) InspectSkypeEntry.java> 004f9532 MOV EBX,0x5c  
2026-09-09 17:57:10 INFO  (GhidraScript) InspectSkypeEntry.java> 004f9537 PUSH 0x0  
2026-09-09 17:57:10 INFO  (GhidraScript) InspectSkypeEntry.java> 004f9539 PUSH ESI  
2026-09-09 17:57:10 INFO  (GhidraScript) InspectSkypeEntry.java> 004f953a MOV word ptr [ESI],BX  
2026-09-09 17:57:10 INFO  (GhidraScript) InspectSkypeEntry.java> 004f953d MOV word ptr [ESI + 0x2],BX  
2026-09-09 17:57:10 INFO  (GhidraScript) InspectSkypeEntry.java> 004f9541 MOV word ptr [ESI + 0x4],0x2e  
2026-09-09 17:57:10 INFO  (GhidraScript) InspectSkypeEntry.java> 004f9547 MOV word ptr [ESI + 0x6],BX  
2026-09-09 17:57:10 INFO  (GhidraScript) InspectSkypeEntry.java> 004f954b MOV word ptr [ESI + 0x8],0x4e  
2026-09-09 17:57:10 INFO  (GhidraScript) InspectSkypeEntry.java> 004f9551 MOV word ptr [ESI + 0xa],0x54  
2026-09-09 17:57:10 INFO  (GhidraScript) InspectSkypeEntry.java> 004f9557 MOV word ptr [ESI + 0xc],0x49  
2026-09-09 17:57:10 INFO  (GhidraScript) InspectSkypeEntry.java> 004f955d MOV word ptr [ESI + 0xe],0x43  
2026-09-09 17:57:10 INFO  (GhidraScript) InspectSkypeEntry.java> 004f9563 MOV word ptr [ESI + 0x10],0x45  
2026-09-09 17:57:10 INFO  (GhidraScript) InspectSkypeEntry.java> 004f9569 MOV word ptr [ESI + 0x12],0x0  
2026-09-09 17:57:10 INFO  (GhidraScript) InspectSkypeEntry.java> 004f956f CALL EDI  
2026-09-09 17:57:10 INFO  (GhidraScript) InspectSkypeEntry.java> 004f9571 CMP EAX,-0x1  
2026-09-09 17:57:10 INFO  (GhidraScript) InspectSkypeEntry.java> 004f9574 JNZ 0x004f95c6  
2026-09-09 17:57:10 INFO  (GhidraScript) InspectSkypeEntry.java> 004f9576 MOV EAX,0x69  
2026-09-09 17:57:10 INFO  (GhidraScript) InspectSkypeEntry.java> 004f957b MOV word ptr [ESI],BX  
2026-09-09 17:57:10 INFO  (GhidraScript) InspectSkypeEntry.java> 004f957e MOV word ptr [ESI + 0x2],BX  
2026-09-09 17:57:10 INFO  (GhidraScript) InspectSkypeEntry.java> 004f9582 MOV word ptr [ESI + 0x4],0x2e  
2026-09-09 17:57:10 INFO  (GhidraScript) InspectSkypeEntry.java> 004f9588 MOV word ptr [ESI + 0x6],BX  
2026-09-09 17:57:10 INFO  (GhidraScript) InspectSkypeEntry.java> 004f958c MOV word ptr [ESI + 0x8],0x53  
2026-09-09 17:57:10 INFO  (GhidraScript) InspectSkypeEntry.java> 004f9592 MOV word ptr [ESI + 0xa],AX  
2026-09-09 17:57:10 INFO  (GhidraScript) InspectSkypeEntry.java> 004f9596 MOV word ptr [ESI + 0xc],0x77  
2026-09-09 17:57:10 INFO  (GhidraScript) InspectSkypeEntry.java> 004f959c MOV word ptr [ESI + 0xe],0x76  
2026-09-09 17:57:10 INFO  (GhidraScript) InspectSkypeEntry.java> 004f95a2 MOV word ptr [ESI + 0x10],AX  
2026-09-09 17:57:10 INFO  (GhidraScript) InspectSkypeEntry.java> 004f95a6 MOV word ptr [ESI + 0x12],0x64  
2026-09-09 17:57:10 INFO  (GhidraScript) InspectSkypeEntry.java> 004f95ac MOV word ptr [ESI + 0x14],0x0  
2026-09-09 17:57:10 INFO  (GhidraScript) InspectSkypeEntry.java> 004f95b2 PUSH 0x0  
2026-09-09 17:57:10 INFO  (GhidraScript) InspectSkypeEntry.java> 004f95b4 PUSH 0x0  
2026-09-09 17:57:10 INFO  (GhidraScript) InspectSkypeEntry.java> 004f95b6 PUSH 0x3  
2026-09-09 17:57:10 INFO  (GhidraScript) InspectSkypeEntry.java> 004f95b8 PUSH 0x0  
2026-09-09 17:57:10 INFO  (GhidraScript) InspectSkypeEntry.java> 004f95ba PUSH 0x0  
2026-09-09 17:57:10 INFO  (GhidraScript) InspectSkypeEntry.java> 004f95bc PUSH 0x0  
2026-09-09 17:57:10 INFO  (GhidraScript) InspectSkypeEntry.java> 004f95be PUSH ESI  
2026-09-09 17:57:10 INFO  (GhidraScript) InspectSkypeEntry.java> 004f95bf CALL EDI  
2026-09-09 17:57:10 INFO  (GhidraScript) InspectSkypeEntry.java> 004f95c1 CMP EAX,-0x1  
2026-09-09 17:57:10 INFO  (GhidraScript) InspectSkypeEntry.java> 004f95c4 JZ 0x004f95d4  
2026-09-09 17:57:10 INFO  (GhidraScript) InspectSkypeEntry.java> 004f95c6 PUSH EAX  
2026-09-09 17:57:10 INFO  (GhidraScript) InspectSkypeEntry.java> 004f95c7 CALL dword ptr [EBP + -0x10]  
2026-09-09 17:57:10 INFO  (GhidraScript) InspectSkypeEntry.java> 004f95ca MOV ECX,dword ptr [EBP + -0x4]  
2026-09-09 17:57:10 INFO  (GhidraScript) InspectSkypeEntry.java> 004f95cd MOV ESP,ECX  
2026-09-09 17:57:10 INFO  (GhidraScript) InspectSkypeEntry.java> 004f95cf JMP 0x004f9350  
2026-09-09 17:57:10 INFO  (GhidraScript) InspectSkypeEntry.java> 004f95d4 MOV ESI,dword ptr [EBP + -0x1c]  
2026-09-09 17:57:10 INFO  (GhidraScript) InspectSkypeEntry.java> 004f95d7 MOVZX EDX,word ptr [ESI + 0x14]  
2026-09-09 17:57:10 INFO  (GhidraScript) InspectSkypeEntry.java> 004f95db MOV EAX,dword ptr [EDX + ESI*0x1 + 0x24]  
2026-09-09 17:57:10 INFO  (GhidraScript) InspectSkypeEntry.java> 004f95df MOV EDI,dword ptr [EBP + -0xc]  
2026-09-09 17:57:10 INFO  (GhidraScript) InspectSkypeEntry.java> 004f95e2 MOV EBX,dword ptr [EBP + -0x4]  
2026-09-09 17:57:10 INFO  (GhidraScript) InspectSkypeEntry.java> 004f95e5 MOV EDX,dword ptr [EBX + 0x18]  
2026-09-09 17:57:10 INFO  (GhidraScript) InspectSkypeEntry.java> 004f95e8 LEA ECX,[EBP + -0x8]  
2026-09-09 17:57:10 INFO  (GhidraScript) InspectSkypeEntry.java> 004f95eb PUSH ECX  
2026-09-09 17:57:10 INFO  (GhidraScript) InspectSkypeEntry.java> 004f95ec PUSH 0x40  
2026-09-09 17:57:10 INFO  (GhidraScript) InspectSkypeEntry.java> 004f95ee PUSH EAX  
2026-09-09 17:57:10 INFO  (GhidraScript) InspectSkypeEntry.java> 004f95ef PUSH EDI  
2026-09-09 17:57:10 INFO  (GhidraScript) InspectSkypeEntry.java> 004f95f0 MOV dword ptr [EBP + -0x24],EAX  
2026-09-09 17:57:10 INFO  (GhidraScript) InspectSkypeEntry.java> 004f95f3 CALL EDX  
2026-09-09 17:57:10 INFO  (GhidraScript) InspectSkypeEntry.java> 004f95f5 TEST EAX,EAX  
2026-09-09 17:57:10 INFO  (GhidraScript) InspectSkypeEntry.java> 004f95f7 JNZ 0x004f9622  
2026-09-09 17:57:10 INFO  (GhidraScript) InspectSkypeEntry.java> 004f95f9 LEA EDX,[EBP + -0x1c]  
2026-09-09 17:57:10 INFO  (GhidraScript) InspectSkypeEntry.java> 004f95fc MOV ECX,EBX  
2026-09-09 17:57:10 INFO  (GhidraScript) InspectSkypeEntry.java> 004f95fe CALL 0x004f92e0  
2026-09-09 17:57:10 INFO  (GhidraScript) InspectSkypeEntry.java> 004f9603 TEST AL,AL  
2026-09-09 17:57:10 INFO  (GhidraScript) InspectSkypeEntry.java> 004f9605 JZ 0x004f9618  
2026-09-09 17:57:10 INFO  (GhidraScript) InspectSkypeEntry.java> 004f9607 PUSH 0x10  
2026-09-09 17:57:10 INFO  (GhidraScript) InspectSkypeEntry.java> 004f9609 PUSH 0x50f0f0  
2026-09-09 17:57:10 INFO  (GhidraScript) InspectSkypeEntry.java> 004f960e PUSH 0x50f080  
2026-09-09 17:57:10 INFO  (GhidraScript) InspectSkypeEntry.java> 004f9613 PUSH 0x0  
2026-09-09 17:57:10 INFO  (GhidraScript) InspectSkypeEntry.java> 004f9615 CALL dword ptr [EBP + -0x1c]  
2026-09-09 17:57:10 INFO  (GhidraScript) InspectSkypeEntry.java> 004f9618 MOV EAX,dword ptr [EBX + 0x10]  
2026-09-09 17:57:10 INFO  (GhidraScript) InspectSkypeEntry.java> 004f961b PUSH 0xd5  
2026-09-09 17:57:10 INFO  (GhidraScript) InspectSkypeEntry.java> 004f9620 CALL EAX  
2026-09-09 17:57:10 INFO  (GhidraScript) InspectSkypeEntry.java> 004f9622 XOR ECX,ECX  
2026-09-09 17:57:10 INFO  (GhidraScript) InspectSkypeEntry.java> 004f9624 MOV word ptr [EDI + 0x12],CX  
2026-09-09 17:57:10 INFO  (GhidraScript) InspectSkypeEntry.java> 004f9628 CMP dword ptr [ESI + 0x74],0x9  
2026-09-09 17:57:10 INFO  (GhidraScript) InspectSkypeEntry.java> 004f962c MOV dword ptr [EBP + -0x18],ECX  
2026-09-09 17:57:10 INFO  (GhidraScript) InspectSkypeEntry.java> 004f962f MOV dword ptr [EBP + -0x10],ECX  
2026-09-09 17:57:10 INFO  (GhidraScript) InspectSkypeEntry.java> 004f9632 MOV dword ptr [ESI + 0x58],ECX  
2026-09-09 17:57:10 INFO  (GhidraScript) InspectSkypeEntry.java> 004f9635 JBE 0x004f965c  
2026-09-09 17:57:10 INFO  (GhidraScript) InspectSkypeEntry.java> 004f9637 MOV EAX,dword ptr [ESI + 0xc0]  
2026-09-09 17:57:10 INFO  (GhidraScript) InspectSkypeEntry.java> 004f963d CMP EAX,ECX  
2026-09-09 17:57:10 INFO  (GhidraScript) InspectSkypeEntry.java> 004f963f JZ 0x004f965c  
2026-09-09 17:57:10 INFO  (GhidraScript) InspectSkypeEntry.java> 004f9641 CMP dword ptr [ESI + 0xc4],0x18  
2026-09-09 17:57:10 INFO  (GhidraScript) InspectSkypeEntry.java> 004f9648 JNZ 0x004f965c  
2026-09-09 17:57:10 INFO  (GhidraScript) InspectSkypeEntry.java> 004f964a MOV EAX,dword ptr [EAX + EDI*0x1 + 0x8]  
2026-09-09 17:57:10 INFO  (GhidraScript) InspectSkypeEntry.java> 004f964e CMP EAX,ECX  
2026-09-09 17:57:10 INFO  (GhidraScript) InspectSkypeEntry.java> 004f9650 MOV dword ptr [EBP + -0x10],EAX  
2026-09-09 17:57:10 INFO  (GhidraScript) InspectSkypeEntry.java> 004f9653 JZ 0x004f965c  
2026-09-09 17:57:10 INFO  (GhidraScript) InspectSkypeEntry.java> 004f9655 MOV EDX,dword ptr [EAX]  
2026-09-09 17:57:10 INFO  (GhidraScript) InspectSkypeEntry.java> 004f9657 MOV dword ptr [EBP + -0x18],EDX  
2026-09-09 17:57:10 INFO  (GhidraScript) InspectSkypeEntry.java> 004f965a MOV dword ptr [EAX],ECX  
2026-09-09 17:57:10 INFO  (GhidraScript) InspectSkypeEntry.java> 004f965c CMP dword ptr [ESI + 0x74],0x4  
2026-09-09 17:57:10 INFO  (GhidraScript) InspectSkypeEntry.java> 004f9660 JBE 0x004f967e  
2026-09-09 17:57:10 INFO  (GhidraScript) InspectSkypeEntry.java> 004f9662 CMP dword ptr [ESI + 0x9c],ECX  
2026-09-09 17:57:10 INFO  (GhidraScript) InspectSkypeEntry.java> 004f9668 JNZ 0x004f9672  
2026-09-09 17:57:10 INFO  (GhidraScript) InspectSkypeEntry.java> 004f966a CMP dword ptr [ESI + 0x98],ECX  
2026-09-09 17:57:10 INFO  (GhidraScript) InspectSkypeEntry.java> 004f9670 JZ 0x004f967e  
2026-09-09 17:57:10 INFO  (GhidraScript) InspectSkypeEntry.java> 004f9672 MOV dword ptr [ESI + 0x9c],ECX  
2026-09-09 17:57:10 INFO  (GhidraScript) InspectSkypeEntry.java> 004f9678 MOV dword ptr [ESI + 0x98],ECX  
2026-09-09 17:57:10 INFO  (GhidraScript) InspectSkypeEntry.java> 004f967e MOV EBX,dword ptr [EBP + -0x20]  
2026-09-09 17:57:10 INFO  (GhidraScript) InspectSkypeEntry.java> 004f9681 MOV ECX,dword ptr [EBX + 0x8]  
2026-09-09 17:57:10 INFO  (GhidraScript) InspectSkypeEntry.java> 004f9684 XOR EDI,EDI  
2026-09-09 17:57:10 INFO  (GhidraScript) InspectSkypeEntry.java> 004f9686 XOR EAX,EAX  
2026-09-09 17:57:10 INFO  (GhidraScript) InspectSkypeEntry.java> 004f9688 TEST ECX,ECX  
2026-09-09 17:57:10 INFO  (GhidraScript) InspectSkypeEntry.java> 004f968a MOV dword ptr [EBP + -0x14],EDI  
2026-09-09 17:57:10 INFO  (GhidraScript) InspectSkypeEntry.java> 004f968d JBE 0x004f96a9  
2026-09-09 17:57:10 INFO  (GhidraScript) InspectSkypeEntry.java> 004f968f NOP  
2026-09-09 17:57:10 INFO  (GhidraScript) InspectSkypeEntry.java> 004f9690 MOV EDX,dword ptr [EBP + -0xc]  
2026-09-09 17:57:10 INFO  (GhidraScript) InspectSkypeEntry.java> 004f9693 MOVZX EDX,byte ptr [EAX + EDX*0x1]  
2026-09-09 17:57:10 INFO  (GhidraScript) InspectSkypeEntry.java> 004f9697 LEA EDX,[EDX + EDI*0x2]  
2026-09-09 17:57:10 INFO  (GhidraScript) InspectSkypeEntry.java> 004f969a SHR EDI,0x1f  
2026-09-09 17:57:10 INFO  (GhidraScript) InspectSkypeEntry.java> 004f969d ADD EAX,0x1  
2026-09-09 17:57:10 INFO  (GhidraScript) InspectSkypeEntry.java> 004f96a0 XOR EDI,EDX  
2026-09-09 17:57:10 INFO  (GhidraScript) InspectSkypeEntry.java> 004f96a2 CMP EAX,ECX  
2026-09-09 17:57:10 INFO  (GhidraScript) InspectSkypeEntry.java> 004f96a4 JC 0x004f9690  
2026-09-09 17:57:10 INFO  (GhidraScript) InspectSkypeEntry.java> 004f96a6 MOV dword ptr [EBP + -0x14],EDI  
2026-09-09 17:57:10 INFO  (GhidraScript) InspectSkypeEntry.java> 004f96a9 MOV ECX,EBX  
2026-09-09 17:57:10 INFO  (GhidraScript) InspectSkypeEntry.java> 004f96ab CALL 0x0050eee0  
2026-09-09 17:57:10 INFO  (GhidraScript) InspectSkypeEntry.java> 004f96b0 CMP dword ptr [EBX + 0xc],0x0  
2026-09-09 17:57:10 INFO  (GhidraScript) InspectSkypeEntry.java> 004f96b4 MOV ESI,dword ptr [EBP + -0xc]  
2026-09-09 17:57:10 INFO  (GhidraScript) InspectSkypeEntry.java> 004f96b7 JZ 0x004f96d7  
2026-09-09 17:57:10 INFO  (GhidraScript) InspectSkypeEntry.java> 004f96b9 LEA EAX,[EBP + -0x2c]  
2026-09-09 17:57:10 INFO  (GhidraScript) InspectSkypeEntry.java> 004f96bc PUSH EAX  
2026-09-09 17:57:10 INFO  (GhidraScript) InspectSkypeEntry.java> 004f96bd MOV EDX,ESI  
2026-09-09 17:57:10 INFO  (GhidraScript) InspectSkypeEntry.java> 004f96bf MOV ECX,EBX  
2026-09-09 17:57:10 INFO  (GhidraScript) InspectSkypeEntry.java> 004f96c1 CALL 0x0050e9f0  
2026-09-09 17:57:10 INFO  (GhidraScript) InspectSkypeEntry.java> 004f96c6 TEST AL,AL  
2026-09-09 17:57:10 INFO  (GhidraScript) InspectSkypeEntry.java> 004f96c8 JNZ 0x004f96d7  
2026-09-09 17:57:10 INFO  (GhidraScript) InspectSkypeEntry.java> 004f96ca MOV ECX,dword ptr [EBP + -0x4]  
2026-09-09 17:57:10 INFO  (GhidraScript) InspectSkypeEntry.java> 004f96cd MOV EDX,dword ptr [ECX + 0x10]  
2026-09-09 17:57:10 INFO  (GhidraScript) InspectSkypeEntry.java> 004f96d0 PUSH 0xca  
2026-09-09 17:57:10 INFO  (GhidraScript) InspectSkypeEntry.java> 004f96d5 CALL EDX  
2026-09-09 17:57:10 INFO  (GhidraScript) InspectSkypeEntry.java> 004f96d7 MOV ECX,dword ptr [EBP + -0x8]  
2026-09-09 17:57:10 INFO  (GhidraScript) InspectSkypeEntry.java> 004f96da MOV EDX,dword ptr [EBP + -0x24]  
2026-09-09 17:57:10 INFO  (GhidraScript) InspectSkypeEntry.java> 004f96dd LEA EAX,[EBP + 0x8]  
2026-09-09 17:57:10 INFO  (GhidraScript) InspectSkypeEntry.java> 004f96e0 PUSH EAX  
2026-09-09 17:57:10 INFO  (GhidraScript) InspectSkypeEntry.java> 004f96e1 MOV EAX,dword ptr [EBP + -0x4]  
2026-09-09 17:57:10 INFO  (GhidraScript) InspectSkypeEntry.java> 004f96e4 PUSH ECX  
2026-09-09 17:57:10 INFO  (GhidraScript) InspectSkypeEntry.java> 004f96e5 MOV ECX,dword ptr [EAX + 0x18]  
2026-09-09 17:57:10 INFO  (GhidraScript) InspectSkypeEntry.java> 004f96e8 PUSH EDX  
2026-09-09 17:57:10 INFO  (GhidraScript) InspectSkypeEntry.java> 004f96e9 PUSH ESI  
2026-09-09 17:57:10 INFO  (GhidraScript) InspectSkypeEntry.java> 004f96ea CALL ECX  
2026-09-09 17:57:10 INFO  (GhidraScript) InspectSkypeEntry.java> 004f96ec TEST EAX,EAX  
2026-09-09 17:57:10 INFO  (GhidraScript) InspectSkypeEntry.java> 004f96ee JNZ 0x004f971d  
2026-09-09 17:57:10 INFO  (GhidraScript) InspectSkypeEntry.java> 004f96f0 MOV ECX,dword ptr [EBP + -0x4]  
2026-09-09 17:57:10 INFO  (GhidraScript) InspectSkypeEntry.java> 004f96f3 LEA EDX,[EBP + -0x24]  
2026-09-09 17:57:10 INFO  (GhidraScript) InspectSkypeEntry.java> 004f96f6 CALL 0x004f92e0  
2026-09-09 17:57:10 INFO  (GhidraScript) InspectSkypeEntry.java> 004f96fb TEST AL,AL  
2026-09-09 17:57:10 INFO  (GhidraScript) InspectSkypeEntry.java> 004f96fd JZ 0x004f9710  
2026-09-09 17:57:10 INFO  (GhidraScript) InspectSkypeEntry.java> 004f96ff PUSH 0x10  
2026-09-09 17:57:10 INFO  (GhidraScript) InspectSkypeEntry.java> 004f9701 PUSH 0x50f0f0  
2026-09-09 17:57:10 INFO  (GhidraScript) InspectSkypeEntry.java> 004f9706 PUSH 0x50f080  
2026-09-09 17:57:10 INFO  (GhidraScript) InspectSkypeEntry.java> 004f970b PUSH 0x0  
2026-09-09 17:57:10 INFO  (GhidraScript) InspectSkypeEntry.java> 004f970d CALL dword ptr [EBP + -0x24]  
2026-09-09 17:57:10 INFO  (GhidraScript) InspectSkypeEntry.java> 004f9710 MOV EDX,dword ptr [EBP + -0x4]  
2026-09-09 17:57:10 INFO  (GhidraScript) InspectSkypeEntry.java> 004f9713 MOV EAX,dword ptr [EDX + 0x10]  
2026-09-09 17:57:10 INFO  (GhidraScript) InspectSkypeEntry.java> 004f9716 PUSH 0xd5  
2026-09-09 17:57:10 INFO  (GhidraScript) InspectSkypeEntry.java> 004f971b CALL EAX  
2026-09-09 17:57:10 INFO  (GhidraScript) InspectSkypeEntry.java> 004f971d MOV EDX,dword ptr [EBX + 0x8]  
2026-09-09 17:57:10 INFO  (GhidraScript) InspectSkypeEntry.java> 004f9720 TEST EDX,EDX  
2026-09-09 17:57:10 INFO  (GhidraScript) InspectSkypeEntry.java> 004f9722 MOV ECX,0xa9c35b72  
2026-09-09 17:57:10 INFO  (GhidraScript) InspectSkypeEntry.java> 004f9727 JZ 0x004f9759  
2026-09-09 17:57:10 INFO  (GhidraScript) InspectSkypeEntry.java> 004f9729 LEA ESP,[ESP]  
2026-09-09 17:57:10 INFO  (GhidraScript) InspectSkypeEntry.java> 004f9730 MOVZX EAX,byte ptr [ESI]  
2026-09-09 17:57:10 INFO  (GhidraScript) InspectSkypeEntry.java> 004f9733 SHL ECX,0x4  
2026-09-09 17:57:10 INFO  (GhidraScript) InspectSkypeEntry.java> 004f9736 ADD ECX,EAX  
2026-09-09 17:57:10 INFO  (GhidraScript) InspectSkypeEntry.java> 004f9738 MOV EAX,ECX  
2026-09-09 17:57:10 INFO  (GhidraScript) InspectSkypeEntry.java> 004f973a SUB EDX,0x1  
2026-09-09 17:57:10 INFO  (GhidraScript) InspectSkypeEntry.java> 004f973d AND EAX,0xf0000000  
2026-09-09 17:57:10 INFO  (GhidraScript) InspectSkypeEntry.java> 004f9742 JZ 0x004f974e  
2026-09-09 17:57:10 INFO  (GhidraScript) InspectSkypeEntry.java> 004f9744 MOV EDI,EAX  
2026-09-09 17:57:10 INFO  (GhidraScript) InspectSkypeEntry.java> 004f9746 SHR EDI,0x18  
2026-09-09 17:57:10 INFO  (GhidraScript) InspectSkypeEntry.java> 004f9749 XOR ECX,EDI  
2026-09-09 17:57:10 INFO  (GhidraScript) InspectSkypeEntry.java> 004f974b MOV EDI,dword ptr [EBP + -0x14]  
2026-09-09 17:57:10 INFO  (GhidraScript) InspectSkypeEntry.java> 004f974e NOT EAX  
2026-09-09 17:57:10 INFO  (GhidraScript) InspectSkypeEntry.java> 004f9750 AND ECX,EAX  
2026-09-09 17:57:10 INFO  (GhidraScript) InspectSkypeEntry.java> 004f9752 ADD ESI,0x1  
2026-09-09 17:57:10 INFO  (GhidraScript) InspectSkypeEntry.java> 004f9755 TEST EDX,EDX  
2026-09-09 17:57:10 INFO  (GhidraScript) InspectSkypeEntry.java> 004f9757 JNZ 0x004f9730  
2026-09-09 17:57:10 INFO  (GhidraScript) InspectSkypeEntry.java> 004f9759 MOV EAX,dword ptr [EBP + -0x10]  
2026-09-09 17:57:10 INFO  (GhidraScript) InspectSkypeEntry.java> 004f975c XOR ECX,EDI  
2026-09-09 17:57:10 INFO  (GhidraScript) InspectSkypeEntry.java> 004f975e TEST EAX,EAX  
2026-09-09 17:57:10 INFO  (GhidraScript) InspectSkypeEntry.java> 004f9760 MOV ESI,ECX  
2026-09-09 17:57:10 INFO  (GhidraScript) InspectSkypeEntry.java> 004f9762 JZ 0x004f9769  
2026-09-09 17:57:10 INFO  (GhidraScript) InspectSkypeEntry.java> 004f9764 MOV ECX,dword ptr [EBP + -0x18]  
2026-09-09 17:57:10 INFO  (GhidraScript) InspectSkypeEntry.java> 004f9767 MOV dword ptr [EAX],ECX  
2026-09-09 17:57:10 INFO  (GhidraScript) InspectSkypeEntry.java> 004f9769 MOV ECX,dword ptr [EBX + 0x90]  
2026-09-09 17:57:10 INFO  (GhidraScript) InspectSkypeEntry.java> 004f976f MOV EAX,dword ptr [EBX + 0x94]  
2026-09-09 17:57:10 INFO  (GhidraScript) InspectSkypeEntry.java> 004f9775 ADD ECX,dword ptr [EBP + -0xc]  
2026-09-09 17:57:10 INFO  (GhidraScript) InspectSkypeEntry.java> 004f9778 MOV EDI,dword ptr [EBP + -0x4]  
2026-09-09 17:57:10 INFO  (GhidraScript) InspectSkypeEntry.java> 004f977b LEA EDX,[EBP + 0x8]  
2026-09-09 17:57:10 INFO  (GhidraScript) InspectSkypeEntry.java> 004f977e PUSH EDX  
2026-09-09 17:57:10 INFO  (GhidraScript) InspectSkypeEntry.java> 004f977f MOV EDX,dword ptr [EDI + 0x18]  
2026-09-09 17:57:10 INFO  (GhidraScript) InspectSkypeEntry.java> 004f9782 PUSH 0x4  
2026-09-09 17:57:10 INFO  (GhidraScript) InspectSkypeEntry.java> 004f9784 PUSH EAX  
2026-09-09 17:57:10 INFO  (GhidraScript) InspectSkypeEntry.java> 004f9785 PUSH ECX  
2026-09-09 17:57:10 INFO  (GhidraScript) InspectSkypeEntry.java> 004f9786 CALL EDX  
2026-09-09 17:57:10 INFO  (GhidraScript) InspectSkypeEntry.java> 004f9788 TEST EAX,EAX  
2026-09-09 17:57:10 INFO  (GhidraScript) InspectSkypeEntry.java> 004f978a JNZ 0x004f97b5  
2026-09-09 17:57:10 INFO  (GhidraScript) InspectSkypeEntry.java> 004f978c LEA EDX,[EBP + -0x24]  
2026-09-09 17:57:10 INFO  (GhidraScript) InspectSkypeEntry.java> 004f978f MOV ECX,EDI  
2026-09-09 17:57:10 INFO  (GhidraScript) InspectSkypeEntry.java> 004f9791 CALL 0x004f92e0  
2026-09-09 17:57:10 INFO  (GhidraScript) InspectSkypeEntry.java> 004f9796 TEST AL,AL  
2026-09-09 17:57:10 INFO  (GhidraScript) InspectSkypeEntry.java> 004f9798 JZ 0x004f97ab  
2026-09-09 17:57:10 INFO  (GhidraScript) InspectSkypeEntry.java> 004f979a PUSH 0x10  
2026-09-09 17:57:10 INFO  (GhidraScript) InspectSkypeEntry.java> 004f979c PUSH 0x50f0f0  
2026-09-09 17:57:10 INFO  (GhidraScript) InspectSkypeEntry.java> 004f97a1 PUSH 0x50f080  
2026-09-09 17:57:10 INFO  (GhidraScript) InspectSkypeEntry.java> 004f97a6 PUSH 0x0  
2026-09-09 17:57:10 INFO  (GhidraScript) InspectSkypeEntry.java> 004f97a8 CALL dword ptr [EBP + -0x24]  
2026-09-09 17:57:10 INFO  (GhidraScript) InspectSkypeEntry.java> 004f97ab MOV EAX,dword ptr [EDI + 0x10]  
2026-09-09 17:57:10 INFO  (GhidraScript) InspectSkypeEntry.java> 004f97ae PUSH 0xd5  
2026-09-09 17:57:10 INFO  (GhidraScript) InspectSkypeEntry.java> 004f97b3 CALL EAX  
2026-09-09 17:57:10 INFO  (GhidraScript) InspectSkypeEntry.java> 004f97b5 MOV EDX,dword ptr [EBP + -0xc]  
2026-09-09 17:57:10 INFO  (GhidraScript) InspectSkypeEntry.java> 004f97b8 PUSH EDI  
2026-09-09 17:57:10 INFO  (GhidraScript) InspectSkypeEntry.java> 004f97b9 PUSH EBX  
2026-09-09 17:57:10 INFO  (GhidraScript) InspectSkypeEntry.java> 004f97ba LEA ECX,[EBX + 0x98]  
2026-09-09 17:57:10 INFO  (GhidraScript) InspectSkypeEntry.java> 004f97c0 PUSH EDX  
2026-09-09 17:57:10 INFO  (GhidraScript) InspectSkypeEntry.java> 004f97c1 CALL 0x004f9190  
2026-09-09 17:57:10 INFO  (GhidraScript) InspectSkypeEntry.java> 004f97c6 MOV EDX,dword ptr [EBX + 0x84]  
2026-09-09 17:57:10 INFO  (GhidraScript) InspectSkypeEntry.java> 004f97cc MOV EAX,ESI  
2026-09-09 17:57:10 INFO  (GhidraScript) InspectSkypeEntry.java> 004f97ce SHR EAX,0x2  
2026-09-09 17:57:10 INFO  (GhidraScript) InspectSkypeEntry.java> 004f97d1 LEA ECX,[ESI + ESI*0x4]  
2026-09-09 17:57:10 INFO  (GhidraScript) InspectSkypeEntry.java> 004f97d4 XOR EAX,ECX  
2026-09-09 17:57:10 INFO  (GhidraScript) InspectSkypeEntry.java> 004f97d6 MOV ECX,dword ptr [EBX + 0x80]  
2026-09-09 17:57:10 INFO  (GhidraScript) InspectSkypeEntry.java> 004f97dc LEA EDI,[EAX + EAX*0x2]  
2026-09-09 17:57:10 INFO  (GhidraScript) InspectSkypeEntry.java> 004f97df NOT EDI  
2026-09-09 17:57:10 INFO  (GhidraScript) InspectSkypeEntry.java> 004f97e1 XOR EDI,EDX  
2026-09-09 17:57:10 INFO  (GhidraScript) InspectSkypeEntry.java> 004f97e3 XOR ECX,EAX  
2026-09-09 17:57:10 INFO  (GhidraScript) InspectSkypeEntry.java> 004f97e5 MOV dword ptr [EBP + -0x14],EDI  
2026-09-09 17:57:10 INFO  (GhidraScript) InspectSkypeEntry.java> 004f97e8 MOV dword ptr [EBP + -0x20],ECX  
2026-09-09 17:57:10 INFO  (GhidraScript) InspectSkypeEntry.java> 004f97eb JZ 0x004f9819  
2026-09-09 17:57:10 INFO  (GhidraScript) InspectSkypeEntry.java> 004f97ed MOV EAX,dword ptr [EBX + 0x8c]  
2026-09-09 17:57:10 INFO  (GhidraScript) InspectSkypeEntry.java> 004f97f3 XOR EAX,EDX  
2026-09-09 17:57:10 INFO  (GhidraScript) InspectSkypeEntry.java> 004f97f5 MOV EDX,dword ptr [EBX + 0x88]  
2026-09-09 17:57:10 INFO  (GhidraScript) InspectSkypeEntry.java> 004f97fb XOR EDX,dword ptr [EBX + 0x80]  
2026-09-09 17:57:10 INFO  (GhidraScript) InspectSkypeEntry.java> 004f9801 XOR EAX,ECX  
2026-09-09 17:57:10 INFO  (GhidraScript) InspectSkypeEntry.java> 004f9803 MOV dword ptr [EBP + -0x28],EAX  
2026-09-09 17:57:10 INFO  (GhidraScript) InspectSkypeEntry.java> 004f9806 MOV EAX,dword ptr [EBP + -0x4]  
2026-09-09 17:57:10 INFO  (GhidraScript) InspectSkypeEntry.java> 004f9809 PUSH EAX  
2026-09-09 17:57:10 INFO  (GhidraScript) InspectSkypeEntry.java> 004f980a PUSH EBX  
2026-09-09 17:57:10 INFO  (GhidraScript) InspectSkypeEntry.java> 004f980b XOR EDX,EDI  
2026-09-09 17:57:10 INFO  (GhidraScript) InspectSkypeEntry.java> 004f980d PUSH ECX  
2026-09-09 17:57:10 INFO  (GhidraScript) InspectSkypeEntry.java> 004f980e LEA ECX,[EBP + -0x2c]  
2026-09-09 17:57:10 INFO  (GhidraScript) InspectSkypeEntry.java> 004f9811 MOV dword ptr [EBP + -0x2c],EDX  
2026-09-09 17:57:10 INFO  (GhidraScript) InspectSkypeEntry.java> 004f9814 CALL 0x004f9190  
2026-09-09 17:57:10 INFO  (GhidraScript) InspectSkypeEntry.java> 004f9819 XOR ESI,dword ptr [EBX + 0x1c]  
2026-09-09 17:57:10 INFO  (GhidraScript) InspectSkypeEntry.java> 004f981c MOV ECX,dword ptr [EBP + -0x4]  
2026-09-09 17:57:10 INFO  (GhidraScript) InspectSkypeEntry.java> 004f981f MOV EDX,dword ptr [ECX]  
2026-09-09 17:57:10 INFO  (GhidraScript) InspectSkypeEntry.java> 004f9821 PUSH 0x0  
2026-09-09 17:57:10 INFO  (GhidraScript) InspectSkypeEntry.java> 004f9823 MOV dword ptr [EBP + -0x18],ESI  
2026-09-09 17:57:10 INFO  (GhidraScript) InspectSkypeEntry.java> 004f9826 CALL EDX  
2026-09-09 17:57:10 INFO  (GhidraScript) InspectSkypeEntry.java> 004f9828 TEST EAX,EAX  
2026-09-09 17:57:10 INFO  (GhidraScript) InspectSkypeEntry.java> 004f982a MOV dword ptr [EBP + -0x10],EAX  
2026-09-09 17:57:10 INFO  (GhidraScript) InspectSkypeEntry.java> 004f982d JZ 0x004f993a  
2026-09-09 17:57:10 INFO  (GhidraScript) InspectSkypeEntry.java> 004f9833 CMP EAX,dword ptr [EBX + 0x4]  
2026-09-09 17:57:10 INFO  (GhidraScript) InspectSkypeEntry.java> 004f9836 JZ 0x004f993a  
2026-09-09 17:57:10 INFO  (GhidraScript) InspectSkypeEntry.java> 004f983c XOR DL,DL  
2026-09-09 17:57:10 INFO  (GhidraScript) InspectSkypeEntry.java> 004f983e CMP word ptr [EAX],0x5a4d  
2026-09-09 17:57:10 INFO  (GhidraScript) InspectSkypeEntry.java> 004f9843 MOV dword ptr [EBP + -0x30],EAX  
2026-09-09 17:57:10 INFO  (GhidraScript) InspectSkypeEntry.java> 004f9846 JNZ 0x004f987b  
2026-09-09 17:57:10 INFO  (GhidraScript) InspectSkypeEntry.java> 004f9848 MOV ECX,dword ptr [EAX + 0x3c]  
2026-09-09 17:57:10 INFO  (GhidraScript) InspectSkypeEntry.java> 004f984b TEST ECX,ECX  
2026-09-09 17:57:10 INFO  (GhidraScript) InspectSkypeEntry.java> 004f984d JZ 0x004f987b  
2026-09-09 17:57:10 INFO  (GhidraScript) InspectSkypeEntry.java> 004f984f CMP dword ptr [EAX + ECX*0x1],0x4550  
2026-09-09 17:57:10 INFO  (GhidraScript) InspectSkypeEntry.java> 004f9856 LEA ESI,[EAX + ECX*0x1]  
2026-09-09 17:57:10 INFO  (GhidraScript) InspectSkypeEntry.java> 004f9859 MOV dword ptr [EBP + -0x2c],ESI  
2026-09-09 17:57:10 INFO  (GhidraScript) InspectSkypeEntry.java> 004f985c JNZ 0x004f987e  
2026-09-09 17:57:10 INFO  (GhidraScript) InspectSkypeEntry.java> 004f985e CMP word ptr [ESI + 0x14],0xe0  
2026-09-09 17:57:10 INFO  (GhidraScript) InspectSkypeEntry.java> 004f9864 JNZ 0x004f987e  
2026-09-09 17:57:10 INFO  (GhidraScript) InspectSkypeEntry.java> 004f9866 CMP word ptr [ESI + 0x18],0x10b  
2026-09-09 17:57:10 INFO  (GhidraScript) InspectSkypeEntry.java> 004f986c JNZ 0x004f987e  
2026-09-09 17:57:10 INFO  (GhidraScript) InspectSkypeEntry.java> 004f986e LEA EAX,[ESI + 0xf8]  
2026-09-09 17:57:10 INFO  (GhidraScript) InspectSkypeEntry.java> 004f9874 MOV dword ptr [EBP + -0x28],EAX  
2026-09-09 17:57:10 INFO  (GhidraScript) InspectSkypeEntry.java> 004f9877 MOV DL,0x1  
2026-09-09 17:57:10 INFO  (GhidraScript) InspectSkypeEntry.java> 004f9879 JMP 0x004f987e  
2026-09-09 17:57:10 INFO  (GhidraScript) InspectSkypeEntry.java> 004f987b MOV ESI,dword ptr [EBP + -0x2c]  
2026-09-09 17:57:10 INFO  (GhidraScript) InspectSkypeEntry.java> 004f987e INC CL  
2026-09-09 17:57:10 INFO  (GhidraScript) InspectSkypeEntry.java> 004f9880 DEC CL  
2026-09-09 17:57:10 INFO  (GhidraScript) InspectSkypeEntry.java> 004f9882 TEST DL,DL  
2026-09-09 17:57:10 INFO  (GhidraScript) InspectSkypeEntry.java> 004f9884 JZ 0x004f9937  
2026-09-09 17:57:10 INFO  (GhidraScript) InspectSkypeEntry.java> 004f988a LEA ECX,[EBP + -0x30]  
2026-09-09 17:57:10 INFO  (GhidraScript) InspectSkypeEntry.java> 004f988d CALL 0x004f8dc0  
2026-09-09 17:57:10 INFO  (GhidraScript) InspectSkypeEntry.java> 004f9892 TEST EAX,EAX  
2026-09-09 17:57:10 INFO  (GhidraScript) InspectSkypeEntry.java> 004f9894 MOV dword ptr [EBP + -0x24],EAX  
2026-09-09 17:57:10 INFO  (GhidraScript) InspectSkypeEntry.java> 004f9897 JZ 0x004f9937  
2026-09-09 17:57:10 INFO  (GhidraScript) InspectSkypeEntry.java> 004f989d MOV EDI,dword ptr [ESI + 0x54]  
2026-09-09 17:57:10 INFO  (GhidraScript) InspectSkypeEntry.java> 004f98a0 MOV EDX,dword ptr [EBP + -0x10]  
2026-09-09 17:57:10 INFO  (GhidraScript) InspectSkypeEntry.java> 004f98a3 MOV EAX,dword ptr [EBP + -0x4]  
2026-09-09 17:57:10 INFO  (GhidraScript) InspectSkypeEntry.java> 004f98a6 LEA ECX,[EBP + 0x8]  
2026-09-09 17:57:10 INFO  (GhidraScript) InspectSkypeEntry.java> 004f98a9 PUSH ECX  
2026-09-09 17:57:10 INFO  (GhidraScript) InspectSkypeEntry.java> 004f98aa MOV ECX,dword ptr [EAX + 0x18]  
2026-09-09 17:57:10 INFO  (GhidraScript) InspectSkypeEntry.java> 004f98ad PUSH 0x4  
2026-09-09 17:57:10 INFO  (GhidraScript) InspectSkypeEntry.java> 004f98af PUSH EDI  
2026-09-09 17:57:10 INFO  (GhidraScript) InspectSkypeEntry.java> 004f98b0 PUSH EDX  
2026-09-09 17:57:10 INFO  (GhidraScript) InspectSkypeEntry.java> 004f98b1 CALL ECX  
2026-09-09 17:57:10 INFO  (GhidraScript) InspectSkypeEntry.java> 004f98b3 TEST EAX,EAX  
2026-09-09 17:57:10 INFO  (GhidraScript) InspectSkypeEntry.java> 004f98b5 JZ 0x004f9900  
2026-09-09 17:57:10 INFO  (GhidraScript) InspectSkypeEntry.java> 004f98b7 XOR EDX,EDX  
2026-09-09 17:57:10 INFO  (GhidraScript) InspectSkypeEntry.java> 004f98b9 MOV word ptr [ESI + 0x6],DX  
2026-09-09 17:57:10 INFO  (GhidraScript) InspectSkypeEntry.java> 004f98bd XOR ECX,ECX  
2026-09-09 17:57:10 INFO  (GhidraScript) InspectSkypeEntry.java> 004f98bf CMP dword ptr [ESI + 0x74],EDX  
2026-09-09 17:57:10 INFO  (GhidraScript) InspectSkypeEntry.java> 004f98c2 JBE 0x004f98d7  
2026-09-09 17:57:10 INFO  (GhidraScript) InspectSkypeEntry.java> 004f98c4 LEA EAX,[ESI + 0x78]  
2026-09-09 17:57:10 INFO  (GhidraScript) InspectSkypeEntry.java> 004f98c7 MOV dword ptr [EAX + 0x4],EDX  
2026-09-09 17:57:10 INFO  (GhidraScript) InspectSkypeEntry.java> 004f98ca MOV dword ptr [EAX],EDX  
2026-09-09 17:57:10 INFO  (GhidraScript) InspectSkypeEntry.java> 004f98cc ADD ECX,0x1  
2026-09-09 17:57:10 INFO  (GhidraScript) InspectSkypeEntry.java> 004f98cf ADD EAX,0x8  
2026-09-09 17:57:10 INFO  (GhidraScript) InspectSkypeEntry.java> 004f98d2 CMP ECX,dword ptr [ESI + 0x74]  
2026-09-09 17:57:10 INFO  (GhidraScript) InspectSkypeEntry.java> 004f98d5 JC 0x004f98c7  
2026-09-09 17:57:10 INFO  (GhidraScript) InspectSkypeEntry.java> 004f98d7 MOV ECX,dword ptr [EBP + -0x10]  
2026-09-09 17:57:10 INFO  (GhidraScript) InspectSkypeEntry.java> 004f98da MOV dword ptr [ESI + 0x1c],EDX  
2026-09-09 17:57:10 INFO  (GhidraScript) InspectSkypeEntry.java> 004f98dd MOV dword ptr [ESI + 0x20],EDX  
2026-09-09 17:57:10 INFO  (GhidraScript) InspectSkypeEntry.java> 004f98e0 MOV dword ptr [ESI + 0x24],EDX  
2026-09-09 17:57:10 INFO  (GhidraScript) InspectSkypeEntry.java> 004f98e3 MOV dword ptr [ESI + 0x28],EDX  
2026-09-09 17:57:10 INFO  (GhidraScript) InspectSkypeEntry.java> 004f98e6 MOV dword ptr [ESI + 0x2c],EDX  
2026-09-09 17:57:10 INFO  (GhidraScript) InspectSkypeEntry.java> 004f98e9 MOV dword ptr [ESI + 0x30],EDX  
2026-09-09 17:57:10 INFO  (GhidraScript) InspectSkypeEntry.java> 004f98ec MOV EAX,dword ptr [EBP + 0x8]  
2026-09-09 17:57:10 INFO  (GhidraScript) InspectSkypeEntry.java> 004f98ef MOV ESI,dword ptr [EBP + -0x4]  
2026-09-09 17:57:10 INFO  (GhidraScript) InspectSkypeEntry.java> 004f98f2 LEA EDX,[EBP + 0x8]  
2026-09-09 17:57:10 INFO  (GhidraScript) InspectSkypeEntry.java> 004f98f5 PUSH EDX  
2026-09-09 17:57:10 INFO  (GhidraScript) InspectSkypeEntry.java> 004f98f6 MOV EDX,dword ptr [ESI + 0x18]  
2026-09-09 17:57:10 INFO  (GhidraScript) InspectSkypeEntry.java> 004f98f9 PUSH EAX  
2026-09-09 17:57:10 INFO  (GhidraScript) InspectSkypeEntry.java> 004f98fa PUSH EDI  
2026-09-09 17:57:10 INFO  (GhidraScript) InspectSkypeEntry.java> 004f98fb PUSH ECX  
2026-09-09 17:57:10 INFO  (GhidraScript) InspectSkypeEntry.java> 004f98fc CALL EDX  
2026-09-09 17:57:10 INFO  (GhidraScript) InspectSkypeEntry.java> 004f98fe JMP 0x004f9903  
2026-09-09 17:57:10 INFO  (GhidraScript) InspectSkypeEntry.java> 004f9900 MOV ESI,dword ptr [EBP + -0x4]  
2026-09-09 17:57:10 INFO  (GhidraScript) InspectSkypeEntry.java> 004f9903 MOV ECX,dword ptr [ESI + 0x1c]  
2026-09-09 17:57:10 INFO  (GhidraScript) InspectSkypeEntry.java> 004f9906 LEA EAX,[EBP + -0x54]  
2026-09-09 17:57:10 INFO  (GhidraScript) InspectSkypeEntry.java> 004f9909 PUSH EAX  
2026-09-09 17:57:10 INFO  (GhidraScript) InspectSkypeEntry.java> 004f990a CALL ECX  
2026-09-09 17:57:11 INFO  (GhidraScript) InspectSkypeEntry.java> 
/* WARNING: Unable to track spacebase fully for stack */

uint FUN_004f93d0(undefined4 param_1,undefined4 *param_2,int param_3,short *param_4)

{
  char cVar1;
  uint uVar2;
  code *pcVar3;
  code *pcVar4;
  code *pcVar5;
  undefined2 *puVar6;
  int iVar7;
  undefined4 uVar8;
  uint uVar9;
  short *psVar10;
  undefined4 *puVar11;
  uint uVar12;
  uint extraout_EDX;
  uint extraout_EDX_00;
  undefined4 *puVar13;
  undefined4 *puVar14;
  byte *pbVar15;
  uint uVar16;
  undefined4 uVar17;
  byte *pbVar18;
  undefined4 *puVar19;
  undefined4 uVar20;
  undefined4 uVar21;
  undefined4 uVar22;
  undefined4 uVar23;
  short *psStack_34;
  uint uStack_30;
  short *psStack_2c;
  code *pcStack_28;
  uint uStack_24;
  code *pcStack_20;
  code *pcStack_1c;
  code *pcStack_18;
  code *pcStack_14;
  byte *pbStack_10;
  undefined4 uStack_c;
  undefined4 *puStack_8;
  
  psStack_2c = param_4;
  pbStack_10 = *(byte **)(param_3 + 4);
  pcStack_20 = (code *)(pbStack_10 + *(int *)(pbStack_10 + 0x3c));
  uVar8 = param_2[2];
  uVar23 = 0x50f020;
  uStack_30 = 0;
  uStack_24 = param_3;
  puStack_8 = param_2;
  pcVar3 = (code *)(*(code *)param_2[1])();
  uVar17 = param_2[2];
  uVar22 = 0x50f040;
  pcStack_14 = pcVar3;
  pcVar4 = (code *)(*(code *)param_2[1])();
  uVar20 = param_2[2];
  uVar21 = 0x50f050;
  pcVar5 = (code *)(*(code *)param_2[1])();
  pcStack_1c = pcVar5;
  if (((pcVar4 == (code *)0x0) || (pcVar3 == (code *)0x0)) || (pcVar5 == (code *)0x0)) {
    pcVar5 = (code *)(*(code *)param_2[4])();
  }
  puVar6 = (undefined2 *)
           FUN_004f9330(pcVar5,0x18,&uStack_30,uVar20,uVar21,uVar17,uVar22,uVar8,uVar23);
  *puVar6 = 0x4e;
  puVar6[1] = 0x55;
  puVar6[2] = 0x4c;
  puVar6[3] = 0;
  pcStack_18 = (code *)(*pcVar4)();
  pcStack_1c = (code *)(*pcStack_1c)();
  if (pcStack_18 != (code *)0xffffffff) {
    (*pcStack_14)();
  }
  if (pcStack_1c == (code *)0x4d2) {
    pcVar4 = (code *)(*(code *)param_2[1])();
    if (pcVar4 == (code *)0x0) {
      (*(code *)param_2[4])();
    }
    *(undefined *)puVar6 = 0x5c;
    *(undefined *)((int)puVar6 + 1) = 0x5c;
    *(undefined *)(puVar6 + 1) = 0x2e;
    *(undefined *)((int)puVar6 + 3) = 0x5c;
    *(undefined *)(puVar6 + 2) = 0x53;
    *(undefined *)((int)puVar6 + 5) = 0x49;
    *(undefined *)(puVar6 + 3) = 0x43;
    *(undefined *)((int)puVar6 + 7) = 0x45;
    *(undefined *)(puVar6 + 4) = 0;
    iVar7 = (*pcVar4)();
    if (iVar7 != -1) goto LAB_004f9350;
    *(undefined *)puVar6 = 0x5c;
    *(undefined *)((int)puVar6 + 1) = 0x5c;
    *(undefined *)(puVar6 + 1) = 0x2e;
    *(undefined *)((int)puVar6 + 3) = 0x5c;
    *(undefined *)(puVar6 + 2) = 0x53;
    *(undefined *)((int)puVar6 + 5) = 0x69;
    *(undefined *)(puVar6 + 3) = 0x77;
    *(undefined *)((int)puVar6 + 7) = 0x76;
    *(undefined *)(puVar6 + 4) = 0x69;
    *(undefined *)((int)puVar6 + 9) = 100;
    *(undefined *)(puVar6 + 5) = 0;
  }
  else {
    *puVar6 = 0x5c;
    puVar6[1] = 0x5c;
    puVar6[2] = 0x2e;
    puVar6[3] = 0x5c;
    puVar6[4] = 0x4e;
    puVar6[5] = 0x54;
    puVar6[6] = 0x49;
    puVar6[7] = 0x43;
    puVar6[8] = 0x45;
    puVar6[9] = 0;
    iVar7 = (*pcVar4)();
    if (iVar7 != -1) goto LAB_004f9350;
    *puVar6 = 0x5c;
    puVar6[1] = 0x5c;
    puVar6[2] = 0x2e;
    puVar6[3] = 0x5c;
    puVar6[4] = 0x53;
    puVar6[5] = 0x69;
    puVar6[6] = 0x77;
    puVar6[7] = 0x76;
    puVar6[8] = 0x69;
    puVar6[9] = 100;
    puVar6[10] = 0;
  }
  iVar7 = (*pcVar4)();
  puVar19 = puStack_8;
  pbVar15 = pbStack_10;
  pcVar3 = pcStack_20;
  if (iVar7 == -1) {
    pcVar5 = *(code **)(pcStack_20 + *(ushort *)(pcStack_20 + 0x14) + 0x24);
    puVar11 = &uStack_c;
    uVar8 = 0x40;
    pbVar18 = pbStack_10;
    pcStack_28 = pcVar5;
    iVar7 = (*(code *)puStack_8[6])();
    uVar2 = extraout_EDX;
    if (iVar7 == 0) {
      cVar1 = func_0x004f92e0(0,&pcStack_20,puVar19,pbVar18,pcVar5,uVar8,puVar11);
      if (cVar1 != '\0') {
        (*pcStack_20)();
      }
      (*(code *)puVar19[4])();
      uVar2 = extraout_EDX_00;
    }
    uVar12 = uStack_24;
    pbVar15[0x12] = 0;
    pbVar15[0x13] = 0;
    pcStack_1c = (code *)0x0;
    pcStack_14 = (code *)0x0;
    *(undefined4 *)(pcVar3 + 0x58) = 0;
    if (((9 < *(uint *)(pcVar3 + 0x74)) && (*(int *)(pcVar3 + 0xc0) != 0)) &&
       ((*(int *)(pcVar3 + 0xc4) == 0x18 &&
        (pcStack_14 = *(code **)(pbVar15 + *(int *)(pcVar3 + 0xc0) + 8), pcStack_14 != (code *)0x0))
       )) {
      uVar2 = *(uint *)pcStack_14;
      *(uint *)pcStack_14 = 0;
      pcStack_1c = (code *)uVar2;
    }
    if ((4 < *(uint *)(pcVar3 + 0x74)) &&
       ((*(int *)(pcVar3 + 0x9c) != 0 || (*(int *)(pcVar3 + 0x98) != 0)))) {
      *(undefined4 *)(pcVar3 + 0x9c) = 0;
      *(undefined4 *)(pcVar3 + 0x98) = 0;
    }
    uVar16 = 0;
    uVar9 = 0;
    pcStack_18 = (code *)0x0;
    if (*(uint *)(uStack_24 + 8) != 0) {
      do {
        uVar2 = (uint)pbStack_10[uVar9] + uVar16 * 2;
        uVar9 = uVar9 + 1;
        uVar16 = uVar16 >> 0x1f ^ uVar2;
        pcStack_18 = (code *)uVar16;
      } while (uVar9 < *(uint *)(uStack_24 + 8));
    }
    pcVar3 = pcStack_18;
    FUN_0050eee0(uVar9,uVar2,uStack_24);
    pbVar15 = pbStack_10;
    if ((*(int *)(uVar12 + 0xc) != 0) &&
       (cVar1 = FUN_0050e9f0(&uStack_30,pbStack_10,uVar12,&uStack_30), cVar1 == '\0')) {
      (*(code *)puStack_8[4])();
    }
    puVar19 = &param_4;
    pbVar18 = pbVar15;
    pcVar5 = pcStack_28;
    iVar7 = (*(code *)puStack_8[6])();
    if (iVar7 == 0) {
      cVar1 = func_0x004f92e0(0,&pcStack_28,puStack_8,pbVar18,pcVar5,uStack_c,puVar19);
      if (cVar1 != '\0') {
        (*pcStack_28)();
      }
      (*(code *)puStack_8[4])();
    }
    puVar19 = puStack_8;
    iVar7 = *(int *)(uVar12 + 8);
    uVar2 = 0xa9c35b72;
    while (iVar7 != 0) {
      uVar2 = uVar2 * 0x10 + (uint)*pbVar15;
      iVar7 = iVar7 + -1;
      uVar9 = uVar2 & 0xf0000000;
      if (uVar9 != 0) {
        uVar2 = uVar2 ^ uVar9 >> 0x18;
        pcVar3 = pcStack_18;
      }
      uVar2 = uVar2 & ~uVar9;
      pbVar15 = pbVar15 + 1;
    }
    uVar2 = uVar2 ^ (uint)pcVar3;
    if (pcStack_14 != (code *)0x0) {
      *(code **)pcStack_14 = pcStack_1c;
    }
    uVar8 = *(undefined4 *)(uVar12 + 0x94);
    pbVar15 = pbStack_10 + *(int *)(uVar12 + 0x90);
    puVar11 = &param_4;
    uVar17 = 4;
    iVar7 = (*(code *)puStack_8[6])();
    if (iVar7 == 0) {
      cVar1 = func_0x004f92e0(0,&pcStack_28,puVar19,pbVar15,uVar8,uVar17,puVar11);
      if (cVar1 != '\0') {
        (*pcStack_28)();
      }
      iVar7 = (*(code *)puVar19[4])();
    }
    func_0x004f9190(iVar7,pbStack_10,uVar12 + 0x98,pbStack_10,uVar12,puVar19);
    uStack_24 = uVar2 >> 2 ^ uVar2 * 5;
    pcVar3 = (code *)(~(uStack_24 * 3) ^ *(uint *)(uVar12 + 0x84));
    uStack_24 = *(uint *)(uVar12 + 0x80) ^ uStack_24;
    pcStack_18 = pcVar3;
    if (uStack_24 != 0) {
      psStack_2c = (short *)(*(uint *)(uVar12 + 0x8c) ^ *(uint *)(uVar12 + 0x84) ^ uStack_24);
      uStack_30 = *(uint *)(uVar12 + 0x88) ^ *(uint *)(uVar12 + 0x80) ^ (uint)pcVar3;
      func_0x004f9190(puStack_8,uStack_30,&uStack_30,uStack_24,uVar12,puStack_8);
    }
    pcVar5 = (code *)(uVar2 ^ *(uint *)(uVar12 + 0x1c));
    uVar8 = 0;
    pcStack_1c = pcVar5;
    pcStack_14 = (code *)(*(code *)*puStack_8)();
    if ((pcStack_14 != (code *)0x0) && (pcStack_14 != (code *)*(short **)(uVar12 + 4))) {
      cVar1 = '\0';
      psVar10 = (short *)pcStack_14;
      if ((*(short *)pcStack_14 == 0x5a4d) &&
         ((((iVar7 = *(int *)((int)pcStack_14 + 0x3c), iVar7 != 0 &&
            (uStack_30 = (int)pcStack_14 + iVar7, *(int *)((int)pcStack_14 + iVar7) == 0x4550)) &&
           (*(short *)(uStack_30 + 0x14) == 0xe0)) && (*(short *)(uStack_30 + 0x18) == 0x10b)))) {
        psStack_2c = (short *)(uStack_30 + 0xf8);
        cVar1 = '\x01';
        psVar10 = psStack_2c;
      }
      uVar2 = uStack_30;
      pcVar5 = pcStack_1c;
      psStack_34 = (short *)pcStack_14;
      if ((cVar1 != '\0') &&
         (pcStack_28 = (code *)func_0x004f8dc0(psVar10,cVar1,&psStack_34,uVar8), pcVar5 = pcStack_1c
         , pcStack_28 != (code *)0x0)) {
        iVar7 = (*(code *)puStack_8[6])();
        puVar19 = puStack_8;
        if (iVar7 != 0) {
          *(undefined2 *)(uVar2 + 6) = 0;
          uVar12 = 0;
          if (*(int *)(uVar2 + 0x74) != 0) {
            puVar11 = (undefined4 *)(uVar2 + 0x78);
            do {
              puVar11[1] = 0;
              *puVar11 = 0;
              uVar12 = uVar12 + 1;
              puVar11 = puVar11 + 2;
            } while (uVar12 < *(uint *)(uVar2 + 0x74));
          }
          *(undefined4 *)(uVar2 + 0x1c) = 0;
          *(undefined4 *)(uVar2 + 0x20) = 0;
          *(undefined4 *)(uVar2 + 0x24) = 0;
          *(undefined4 *)(uVar2 + 0x28) = 0;
          *(undefined4 *)(uVar2 + 0x2c) = 0;
          *(undefined4 *)(uVar2 + 0x30) = 0;
          (*(code *)puStack_8[6])();
        }
        (*(code *)puVar19[7])();
        (*(code *)puVar19[6])();
        pcVar5 = pcStack_1c;
        pcVar3 = pcStack_18;
      }
    }
    func_0x0052b690(pbStack_10);
    DAT_00d19a98 = 1;
    if (pcVar3 != (code *)0x0) {
      (*pcStack_18)();
    }
    return (uint)pcVar5;
  }
LAB_004f9350:
  uVar8 = (*pcStack_14)();
  puVar19 = puStack_8;
  puStack_8[-1] = puStack_8;
  puStack_8[-2] = puVar6;
  puVar13 = puStack_8 + -3;
  puStack_8[-3] = 0x4f935d;
  cVar1 = func_0x004f92e0(uVar8,puStack_8 + -1);
  if (cVar1 != '\0') {
    *(undefined4 *)((int)puVar13 + -4) = 0;
    *(undefined4 *)((int)puVar13 + -8) = 0x50f100;
    *(undefined4 *)((int)puVar13 + -0xc) = 0x50f0b0;
    *(undefined4 *)((int)puVar13 + -0x10) = 0;
    puVar11 = (undefined4 *)((int)puVar13 + 4);
    puVar14 = (undefined4 *)((int)puVar13 + -0x14);
    puVar13 = (undefined4 *)((int)puVar13 + -0x14);
    *puVar14 = 0x4f9373;
    (*(code *)*puVar11)();
  }
  pcVar3 = (code *)puVar19[4];
  *(undefined4 *)((int)puVar13 + -4) = 1;
  *(undefined4 *)((int)puVar13 + -8) = 0x4f937a;
  uVar2 = (*pcVar3)();
  return uVar2;
}

  
2026-09-09 17:57:12 INFO  (HeadlessAnalyzer) REPORT: Save succeeded for processed file: /Skype-original.exe  
