2026-09-10 17:18:33 INFO  (LoggingInitialization) Using log config file: jar:file:/E:/ghidra_11.2.1_PUBLIC/Ghidra/Framework/Generic/lib/Generic.jar!/generic.log4j.xml  
2026-09-10 17:18:33 INFO  (LoggingInitialization) Using log file: skyserver\diagnostics\pe-analysis-20260907-233415\native-account-sync.log  
2026-09-10 17:18:33 INFO  (Preferences) Loading user preferences: C:\Users\IlyaBOT\AppData\Roaming\ghidra\ghidra_11.2.1_PUBLIC\preferences  
2026-09-10 17:18:33 INFO  (ClassSearcher) Searching for classes...  
2026-09-10 17:18:34 INFO  (ClassSearcher) Class search complete (1074 ms)  
2026-09-10 17:18:34 INFO  (SSLContextInitializer) Initializing SSL Context  
2026-09-10 17:18:34 INFO  (SecureRandomFactory) Initializing Random Number Generator...  
2026-09-10 17:18:34 INFO  (SecureRandomFactory) Random Number Generator initialization complete: SHA1PRNG  
2026-09-10 17:18:34 INFO  (ApplicationTrustManagerFactory) Trust manager disabled, cacerts have not been set  
2026-09-10 17:18:35 INFO  (AnalyzeHeadless) Headless startup complete (2368 ms)  
2026-09-10 17:18:35 INFO  (ClassSearcher) Class searcher loaded 57 extension points (18 false positives)  
2026-09-10 17:18:35 INFO  (HeadlessAnalyzer) HEADLESS Script Paths:
    E:\ghidra_11.2.1_PUBLIC\Ghidra\Features\SystemEmulation\ghidra_scripts
    E:\ghidra_11.2.1_PUBLIC\Ghidra\Features\FileFormats\ghidra_scripts
    E:\ghidra_11.2.1_PUBLIC\Ghidra\Debug\Debugger\ghidra_scripts
    E:\ghidra_11.2.1_PUBLIC\Ghidra\Processors\JVM\ghidra_scripts
    E:\ghidra_11.2.1_PUBLIC\Ghidra\Features\BSim\ghidra_scripts
    E:\ghidra_11.2.1_PUBLIC\Ghidra\Features\WildcardAssembler\ghidra_scripts
    E:\ghidra_11.2.1_PUBLIC\Ghidra\Features\SwiftDemangler\ghidra_scripts
    E:\ghidra_11.2.1_PUBLIC\Ghidra\Features\BytePatterns\ghidra_scripts
    E:\ghidra_11.2.1_PUBLIC\Ghidra\Processors\PIC\ghidra_scripts
    E:\ghidra_11.2.1_PUBLIC\Ghidra\Debug\Debugger-agent-dbgmodel-traceloader\ghidra_scripts
    E:\ghidra_11.2.1_PUBLIC\Ghidra\Features\PDB\ghidra_scripts
    E:\ghidra_11.2.1_PUBLIC\Ghidra\Processors\8051\ghidra_scripts
    E:\ghidra_11.2.1_PUBLIC\Ghidra\Debug\Debugger-rmi-trace\ghidra_scripts
    I:\SkypeReverse\skypeopensource2\skyserver\tools
    E:\ghidra_11.2.1_PUBLIC\Ghidra\Features\Jython\ghidra_scripts
    E:\ghidra_11.2.1_PUBLIC\Ghidra\Features\Base\ghidra_scripts
    E:\ghidra_11.2.1_PUBLIC\Ghidra\Features\Decompiler\ghidra_scripts
    E:\ghidra_11.2.1_PUBLIC\Ghidra\Processors\Atmel\ghidra_scripts
    E:\ghidra_11.2.1_PUBLIC\Ghidra\Features\FunctionID\ghidra_scripts
    E:\ghidra_11.2.1_PUBLIC\Ghidra\Debug\Debugger-agent-frida\ghidra_scripts
    E:\ghidra_11.2.1_PUBLIC\Ghidra\Features\VersionTracking\ghidra_scripts
    E:\ghidra_11.2.1_PUBLIC\Ghidra\Features\GnuDemangler\ghidra_scripts
    E:\ghidra_11.2.1_PUBLIC\Ghidra\Features\MicrosoftCodeAnalyzer\ghidra_scripts
    E:\ghidra_11.2.1_PUBLIC\Ghidra\Processors\DATA\ghidra_scripts  
2026-09-10 17:18:35 INFO  (HeadlessAnalyzer) HEADLESS: execution starts  
2026-09-10 17:18:35 INFO  (HeadlessAnalyzer) Opening existing project: I:\SkypeReverse\skypeopensource2\skyserver\diagnostics\pe-analysis-20260907-233415\Skype42  
2026-09-10 17:18:35 INFO  (HeadlessProject) Opening project: I:\SkypeReverse\skypeopensource2\skyserver\diagnostics\pe-analysis-20260907-233415\Skype42  
2026-09-10 17:18:37 INFO  (HeadlessAnalyzer) REPORT: Processing project file: /Skype-uncompressed.image.bin  
2026-09-10 17:18:37 INFO  (HeadlessAnalyzer) SCRIPT: I:\SkypeReverse\skypeopensource2\skyserver\tools\InspectSkypeEntry.java  
2026-09-10 17:18:37 INFO  (GhidraScript) InspectSkypeEntry.java> SKYPE_ENTRY 005a2f80  
2026-09-10 17:18:37 INFO  (GhidraScript) InspectSkypeEntry.java> 005a2f80 SUB ESP,0x18  
2026-09-10 17:18:37 INFO  (GhidraScript) InspectSkypeEntry.java> 005a2f83 PUSH ESI  
2026-09-10 17:18:37 INFO  (GhidraScript) InspectSkypeEntry.java> 005a2f84 XOR EAX,EAX  
2026-09-10 17:18:37 INFO  (GhidraScript) InspectSkypeEntry.java> 005a2f86 PUSH EAX  
2026-09-10 17:18:37 INFO  (GhidraScript) InspectSkypeEntry.java> 005a2f87 MOV ESI,ECX  
2026-09-10 17:18:37 INFO  (GhidraScript) InspectSkypeEntry.java> 005a2f89 MOV ECX,dword ptr [ESI + 0xe]  
2026-09-10 17:18:37 INFO  (GhidraScript) InspectSkypeEntry.java> 005a2f8c PUSH 0x37  
2026-09-10 17:18:37 INFO  (GhidraScript) InspectSkypeEntry.java> 005a2f8e MOV dword ptr [ESP + 0x1c],EAX  
2026-09-10 17:18:37 INFO  (GhidraScript) InspectSkypeEntry.java> 005a2f92 MOV dword ptr [ESP + 0x18],EAX  
2026-09-10 17:18:37 INFO  (GhidraScript) InspectSkypeEntry.java> 005a2f96 MOV dword ptr [ESP + 0x14],EAX  
2026-09-10 17:18:37 INFO  (GhidraScript) InspectSkypeEntry.java> 005a2f9a MOV dword ptr [ESP + 0x10],0xb886e8  
2026-09-10 17:18:37 INFO  (GhidraScript) InspectSkypeEntry.java> 005a2fa2 MOV ECX,dword ptr [ECX + 0x3ac]  
2026-09-10 17:18:37 INFO  (GhidraScript) InspectSkypeEntry.java> 005a2fa8 MOV EDX,dword ptr [ECX]  
2026-09-10 17:18:37 INFO  (GhidraScript) InspectSkypeEntry.java> 005a2faa MOV EDX,dword ptr [EDX + 0x8]  
2026-09-10 17:18:37 INFO  (GhidraScript) InspectSkypeEntry.java> 005a2fad PUSH 0x3  
2026-09-10 17:18:37 INFO  (GhidraScript) InspectSkypeEntry.java> 005a2faf LEA EAX,[ESP + 0x14]  
2026-09-10 17:18:37 INFO  (GhidraScript) InspectSkypeEntry.java> 005a2fb3 PUSH EAX  
2026-09-10 17:18:37 INFO  (GhidraScript) InspectSkypeEntry.java> 005a2fb4 PUSH 0x139c  
2026-09-10 17:18:37 INFO  (GhidraScript) InspectSkypeEntry.java> 005a2fb9 CALL EDX  
2026-09-10 17:18:37 INFO  (GhidraScript) InspectSkypeEntry.java> 005a2fbb MOV dword ptr [ESI + 0x1f6],EAX  
2026-09-10 17:18:37 INFO  (GhidraScript) InspectSkypeEntry.java> 005a2fc1 LEA ESI,[ESP + 0xc]  
2026-09-10 17:18:37 INFO  (GhidraScript) InspectSkypeEntry.java> 005a2fc5 MOV dword ptr [ESP + 0x8],0xb886e8  
2026-09-10 17:18:37 INFO  (GhidraScript) InspectSkypeEntry.java> 005a2fcd CALL 0x004f8d40  
2026-09-10 17:18:37 INFO  (GhidraScript) InspectSkypeEntry.java> 005a2fd2 POP ESI  
2026-09-10 17:18:37 INFO  (GhidraScript) InspectSkypeEntry.java> 005a2fd3 ADD ESP,0x18  
2026-09-10 17:18:37 INFO  (GhidraScript) InspectSkypeEntry.java> 005a2fd6 RET  
2026-09-10 17:18:37 INFO  (GhidraScript) InspectSkypeEntry.java> 005a8020 PUSH EBP  
2026-09-10 17:18:37 INFO  (GhidraScript) InspectSkypeEntry.java> 005a8021 MOV EBP,ESP  
2026-09-10 17:18:37 INFO  (GhidraScript) InspectSkypeEntry.java> 005a8023 AND ESP,0xfffffff8  
2026-09-10 17:18:37 INFO  (GhidraScript) InspectSkypeEntry.java> 005a8026 SUB ESP,0x14  
2026-09-10 17:18:37 INFO  (GhidraScript) InspectSkypeEntry.java> 005a8029 PUSH EBX  
2026-09-10 17:18:37 INFO  (GhidraScript) InspectSkypeEntry.java> 005a802a PUSH ESI  
2026-09-10 17:18:37 INFO  (GhidraScript) InspectSkypeEntry.java> 005a802b MOV ESI,dword ptr [EBP + 0x8]  
2026-09-10 17:18:37 INFO  (GhidraScript) InspectSkypeEntry.java> 005a802e XOR EBX,EBX  
2026-09-10 17:18:37 INFO  (GhidraScript) InspectSkypeEntry.java> 005a8030 CMP dword ptr [ESI + 0x1e5],EBX  
2026-09-10 17:18:37 INFO  (GhidraScript) InspectSkypeEntry.java> 005a8036 PUSH EDI  
2026-09-10 17:18:37 INFO  (GhidraScript) InspectSkypeEntry.java> 005a8037 JNZ 0x005a81a9  
2026-09-10 17:18:37 INFO  (GhidraScript) InspectSkypeEntry.java> 005a803d CMP dword ptr [ESI + 0x509],EBX  
2026-09-10 17:18:37 INFO  (GhidraScript) InspectSkypeEntry.java> 005a8043 JZ 0x005a81a9  
2026-09-10 17:18:37 INFO  (GhidraScript) InspectSkypeEntry.java> 005a8049 MOV EDI,dword ptr [ESI + 0xe]  
2026-09-10 17:18:37 INFO  (GhidraScript) InspectSkypeEntry.java> 005a804c MOV EAX,[0x00d2e924]  
2026-09-10 17:18:37 INFO  (GhidraScript) InspectSkypeEntry.java> 005a8051 ADD EDI,0x8  
2026-09-10 17:18:37 INFO  (GhidraScript) InspectSkypeEntry.java> 005a8054 CMP EAX,dword ptr [EDI + 0x10]  
2026-09-10 17:18:37 INFO  (GhidraScript) InspectSkypeEntry.java> 005a8057 MOV dword ptr [ESP + 0xc],EAX  
2026-09-10 17:18:37 INFO  (GhidraScript) InspectSkypeEntry.java> 005a805b JC 0x005a806e  
2026-09-10 17:18:37 INFO  (GhidraScript) InspectSkypeEntry.java> 005a805d PUSH 0xc84814  
2026-09-10 17:18:37 INFO  (GhidraScript) InspectSkypeEntry.java> 005a8062 CALL 0x0051fb50  
2026-09-10 17:18:37 INFO  (GhidraScript) InspectSkypeEntry.java> 005a8067 MOV EAX,dword ptr [ESP + 0x10]  
2026-09-10 17:18:37 INFO  (GhidraScript) InspectSkypeEntry.java> 005a806b ADD ESP,0x4  
2026-09-10 17:18:37 INFO  (GhidraScript) InspectSkypeEntry.java> 005a806e MOV ECX,dword ptr [EDI + 0xc]  
2026-09-10 17:18:37 INFO  (GhidraScript) InspectSkypeEntry.java> 005a8071 MOV ECX,dword ptr [ECX + EAX*0x4]  
2026-09-10 17:18:37 INFO  (GhidraScript) InspectSkypeEntry.java> 005a8074 MOV EDX,dword ptr [ECX]  
2026-09-10 17:18:37 INFO  (GhidraScript) InspectSkypeEntry.java> 005a8076 MOV EAX,dword ptr [EDX + 0x1c]  
2026-09-10 17:18:37 INFO  (GhidraScript) InspectSkypeEntry.java> 005a8079 CALL EAX  
2026-09-10 17:18:37 INFO  (GhidraScript) InspectSkypeEntry.java> 005a807b TEST AL,AL  
2026-09-10 17:18:37 INFO  (GhidraScript) InspectSkypeEntry.java> 005a807d JNZ 0x005a808f  
2026-09-10 17:18:37 INFO  (GhidraScript) InspectSkypeEntry.java> 005a807f MOV byte ptr [ESI + 0x39a],0x1  
2026-09-10 17:18:37 INFO  (GhidraScript) InspectSkypeEntry.java> 005a8086 POP EDI  
2026-09-10 17:18:37 INFO  (GhidraScript) InspectSkypeEntry.java> 005a8087 POP ESI  
2026-09-10 17:18:37 INFO  (GhidraScript) InspectSkypeEntry.java> 005a8088 POP EBX  
2026-09-10 17:18:37 INFO  (GhidraScript) InspectSkypeEntry.java> 005a8089 MOV ESP,EBP  
2026-09-10 17:18:37 INFO  (GhidraScript) InspectSkypeEntry.java> 005a808b POP EBP  
2026-09-10 17:18:37 INFO  (GhidraScript) InspectSkypeEntry.java> 005a808c RET 0x4  
2026-09-10 17:18:37 INFO  (GhidraScript) InspectSkypeEntry.java> 005a808f PUSH 0xc90e6c  
2026-09-10 17:18:37 INFO  (GhidraScript) InspectSkypeEntry.java> 005a8094 MOV byte ptr [ESI + 0x39a],BL  
2026-09-10 17:18:37 INFO  (GhidraScript) InspectSkypeEntry.java> 005a809a MOV dword ptr [ESI + 0x20b],EBX  
2026-09-10 17:18:37 INFO  (GhidraScript) InspectSkypeEntry.java> 005a80a0 CALL 0x0051fb10  
2026-09-10 17:18:37 INFO  (GhidraScript) InspectSkypeEntry.java> 005a80a5 ADD ESP,0x4  
2026-09-10 17:18:37 INFO  (GhidraScript) InspectSkypeEntry.java> 005a80a8 LEA ECX,[ESI + 0x656]  
2026-09-10 17:18:37 INFO  (GhidraScript) InspectSkypeEntry.java> 005a80ae PUSH ECX  
2026-09-10 17:18:37 INFO  (GhidraScript) InspectSkypeEntry.java> 005a80af PUSH 0x21  
2026-09-10 17:18:37 INFO  (GhidraScript) InspectSkypeEntry.java> 005a80b1 MOV EDI,0x80  
2026-09-10 17:18:37 INFO  (GhidraScript) InspectSkypeEntry.java> 005a80b6 LEA EAX,[ESP + 0x18]  
2026-09-10 17:18:37 INFO  (GhidraScript) InspectSkypeEntry.java> 005a80ba MOV dword ptr [ESP + 0x18],0xb886e8  
2026-09-10 17:18:37 INFO  (GhidraScript) InspectSkypeEntry.java> 005a80c2 MOV dword ptr [ESP + 0x24],EBX  
2026-09-10 17:18:37 INFO  (GhidraScript) InspectSkypeEntry.java> 005a80c6 MOV dword ptr [ESP + 0x20],EBX  
2026-09-10 17:18:37 INFO  (GhidraScript) InspectSkypeEntry.java> 005a80ca MOV dword ptr [ESP + 0x1c],EBX  
2026-09-10 17:18:37 INFO  (GhidraScript) InspectSkypeEntry.java> 005a80ce CALL 0x00518e20  
2026-09-10 17:18:37 INFO  (GhidraScript) InspectSkypeEntry.java> 005a80d3 MOV EDX,dword ptr [ESI + 0xe]  
2026-09-10 17:18:37 INFO  (GhidraScript) InspectSkypeEntry.java> 005a80d6 MOV EAX,dword ptr [EDX + 0x368]  
2026-09-10 17:18:37 INFO  (GhidraScript) InspectSkypeEntry.java> 005a80dc MOV EDI,dword ptr [EAX + 0x13]  
2026-09-10 17:18:37 INFO  (GhidraScript) InspectSkypeEntry.java> 005a80df MOV EBX,dword ptr [EAX + 0x17]  
2026-09-10 17:18:37 INFO  (GhidraScript) InspectSkypeEntry.java> 005a80e2 MOV EAX,dword ptr [ESP + 0x1c]  
2026-09-10 17:18:37 INFO  (GhidraScript) InspectSkypeEntry.java> 005a80e6 PUSH EAX  
2026-09-10 17:18:37 INFO  (GhidraScript) InspectSkypeEntry.java> 005a80e7 LEA EAX,[ESP + 0x18]  
2026-09-10 17:18:37 INFO  (GhidraScript) InspectSkypeEntry.java> 005a80eb CALL 0x0051ad40  
2026-09-10 17:18:37 INFO  (GhidraScript) InspectSkypeEntry.java> 005a80f0 MOV dword ptr [EAX],0x1  
2026-09-10 17:18:37 INFO  (GhidraScript) InspectSkypeEntry.java> 005a80f6 MOV dword ptr [EAX + 0x4],0x31  
2026-09-10 17:18:37 INFO  (GhidraScript) InspectSkypeEntry.java> 005a80fd MOV dword ptr [EAX + 0x8],EDI  
2026-09-10 17:18:37 INFO  (GhidraScript) InspectSkypeEntry.java> 005a8100 MOV dword ptr [EAX + 0xc],EBX  
2026-09-10 17:18:37 INFO  (GhidraScript) InspectSkypeEntry.java> 005a8103 MOV EDX,dword ptr [ESI + 0xe]  
2026-09-10 17:18:37 INFO  (GhidraScript) InspectSkypeEntry.java> 005a8106 MOV EAX,dword ptr [EDX + 0x368]  
2026-09-10 17:18:37 INFO  (GhidraScript) InspectSkypeEntry.java> 005a810c PUSH 0x33  
2026-09-10 17:18:37 INFO  (GhidraScript) InspectSkypeEntry.java> 005a810e LEA ECX,[ESP + 0x14]  
2026-09-10 17:18:37 INFO  (GhidraScript) InspectSkypeEntry.java> 005a8112 PUSH ECX  
2026-09-10 17:18:37 INFO  (GhidraScript) InspectSkypeEntry.java> 005a8113 PUSH EAX  
2026-09-10 17:18:37 INFO  (GhidraScript) InspectSkypeEntry.java> 005a8114 CALL 0x00742060  
2026-09-10 17:18:37 INFO  (GhidraScript) InspectSkypeEntry.java> 005a8119 XOR ESI,ESI  
2026-09-10 17:18:37 INFO  (GhidraScript) InspectSkypeEntry.java> 005a811b XOR ESI,0x79a56d  
2026-09-10 17:18:37 INFO  (GhidraScript) InspectSkypeEntry.java> 005a8121 MOV ECX,0x3d8bda  
2026-09-10 17:18:38 INFO  (GhidraScript) InspectSkypeEntry.java> 
void __fastcall FUN_005a2f80(int param_1)

{
  undefined4 uVar1;
  undefined4 uVar2;
  undefined4 *puVar3;
  undefined4 uStack_14;
  undefined4 uStack_10;
  undefined4 uStack_c;
  undefined4 uStack_8;
  
  uStack_8 = 0;
  uStack_c = 0;
  uStack_10 = 0;
  uStack_14 = 0xb886e8;
  puVar3 = &uStack_14;
  uVar2 = 0x139c;
  uVar1 = (**(code **)(**(int **)(*(int *)(param_1 + 0xe) + 0x3ac) + 8))(0x139c,puVar3,3,0x37,0);
  *(undefined4 *)(param_1 + 0x1f6) = uVar1;
  func_0x004f8d40(uVar2,puVar3,0xb886e8);
  return;
}

  
2026-09-10 17:18:38 INFO  (HeadlessAnalyzer) SCRIPT: I:\SkypeReverse\skypeopensource2\skyserver\tools\InspectSkypeEntry.java  
2026-09-10 17:18:38 INFO  (GhidraScript) InspectSkypeEntry.java> SKYPE_ENTRY 005a33b0  
2026-09-10 17:18:39 INFO  (GhidraScript) InspectSkypeEntry.java> 005a33b0 PUSH EBP  
2026-09-10 17:18:39 INFO  (GhidraScript) InspectSkypeEntry.java> 005a33b1 MOV EBP,ESP  
2026-09-10 17:18:39 INFO  (GhidraScript) InspectSkypeEntry.java> 005a33b3 AND ESP,0xfffffff8  
2026-09-10 17:18:39 INFO  (GhidraScript) InspectSkypeEntry.java> 005a33b6 SUB ESP,0xac  
2026-09-10 17:18:39 INFO  (GhidraScript) InspectSkypeEntry.java> 005a33bc PUSH EBX  
2026-09-10 17:18:39 INFO  (GhidraScript) InspectSkypeEntry.java> 005a33bd PUSH ESI  
2026-09-10 17:18:39 INFO  (GhidraScript) InspectSkypeEntry.java> 005a33be MOV EBX,ECX  
2026-09-10 17:18:39 INFO  (GhidraScript) InspectSkypeEntry.java> 005a33c0 PUSH EDI  
2026-09-10 17:18:39 INFO  (GhidraScript) InspectSkypeEntry.java> 005a33c1 XOR EDI,EDI  
2026-09-10 17:18:39 INFO  (GhidraScript) InspectSkypeEntry.java> 005a33c3 CMP byte ptr [EBX + 0x1c9],0x0  
2026-09-10 17:18:39 INFO  (GhidraScript) InspectSkypeEntry.java> 005a33ca MOV dword ptr [ESP + 0x28],EBX  
2026-09-10 17:18:39 INFO  (GhidraScript) InspectSkypeEntry.java> 005a33ce JZ 0x005a4970  
2026-09-10 17:18:39 INFO  (GhidraScript) InspectSkypeEntry.java> 005a33d4 MOV EAX,dword ptr [EBP + 0x8]  
2026-09-10 17:18:39 INFO  (GhidraScript) InspectSkypeEntry.java> 005a33d7 CMP EAX,EDI  
2026-09-10 17:18:39 INFO  (GhidraScript) InspectSkypeEntry.java> 005a33d9 MOV ESI,dword ptr [EBP + 0xc]  
2026-09-10 17:18:39 INFO  (GhidraScript) InspectSkypeEntry.java> 005a33dc JZ 0x005a3a50  
2026-09-10 17:18:39 INFO  (GhidraScript) InspectSkypeEntry.java> 005a33e2 CMP EAX,dword ptr [EBX + 0x1d2]  
2026-09-10 17:18:39 INFO  (GhidraScript) InspectSkypeEntry.java> 005a33e8 JNZ 0x005a3445  
2026-09-10 17:18:39 INFO  (GhidraScript) InspectSkypeEntry.java> 005a33ea MOV EAX,dword ptr [EBX + 0x1ce]  
2026-09-10 17:18:39 INFO  (GhidraScript) InspectSkypeEntry.java> 005a33f0 PUSH EAX  
2026-09-10 17:18:39 INFO  (GhidraScript) InspectSkypeEntry.java> 005a33f1 PUSH ESI  
2026-09-10 17:18:39 INFO  (GhidraScript) InspectSkypeEntry.java> 005a33f2 PUSH 0xc9079c  
2026-09-10 17:18:39 INFO  (GhidraScript) InspectSkypeEntry.java> 005a33f7 CALL 0x0051fb10  
2026-09-10 17:18:39 INFO  (GhidraScript) InspectSkypeEntry.java> 005a33fc ADD ESP,0xc  
2026-09-10 17:18:39 INFO  (GhidraScript) InspectSkypeEntry.java> 005a33ff CMP byte ptr [EBX + 0x388],0x0  
2026-09-10 17:18:39 INFO  (GhidraScript) InspectSkypeEntry.java> 005a3406 JNZ 0x005a342e  
2026-09-10 17:18:39 INFO  (GhidraScript) InspectSkypeEntry.java> 005a3408 PUSH 0xb88638  
2026-09-10 17:18:39 INFO  (GhidraScript) InspectSkypeEntry.java> 005a340d PUSH 0xb88638  
2026-09-10 17:18:39 INFO  (GhidraScript) InspectSkypeEntry.java> 005a3412 PUSH 0xd17  
2026-09-10 17:18:39 INFO  (GhidraScript) InspectSkypeEntry.java> 005a3417 PUSH 0xc8f8bc  
2026-09-10 17:18:39 INFO  (GhidraScript) InspectSkypeEntry.java> 005a341c PUSH 0xc907ac  
2026-09-10 17:18:39 INFO  (GhidraScript) InspectSkypeEntry.java> 005a3421 PUSH 0xb89a44  
2026-09-10 17:18:39 INFO  (GhidraScript) InspectSkypeEntry.java> 005a3426 CALL 0x0051fb30  
2026-09-10 17:18:39 INFO  (GhidraScript) InspectSkypeEntry.java> 005a342b ADD ESP,0x18  
2026-09-10 17:18:39 INFO  (GhidraScript) InspectSkypeEntry.java> 005a342e MOV ECX,dword ptr [EBP + 0x10]  
2026-09-10 17:18:39 INFO  (GhidraScript) InspectSkypeEntry.java> 005a3431 PUSH ECX  
2026-09-10 17:18:39 INFO  (GhidraScript) InspectSkypeEntry.java> 005a3432 PUSH ESI  
2026-09-10 17:18:39 INFO  (GhidraScript) InspectSkypeEntry.java> 005a3433 ADD EBX,-0x13  
2026-09-10 17:18:39 INFO  (GhidraScript) InspectSkypeEntry.java> 005a3436 PUSH EBX  
2026-09-10 17:18:39 INFO  (GhidraScript) InspectSkypeEntry.java> 005a3437 CALL 0x005a2620  
2026-09-10 17:18:39 INFO  (GhidraScript) InspectSkypeEntry.java> 005a343c POP EDI  
2026-09-10 17:18:39 INFO  (GhidraScript) InspectSkypeEntry.java> 005a343d POP ESI  
2026-09-10 17:18:39 INFO  (GhidraScript) InspectSkypeEntry.java> 005a343e POP EBX  
2026-09-10 17:18:39 INFO  (GhidraScript) InspectSkypeEntry.java> 005a343f MOV ESP,EBP  
2026-09-10 17:18:39 INFO  (GhidraScript) InspectSkypeEntry.java> 005a3441 POP EBP  
2026-09-10 17:18:39 INFO  (GhidraScript) InspectSkypeEntry.java> 005a3442 RET 0xc  
2026-09-10 17:18:39 INFO  (GhidraScript) InspectSkypeEntry.java> 005a3445 CMP EAX,dword ptr [EBX + 0x1d6]  
2026-09-10 17:18:39 INFO  (GhidraScript) InspectSkypeEntry.java> 005a344b JNZ 0x005a35c0  
2026-09-10 17:18:39 INFO  (GhidraScript) InspectSkypeEntry.java> 005a3451 MOV EDX,dword ptr [EBX + 0x1ce]  
2026-09-10 17:18:39 INFO  (GhidraScript) InspectSkypeEntry.java> 005a3457 PUSH EDX  
2026-09-10 17:18:39 INFO  (GhidraScript) InspectSkypeEntry.java> 005a3458 PUSH ESI  
2026-09-10 17:18:39 INFO  (GhidraScript) InspectSkypeEntry.java> 005a3459 PUSH 0xc907b4  
2026-09-10 17:18:39 INFO  (GhidraScript) InspectSkypeEntry.java> 005a345e CALL 0x0051fb10  
2026-09-10 17:18:39 INFO  (GhidraScript) InspectSkypeEntry.java> 005a3463 ADD ESP,0xc  
2026-09-10 17:18:39 INFO  (GhidraScript) InspectSkypeEntry.java> 005a3466 CMP ESI,0x1068  
2026-09-10 17:18:39 INFO  (GhidraScript) InspectSkypeEntry.java> 005a346c MOV dword ptr [EBX + 0x1d6],EDI  
2026-09-10 17:18:39 INFO  (GhidraScript) InspectSkypeEntry.java> 005a3472 MOV ECX,0x3  
2026-09-10 17:18:39 INFO  (GhidraScript) InspectSkypeEntry.java> 005a3477 JZ 0x005a34c6  
2026-09-10 17:18:39 INFO  (GhidraScript) InspectSkypeEntry.java> 005a3479 CMP ESI,0x106a  
2026-09-10 17:18:39 INFO  (GhidraScript) InspectSkypeEntry.java> 005a347f JZ 0x005a34c6  
2026-09-10 17:18:39 INFO  (GhidraScript) InspectSkypeEntry.java> 005a3481 CMP ESI,0x75f8  
2026-09-10 17:18:39 INFO  (GhidraScript) InspectSkypeEntry.java> 005a3487 JZ 0x005a34c6  
2026-09-10 17:18:39 INFO  (GhidraScript) InspectSkypeEntry.java> 005a3489 CMP ESI,0x1131  
2026-09-10 17:18:39 INFO  (GhidraScript) InspectSkypeEntry.java> 005a348f JZ 0x005a34b5  
2026-09-10 17:18:39 INFO  (GhidraScript) InspectSkypeEntry.java> 005a3491 CMP ESI,0x1136  
2026-09-10 17:18:39 INFO  (GhidraScript) InspectSkypeEntry.java> 005a3497 JZ 0x005a34b5  
2026-09-10 17:18:39 INFO  (GhidraScript) InspectSkypeEntry.java> 005a3499 CMP ESI,0x1ce9  
2026-09-10 17:18:39 INFO  (GhidraScript) InspectSkypeEntry.java> 005a349f JZ 0x005a34b5  
2026-09-10 17:18:39 INFO  (GhidraScript) InspectSkypeEntry.java> 005a34a1 CMP ESI,0x20d1  
2026-09-10 17:18:39 INFO  (GhidraScript) InspectSkypeEntry.java> 005a34a7 JZ 0x005a34b5  
2026-09-10 17:18:39 INFO  (GhidraScript) InspectSkypeEntry.java> 005a34a9 CMP ESI,0x20d3  
2026-09-10 17:18:39 INFO  (GhidraScript) InspectSkypeEntry.java> 005a34af JNZ 0x005a356f  
2026-09-10 17:18:39 INFO  (GhidraScript) InspectSkypeEntry.java> 005a34b5 MOV byte ptr [EBX + 0x1f7],0x0  
2026-09-10 17:18:39 INFO  (GhidraScript) InspectSkypeEntry.java> 005a34bc MOV ECX,0x2  
2026-09-10 17:18:39 INFO  (GhidraScript) InspectSkypeEntry.java> 005a34c1 JMP 0x005a356f  
2026-09-10 17:18:39 INFO  (GhidraScript) InspectSkypeEntry.java> 005a34c6 XOR ECX,ECX  
2026-09-10 17:18:39 INFO  (GhidraScript) InspectSkypeEntry.java> 005a34c8 CMP ESI,0x106a  
2026-09-10 17:18:39 INFO  (GhidraScript) InspectSkypeEntry.java> 005a34ce SETNZ CL  
2026-09-10 17:18:39 INFO  (GhidraScript) InspectSkypeEntry.java> 005a34d1 SUB ECX,0x1  
2026-09-10 17:18:39 INFO  (GhidraScript) InspectSkypeEntry.java> 005a34d4 AND ECX,0x4  
2026-09-10 17:18:39 INFO  (GhidraScript) InspectSkypeEntry.java> 005a34d7 CMP dword ptr [EBX + 0x4f6],EDI  
2026-09-10 17:18:39 INFO  (GhidraScript) InspectSkypeEntry.java> 005a34dd MOV dword ptr [ESP + 0x18],ECX  
2026-09-10 17:18:39 INFO  (GhidraScript) InspectSkypeEntry.java> 005a34e1 JZ 0x005a356f  
2026-09-10 17:18:39 INFO  (GhidraScript) InspectSkypeEntry.java> 005a34e7 MOV EBX,0xcff9  
2026-09-10 17:18:39 INFO  (GhidraScript) InspectSkypeEntry.java> 005a34ec ADD EBX,0x60b0f9  
2026-09-10 17:18:39 INFO  (GhidraScript) InspectSkypeEntry.java> 005a34f2 MOV ESI,EBX  
2026-09-10 17:18:39 INFO  (GhidraScript) InspectSkypeEntry.java> 005a34f4 JMP 0x005a34f7  
2026-09-10 17:18:39 INFO  (GhidraScript) InspectSkypeEntry.java> 005a34f7 ADD ESI,0x3ad026  
2026-09-10 17:18:39 INFO  (GhidraScript) InspectSkypeEntry.java> 005a34fd MOV EDX,ESI  
2026-09-10 17:18:39 INFO  (GhidraScript) InspectSkypeEntry.java> 005a34ff ADD EDX,0xff63af15  
2026-09-10 17:18:39 INFO  (GhidraScript) InspectSkypeEntry.java> 005a3505 MOV EDI,dword ptr [EBX + 0x8]  
2026-09-10 17:18:39 INFO  (GhidraScript) InspectSkypeEntry.java> 005a3508 ADD ESI,EDI  
2026-09-10 17:18:39 INFO  (GhidraScript) InspectSkypeEntry.java> 005a350a ADD EBX,0x4  
2026-09-10 17:18:39 INFO  (GhidraScript) InspectSkypeEntry.java> 005a3510 DEC EDX  
2026-09-10 17:18:39 INFO  (GhidraScript) InspectSkypeEntry.java> 005a3511 OR EDX,EDX  
2026-09-10 17:18:39 INFO  (GhidraScript) InspectSkypeEntry.java> 005a3513 JNZ 0x005a3505  
2026-09-10 17:18:39 INFO  (GhidraScript) InspectSkypeEntry.java> 005a3515 MOV EAX,0x5ccdc4e3  
2026-09-10 17:18:39 INFO  (GhidraScript) InspectSkypeEntry.java> 005a351a JMP 0x005a3530  
2026-09-10 17:18:39 INFO  (GhidraScript) InspectSkypeEntry.java> 005a3530 SUB EAX,ESI  
2026-09-10 17:18:39 INFO  (GhidraScript) InspectSkypeEntry.java> 005a3532 MOV EBX,dword ptr [ESP + 0x28]  
2026-09-10 17:18:39 INFO  (GhidraScript) InspectSkypeEntry.java> 005a3536 MOV ECX,dword ptr [EBX + 0x1e7]  
2026-09-10 17:18:39 INFO  (GhidraScript) InspectSkypeEntry.java> 005a353c LEA EAX,[EAX + EBX*0x1 + 0x284]  
2026-09-10 17:18:39 INFO  (GhidraScript) InspectSkypeEntry.java> 005a3543 MOV dword ptr [EAX],ECX  
2026-09-10 17:18:39 INFO  (GhidraScript) InspectSkypeEntry.java> 005a3545 MOV EDX,dword ptr [EBX + 0x1eb]  
2026-09-10 17:18:39 INFO  (GhidraScript) InspectSkypeEntry.java> 005a354b MOV dword ptr [EAX + 0x4],EDX  
2026-09-10 17:18:39 INFO  (GhidraScript) InspectSkypeEntry.java> 005a354e MOV ECX,dword ptr [EBX + 0x1ef]  
2026-09-10 17:18:39 INFO  (GhidraScript) InspectSkypeEntry.java> 005a3554 MOV dword ptr [EAX + 0x8],ECX  
2026-09-10 17:18:39 INFO  (GhidraScript) InspectSkypeEntry.java> 005a3557 MOV EDX,dword ptr [EBX + 0x1f3]  
2026-09-10 17:18:39 INFO  (GhidraScript) InspectSkypeEntry.java> 005a355d MOV dword ptr [EAX + 0xc],EDX  
2026-09-10 17:18:39 INFO  (GhidraScript) InspectSkypeEntry.java> 005a3560 LEA EAX,[EBX + -0x13]  
2026-09-10 17:18:39 INFO  (GhidraScript) InspectSkypeEntry.java> 005a3563 PUSH EAX  
2026-09-10 17:18:39 INFO  (GhidraScript) InspectSkypeEntry.java> 005a3564 CALL 0x005a8020  
2026-09-10 17:18:39 INFO  (GhidraScript) InspectSkypeEntry.java> 005a3569 MOV ECX,dword ptr [ESP + 0x18]  
2026-09-10 17:18:39 INFO  (GhidraScript) InspectSkypeEntry.java> 005a356d XOR EDI,EDI  
2026-09-10 17:18:39 INFO  (GhidraScript) InspectSkypeEntry.java> 005a356f MOV EAX,dword ptr [EBX + -0x5]  
2026-09-10 17:18:39 INFO  (GhidraScript) InspectSkypeEntry.java> 005a3572 MOV EAX,dword ptr [EAX + 0x3b4]  
2026-09-10 17:18:39 INFO  (GhidraScript) InspectSkypeEntry.java> 005a3578 CMP EAX,EDI  
2026-09-10 17:18:39 INFO  (GhidraScript) InspectSkypeEntry.java> 005a357a JZ 0x005a3585  
2026-09-10 17:18:39 INFO  (GhidraScript) InspectSkypeEntry.java> 005a357c ADD EAX,0x17  
2026-09-10 17:18:39 INFO  (GhidraScript) InspectSkypeEntry.java> 005a357f MOV dword ptr [ESP + 0x14],EAX  
2026-09-10 17:18:39 INFO  (GhidraScript) InspectSkypeEntry.java> 005a3583 JMP 0x005a3589  
2026-09-10 17:18:39 INFO  (GhidraScript) InspectSkypeEntry.java> 005a3585 MOV dword ptr [ESP + 0x14],EDI  
2026-09-10 17:18:39 INFO  (GhidraScript) InspectSkypeEntry.java> 005a3589 MOV EDX,dword ptr [ESP + 0x14]  
2026-09-10 17:18:39 INFO  (GhidraScript) InspectSkypeEntry.java> 005a358d MOV ESI,dword ptr [EDX]  
2026-09-10 17:18:39 INFO  (GhidraScript) InspectSkypeEntry.java> 005a358f PUSH 0x1  
2026-09-10 17:18:39 INFO  (GhidraScript) InspectSkypeEntry.java> 005a3591 PUSH ECX  
2026-09-10 17:18:39 INFO  (GhidraScript) InspectSkypeEntry.java> 005a3592 PUSH 0x11d  
2026-09-10 17:18:39 INFO  (GhidraScript) InspectSkypeEntry.java> 005a3597 LEA EDI,[ESP + 0x54]  
2026-09-10 17:18:39 INFO  (GhidraScript) InspectSkypeEntry.java> 005a359b ADD ESI,0x18  
2026-09-10 17:18:39 INFO  (GhidraScript) InspectSkypeEntry.java> 005a359e CALL 0x005299f0  
2026-09-10 17:18:42 INFO  (GhidraScript) InspectSkypeEntry.java> 
/* WARNING: Globals starting with '_' overlap smaller symbols at the same address */

void __thiscall FUN_005a33b0(int param_1,int param_2,int *param_3,undefined4 param_4)

{
  byte *pbVar1;
  byte bVar2;
  char cVar3;
  char *pcVar4;
  byte ******ppppppbVar5;
  int iVar6;
  undefined4 uVar7;
  int *piVar8;
  undefined4 *puVar9;
  int iVar10;
  uint uVar11;
  byte ******unaff_EBX;
  int iVar12;
  byte ******unaff_ESI;
  int iVar13;
  byte *pbVar14;
  char *pcVar15;
  bool bVar16;
  bool bVar17;
  undefined8 uVar18;
  undefined4 uStack_11c;
  undefined4 uStack_118;
  undefined4 uStack_114;
  byte ******ppppppbStack_110;
  byte ****ppppbStack_10c;
  byte **ppbStack_108;
  byte **ppbStack_104;
  byte *pbStack_100;
  byte *****pppppbStack_fc;
  undefined4 uStack_f8;
  int *piStack_f4;
  undefined *puStack_f0;
  char *pcStack_ec;
  undefined4 uStack_e8;
  byte *pbStack_e4;
  char *pcStack_e0;
  undefined4 *puStack_dc;
  int **ppiStack_d8;
  byte ******ppppppbStack_d4;
  int iStack_d0;
  char *pcStack_cc;
  byte ******ppppppbStack_c8;
  int *piStack_c4;
  undefined4 uStack_b4;
  undefined4 uStack_b0;
  int *piStack_ac;
  byte ******ppppppbStack_a8;
  undefined4 uStack_a4;
  undefined4 uStack_a0;
  int iStack_9c;
  int iStack_98;
  byte *pbStack_94;
  int iStack_90;
  undefined4 uStack_8c;
  byte ****ppppbStack_88;
  undefined4 uStack_84;
  undefined4 uStack_80;
  byte *****pppppbStack_7c;
  undefined4 uStack_78;
  undefined4 uStack_74;
  undefined4 uStack_70;
  undefined4 uStack_6c;
  undefined4 uStack_68;
  undefined4 auStack_54 [2];
  int *apiStack_4c [2];
  undefined auStack_44 [32];
  undefined *puStack_24;
  uint uStack_20;
  undefined4 uStack_1c;
  
  if (*(char *)(param_1 + 0x1c9) == '\0') {
    return;
  }
  iStack_98 = param_1;
  if (param_2 != 0) {
    if (param_2 == *(int *)(param_1 + 0x1d2)) {
      piStack_c4 = *(int **)(param_1 + 0x1ce);
      ppppppbStack_c8 = (byte ******)param_3;
      pcStack_cc = (char *)0xc9079c;
      iStack_d0 = 0x5a33fc;
      func_0x0051fb10();
      if (*(char *)(param_1 + 0x388) == '\0') {
        piStack_c4 = (int *)0xb88638;
        ppppppbStack_c8 = (byte ******)0xb88638;
        pcStack_cc = (char *)0xd17;
        iStack_d0 = 0xc8f8bc;
        ppppppbStack_d4 = (byte ******)0xc907ac;
        ppiStack_d8 = (int **)0xb89a44;
        puStack_dc = (undefined4 *)0x5a342b;
        func_0x0051fb30();
      }
      piStack_c4 = (int *)param_4;
      ppppppbStack_c8 = (byte ******)param_3;
      pcStack_cc = (char *)(param_1 + -0x13);
      iStack_d0 = 0x5a343c;
      func_0x005a2620();
      return;
    }
    if (param_2 == *(int *)(param_1 + 0x1d6)) {
      piStack_c4 = *(int **)(param_1 + 0x1ce);
      ppppppbStack_c8 = (byte ******)param_3;
      pcStack_cc = (char *)0xc907b4;
      iStack_d0 = 0x5a3463;
      func_0x0051fb10();
      iVar6 = iStack_98;
      *(undefined4 *)(param_1 + 0x1d6) = 0;
      if (((param_3 == (int *)0x1068) || (param_3 == (int *)0x106a)) || (param_3 == (int *)0x75f8))
      {
        ppppppbStack_a8 = (byte ******)((param_3 != (int *)0x106a) - 1 & 4);
        ppppppbStack_c8 = ppppppbStack_a8;
        if (*(int *)(param_1 + 0x4f6) != 0) {
          iVar12 = 0x6180f2;
          iVar13 = 0x9c5118;
          iVar10 = 0x2d;
          do {
            iVar13 = iVar13 + *(int *)(iVar12 + 8);
            iVar12 = iVar12 + 4;
            iVar10 = iVar10 + -1;
          } while (iVar10 != 0);
          puVar9 = (undefined4 *)((0x5ccdc767 - iVar13) + iStack_98);
          *puVar9 = *(undefined4 *)(iStack_98 + 0x1e7);
          puVar9[1] = *(undefined4 *)(iStack_98 + 0x1eb);
          puVar9[2] = *(undefined4 *)(iStack_98 + 0x1ef);
          puVar9[3] = *(undefined4 *)(iStack_98 + 499);
          piStack_c4 = (int *)(iStack_98 + -0x13);
          ppppppbStack_c8 = (byte ******)0x5a3569;
          FUN_005a8020();
          ppppppbStack_c8 = ppppppbStack_a8;
          param_1 = iVar6;
        }
      }
      else if (((param_3 == (int *)0x1131) || (param_3 == (int *)0x1136)) ||
              ((param_3 == (int *)0x1ce9 ||
               ((param_3 == (int *)0x20d1 ||
                (ppppppbStack_c8 = (byte ******)(byte *******)0x3, param_3 == (int *)0x20d3)))))) {
        *(undefined *)(param_1 + 0x1f7) = 0;
        ppppppbStack_c8 = (byte ******)(byte *******)0x2;
      }
      iVar6 = *(int *)(*(int *)(param_1 + -5) + 0x3b4);
      if (iVar6 == 0) {
        piStack_ac = (int *)0x0;
      }
      else {
        piStack_ac = (int *)(iVar6 + 0x17);
      }
      iVar6 = *piStack_ac;
      piStack_c4 = (int *)0x1;
      pcStack_cc = (char *)0x11d;
      iStack_d0 = 0x5a35a3;
      iStack_d0 = func_0x005299f0();
      ppppppbStack_d4 = *(byte *******)(param_1 + 0x59);
      ppiStack_d8 = (int **)0x5a35b0;
      (**(code **)(iVar6 + 0x18))();
      ppiStack_d8 = (int **)0x5a35b7;
      func_0x004f2120();
      return;
    }
    if (param_2 == *(int *)(param_1 + 0x1e3)) {
      piStack_c4 = *(int **)(param_1 + 0x1ce);
      ppppppbStack_c8 = (byte ******)param_3;
      pcStack_cc = (char *)0xc907c4;
      iStack_d0 = 0x5a35de;
      func_0x0051fb10();
      *(undefined4 *)(param_1 + 0x1e3) = 0;
      if (param_3 == (int *)0x1068) {
        piStack_c4 = (int *)0x0;
        ppppppbStack_c8 = (byte ******)0x20;
        pcStack_cc = (char *)0x5a35fe;
        uStack_b4 = (char *)func_0x00518410();
        if (uStack_b4 != (char *)0x0) {
          pcVar4 = uStack_b4;
          do {
            cVar3 = *pcVar4;
            pcVar4 = pcVar4 + 1;
          } while (cVar3 != '\0');
          if (pcVar4 != uStack_b4 + 1) {
            pcStack_cc = (char *)&uStack_80;
            iStack_d0 = 0x40;
            uStack_74 = 0;
            uStack_70 = 0;
            uStack_6c = 0;
            uStack_68 = 0;
            uStack_80 = 0;
            pppppbStack_7c = (byte *****)0x0;
            uStack_78 = 0;
            ppppppbStack_d4 = (byte ******)0x5a364c;
            cVar3 = func_0x005969b0();
            if ((cVar3 == '\0') || ((byte ******)pppppbStack_7c == (byte ******)0x0)) {
LAB_005a37ff:
              ppiStack_d8 = (int **)&uStack_b4;
              puStack_dc = (undefined4 *)0x5a3810;
              ppppppbStack_d4 = unaff_ESI;
              func_0x0051b190();
              puStack_dc = (undefined4 *)0x1;
              pcStack_e0 = &stack0xffffff44;
              pbStack_e4 = (byte *)0x40;
              uStack_e8 = &piStack_ac;
              pcStack_ec = (char *)0x5a3823;
              pcStack_ec = (char *)func_0x00529ad0();
              puStack_f0 = (undefined *)0x5a382c;
              func_0x005969e0();
              puStack_f0 = (undefined *)0x5a3835;
              func_0x004f2120();
              puStack_f0 = (undefined *)0x5a383e;
              func_0x0051bbc0();
              puStack_f0 = (undefined *)0x1;
              piStack_f4 = (int *)0xc90720;
              uStack_f8 = 0x5a3859;
              (**(code **)(*(int *)(*(int *)(param_1 + -5) + 0x235) + 0x28))();
            }
            else {
              ppppppbVar5 = (byte ******)pppppbStack_7c;
              do {
                cVar3 = *(char *)ppppppbVar5;
                ppppppbVar5 = (byte ******)((int)ppppppbVar5 + 1);
              } while (cVar3 != '\0');
              if (ppppppbVar5 == (byte ******)((int)pppppbStack_7c + 1)) goto LAB_005a37ff;
              ppppppbStack_d4 = (byte ******)pppppbStack_7c;
              ppiStack_d8 = (int **)0x5a367c;
              ppppppbStack_a8 = (byte ******)func_0x00aa6649();
              puStack_24 = auStack_44;
              uStack_20 = 0;
              uStack_1c = 8;
              ppppppbStack_d4 = (byte ******)0x5a36ac;
              func_0x006d83e0();
              uVar11 = 0;
              bVar17 = false;
              if (uStack_20 != 0) {
                do {
                  pbVar14 = *(byte **)(puStack_24 + uVar11 * 4);
                  ppppppbVar5 = unaff_ESI;
                  do {
                    bVar2 = *(byte *)ppppppbVar5;
                    bVar16 = bVar2 < *pbVar14;
                    if (bVar2 != *pbVar14) {
LAB_005a36f0:
                      iVar6 = (1 - (uint)bVar16) - (uint)(bVar16 != 0);
                      goto LAB_005a36f5;
                    }
                    if (bVar2 == 0) break;
                    bVar2 = *(byte *)((int)ppppppbVar5 + 1);
                    bVar16 = bVar2 < pbVar14[1];
                    if (bVar2 != pbVar14[1]) goto LAB_005a36f0;
                    ppppppbVar5 = (byte ******)((int)ppppppbVar5 + 2);
                    pbVar14 = pbVar14 + 2;
                  } while (bVar2 != 0);
                  iVar6 = 0;
LAB_005a36f5:
                  if (iVar6 == 0) {
                    bVar17 = true;
                    break;
                  }
                  uVar11 = uVar11 + 1;
                } while (uVar11 < uStack_20);
              }
              ppppppbStack_d4 = ppppppbStack_a8;
              ppiStack_d8 = (int **)0x5a3716;
              func_0x00a926c2();
              if (bVar17) {
                ppppppbStack_d4 = (byte ******)0x2;
                ppiStack_d8 = (int **)0xc90720;
                puStack_dc = (undefined4 *)0x5a37f1;
                (**(code **)(*(int *)(*(int *)(param_1 + -5) + 0x235) + 0x28))();
                puStack_dc = (undefined4 *)0x5a37fd;
                func_0x0053e5f0();
              }
              else {
                ppppppbStack_d4 = (byte ******)0x5a3731;
                func_0x004f2000();
                pcVar4 = uStack_b4;
                do {
                  cVar3 = *pcVar4;
                  pcVar4 = pcVar4 + 1;
                } while (cVar3 != '\0');
                if (((int)pcVar4 - (int)(uStack_b4 + 1) == 0) ||
                   (uStack_b4[((int)pcVar4 - (int)(uStack_b4 + 1)) + -1] == ' ')) {
                  ppiStack_d8 = (int **)0xb8863c;
                }
                else {
                  ppiStack_d8 = (int **)0xc8fc48;
                }
                puStack_dc = &uStack_b4;
                pcStack_e0 = (char *)0x5a3779;
                func_0x0051ba10();
                ppppppbStack_d4 = (byte ******)0x1;
                ppiStack_d8 = (int **)&uStack_b4;
                puStack_dc = (undefined4 *)0x40;
                pcStack_e0 = (char *)&uStack_a4;
                pbStack_e4 = (byte *)0x5a378f;
                pbStack_e4 = (byte *)func_0x00529ad0();
                uStack_e8 = (int **)0x5a3798;
                func_0x005969e0();
                uStack_e8 = (int **)0x5a37a1;
                func_0x004f2120();
                uStack_e8 = (int **)0x1;
                pcStack_ec = (char *)0xc90720;
                puStack_f0 = (undefined *)0x5a37bc;
                (**(code **)(*(int *)(*(int *)(param_1 + -5) + 0x235) + 0x28))();
                puStack_f0 = (undefined *)0x5a37c5;
                func_0x0051bbc0();
                puStack_f0 = (undefined *)0x5a37d1;
                func_0x0053e5f0();
              }
            }
            puStack_f0 = (undefined *)0x5a3862;
            func_0x004f2120();
          }
        }
        pcStack_cc = (char *)0x0;
        iStack_d0 = 0x39;
        ppppppbStack_d4 = (byte ******)0x5a3870;
        ppppppbStack_c8 = (byte ******)func_0x00518120();
        ppppppbStack_a8 = ppppppbStack_c8;
        if ((byte *******)ppppppbStack_c8 != (byte *******)0x0) {
          piStack_c4 = (int *)0x1;
          pcStack_cc = (char *)0xc85;
          iStack_d0 = 0x5a388b;
          iStack_d0 = func_0x005299f0();
          ppppppbStack_d4 = (byte ******)0x5a3894;
          func_0x005969e0();
          ppppppbStack_d4 = (byte ******)0x5a389b;
          func_0x004f2120();
          ppiStack_d8 = (int **)0xc907d4;
          puStack_dc = (undefined4 *)0x5a38aa;
          ppppppbStack_d4 = unaff_EBX;
          func_0x0051fb10();
        }
      }
    }
    if ((param_2 == *(int *)(param_1 + 0x1da)) || (param_2 == *(int *)(param_1 + 0x1de))) {
      piStack_c4 = *(int **)(param_1 + 0x1ce);
      ppppppbStack_c8 = (byte ******)param_3;
      pcStack_cc = (char *)0xc907e0;
      iStack_d0 = 0x5a38db;
      func_0x0051fb10();
      iVar6 = *(int *)(param_1 + 0x1de);
      if (param_2 == iVar6) {
        if (iVar6 == 0) goto LAB_005a38eb;
        *(undefined4 *)(param_1 + 0x1de) = 0;
        *(undefined *)(param_1 + 0x1e2) = 0;
      }
      else {
        iVar6 = 0;
LAB_005a38eb:
        *(undefined4 *)(param_1 + 0x1da) = 0;
      }
      if (param_3 != (int *)0x1068) {
        if (param_3 != (int *)0x20d1) {
          ppppppbStack_c8 = (byte ******)param_3;
          pcStack_cc = (char *)0xc90800;
          iStack_d0 = 0x5a3918;
          piStack_c4 = (int *)iVar6;
          func_0x0051fb10();
          if (iVar6 == 0) {
            piStack_c4 = (int *)0x1f4;
            ppppppbStack_c8 = (byte ******)(param_1 + -0x13);
            pcStack_cc = (char *)0x5a3986;
            func_0x005a3140();
            return;
          }
          piStack_c4 = (int *)0x14;
          ppppppbStack_c8 = (byte ******)0x0;
          uStack_78 = 0xb886e8;
          uStack_6c = 0;
          uStack_70 = 0;
          uStack_74 = 0;
          pcStack_cc = (char *)0x5a393f;
          func_0x00518cf0();
          pcStack_cc = (char *)&uStack_80;
          ppppppbStack_d4 = (byte ******)0x139;
          ppiStack_d8 = (int **)0x5a395d;
          iStack_d0 = iVar6;
          (**(code **)(*(int *)(*(int *)(*(int *)(param_1 + -5) + 0x324) + 0x29) + 0xc))();
          goto LAB_005a3a36;
        }
        if (*(int *)(param_1 + 0x4f6) != 0) {
          piStack_c4 = (int *)0x0;
          ppppppbStack_c8 = (byte ******)0x18;
          pcStack_cc = (char *)0x5a39a5;
          (**(code **)(*(int *)(param_1 + 4) + 0x5c))();
        }
      }
      piStack_c4 = (int *)0x0;
      ppppppbStack_c8 = (byte ******)0x3a;
      pcStack_cc = (char *)0x5a39b0;
      pcStack_cc = (char *)func_0x00518120();
      ppppppbStack_d4 = (byte ******)0xc907f0;
      ppiStack_d8 = (int **)0x5a39c0;
      iStack_d0 = iVar6;
      uStack_b4 = pcStack_cc;
      func_0x0051fb10();
      if (iVar6 == 0) {
        pcStack_cc = uStack_b4;
        iStack_d0 = param_1 + -0x13;
        ppppppbStack_d4 = (byte ******)0x5a39d5;
        func_0x005a3140();
        return;
      }
      uStack_80 = 0xb886e8;
      uStack_74 = 0;
      uStack_78 = 0;
      pppppbStack_7c = (byte *****)0x0;
      if ((uStack_b4 == (char *)0x0) || (((char *)0x9 < uStack_b4 && (uStack_b4 < (char *)0xd)))) {
        pcStack_cc = uStack_b4;
      }
      else {
        pcStack_cc = (char *)0x14;
      }
      iStack_d0 = 0;
      ppppppbStack_d4 = (byte ******)0x5a3a17;
      func_0x00518cf0();
      ppppppbStack_d4 = (byte ******)&ppppbStack_88;
      puStack_dc = (undefined4 *)0x139;
      pcStack_e0 = (char *)0x5a3a36;
      ppiStack_d8 = (int **)iVar6;
      (**(code **)(*(int *)(*(int *)(*(int *)(param_1 + -5) + 0x324) + 0x29) + 0xc))();
LAB_005a3a36:
      uStack_8c = 0xb886e8;
      ppiStack_d8 = (int **)0x5a3a47;
      func_0x004f8d40();
      return;
    }
  }
  if (*(int *)(param_1 + 0x437) == 3) {
    piStack_c4 = (int *)0xffffffff;
    ppppppbStack_c8 = (byte ******)0x5a3a67;
    func_0x0063bf20();
    ppppppbStack_c8 = (byte ******)0x5a3a75;
    iVar6 = func_0x005ad2e0();
    if (iVar6 != 0) {
      if (param_3 == (int *)0x1450) {
        if (*(int *)(param_1 + 0x42f) == 0) {
          ppppppbStack_c8 = (byte ******)0xc90818;
          pcStack_cc = (char *)0x5a3b1d;
          func_0x0051fb10();
          ppppppbStack_c8 = (byte ******)0x1;
          iStack_d0 = 0x5a3b31;
          pcStack_cc = (char *)(param_1 + 0x4a1);
          func_0x005969e0();
          uStack_78 = 0;
          uStack_74 = 0;
          uStack_70 = 0;
          uStack_6c = 0;
          uStack_84 = 0;
          uStack_80 = 0;
          pppppbStack_7c = (byte *****)0x0;
          ppppppbStack_d4 = (byte ******)0x5a3b57;
          iStack_d0 = param_1 + 0x4a1;
          func_0x00529da0();
          ppppppbStack_d4 = (byte ******)0x5a3b5c;
          func_0x004f2120();
          ppppppbStack_d4 = (byte ******)0x0;
          ppiStack_d8 = (int **)0x21;
          *(undefined4 *)(param_1 + 0x437) = 0;
          *(undefined4 *)(param_1 + 0x3e3) = 0;
          puStack_dc = (undefined4 *)0x5a3b73;
          uVar7 = func_0x00518120();
          puStack_dc = (undefined4 *)0x0;
          *(undefined4 *)(param_1 + 999) = uVar7;
          pcStack_e0 = (char *)0x4;
          pbStack_e4 = (byte *)0x5a3b84;
          iVar6 = func_0x00599c60();
          if (iVar6 == 0) {
            pbStack_e4 = (byte *)(param_1 + -0x13);
            uStack_e8 = (int **)0x5a3b91;
            FUN_005a8020();
          }
          pbStack_e4 = (byte *)0x5a3b99;
          func_0x005ac210();
        }
      }
      else {
        ppppppbStack_c8 = (byte ******)0xc90810;
        pcStack_cc = (char *)0x5a3a93;
        func_0x0051fb10();
        ppppppbStack_c8 = (byte ******)0x1;
        pcStack_cc = (char *)0x3;
        iStack_d0 = 0x139;
        ppppppbStack_d4 = (byte ******)0x5a3aa8;
        ppppppbStack_d4 = (byte ******)func_0x005299f0();
        ppiStack_d8 = (int **)0x5a3ab1;
        func_0x005969e0();
        ppiStack_d8 = (int **)0x5a3ab8;
        func_0x004f2120();
        ppiStack_d8 = (int **)(param_1 + 0x4a1);
        uStack_80 = 0;
        pppppbStack_7c = (byte *****)0x0;
        uStack_78 = 0;
        uStack_74 = 0;
        uStack_8c = 0;
        ppppbStack_88 = (byte ****)0x0;
        uStack_84 = 0;
        puStack_dc = (undefined4 *)0x5a3ae6;
        func_0x00529da0();
        puStack_dc = (undefined4 *)0x5a3aeb;
        func_0x004f2120();
        *(undefined4 *)(param_1 + 0x437) = 0;
        *(undefined4 *)(param_1 + 0x3e3) = 0;
        puStack_dc = (undefined4 *)0x5a3b02;
        func_0x005ad5d0();
      }
      if ((*(int *)(param_1 + 0x437) == 0) &&
         (ppppppbStack_c8 = *(byte *******)(param_1 + 999), ppppppbStack_c8 != (byte ******)0x0)) {
        pcStack_cc = (char *)0xc90820;
        iStack_d0 = 0x5a3bbc;
        func_0x0052c940();
        ppppppbStack_c8 = *(byte *******)(param_1 + 999);
        pcStack_cc = (char *)(param_1 + 0x6f3);
        iStack_d0 = 0x5a3bdd;
        (**(code **)(**(int **)(*(int *)(param_1 + -5) + 0x404) + 0x10))();
        *(undefined4 *)(param_1 + 999) = 0;
      }
    }
    ppppppbStack_c8 = (byte ******)0x5a3beb;
    func_0x0063bf70();
  }
  if ((param_2 == 0) || (param_2 != *(int *)(param_1 + 0x3e3))) goto LAB_005a3e20;
  piStack_c4 = *(int **)(param_1 + 0x1ce);
  ppppppbStack_c8 = (byte ******)param_3;
  pcStack_cc = (char *)0xc90828;
  iStack_d0 = 0x5a3c14;
  func_0x0051fb10();
  uStack_78 = 0xb886e8;
  uStack_6c = 0;
  uStack_70 = 0;
  uStack_74 = 0;
  switch(*(undefined4 *)(param_1 + 0x437)) {
  case 1:
    if (param_3 == (int *)0x1450) {
      piStack_c4 = (int *)0x38;
      ppppppbStack_a8 = (byte ******)0x0;
      ppppppbStack_c8 = (byte ******)0x5a3c60;
      piVar8 = (int *)func_0x00517dc0();
      while (piVar8 != (int *)0x0) {
        if (*piVar8 == 5) {
          piStack_c4 = (int *)0x0;
          ppppppbStack_c8 = (byte ******)0x7;
          pcStack_cc = (char *)0x5a3c78;
          iVar6 = func_0x00518120();
          iStack_d0 = 0xc90838;
          ppppppbStack_d4 = (byte ******)0x5a3c85;
          pcStack_cc = (char *)iVar6;
          func_0x0051fb10();
          if (iVar6 != 0) {
            ppppppbStack_c8 = (byte ******)0x7;
            pbStack_94 = (byte *)0xb886e8;
            ppppbStack_88 = (byte ****)0x0;
            uStack_8c = 0;
            iStack_90 = 0;
            pcStack_cc = (char *)0x5a3cac;
            piStack_c4 = (int *)iVar6;
            func_0x00518cf0();
            pcStack_cc = (char *)0x0;
            iStack_d0 = 0x37;
            ppppppbStack_d4 = (byte ******)0x3;
            ppiStack_d8 = (int **)&iStack_9c;
            puStack_dc = (undefined4 *)0x1791;
            pcStack_e0 = (char *)0x5a3ccb;
            (**(code **)(**(int **)(*(int *)(param_1 + -5) + 0x3b0) + 8))();
            uStack_b0 = 0xb886e8;
            pcStack_e0 = (char *)0x5a3cdc;
            func_0x004f8d40();
          }
        }
        ppppppbStack_a8 = (byte ******)((int)ppppppbStack_a8 + 1);
        piStack_c4 = (int *)0x38;
        ppppppbStack_c8 = (byte ******)0x5a3cf1;
        piVar8 = (int *)func_0x00517dc0();
      }
    }
    else if (param_3 != (int *)0x151c) goto LAB_005a4275;
    if (*(int *)(param_1 + 0x1ad) != 0) {
      piStack_c4 = (int *)0x5a3d1a;
      pcVar4 = (char *)func_0x005d6600();
      if ((pcVar4 != (char *)0x0) && (*pcVar4 != '\0')) {
        piStack_c4 = (int *)0x7fffffff;
        ppppppbStack_c8 = (byte ******)0x8;
        pcStack_cc = (char *)0x5a3d40;
        func_0x00518d80();
        pcStack_cc = (char *)0x0;
        iStack_d0 = 9;
        ppppppbStack_d4 = (byte ******)0x5a3d4c;
        func_0x00518cf0();
        ppppppbStack_d4 = (byte ******)0xffffffff;
        ppiStack_d8 = (int **)0xa;
        puStack_dc = (undefined4 *)0x5a3d59;
        func_0x00518cf0();
        puStack_dc = (undefined4 *)0x1;
        pcStack_e0 = (char *)0xb;
        pbStack_e4 = (byte *)0x5a3d66;
        func_0x00518cf0();
        pbStack_e4 = (byte *)0xffffffff;
        uStack_e8 = (int **)0x5a3d72;
        func_0x0063bf20();
        uStack_e8 = (int **)0x0;
        pcStack_ec = (char *)0x37;
        puStack_f0 = (undefined *)0x3;
        piStack_f4 = &iStack_9c;
        uStack_f8 = 0x178f;
        pppppbStack_fc = (byte *****)0x5a3d91;
        uVar7 = (**(code **)(**(int **)(*(int *)(param_1 + -5) + 0x3b0) + 8))();
        pppppbStack_fc = (byte *****)0xc9084c;
        *(undefined4 *)(param_1 + 0x3e3) = uVar7;
        pbStack_100 = (byte *)0x5a3da1;
        func_0x0051fb10();
        *(undefined4 *)(param_1 + 0x437) = 2;
code_r0x005a3db0:
        pppppbStack_fc = (byte *****)0x5a3db5;
        func_0x0063bf70();
        break;
      }
    }
    piStack_c4 = (int *)0x1;
    ppppppbStack_c8 = (byte ******)0x134;
    *(undefined4 *)(param_1 + 0x437) = 0;
    pcStack_cc = (char *)0x5a3e67;
    func_0x00596a40();
    pcStack_cc = (char *)0x5a3e6f;
    puVar9 = (undefined4 *)func_0x0056e0a0();
    pcStack_cc = (char *)0x1;
    iStack_d0 = 0;
    ppppppbStack_d4 = (byte ******)0x1007;
    ppiStack_d8 = (int **)0x5a3e7f;
    (**(code **)*puVar9)();
    ppiStack_d8 = (int **)(param_1 + 0x4a1);
    iStack_9c = 0;
    iStack_98 = 0;
    pbStack_94 = (byte *)0x0;
    iStack_90 = 0;
    ppppppbStack_a8 = (byte ******)0x0;
    uStack_a4 = 0;
    uStack_a0 = 0;
    puStack_dc = (undefined4 *)0x5a3eab;
    func_0x00529da0();
    puStack_dc = (undefined4 *)0x5a3eb0;
    func_0x004f2120();
    puStack_dc = (undefined4 *)0x0;
    pcStack_e0 = (char *)0x21;
    pbStack_e4 = (byte *)0x5a3ebb;
    uVar7 = func_0x00518120();
    *(undefined4 *)(param_1 + 999) = uVar7;
code_r0x005a3ec1:
    pbStack_e4 = (byte *)0x0;
    uStack_e8 = (int **)0x4;
    pcStack_ec = (char *)0x5a3ecc;
    iVar6 = func_0x00599c60();
    if (iVar6 != 0) {
      piStack_c4 = (int *)(param_1 + -0x13);
      ppppppbStack_c8 = (byte ******)0x5a3edd;
      FUN_005a8020();
    }
    break;
  case 2:
    if (param_3 == (int *)0x1450) {
      piStack_c4 = (int *)0xffffffff;
      ppppppbStack_c8 = (byte ******)0x5a3ef8;
      func_0x0063bf20();
      ppppppbStack_c8 = (byte ******)0x0;
      pcStack_cc = (char *)0x7;
      iStack_d0 = 0x5a3f03;
      iStack_d0 = func_0x00518120();
      ppppppbStack_d4 = (byte ******)0xc90854;
      ppiStack_d8 = (int **)0x5a3f12;
      uStack_a4 = iStack_d0;
      func_0x0051fb10();
      iStack_d0 = 0x5a3f20;
      func_0x005ad5d0();
      pcStack_e0 = *(char **)(param_1 + 0x1ad);
      uStack_e8 = (int **)((uint)uStack_e8 & 0xffffff);
      if (pcStack_e0 != (char *)0x0) {
        while (*pcStack_e0 != '\0') {
          pppppbStack_fc = (byte *****)0x5a3f52;
          pcVar4 = (char *)func_0x005d6600();
          cVar3 = *pcVar4;
          if (cVar3 == '\0') break;
          iStack_90 = 0;
          while (('/' < cVar3 && (cVar3 < ':'))) {
            pcVar4 = pcVar4 + 1;
            iStack_90 = cVar3 + -0x30 + iStack_90 * 10;
            cVar3 = *pcVar4;
          }
          pcVar15 = pcVar4 + 1;
          if (*pcVar4 != ',') goto code_r0x005a41f0;
          cVar3 = *pcVar15;
          pcStack_e0 = (char *)0x0;
          if ('/' < cVar3) {
            pcStack_e0 = (char *)0x0;
            do {
              if ('9' < cVar3) break;
              pcVar15 = pcVar15 + 1;
              pcStack_e0 = (char *)(cVar3 + -0x30 + (int)pcStack_e0 * 10);
              cVar3 = *pcVar15;
            } while ('/' < cVar3);
          }
          pbVar14 = (byte *)(pcVar15 + 1);
          if (*pcVar15 != ',') goto code_r0x005a41f0;
          bVar2 = *pbVar14;
          pbStack_e4 = pbVar14;
          while ((bVar2 != 0 && (bVar2 != 0x20))) {
            pbVar1 = pbStack_e4 + 1;
            pbStack_e4 = pbStack_e4 + 1;
            bVar2 = *pbVar1;
          }
          puStack_dc = (undefined4 *)0x0;
          ppiStack_d8 = (int **)0x0;
          if (*pbStack_e4 == 0) {
            pbStack_100 = (byte *)&uStack_8c;
            ppbStack_104 = (byte **)0x5a4079;
            pppppbStack_fc = (byte *****)pbVar14;
            func_0x0051b190();
            ppbStack_108 = &pbStack_e4;
            ppbStack_104 = (byte **)0x0;
            ppppbStack_10c = (byte ****)0x5a4088;
            func_0x0063af20();
            ppbStack_104 = (byte **)0x5a4094;
            func_0x0051bbc0();
          }
          else {
            ppppppbStack_d4 = (byte ******)(pbStack_e4 + -(int)pbVar14);
            pppppbStack_fc = (byte *****)((int)ppppppbStack_d4 + 1);
            pbStack_100 = (byte *)0x5a400b;
            ppbStack_104 = (byte **)func_0x0051e610();
            pppppbStack_fc = (byte *****)ppppppbStack_d4;
            ppbStack_108 = (byte **)0x5a401e;
            pbStack_100 = pbVar14;
            pbStack_94 = (byte *)ppbStack_104;
            func_0x00a92360();
            pppppbStack_fc = (byte *****)pbStack_94;
            pbStack_100 = (byte *)&uStack_84;
            pbStack_e4[(int)pbStack_94 - (int)pbVar14] = 0;
            ppbStack_104 = (byte **)0x5a403e;
            func_0x0051b190();
            ppbStack_108 = &pbStack_e4;
            ppbStack_104 = (byte **)0x0;
            ppppbStack_10c = (byte ****)0x5a404d;
            func_0x0063af20();
            ppbStack_104 = (byte **)0x5a4059;
            func_0x0051bbc0();
            if (iStack_9c != 0) {
              ppbStack_104 = (byte **)iStack_9c;
              ppbStack_108 = (byte **)0x5a406a;
              (*_DAT_00b5d120)();
            }
          }
          ppbStack_104 = (byte **)0x5a409c;
          piVar8 = (int *)func_0x005eb3d0();
          ppbStack_104 = &pbStack_e4;
          ppbStack_108 = (byte **)0x5a40aa;
          iVar6 = (**(code **)(*piVar8 + 8))();
          if (iVar6 == 1) {
            uStack_a0 = 0;
          }
          else {
            if ((iVar6 != 2) && (iVar6 != 4)) {
              ppbStack_108 = (byte **)0x5a41e3;
              func_0x0051bbc0();
              goto code_r0x005a41f0;
            }
            uStack_a0 = 1;
            if ((uStack_e8 != (int **)0x0) && (*(char *)uStack_e8 == '+')) {
              ppbStack_108 = (byte **)((int)uStack_e8 + 1);
              ppppbStack_10c = (byte ****)&ppppbStack_88;
              ppppppbStack_110 = (byte ******)0x5a40e5;
              func_0x0051b190();
              ppppppbStack_110 = (byte ******)iStack_90;
              uStack_114 = 0x5a40f3;
              func_0x0051b000();
              ppppppbStack_110 = (byte ******)0x5a40ff;
              func_0x0051bbc0();
            }
          }
          puVar9 = puStack_dc;
          ppbStack_108 = (byte **)puStack_dc;
          ppppbStack_10c = (byte ****)0x7;
          ppiStack_d8 = (int **)0xb886e8;
          pcStack_cc = (char *)0x0;
          iStack_d0 = 0;
          ppppppbStack_d4 = (byte ******)0x0;
          ppppppbStack_110 = (byte ******)0x5a4129;
          func_0x00518cf0();
          ppppppbStack_110 = ppppppbStack_a8;
          uStack_114 = 1;
          uStack_118 = 0x5a4139;
          func_0x00518cf0();
          uStack_118 = 0x7fffffff;
          uStack_11c = 2;
          func_0x00518d80();
          func_0x00518cf0(3,uStack_b4);
          func_0x00518cf0(4,ppppbStack_10c);
          func_0x0051fb10(0xc90860,puVar9);
          uStack_11c = (**(code **)(**(int **)(*(int *)(param_1 + -5) + 0x3b0) + 8))
                                 (0x1793,&pbStack_100,3,0x37,0);
          func_0x005ad2b0(&uStack_11c);
          uStack_118 = 0xb886e8;
          func_0x004f8d40();
          func_0x0051bbc0();
        }
        if (uStack_e8._3_1_ != '\0') {
          *(undefined4 *)(param_1 + 0x437) = 3;
          *(undefined4 *)(param_1 + 0x3e3) = 0;
          goto code_r0x005a3db0;
        }
      }
code_r0x005a41f0:
      pppppbStack_fc = (byte *****)0xb88638;
      pbStack_100 = (byte *)0xb88638;
      ppbStack_104 = (byte **)0xe56;
      ppbStack_108 = (byte **)0xc8f8bc;
      ppppbStack_10c = (byte ****)0xc908a0;
      ppppppbStack_110 = (byte ******)0xb89a44;
      uStack_114 = 0x5a4213;
      func_0x0051fb30();
      pppppbStack_fc = (byte *****)iStack_d0;
      pbStack_100 = (byte *)0x7;
      *(undefined4 *)(param_1 + 0x437) = 0;
      pcStack_cc = (char *)0xb886e8;
      piStack_c4 = (int *)0x0;
      ppppppbStack_c8 = (byte ******)0x0;
      ppbStack_104 = (byte **)0x5a4241;
      func_0x00518cf0();
      ppbStack_104 = (byte **)0x0;
      ppbStack_108 = (byte **)0x37;
      ppppbStack_10c = (byte ****)0x3;
      ppppppbStack_110 = (byte ******)&ppppppbStack_d4;
      uStack_114 = 0x1791;
      uStack_118 = 0x5a4260;
      (**(code **)(**(int **)(*(int *)(param_1 + -5) + 0x3b0) + 8))();
      uStack_e8 = (int **)0xb886e8;
      uStack_118 = 0x5a426d;
      func_0x004f8d40();
      uStack_118 = 0x5a4275;
      func_0x0063bf70();
    }
  default:
LAB_005a4275:
    piStack_c4 = (int *)0xffffffff;
    ppppppbStack_c8 = (byte ******)0x5a427f;
    func_0x0063bf20();
    ppppppbStack_c8 = (byte ******)0xc90900;
    pcStack_cc = (char *)0x5a4289;
    func_0x0051fb10();
    ppppppbStack_c8 = (byte ******)0x1;
    pcStack_cc = (char *)0x3;
    iStack_d0 = 0x139;
    ppppppbStack_d4 = (byte ******)0x5a42a1;
    ppppppbStack_d4 = (byte ******)func_0x005299f0();
    ppiStack_d8 = (int **)0x5a42aa;
    func_0x005969e0();
    ppiStack_d8 = (int **)0x5a42b1;
    func_0x004f2120();
    ppiStack_d8 = (int **)(param_1 + 0x4a1);
    iStack_9c = 0;
    iStack_98 = 0;
    pbStack_94 = (byte *)0x0;
    iStack_90 = 0;
    ppppppbStack_a8 = (byte ******)0x0;
    uStack_a4 = 0;
    uStack_a0 = 0;
    puStack_dc = (undefined4 *)0x5a42df;
    func_0x00529da0();
    puStack_dc = (undefined4 *)0x5a42e4;
    func_0x004f2120();
    *(undefined4 *)(param_1 + 0x437) = 0;
    *(undefined4 *)(param_1 + 0x3e3) = 0;
    puStack_dc = (undefined4 *)0x5a42fb;
    func_0x005ada80();
    puStack_dc = (undefined4 *)0x5a4306;
    func_0x005ad5d0();
    puStack_dc = (undefined4 *)0x5a430e;
    func_0x0063bf70();
    goto LAB_005a3dc5;
  case 3:
    break;
  case 4:
    if (param_3 != (int *)0x1450) goto LAB_005a4275;
    piStack_c4 = (int *)0xc908a8;
    ppppppbStack_c8 = (byte ******)0x5a4341;
    func_0x0051fb10();
    ppppppbStack_c8 = (byte ******)(param_1 + 0x4a1);
    piStack_c4 = (int *)0x1;
    pcStack_cc = (char *)0x5a4355;
    func_0x005969e0();
    pcStack_cc = (char *)0x0;
    iStack_d0 = 0xc8fe80;
    ppppppbStack_d4 = (byte ******)0x5a436f;
    piStack_ac = (int *)(**(code **)(*(int *)(*(int *)(param_1 + -5) + 0x235) + 0x24))();
    uVar11 = 0;
    ppppppbStack_d4 = (byte ******)0x0;
    switch(*(undefined4 *)(param_1 + 0x4a5)) {
    case 0x281:
      pcVar4 = (char *)0xc8fe98;
      ppppppbStack_d4 = (byte ******)0xc8fec8;
      if (*(int *)(param_1 + 0x4a9) == 0) {
        ppppppbStack_d4 = (byte ******)0xc8feb4;
      }
      uVar11 = 2;
      break;
    default:
      goto code_r0x005a4474;
    case 0x285:
      pcVar4 = (char *)0xc8fed4;
      ppppppbStack_d4 = (byte ******)0xc8fec8;
      if (*(int *)(param_1 + 0x4a9) == 0) {
        ppppppbStack_d4 = (byte ******)0xc8feb4;
      }
      uVar11 = 8;
      break;
    case 0x289:
      iVar6 = *(int *)(param_1 + 0x4a9);
      pcVar4 = (char *)0xc8feec;
      if (iVar6 == 0) {
        ppppppbStack_d4 = (byte ******)0xc8feb4;
code_r0x005a43ef:
        uVar11 = 0x10;
      }
      else if (iVar6 == 1) {
        ppppppbStack_d4 = (byte ******)0xc8ff04;
        uVar11 = 0x10;
      }
      else {
        if (iVar6 != 2) goto code_r0x005a43ef;
        ppppppbStack_d4 = (byte ******)0xc8fec0;
        uVar11 = 0x10;
      }
      break;
    case 0x28d:
      pcVar4 = (char *)0xc8ff18;
      ppppppbStack_d4 = (byte ******)0xc8fec8;
      if (*(int *)(param_1 + 0x4a9) == 2) {
        ppppppbStack_d4 = (byte ******)0xc8feb4;
      }
      uVar11 = 4;
    }
    if (ppppppbStack_d4 != (byte ******)0x0) {
      ppiStack_d8 = apiStack_4c;
      puStack_dc = (undefined4 *)0x5a444b;
      func_0x0051b190();
      puStack_dc = auStack_54;
      pbStack_e4 = (byte *)0x5a4464;
      pcStack_e0 = pcVar4;
      (**(code **)(*(int *)(*(int *)(param_1 + -5) + 0x235) + 0x2c))();
      pbStack_e4 = (byte *)0x5a4470;
      func_0x0051bbc0();
    }
code_r0x005a4474:
    if (((uint)piStack_ac & uVar11) == 0) {
      ppppppbStack_d4 = (byte ******)(uVar11 | (uint)piStack_ac);
      ppiStack_d8 = (int **)0xc8fe80;
      puStack_dc = (undefined4 *)0x5a4494;
      (**(code **)(*(int *)(*(int *)(param_1 + -5) + 0x235) + 0x28))();
    }
    ppppppbStack_d4 = (byte ******)(param_1 + 0x4a1);
    iStack_98 = 0;
    pbStack_94 = (byte *)0x0;
    iStack_90 = 0;
    uStack_8c = 0;
    uStack_a4 = 0;
    uStack_a0 = 0;
    iStack_9c = 0;
    ppiStack_d8 = (int **)0x5a44c0;
    func_0x00529da0();
    ppiStack_d8 = (int **)0x5a44c5;
    func_0x004f2120();
    ppiStack_d8 = (int **)0x0;
    puStack_dc = (undefined4 *)0x21;
    *(undefined4 *)(param_1 + 0x437) = 0;
    pcStack_e0 = (char *)0x5a44d6;
    uVar7 = func_0x00518120();
    *(undefined4 *)(param_1 + 999) = uVar7;
    break;
  case 5:
    if ((param_3 == (int *)0x1450) || (param_3 == (int *)0x151c)) {
      piStack_c4 = (int *)0x38;
      ppppppbStack_a8 = (byte ******)0x0;
      ppppppbStack_c8 = (byte ******)0x5a4514;
      piVar8 = (int *)func_0x00517dc0();
      if (piVar8 != (int *)0x0) {
        do {
          if (*piVar8 == 5) {
            ppppppbStack_c8 = (byte ******)0x0;
            pcStack_cc = (char *)0x7;
            iStack_d0 = 0x5a4530;
            piStack_ac = (int *)func_0x00518120();
            if (piStack_ac != (int *)0x0) goto code_r0x005a4551;
          }
          ppppppbStack_c8 = (byte ******)0x38;
          pcStack_cc = (char *)0x5a4547;
          piVar8 = (int *)func_0x00517dc0();
        } while (piVar8 != (int *)0x0);
        if (piStack_ac != (int *)0x0) {
code_r0x005a4551:
          ppppppbStack_c8 = (byte ******)piStack_ac;
          pcStack_cc = (char *)0x7;
          iStack_98 = 0xb886e8;
          uStack_8c = 0;
          iStack_90 = 0;
          pbStack_94 = (byte *)0x0;
          iStack_d0 = 0x5a4576;
          func_0x00518cf0();
          iStack_d0 = 0;
          ppppppbStack_d4 = (byte ******)0x37;
          ppiStack_d8 = (int **)0x3;
          puStack_dc = &uStack_a0;
          pcStack_e0 = (char *)0x1792;
          pbStack_e4 = (byte *)0x5a4595;
          uVar7 = (**(code **)(**(int **)(*(int *)(param_1 + -5) + 0x3b0) + 8))();
          uStack_b4 = (char *)0xb886e8;
          *(undefined4 *)(param_1 + 0x3e3) = uVar7;
          *(undefined4 *)(param_1 + 0x437) = 6;
          pbStack_e4 = (byte *)0x5a45b2;
          func_0x004f8d40();
          break;
        }
      }
      ppppppbStack_c8 = (byte ******)0x1;
      pcStack_cc = (char *)0x134;
      iStack_d0 = 0x5a45c6;
      func_0x00596a40();
      iStack_d0 = 0x5a45ce;
      puVar9 = (undefined4 *)func_0x0056e0a0();
      iStack_d0 = 1;
      ppppppbStack_d4 = (byte ******)0x0;
      ppiStack_d8 = (int **)0x1007;
      puStack_dc = (undefined4 *)0x5a45de;
      (**(code **)*puVar9)();
      *(undefined4 *)(param_1 + 0x437) = 0;
      *(undefined4 *)(param_1 + 0x3e3) = 0;
      uStack_b4 = *(char **)(*(int *)(param_1 + -5) + 0x235);
      puStack_dc = (undefined4 *)0x0;
      pcStack_e0 = (char *)0xc8fe80;
      pbStack_e4 = (byte *)0x5a4606;
      uVar11 = (**(code **)(uStack_b4 + 0x24))();
      pbStack_e4 = (byte *)(uVar11 | 1);
      uStack_e8 = (int **)0xc8fe80;
      pcStack_ec = (char *)0x5a461a;
      (*(code *)unaff_ESI[10])();
      goto code_r0x005a3ec1;
    }
    *(undefined4 *)(param_1 + 0x437) = 0;
    *(undefined4 *)(param_1 + 0x3e3) = 0;
    break;
  case 6:
    if ((param_3 == (int *)0x1450) || (param_3 == (int *)0x151c)) {
      piStack_c4 = (int *)0x39;
      uStack_a4 = 0;
      uStack_a0 = 0;
      uStack_b0 = CONCAT13(1,(undefined3)uStack_b0);
      ppppppbStack_a8 = (byte ******)0x0;
      ppppppbStack_c8 = (byte ******)0x5a4659;
      piVar8 = (int *)func_0x00517dc0();
      ppppppbVar5 = (byte ******)(byte *)0x0;
      while (piVar8 != (int *)0x0) {
        if (*piVar8 == 5) {
          ppppppbStack_c8 = (byte ******)0x0;
          pcStack_cc = (char *)0x1;
          iStack_d0 = 0x5a4677;
          iVar6 = func_0x00518120();
          if (iVar6 == 0) {
            iStack_9c = 0xc908b0;
            if (uStack_b4._3_1_ == '\0') {
              iStack_9c = 0xc908bc;
            }
            ppppppbStack_c8 = (byte ******)0xb88638;
            pcStack_cc = (char *)0x2;
            iStack_d0 = 0x5a46f1;
            iStack_d0 = func_0x00518410();
            ppppppbStack_d4 = (byte ******)0xffffffff;
            ppiStack_d8 = (int **)0x4;
            puStack_dc = (undefined4 *)0x5a46fd;
            puStack_dc = (undefined4 *)func_0x00518120();
            pcStack_e0 = (char *)0x0;
            pbStack_e4 = (byte *)0x3;
            uStack_e8 = (int **)0x5a4708;
            uStack_e8 = (int **)func_0x00518120();
          }
          else {
            if (iVar6 != 1) goto code_r0x005a4720;
            iStack_9c = 0xc908c8;
            if (uStack_b4._3_1_ == '\0') {
              iStack_9c = 0xc908d4;
            }
            ppppppbStack_c8 = (byte ******)0xb88638;
            pcStack_cc = (char *)0x2;
            iStack_d0 = 0x5a46a8;
            iStack_d0 = func_0x00518410();
            ppppppbStack_d4 = (byte ******)0xffffffff;
            ppiStack_d8 = (int **)0x4;
            puStack_dc = (undefined4 *)0x5a46b4;
            puStack_dc = (undefined4 *)func_0x00518120();
            pcStack_e0 = (char *)0x0;
            pbStack_e4 = (byte *)0x3;
            uStack_e8 = (int **)0x5a46bf;
            uStack_e8 = (int **)func_0x00518120();
          }
          puStack_f0 = &stack0xffffff40;
          piStack_f4 = (int *)0x5a4718;
          pcStack_ec = uStack_b4;
          func_0x0051ba10();
          uStack_b4 = (char *)((uint)uStack_b4 & 0xffffff);
        }
code_r0x005a4720:
        piStack_ac = (int *)((int)piStack_ac + 1);
        ppppppbStack_c8 = (byte ******)0x39;
        pcStack_cc = (char *)0x5a4735;
        piVar8 = (int *)func_0x00517dc0();
        ppppppbVar5 = ppppppbStack_a8;
      }
      pcStack_cc = (char *)0xc908e0;
      iStack_d0 = 0x5a474c;
      ppppppbStack_c8 = ppppppbVar5;
      func_0x0051fb10();
      ppppppbStack_c8 = (byte ******)&iStack_98;
      pcStack_cc = (char *)0x134;
      uStack_8c = 0;
      ppppbStack_88 = (byte ****)0x0;
      uStack_84 = 0;
      uStack_80 = 0;
      iStack_98 = 0;
      pbStack_94 = (byte *)0x0;
      iStack_90 = 0;
      iStack_d0 = 0x5a477d;
      cVar3 = func_0x005969b0();
      if (cVar3 == '\0') {
code_r0x005a47d1:
        iStack_d0 = 0x5a47da;
        iVar6 = func_0x0051b610();
        if (iVar6 == 0) {
          iStack_d0 = 0x5a4808;
          puVar9 = (undefined4 *)func_0x0056e0a0();
          iStack_d0 = 1;
          ppppppbStack_d4 = (byte ******)0x0;
          ppiStack_d8 = (int **)0x1007;
          puStack_dc = (undefined4 *)0x5a4818;
          (**(code **)*puVar9)();
        }
        else {
          iStack_d0 = 0x5a47e8;
          uVar18 = func_0x0056e0a0();
          ppppppbStack_d4 = *(byte *******)((int)((ulonglong)uVar18 >> 0x20) + 0x221);
          iStack_d0 = 1;
          ppiStack_d8 = (int **)0x1007;
          puStack_dc = (undefined4 *)0x5a47fe;
          (**(code **)*(undefined4 *)uVar18)();
        }
        puStack_dc = (undefined4 *)0x1;
        pcStack_e0 = &stack0xffffff44;
        pbStack_e4 = (byte *)0x134;
        uStack_e8 = apiStack_4c;
        pcStack_ec = (char *)0x5a4831;
        pcStack_ec = (char *)func_0x00529ad0();
        puStack_f0 = (undefined *)0x5a483a;
        func_0x005969e0();
        puStack_f0 = (undefined *)0x5a4846;
        func_0x004f2120();
        iVar6 = *(int *)(*(int *)(param_1 + -5) + 0x235);
        ppppppbStack_c8 = (byte ******)(*(int *)(param_1 + -5) + 0x235);
        puStack_f0 = (undefined *)0x5a4861;
        iVar10 = func_0x0051b610();
        puStack_f0 = (undefined *)(uint)(iVar10 != 0);
        piStack_f4 = (int *)0xc908ec;
        uStack_f8 = 0x5a4876;
        (**(code **)(iVar6 + 0x28))();
      }
      else {
        iStack_d0 = 0x5a478a;
        cVar3 = func_0x00529f70();
        if ((bool)cVar3 != (ppppppbVar5 == (byte ******)0x0)) goto code_r0x005a47d1;
        pbVar14 = pbStack_94;
        if (ppppppbVar5 != (byte ******)0x0) {
          do {
            bVar2 = *pbVar14;
            bVar17 = bVar2 < *(byte *)ppppppbVar5;
            if (bVar2 != *(byte *)ppppppbVar5) {
code_r0x005a47c4:
              iVar6 = (1 - (uint)bVar17) - (uint)(bVar17 != 0);
              goto code_r0x005a47c9;
            }
            if (bVar2 == 0) break;
            bVar2 = pbVar14[1];
            bVar17 = bVar2 < *(byte *)((int)ppppppbVar5 + 1);
            if (bVar2 != *(byte *)((int)ppppppbVar5 + 1)) goto code_r0x005a47c4;
            ppppppbVar5 = (byte ******)((int)ppppppbVar5 + 2);
            pbVar14 = pbVar14 + 2;
          } while (bVar2 != 0);
          iVar6 = 0;
code_r0x005a47c9:
          if (iVar6 != 0) goto code_r0x005a47d1;
        }
      }
      *(undefined4 *)(param_1 + 0x437) = 0;
      *(undefined4 *)(param_1 + 0x3e3) = 0;
      ppppppbStack_a8 = *(byte *******)(*(int *)(param_1 + -5) + 0x235);
      iStack_d0 = 0;
      ppppppbStack_d4 = (byte ******)0xc8fe80;
      ppiStack_d8 = (int **)0x5a489e;
      uVar11 = (*(code *)((byte *******)ppppppbStack_a8)[9])();
      ppiStack_d8 = (int **)(uVar11 | 1);
      puStack_dc = (undefined4 *)0xc8fe80;
      pcStack_e0 = (char *)0x5a48b2;
      (**(code **)(uStack_b0 + 0x28))();
      pcStack_e0 = (char *)0x0;
      pbStack_e4 = (byte *)0x4;
      uStack_e8 = (int **)0x5a48bd;
      iVar6 = func_0x00599c60();
      if (iVar6 == 0) {
        uStack_e8 = (int **)(param_1 + -0x13);
        pcStack_ec = (char *)0x5a48ca;
        FUN_005a8020();
      }
      uStack_e8 = (int **)0x5a48d3;
      func_0x004f2120();
      uStack_e8 = (int **)0x5a48dc;
      func_0x0051bbc0();
    }
    else {
      *(undefined4 *)(param_1 + 0x437) = 0;
    }
  }
  if (*(int *)(param_1 + 0x437) == 0) {
    piStack_c4 = (int *)0x5a3dc5;
    func_0x005ac210();
LAB_005a3dc5:
    if ((*(int *)(param_1 + 0x437) == 0) &&
       (piStack_c4 = *(int **)(param_1 + 999), piStack_c4 != (int *)0x0)) {
      ppppppbStack_c8 = (byte ******)0xc90820;
      pcStack_cc = (char *)0x5a3de5;
      func_0x0052c940();
      piStack_c4 = *(int **)(param_1 + 999);
      ppppppbStack_c8 = (byte ******)(param_1 + 0x6f3);
      pcStack_cc = (char *)0x5a3e06;
      (**(code **)(**(int **)(*(int *)(param_1 + -5) + 0x404) + 0x10))();
      *(undefined4 *)(param_1 + 999) = 0;
    }
  }
  uStack_78 = 0xb886e8;
  piStack_c4 = (int *)0x5a3e1d;
  func_0x004f8d40();
LAB_005a3e20:
  if (param_3 == (int *)0x20f2) {
    piStack_c4 = (int *)0x20f2;
    ppppppbStack_c8 = (byte ******)0xc90908;
    pcStack_cc = (char *)0x5a3e40;
    func_0x0052c940();
    ppppppbStack_c8 = (byte ******)0x5a3e49;
    piStack_c4 = (int *)(param_1 + -0x13);
    FUN_005a8020();
    return;
  }
  if ((((param_3 == (int *)0x20d1) || (param_3 == (int *)0x1ce9)) || (param_3 == (int *)0xd49)) ||
     (param_3 == (int *)0x24bb)) {
    piStack_c4 = param_3;
    ppppppbStack_c8 = (byte ******)0xc90914;
    pcStack_cc = (char *)0x5a4914;
    func_0x0052c940();
    ppppppbStack_c8 =
         (byte ******)(*(int *)(*(int *)(param_1 + -5) + 0x221) - *(int *)(param_1 + 0x204));
    if ((ppppppbStack_c8 < 0x7080) &&
       (piStack_c4 = *(int **)(param_1 + 0x208), piStack_c4 != (int *)0x0)) {
      iStack_d0 = 0xc90924;
      ppppppbStack_d4 = (byte ******)0x5a4948;
      pcStack_cc = (char *)*(int *)(param_1 + 0x204);
      func_0x0052c940();
      return;
    }
    piStack_c4 = (int *)0xc9091c;
    ppppppbStack_c8 = (byte ******)0x5a4960;
    func_0x0052c940();
    *(int *)(param_1 + 0x208) = *(int *)(param_1 + 0x208) + 1;
    ppppppbStack_c8 = (byte ******)0x5a4970;
    piStack_c4 = (int *)(param_1 + -0x13);
    FUN_005a8020();
  }
  return;
}

  
2026-09-10 17:18:43 INFO  (HeadlessAnalyzer) REPORT: Save succeeded for processed file: /Skype-uncompressed.image.bin  
