2026-09-10 17:14:18 INFO  (LoggingInitialization) Using log config file: jar:file:/E:/ghidra_11.2.1_PUBLIC/Ghidra/Framework/Generic/lib/Generic.jar!/generic.log4j.xml  
2026-09-10 17:14:18 INFO  (LoggingInitialization) Using log file: skyserver\diagnostics\pe-analysis-20260907-233415\native-login-operations.log  
2026-09-10 17:14:18 INFO  (Preferences) Loading user preferences: C:\Users\IlyaBOT\AppData\Roaming\ghidra\ghidra_11.2.1_PUBLIC\preferences  
2026-09-10 17:14:18 INFO  (ClassSearcher) Searching for classes...  
2026-09-10 17:14:19 INFO  (ClassSearcher) Class search complete (1023 ms)  
2026-09-10 17:14:19 INFO  (SSLContextInitializer) Initializing SSL Context  
2026-09-10 17:14:19 INFO  (SecureRandomFactory) Initializing Random Number Generator...  
2026-09-10 17:14:19 INFO  (SecureRandomFactory) Random Number Generator initialization complete: SHA1PRNG  
2026-09-10 17:14:19 INFO  (ApplicationTrustManagerFactory) Trust manager disabled, cacerts have not been set  
2026-09-10 17:14:19 INFO  (AnalyzeHeadless) Headless startup complete (2243 ms)  
2026-09-10 17:14:19 INFO  (ClassSearcher) Class searcher loaded 57 extension points (18 false positives)  
2026-09-10 17:14:20 INFO  (HeadlessAnalyzer) HEADLESS Script Paths:
    E:\ghidra_11.2.1_PUBLIC\Ghidra\Features\SystemEmulation\ghidra_scripts
    E:\ghidra_11.2.1_PUBLIC\Ghidra\Features\FileFormats\ghidra_scripts
    E:\ghidra_11.2.1_PUBLIC\Ghidra\Debug\Debugger\ghidra_scripts
    E:\ghidra_11.2.1_PUBLIC\Ghidra\Processors\JVM\ghidra_scripts
    E:\ghidra_11.2.1_PUBLIC\Ghidra\Features\BSim\ghidra_scripts
    E:\ghidra_11.2.1_PUBLIC\Ghidra\Features\WildcardAssembler\ghidra_scripts
    E:\ghidra_11.2.1_PUBLIC\Ghidra\Features\SwiftDemangler\ghidra_scripts
    E:\ghidra_11.2.1_PUBLIC\Ghidra\Features\BytePatterns\ghidra_scripts
    E:\ghidra_11.2.1_PUBLIC\Ghidra\Processors\PIC\ghidra_scripts
    E:\ghidra_11.2.1_PUBLIC\Ghidra\Debug\Debugger-agent-dbgmodel-traceloader\ghidra_scripts
    E:\ghidra_11.2.1_PUBLIC\Ghidra\Features\PDB\ghidra_scripts
    E:\ghidra_11.2.1_PUBLIC\Ghidra\Processors\8051\ghidra_scripts
    E:\ghidra_11.2.1_PUBLIC\Ghidra\Debug\Debugger-rmi-trace\ghidra_scripts
    I:\SkypeReverse\skypeopensource2\skyserver\tools
    E:\ghidra_11.2.1_PUBLIC\Ghidra\Features\Jython\ghidra_scripts
    E:\ghidra_11.2.1_PUBLIC\Ghidra\Features\Base\ghidra_scripts
    E:\ghidra_11.2.1_PUBLIC\Ghidra\Features\Decompiler\ghidra_scripts
    E:\ghidra_11.2.1_PUBLIC\Ghidra\Processors\Atmel\ghidra_scripts
    E:\ghidra_11.2.1_PUBLIC\Ghidra\Features\FunctionID\ghidra_scripts
    E:\ghidra_11.2.1_PUBLIC\Ghidra\Debug\Debugger-agent-frida\ghidra_scripts
    E:\ghidra_11.2.1_PUBLIC\Ghidra\Features\VersionTracking\ghidra_scripts
    E:\ghidra_11.2.1_PUBLIC\Ghidra\Features\GnuDemangler\ghidra_scripts
    E:\ghidra_11.2.1_PUBLIC\Ghidra\Features\MicrosoftCodeAnalyzer\ghidra_scripts
    E:\ghidra_11.2.1_PUBLIC\Ghidra\Processors\DATA\ghidra_scripts  
2026-09-10 17:14:20 INFO  (HeadlessAnalyzer) HEADLESS: execution starts  
2026-09-10 17:14:20 INFO  (HeadlessAnalyzer) Opening existing project: I:\SkypeReverse\skypeopensource2\skyserver\diagnostics\pe-analysis-20260907-233415\Skype42  
2026-09-10 17:14:20 INFO  (HeadlessProject) Opening project: I:\SkypeReverse\skypeopensource2\skyserver\diagnostics\pe-analysis-20260907-233415\Skype42  
2026-09-10 17:14:24 INFO  (HeadlessAnalyzer) REPORT: Processing project file: /Skype-uncompressed.image.bin  
2026-09-10 17:14:24 INFO  (HeadlessAnalyzer) SCRIPT: I:\SkypeReverse\skypeopensource2\skyserver\tools\InspectSkypeEntry.java  
2026-09-10 17:14:24 INFO  (GhidraScript) InspectSkypeEntry.java> SKYPE_ENTRY 005a8020  
2026-09-10 17:14:24 INFO  (GhidraScript) InspectSkypeEntry.java> 005a8020 PUSH EBP  
2026-09-10 17:14:24 INFO  (GhidraScript) InspectSkypeEntry.java> 005a8021 MOV EBP,ESP  
2026-09-10 17:14:24 INFO  (GhidraScript) InspectSkypeEntry.java> 005a8023 AND ESP,0xfffffff8  
2026-09-10 17:14:24 INFO  (GhidraScript) InspectSkypeEntry.java> 005a8026 SUB ESP,0x14  
2026-09-10 17:14:24 INFO  (GhidraScript) InspectSkypeEntry.java> 005a8029 PUSH EBX  
2026-09-10 17:14:24 INFO  (GhidraScript) InspectSkypeEntry.java> 005a802a PUSH ESI  
2026-09-10 17:14:24 INFO  (GhidraScript) InspectSkypeEntry.java> 005a802b MOV ESI,dword ptr [EBP + 0x8]  
2026-09-10 17:14:24 INFO  (GhidraScript) InspectSkypeEntry.java> 005a802e XOR EBX,EBX  
2026-09-10 17:14:24 INFO  (GhidraScript) InspectSkypeEntry.java> 005a8030 CMP dword ptr [ESI + 0x1e5],EBX  
2026-09-10 17:14:24 INFO  (GhidraScript) InspectSkypeEntry.java> 005a8036 PUSH EDI  
2026-09-10 17:14:24 INFO  (GhidraScript) InspectSkypeEntry.java> 005a8037 JNZ 0x005a81a9  
2026-09-10 17:14:24 INFO  (GhidraScript) InspectSkypeEntry.java> 005a803d CMP dword ptr [ESI + 0x509],EBX  
2026-09-10 17:14:24 INFO  (GhidraScript) InspectSkypeEntry.java> 005a8043 JZ 0x005a81a9  
2026-09-10 17:14:24 INFO  (GhidraScript) InspectSkypeEntry.java> 005a8049 MOV EDI,dword ptr [ESI + 0xe]  
2026-09-10 17:14:24 INFO  (GhidraScript) InspectSkypeEntry.java> 005a804c MOV EAX,[0x00d2e924]  
2026-09-10 17:14:24 INFO  (GhidraScript) InspectSkypeEntry.java> 005a8051 ADD EDI,0x8  
2026-09-10 17:14:24 INFO  (GhidraScript) InspectSkypeEntry.java> 005a8054 CMP EAX,dword ptr [EDI + 0x10]  
2026-09-10 17:14:24 INFO  (GhidraScript) InspectSkypeEntry.java> 005a8057 MOV dword ptr [ESP + 0xc],EAX  
2026-09-10 17:14:24 INFO  (GhidraScript) InspectSkypeEntry.java> 005a805b JC 0x005a806e  
2026-09-10 17:14:24 INFO  (GhidraScript) InspectSkypeEntry.java> 005a805d PUSH 0xc84814  
2026-09-10 17:14:24 INFO  (GhidraScript) InspectSkypeEntry.java> 005a8062 CALL 0x0051fb50  
2026-09-10 17:14:24 INFO  (GhidraScript) InspectSkypeEntry.java> 005a8067 MOV EAX,dword ptr [ESP + 0x10]  
2026-09-10 17:14:24 INFO  (GhidraScript) InspectSkypeEntry.java> 005a806b ADD ESP,0x4  
2026-09-10 17:14:24 INFO  (GhidraScript) InspectSkypeEntry.java> 005a806e MOV ECX,dword ptr [EDI + 0xc]  
2026-09-10 17:14:24 INFO  (GhidraScript) InspectSkypeEntry.java> 005a8071 MOV ECX,dword ptr [ECX + EAX*0x4]  
2026-09-10 17:14:24 INFO  (GhidraScript) InspectSkypeEntry.java> 005a8074 MOV EDX,dword ptr [ECX]  
2026-09-10 17:14:24 INFO  (GhidraScript) InspectSkypeEntry.java> 005a8076 MOV EAX,dword ptr [EDX + 0x1c]  
2026-09-10 17:14:24 INFO  (GhidraScript) InspectSkypeEntry.java> 005a8079 CALL EAX  
2026-09-10 17:14:24 INFO  (GhidraScript) InspectSkypeEntry.java> 005a807b TEST AL,AL  
2026-09-10 17:14:24 INFO  (GhidraScript) InspectSkypeEntry.java> 005a807d JNZ 0x005a808f  
2026-09-10 17:14:24 INFO  (GhidraScript) InspectSkypeEntry.java> 005a807f MOV byte ptr [ESI + 0x39a],0x1  
2026-09-10 17:14:24 INFO  (GhidraScript) InspectSkypeEntry.java> 005a8086 POP EDI  
2026-09-10 17:14:24 INFO  (GhidraScript) InspectSkypeEntry.java> 005a8087 POP ESI  
2026-09-10 17:14:24 INFO  (GhidraScript) InspectSkypeEntry.java> 005a8088 POP EBX  
2026-09-10 17:14:24 INFO  (GhidraScript) InspectSkypeEntry.java> 005a8089 MOV ESP,EBP  
2026-09-10 17:14:24 INFO  (GhidraScript) InspectSkypeEntry.java> 005a808b POP EBP  
2026-09-10 17:14:24 INFO  (GhidraScript) InspectSkypeEntry.java> 005a808c RET 0x4  
2026-09-10 17:14:24 INFO  (GhidraScript) InspectSkypeEntry.java> 005a808f PUSH 0xc90e6c  
2026-09-10 17:14:24 INFO  (GhidraScript) InspectSkypeEntry.java> 005a8094 MOV byte ptr [ESI + 0x39a],BL  
2026-09-10 17:14:24 INFO  (GhidraScript) InspectSkypeEntry.java> 005a809a MOV dword ptr [ESI + 0x20b],EBX  
2026-09-10 17:14:24 INFO  (GhidraScript) InspectSkypeEntry.java> 005a80a0 CALL 0x0051fb10  
2026-09-10 17:14:24 INFO  (GhidraScript) InspectSkypeEntry.java> 005a80a5 ADD ESP,0x4  
2026-09-10 17:14:24 INFO  (GhidraScript) InspectSkypeEntry.java> 005a80a8 LEA ECX,[ESI + 0x656]  
2026-09-10 17:14:24 INFO  (GhidraScript) InspectSkypeEntry.java> 005a80ae PUSH ECX  
2026-09-10 17:14:24 INFO  (GhidraScript) InspectSkypeEntry.java> 005a80af PUSH 0x21  
2026-09-10 17:14:24 INFO  (GhidraScript) InspectSkypeEntry.java> 005a80b1 MOV EDI,0x80  
2026-09-10 17:14:24 INFO  (GhidraScript) InspectSkypeEntry.java> 005a80b6 LEA EAX,[ESP + 0x18]  
2026-09-10 17:14:24 INFO  (GhidraScript) InspectSkypeEntry.java> 005a80ba MOV dword ptr [ESP + 0x18],0xb886e8  
2026-09-10 17:14:24 INFO  (GhidraScript) InspectSkypeEntry.java> 005a80c2 MOV dword ptr [ESP + 0x24],EBX  
2026-09-10 17:14:24 INFO  (GhidraScript) InspectSkypeEntry.java> 005a80c6 MOV dword ptr [ESP + 0x20],EBX  
2026-09-10 17:14:24 INFO  (GhidraScript) InspectSkypeEntry.java> 005a80ca MOV dword ptr [ESP + 0x1c],EBX  
2026-09-10 17:14:24 INFO  (GhidraScript) InspectSkypeEntry.java> 005a80ce CALL 0x00518e20  
2026-09-10 17:14:24 INFO  (GhidraScript) InspectSkypeEntry.java> 005a80d3 MOV EDX,dword ptr [ESI + 0xe]  
2026-09-10 17:14:24 INFO  (GhidraScript) InspectSkypeEntry.java> 005a80d6 MOV EAX,dword ptr [EDX + 0x368]  
2026-09-10 17:14:24 INFO  (GhidraScript) InspectSkypeEntry.java> 005a80dc MOV EDI,dword ptr [EAX + 0x13]  
2026-09-10 17:14:24 INFO  (GhidraScript) InspectSkypeEntry.java> 005a80df MOV EBX,dword ptr [EAX + 0x17]  
2026-09-10 17:14:24 INFO  (GhidraScript) InspectSkypeEntry.java> 005a80e2 MOV EAX,dword ptr [ESP + 0x1c]  
2026-09-10 17:14:24 INFO  (GhidraScript) InspectSkypeEntry.java> 005a80e6 PUSH EAX  
2026-09-10 17:14:24 INFO  (GhidraScript) InspectSkypeEntry.java> 005a80e7 LEA EAX,[ESP + 0x18]  
2026-09-10 17:14:24 INFO  (GhidraScript) InspectSkypeEntry.java> 005a80eb CALL 0x0051ad40  
2026-09-10 17:14:24 INFO  (GhidraScript) InspectSkypeEntry.java> 005a80f0 MOV dword ptr [EAX],0x1  
2026-09-10 17:14:24 INFO  (GhidraScript) InspectSkypeEntry.java> 005a80f6 MOV dword ptr [EAX + 0x4],0x31  
2026-09-10 17:14:24 INFO  (GhidraScript) InspectSkypeEntry.java> 005a80fd MOV dword ptr [EAX + 0x8],EDI  
2026-09-10 17:14:24 INFO  (GhidraScript) InspectSkypeEntry.java> 005a8100 MOV dword ptr [EAX + 0xc],EBX  
2026-09-10 17:14:24 INFO  (GhidraScript) InspectSkypeEntry.java> 005a8103 MOV EDX,dword ptr [ESI + 0xe]  
2026-09-10 17:14:24 INFO  (GhidraScript) InspectSkypeEntry.java> 005a8106 MOV EAX,dword ptr [EDX + 0x368]  
2026-09-10 17:14:24 INFO  (GhidraScript) InspectSkypeEntry.java> 005a810c PUSH 0x33  
2026-09-10 17:14:24 INFO  (GhidraScript) InspectSkypeEntry.java> 005a810e LEA ECX,[ESP + 0x14]  
2026-09-10 17:14:24 INFO  (GhidraScript) InspectSkypeEntry.java> 005a8112 PUSH ECX  
2026-09-10 17:14:24 INFO  (GhidraScript) InspectSkypeEntry.java> 005a8113 PUSH EAX  
2026-09-10 17:14:24 INFO  (GhidraScript) InspectSkypeEntry.java> 005a8114 CALL 0x00742060  
2026-09-10 17:14:24 INFO  (GhidraScript) InspectSkypeEntry.java> 005a8119 XOR ESI,ESI  
2026-09-10 17:14:24 INFO  (GhidraScript) InspectSkypeEntry.java> 005a811b XOR ESI,0x79a56d  
2026-09-10 17:14:24 INFO  (GhidraScript) InspectSkypeEntry.java> 005a8121 MOV ECX,0x3d8bda  
2026-09-10 17:14:24 INFO  (GhidraScript) InspectSkypeEntry.java> 005a8126 JMP 0x005a8129  
2026-09-10 17:14:24 INFO  (GhidraScript) InspectSkypeEntry.java> 005a8129 ADD ECX,0x3f10ff  
2026-09-10 17:14:24 INFO  (GhidraScript) InspectSkypeEntry.java> 005a812f MOV EAX,ECX  
2026-09-10 17:14:24 INFO  (GhidraScript) InspectSkypeEntry.java> 005a8131 ADD EAX,0xff83637f  
2026-09-10 17:14:24 INFO  (GhidraScript) InspectSkypeEntry.java> 005a8136 MOV EDI,dword ptr [ESI]  
2026-09-10 17:14:24 INFO  (GhidraScript) InspectSkypeEntry.java> 005a8138 JMP 0x005a813b  
2026-09-10 17:14:24 INFO  (GhidraScript) InspectSkypeEntry.java> 005a813b SUB ECX,EDI  
2026-09-10 17:14:24 INFO  (GhidraScript) InspectSkypeEntry.java> 005a813d ADD ESI,0x2  
2026-09-10 17:14:24 INFO  (GhidraScript) InspectSkypeEntry.java> 005a8143 DEC EAX  
2026-09-10 17:14:24 INFO  (GhidraScript) InspectSkypeEntry.java> 005a8144 OR EAX,EAX  
2026-09-10 17:14:24 INFO  (GhidraScript) InspectSkypeEntry.java> 005a8146 JNZ 0x005a8136  
2026-09-10 17:14:24 INFO  (GhidraScript) InspectSkypeEntry.java> 005a8148 JMP 0x005a814b  
2026-09-10 17:14:24 INFO  (GhidraScript) InspectSkypeEntry.java> 005a814b MOV EAX,0xca25c1a4  
2026-09-10 17:14:24 INFO  (GhidraScript) InspectSkypeEntry.java> 005a8150 JMP 0x005a8162  
2026-09-10 17:14:24 INFO  (GhidraScript) InspectSkypeEntry.java> 005a8162 SUB EAX,ECX  
2026-09-10 17:14:24 INFO  (GhidraScript) InspectSkypeEntry.java> 005a8164 MOV ESI,dword ptr [EBP + 0x8]  
2026-09-10 17:14:24 INFO  (GhidraScript) InspectSkypeEntry.java> 005a8167 PUSH 0x0  
2026-09-10 17:14:24 INFO  (GhidraScript) InspectSkypeEntry.java> 005a8169 MOV dword ptr [EAX + ESI*0x1 + 0x2c6],0x2  
2026-09-10 17:14:24 INFO  (GhidraScript) InspectSkypeEntry.java> 005a8174 MOV ECX,dword ptr [ESI + 0xe]  
2026-09-10 17:14:24 INFO  (GhidraScript) InspectSkypeEntry.java> 005a8177 MOV ECX,dword ptr [ECX + 0x3ac]  
2026-09-10 17:14:24 INFO  (GhidraScript) InspectSkypeEntry.java> 005a817d MOV EDX,dword ptr [ECX]  
2026-09-10 17:14:24 INFO  (GhidraScript) InspectSkypeEntry.java> 005a817f MOV EDX,dword ptr [EDX + 0x8]  
2026-09-10 17:14:24 INFO  (GhidraScript) InspectSkypeEntry.java> 005a8182 PUSH 0x37  
2026-09-10 17:14:24 INFO  (GhidraScript) InspectSkypeEntry.java> 005a8184 PUSH 0x3  
2026-09-10 17:14:24 INFO  (GhidraScript) InspectSkypeEntry.java> 005a8186 LEA EAX,[ESP + 0x1c]  
2026-09-10 17:14:24 INFO  (GhidraScript) InspectSkypeEntry.java> 005a818a PUSH EAX  
2026-09-10 17:14:24 INFO  (GhidraScript) InspectSkypeEntry.java> 005a818b PUSH 0x1399  
2026-09-10 17:14:24 INFO  (GhidraScript) InspectSkypeEntry.java> 005a8190 CALL EDX  
2026-09-10 17:14:24 INFO  (GhidraScript) InspectSkypeEntry.java> 005a8192 MOV dword ptr [ESI + 0x1e5],EAX  
2026-09-10 17:14:24 INFO  (GhidraScript) InspectSkypeEntry.java> 005a8198 LEA ESI,[ESP + 0x14]  
2026-09-10 17:14:24 INFO  (GhidraScript) InspectSkypeEntry.java> 005a819c MOV dword ptr [ESP + 0x10],0xb886e8  
2026-09-10 17:14:24 INFO  (GhidraScript) InspectSkypeEntry.java> 005a81a4 CALL 0x004f8d40  
2026-09-10 17:14:24 INFO  (GhidraScript) InspectSkypeEntry.java> 005a81a9 POP EDI  
2026-09-10 17:14:24 INFO  (GhidraScript) InspectSkypeEntry.java> 005a81aa POP ESI  
2026-09-10 17:14:24 INFO  (GhidraScript) InspectSkypeEntry.java> 005a81ab POP EBX  
2026-09-10 17:14:24 INFO  (GhidraScript) InspectSkypeEntry.java> 005a81ac MOV ESP,EBP  
2026-09-10 17:14:24 INFO  (GhidraScript) InspectSkypeEntry.java> 005a81ae POP EBP  
2026-09-10 17:14:24 INFO  (GhidraScript) InspectSkypeEntry.java> 005a81af RET 0x4  
2026-09-10 17:14:24 INFO  (GhidraScript) InspectSkypeEntry.java> 005b1940 PUSH ECX  
2026-09-10 17:14:24 INFO  (GhidraScript) InspectSkypeEntry.java> 005b1941 PUSH EBX  
2026-09-10 17:14:24 INFO  (GhidraScript) InspectSkypeEntry.java> 005b1942 MOV EBX,dword ptr [ESP + 0xc]  
2026-09-10 17:14:24 INFO  (GhidraScript) InspectSkypeEntry.java> 005b1946 CMP EBX,dword ptr [EDI + 0x404]  
2026-09-10 17:14:24 INFO  (GhidraScript) InspectSkypeEntry.java> 005b194c PUSH EBP  
2026-09-10 17:14:24 INFO  (GhidraScript) InspectSkypeEntry.java> 005b194d LEA EBP,[EDI + 0x404]  
2026-09-10 17:14:24 INFO  (GhidraScript) InspectSkypeEntry.java> 005b1953 PUSH ESI  
2026-09-10 17:14:24 INFO  (GhidraScript) InspectSkypeEntry.java> 005b1954 JZ 0x005b1a21  
2026-09-10 17:14:24 INFO  (GhidraScript) InspectSkypeEntry.java> 005b195a CMP EBX,0x400  
2026-09-10 17:14:24 INFO  (GhidraScript) InspectSkypeEntry.java> 005b1960 JA 0x005b19af  
2026-09-10 17:14:24 INFO  (GhidraScript) InspectSkypeEntry.java> 005b1962 MOV ECX,dword ptr [EDI + 0x400]  
2026-09-10 17:14:24 INFO  (GhidraScript) InspectSkypeEntry.java> 005b1968 CMP ECX,EDI  
2026-09-10 17:14:24 INFO  (GhidraScript) InspectSkypeEntry.java> 005b196a JZ 0x005b199b  
2026-09-10 17:14:24 INFO  (GhidraScript) InspectSkypeEntry.java> 005b196c CMP EBX,dword ptr [EBP]  
2026-09-10 17:14:24 INFO  (GhidraScript) InspectSkypeEntry.java> 005b196f LEA EAX,[ESP + 0x14]  
2026-09-10 17:14:24 INFO  (GhidraScript) InspectSkypeEntry.java> 005b1973 JC 0x005b1977  
2026-09-10 17:14:24 INFO  (GhidraScript) InspectSkypeEntry.java> 005b1975 MOV EAX,EBP  
2026-09-10 17:14:24 INFO  (GhidraScript) InspectSkypeEntry.java> 005b1977 MOV EAX,dword ptr [EAX]  
2026-09-10 17:14:24 INFO  (GhidraScript) InspectSkypeEntry.java> 005b1979 PUSH EAX  
2026-09-10 17:14:24 INFO  (GhidraScript) InspectSkypeEntry.java> 005b197a PUSH ECX  
2026-09-10 17:14:24 INFO  (GhidraScript) InspectSkypeEntry.java> 005b197b PUSH EDI  
2026-09-10 17:14:24 INFO  (GhidraScript) InspectSkypeEntry.java> 005b197c CALL 0x00a90f10  
2026-09-10 17:14:24 INFO  (GhidraScript) InspectSkypeEntry.java> 005b1981 MOV EAX,dword ptr [EDI + 0x400]  
2026-09-10 17:14:24 INFO  (GhidraScript) InspectSkypeEntry.java> 005b1987 ADD ESP,0xc  
2026-09-10 17:14:24 INFO  (GhidraScript) InspectSkypeEntry.java> 005b198a TEST EAX,EAX  
2026-09-10 17:14:24 INFO  (GhidraScript) InspectSkypeEntry.java> 005b198c JZ 0x005b1995  
2026-09-10 17:14:24 INFO  (GhidraScript) InspectSkypeEntry.java> 005b198e PUSH EAX  
2026-09-10 17:14:24 INFO  (GhidraScript) InspectSkypeEntry.java> 005b198f CALL dword ptr [0x00b5d120]  
2026-09-10 17:14:24 INFO  (GhidraScript) InspectSkypeEntry.java> 005b1995 MOV dword ptr [EDI + 0x400],EDI  
2026-09-10 17:14:24 INFO  (GhidraScript) InspectSkypeEntry.java> 005b199b MOV dword ptr [EDI + 0x408],0x400  
2026-09-10 17:14:24 INFO  (GhidraScript) InspectSkypeEntry.java> 005b19a5 MOV dword ptr [EBP],EBX  
2026-09-10 17:14:24 INFO  (GhidraScript) InspectSkypeEntry.java> 005b19a8 POP ESI  
2026-09-10 17:14:24 INFO  (GhidraScript) InspectSkypeEntry.java> 005b19a9 POP EBP  
2026-09-10 17:14:24 INFO  (GhidraScript) InspectSkypeEntry.java> 005b19aa POP EBX  
2026-09-10 17:14:24 INFO  (GhidraScript) InspectSkypeEntry.java> 005b19ab POP ECX  
2026-09-10 17:14:24 INFO  (GhidraScript) InspectSkypeEntry.java> 005b19ac RET 0x4  
2026-09-10 17:14:24 INFO  (GhidraScript) InspectSkypeEntry.java> 005b19af CMP EBX,0x3fffffff  
2026-09-10 17:14:24 INFO  (GhidraScript) InspectSkypeEntry.java> 005b19b5 JBE 0x005b19c4  
2026-09-10 17:14:25 INFO  (GhidraScript) InspectSkypeEntry.java> 
/* WARNING: Globals starting with '_' overlap smaller symbols at the same address */

void FUN_005a8020(int param_1)

{
  undefined4 uVar1;
  uint uVar2;
  char cVar3;
  undefined4 *puVar4;
  int iVar5;
  undefined4 uVar6;
  int iVar7;
  int *piVar8;
  undefined4 uStack_30;
  int iStack_2c;
  
  uVar2 = _DAT_00d2e924;
  if ((*(int *)(param_1 + 0x1e5) == 0) && (*(int *)(param_1 + 0x509) != 0)) {
    iVar5 = *(int *)(param_1 + 0xe);
    if (*(uint *)(iVar5 + 0x18) <= _DAT_00d2e924) {
      iStack_2c = 0xc84814;
      uStack_30 = 0x5a8067;
      func_0x0051fb50();
    }
    iStack_2c = 0x5a807b;
    cVar3 = (**(code **)(**(int **)(*(int *)(iVar5 + 0x14) + uVar2 * 4) + 0x1c))();
    if (cVar3 == '\0') {
      *(undefined *)(param_1 + 0x39a) = 1;
      return;
    }
    iStack_2c = 0xc90e6c;
    *(undefined *)(param_1 + 0x39a) = 0;
    *(undefined4 *)(param_1 + 0x20b) = 0;
    uStack_30 = 0x5a80a5;
    func_0x0051fb10();
    iStack_2c = param_1 + 0x656;
    uStack_30 = 0x21;
    func_0x00518e20();
    iVar5 = *(int *)(*(int *)(param_1 + 0xe) + 0x368);
    uVar6 = *(undefined4 *)(iVar5 + 0x13);
    uVar1 = *(undefined4 *)(iVar5 + 0x17);
    puVar4 = (undefined4 *)func_0x0051ad40(0);
    *puVar4 = 1;
    puVar4[1] = 0x31;
    puVar4[2] = uVar6;
    puVar4[3] = uVar1;
    func_0x00742060(*(undefined4 *)(*(int *)(param_1 + 0xe) + 0x368),&stack0xffffffdc,0x33);
    piVar8 = (int *)0x79a56d;
    iVar7 = 0x7c9cd9;
    iVar5 = 0x58;
    do {
      iVar7 = iVar7 - *piVar8;
      piVar8 = (int *)((int)piVar8 + 2);
      iVar5 = iVar5 + -1;
    } while (iVar5 != 0);
    *(undefined4 *)((-0x35da3b96 - iVar7) + param_1) = 2;
    uVar6 = (**(code **)(**(int **)(*(int *)(param_1 + 0xe) + 0x3ac) + 8))
                      (0x1399,&uStack_30,3,0x37,0);
    *(undefined4 *)(param_1 + 0x1e5) = uVar6;
    func_0x004f8d40();
  }
  return;
}

  
2026-09-10 17:14:25 INFO  (HeadlessAnalyzer) SCRIPT: I:\SkypeReverse\skypeopensource2\skyserver\tools\InspectSkypeEntry.java  
2026-09-10 17:14:25 INFO  (GhidraScript) InspectSkypeEntry.java> SKYPE_ENTRY 005a88e0  
2026-09-10 17:14:25 INFO  (GhidraScript) InspectSkypeEntry.java> 005a88e0 PUSH EBP  
2026-09-10 17:14:25 INFO  (GhidraScript) InspectSkypeEntry.java> 005a88e1 MOV EBP,ESP  
2026-09-10 17:14:25 INFO  (GhidraScript) InspectSkypeEntry.java> 005a88e3 AND ESP,0xfffffff8  
2026-09-10 17:14:25 INFO  (GhidraScript) InspectSkypeEntry.java> 005a88e6 SUB ESP,0x54  
2026-09-10 17:14:25 INFO  (GhidraScript) InspectSkypeEntry.java> 005a88e9 PUSH EBX  
2026-09-10 17:14:25 INFO  (GhidraScript) InspectSkypeEntry.java> 005a88ea XOR EBX,EBX  
2026-09-10 17:14:25 INFO  (GhidraScript) InspectSkypeEntry.java> 005a88ec PUSH ESI  
2026-09-10 17:14:25 INFO  (GhidraScript) InspectSkypeEntry.java> 005a88ed MOV ESI,dword ptr [EBP + 0x8]  
2026-09-10 17:14:25 INFO  (GhidraScript) InspectSkypeEntry.java> 005a88f0 MOV EAX,dword ptr [ESI + 0xe]  
2026-09-10 17:14:25 INFO  (GhidraScript) InspectSkypeEntry.java> 005a88f3 MOV dword ptr [ESP + 0x4c],EBX  
2026-09-10 17:14:25 INFO  (GhidraScript) InspectSkypeEntry.java> 005a88f7 MOV dword ptr [ESP + 0x50],EBX  
2026-09-10 17:14:25 INFO  (GhidraScript) InspectSkypeEntry.java> 005a88fb MOV dword ptr [ESP + 0x54],EBX  
2026-09-10 17:14:25 INFO  (GhidraScript) InspectSkypeEntry.java> 005a88ff MOV dword ptr [ESP + 0x58],EBX  
2026-09-10 17:14:25 INFO  (GhidraScript) InspectSkypeEntry.java> 005a8903 MOV dword ptr [ESP + 0x40],EBX  
2026-09-10 17:14:25 INFO  (GhidraScript) InspectSkypeEntry.java> 005a8907 MOV dword ptr [ESP + 0x44],EBX  
2026-09-10 17:14:25 INFO  (GhidraScript) InspectSkypeEntry.java> 005a890b MOV dword ptr [ESP + 0x48],EBX  
2026-09-10 17:14:25 INFO  (GhidraScript) InspectSkypeEntry.java> 005a890f MOV dword ptr [ESP + 0x30],0xb886e8  
2026-09-10 17:14:25 INFO  (GhidraScript) InspectSkypeEntry.java> 005a8917 MOV dword ptr [ESP + 0x3c],EBX  
2026-09-10 17:14:25 INFO  (GhidraScript) InspectSkypeEntry.java> 005a891b MOV dword ptr [ESP + 0x38],EBX  
2026-09-10 17:14:25 INFO  (GhidraScript) InspectSkypeEntry.java> 005a891f MOV dword ptr [ESP + 0x34],EBX  
2026-09-10 17:14:25 INFO  (GhidraScript) InspectSkypeEntry.java> 005a8923 MOV EAX,dword ptr [EAX + 0x3b4]  
2026-09-10 17:14:25 INFO  (GhidraScript) InspectSkypeEntry.java> 005a8929 CMP EAX,EBX  
2026-09-10 17:14:25 INFO  (GhidraScript) InspectSkypeEntry.java> 005a892b PUSH EDI  
2026-09-10 17:14:25 INFO  (GhidraScript) InspectSkypeEntry.java> 005a892c JZ 0x005a8933  
2026-09-10 17:14:25 INFO  (GhidraScript) InspectSkypeEntry.java> 005a892e LEA ECX,[EAX + 0x17]  
2026-09-10 17:14:25 INFO  (GhidraScript) InspectSkypeEntry.java> 005a8931 JMP 0x005a8935  
2026-09-10 17:14:25 INFO  (GhidraScript) InspectSkypeEntry.java> 005a8933 XOR ECX,ECX  
2026-09-10 17:14:25 INFO  (GhidraScript) InspectSkypeEntry.java> 005a8935 MOV EAX,dword ptr [ECX]  
2026-09-10 17:14:25 INFO  (GhidraScript) InspectSkypeEntry.java> 005a8937 MOV EAX,dword ptr [EAX + 0x28]  
2026-09-10 17:14:25 INFO  (GhidraScript) InspectSkypeEntry.java> 005a893a LEA EDX,[ESP + 0x44]  
2026-09-10 17:14:25 INFO  (GhidraScript) InspectSkypeEntry.java> 005a893e PUSH EDX  
2026-09-10 17:14:25 INFO  (GhidraScript) InspectSkypeEntry.java> 005a893f MOV EDX,dword ptr [ESI + 0x6c]  
2026-09-10 17:14:25 INFO  (GhidraScript) InspectSkypeEntry.java> 005a8942 PUSH 0x5b  
2026-09-10 17:14:25 INFO  (GhidraScript) InspectSkypeEntry.java> 005a8944 PUSH EDX  
2026-09-10 17:14:25 INFO  (GhidraScript) InspectSkypeEntry.java> 005a8945 CALL EAX  
2026-09-10 17:14:25 INFO  (GhidraScript) InspectSkypeEntry.java> 005a8947 TEST AL,AL  
2026-09-10 17:14:25 INFO  (GhidraScript) InspectSkypeEntry.java> 005a8949 JZ 0x005a89a8  
2026-09-10 17:14:25 INFO  (GhidraScript) InspectSkypeEntry.java> 005a894b MOV ECX,dword ptr [ESP + 0x5c]  
2026-09-10 17:14:25 INFO  (GhidraScript) InspectSkypeEntry.java> 005a894f MOV EDX,dword ptr [ESP + 0x58]  
2026-09-10 17:14:25 INFO  (GhidraScript) InspectSkypeEntry.java> 005a8953 LEA EAX,[ESP + 0x10]  
2026-09-10 17:14:25 INFO  (GhidraScript) InspectSkypeEntry.java> 005a8957 PUSH EAX  
2026-09-10 17:14:25 INFO  (GhidraScript) InspectSkypeEntry.java> 005a8958 PUSH 0x8  
2026-09-10 17:14:25 INFO  (GhidraScript) InspectSkypeEntry.java> 005a895a MOV dword ptr [ESP + 0x14],ECX  
2026-09-10 17:14:25 INFO  (GhidraScript) InspectSkypeEntry.java> 005a895e PUSH EBX  
2026-09-10 17:14:25 INFO  (GhidraScript) InspectSkypeEntry.java> 005a895f LEA ECX,[ESP + 0x18]  
2026-09-10 17:14:25 INFO  (GhidraScript) InspectSkypeEntry.java> 005a8963 MOV dword ptr [ESP + 0x20],EDX  
2026-09-10 17:14:25 INFO  (GhidraScript) InspectSkypeEntry.java> 005a8967 PUSH ECX  
2026-09-10 17:14:25 INFO  (GhidraScript) InspectSkypeEntry.java> 005a8968 LEA EDX,[ESP + 0x24]  
2026-09-10 17:14:25 INFO  (GhidraScript) InspectSkypeEntry.java> 005a896c PUSH EDX  
2026-09-10 17:14:25 INFO  (GhidraScript) InspectSkypeEntry.java> 005a896d LEA ECX,[ESP + 0x48]  
2026-09-10 17:14:25 INFO  (GhidraScript) InspectSkypeEntry.java> 005a8971 MOV dword ptr [ESP + 0x24],0x4b000  
2026-09-10 17:14:25 INFO  (GhidraScript) InspectSkypeEntry.java> 005a8979 CALL 0x005194a0  
2026-09-10 17:14:25 INFO  (GhidraScript) InspectSkypeEntry.java> 005a897e TEST AL,AL  
2026-09-10 17:14:25 INFO  (GhidraScript) InspectSkypeEntry.java> 005a8980 JNZ 0x005a89a8  
2026-09-10 17:14:25 INFO  (GhidraScript) InspectSkypeEntry.java> 005a8982 PUSH 0xb88638  
2026-09-10 17:14:25 INFO  (GhidraScript) InspectSkypeEntry.java> 005a8987 PUSH 0xb88638  
2026-09-10 17:14:25 INFO  (GhidraScript) InspectSkypeEntry.java> 005a898c PUSH 0x139d  
2026-09-10 17:14:25 INFO  (GhidraScript) InspectSkypeEntry.java> 005a8991 PUSH 0xc8f8bc  
2026-09-10 17:14:25 INFO  (GhidraScript) InspectSkypeEntry.java> 005a8996 PUSH 0xc90e98  
2026-09-10 17:14:25 INFO  (GhidraScript) InspectSkypeEntry.java> 005a899b PUSH 0xb89a44  
2026-09-10 17:14:25 INFO  (GhidraScript) InspectSkypeEntry.java> 005a89a0 CALL 0x0051fb30  
2026-09-10 17:14:25 INFO  (GhidraScript) InspectSkypeEntry.java> 005a89a5 ADD ESP,0x18  
2026-09-10 17:14:25 INFO  (GhidraScript) InspectSkypeEntry.java> 005a89a8 ADD ESI,0x4fc  
2026-09-10 17:14:25 INFO  (GhidraScript) InspectSkypeEntry.java> 005a89ae CALL 0x004f8d40  
2026-09-10 17:14:25 INFO  (GhidraScript) InspectSkypeEntry.java> 005a89b3 MOV dword ptr [ESP + 0xc],EBX  
2026-09-10 17:14:25 INFO  (GhidraScript) InspectSkypeEntry.java> 005a89b7 XOR EAX,EAX  
2026-09-10 17:14:25 INFO  (GhidraScript) InspectSkypeEntry.java> 005a89b9 MOV ECX,dword ptr [ESP + 0xc]  
2026-09-10 17:14:25 INFO  (GhidraScript) InspectSkypeEntry.java> 005a89bd CMP ECX,dword ptr [ESP + 0x40]  
2026-09-10 17:14:25 INFO  (GhidraScript) InspectSkypeEntry.java> 005a89c1 MOV dword ptr [ESP + 0x10],EAX  
2026-09-10 17:14:25 INFO  (GhidraScript) InspectSkypeEntry.java> 005a89c5 JNC 0x005a8bb8  
2026-09-10 17:14:25 INFO  (GhidraScript) InspectSkypeEntry.java> 005a89cb MOV EDX,dword ptr [ESP + 0x38]  
2026-09-10 17:14:25 INFO  (GhidraScript) InspectSkypeEntry.java> 005a89cf ADD EAX,EDX  
2026-09-10 17:14:25 INFO  (GhidraScript) InspectSkypeEntry.java> 005a89d1 CMP EAX,EBX  
2026-09-10 17:14:25 INFO  (GhidraScript) InspectSkypeEntry.java> 005a89d3 JZ 0x005a8bb8  
2026-09-10 17:14:25 INFO  (GhidraScript) InspectSkypeEntry.java> 005a89d9 CMP dword ptr [EAX],0x5  
2026-09-10 17:14:25 INFO  (GhidraScript) InspectSkypeEntry.java> 005a89dc JZ 0x005a8a12  
2026-09-10 17:14:25 INFO  (GhidraScript) InspectSkypeEntry.java> 005a89de PUSH 0xb88638  
2026-09-10 17:14:25 INFO  (GhidraScript) InspectSkypeEntry.java> 005a89e3 PUSH 0xb88638  
2026-09-10 17:14:25 INFO  (GhidraScript) InspectSkypeEntry.java> 005a89e8 PUSH 0x13a3  
2026-09-10 17:14:25 INFO  (GhidraScript) InspectSkypeEntry.java> 005a89ed PUSH 0xc8f8bc  
2026-09-10 17:14:25 INFO  (GhidraScript) InspectSkypeEntry.java> 005a89f2 PUSH 0xc8eb24  
2026-09-10 17:14:25 INFO  (GhidraScript) InspectSkypeEntry.java> 005a89f7 PUSH 0xb89a44  
2026-09-10 17:14:25 INFO  (GhidraScript) InspectSkypeEntry.java> 005a89fc CALL 0x0051fb30  
2026-09-10 17:14:25 INFO  (GhidraScript) InspectSkypeEntry.java> 005a8a01 MOV EAX,dword ptr [ESP + 0x28]  
2026-09-10 17:14:25 INFO  (GhidraScript) InspectSkypeEntry.java> 005a8a05 ADD dword ptr [ESP + 0x24],0x1  
2026-09-10 17:14:25 INFO  (GhidraScript) InspectSkypeEntry.java> 005a8a0a ADD ESP,0x18  
2026-09-10 17:14:25 INFO  (GhidraScript) InspectSkypeEntry.java> 005a8a0d ADD EAX,0x10  
2026-09-10 17:14:25 INFO  (GhidraScript) InspectSkypeEntry.java> 005a8a10 JMP 0x005a89b9  
2026-09-10 17:14:25 INFO  (GhidraScript) InspectSkypeEntry.java> 005a8a12 MOV ECX,dword ptr [EAX + 0x4]  
2026-09-10 17:14:25 INFO  (GhidraScript) InspectSkypeEntry.java> 005a8a15 MOV EAX,dword ptr [EAX + 0x8]  
2026-09-10 17:14:25 INFO  (GhidraScript) InspectSkypeEntry.java> 
/* WARNING: Removing unreachable block (ram,0x005a8be2) */
/* WARNING: Removing unreachable block (ram,0x005a8bd7) */
/* WARNING: Removing unreachable block (ram,0x005a8bed) */
/* WARNING: Globals starting with '_' overlap smaller symbols at the same address */

void FUN_005a88e0(int param_1)

{
  int iVar1;
  char cVar2;
  int iVar3;
  int iVar4;
  undefined4 *puVar5;
  int *piVar6;
  byte *pbVar7;
  uint uVar8;
  undefined4 uVar9;
  undefined4 uVar10;
  int iVar11;
  undefined4 uVar12;
  uint uVar13;
  int iStack_3c;
  
  iVar11 = *(int *)(*(int *)(param_1 + 0xe) + 0x3b4);
  if (iVar11 == 0) {
    piVar6 = (int *)0x0;
  }
  else {
    piVar6 = (int *)(iVar11 + 0x17);
  }
  iVar11 = *(int *)(param_1 + 0x6c);
  uVar12 = 0x5b;
  cVar2 = (**(code **)(*piVar6 + 0x28))(iVar11,0x5b);
  if ((cVar2 != '\0') &&
     (cVar2 = func_0x005194a0(&stack0xffffffa0,&stack0xffffff98,0,8,&stack0xffffff9c), cVar2 == '\0'
     )) {
    func_0x0051fb30(0xb89a44,0xc90e98,0xc8f8bc,0x139d,0xb88638,0xb88638);
  }
  func_0x004f8d40();
  uVar13 = 0;
  iVar3 = 0;
  while ((uVar13 < 0xb886e8 && ((int *)(iVar3 + iStack_3c) != (int *)0x0))) {
    if (*(int *)(iVar3 + iStack_3c) == 5) {
      uVar10 = 4;
      uVar9 = 1;
      iVar4 = func_0x00517e10(1,4);
      if (iVar4 == 0) {
        func_0x0051fb30(0xb89a44,0xc90ea0,0xc8f8bc,0x13a7,0xb88638,0xb88638,uVar9,uVar10,iVar11,
                        uVar12);
        uVar13 = uVar13 + 1;
        iVar3 = iVar3 + 0x10;
      }
      else {
        iVar1 = *(int *)(iVar4 + 0xc);
        pbVar7 = *(byte **)(iVar4 + 8);
        uVar8 = 0xffffffff;
        iVar4 = iVar1;
        if (iVar1 == 0) {
          func_0x0051fb30(0xb89a44,0xc90ea8,0xc8f8bc,0x13ab,0xb88638,0xb88638,uVar9,uVar10,iVar11,
                          uVar12);
          uVar13 = uVar13 + 1;
          iVar3 = iVar3 + 0x10;
        }
        else {
          do {
            uVar8 = uVar8 >> 8 ^ *(uint *)(((*pbVar7 ^ uVar8) & 0xff) * 4 + 0xc75138);
            iVar4 = iVar4 + -1;
            pbVar7 = pbVar7 + 1;
          } while (iVar4 != 0);
          iVar4 = func_0x00517e10(0,3);
          if (iVar4 == 0) {
            func_0x0051fb30(0xb89a44,0xc90ea0,0xc8f8bc,0x13ae,0xb88638,0xb88638);
            uVar13 = uVar13 + 1;
            iVar3 = iVar3 + 0x10;
          }
          else {
            func_0x0051add0(iVar4);
            puVar5 = (undefined4 *)func_0x0051ad40(0);
            *puVar5 = 0;
            puVar5[1] = 2;
            puVar5[2] = iVar1;
            puVar5 = (undefined4 *)func_0x0051ad40(0);
            *puVar5 = 0;
            puVar5[1] = 3;
            puVar5[2] = uVar8;
            func_0x00518f40(uVar10);
            iVar11 = iVar3;
            func_0x0051aee0();
            uVar12 = 0xb886e8;
            func_0x004f8d40();
            uVar13 = uVar13 + 1;
            iVar3 = iVar3 + 0x10;
          }
        }
      }
    }
    else {
      func_0x0051fb30(0xb89a44,0xc8eb24,0xc8f8bc,0x13a3,0xb88638,0xb88638);
      uVar13 = uVar13 + 1;
      iVar3 = iVar3 + 0x10;
    }
  }
  func_0x004f8d40();
  return;
}

  
2026-09-10 17:14:26 INFO  (HeadlessAnalyzer) REPORT: Save succeeded for processed file: /Skype-uncompressed.image.bin  
