2026-09-09 23:27:27 INFO  (LoggingInitialization) Using log config file: jar:file:/E:/ghidra_11.2.1_PUBLIC/Ghidra/Framework/Generic/lib/Generic.jar!/generic.log4j.xml  
2026-09-09 23:27:27 INFO  (LoggingInitialization) Using log file: I:\SkypeReverse\skypeopensource2\skyserver\diagnostics\pe-analysis-20260907-233415\periodic-args.log  
2026-09-09 23:27:27 INFO  (Preferences) Loading user preferences: C:\Users\IlyaBOT\AppData\Roaming\ghidra\ghidra_11.2.1_PUBLIC\preferences  
2026-09-09 23:27:27 INFO  (ClassSearcher) Searching for classes...  
2026-09-09 23:27:28 INFO  (ClassSearcher) Class search complete (986 ms)  
2026-09-09 23:27:28 INFO  (SSLContextInitializer) Initializing SSL Context  
2026-09-09 23:27:28 INFO  (SecureRandomFactory) Initializing Random Number Generator...  
2026-09-09 23:27:28 INFO  (SecureRandomFactory) Random Number Generator initialization complete: SHA1PRNG  
2026-09-09 23:27:28 INFO  (ApplicationTrustManagerFactory) Trust manager disabled, cacerts have not been set  
2026-09-09 23:27:28 INFO  (AnalyzeHeadless) Headless startup complete (2235 ms)  
2026-09-09 23:27:28 INFO  (ClassSearcher) Class searcher loaded 57 extension points (18 false positives)  
2026-09-09 23:27:28 INFO  (HeadlessAnalyzer) HEADLESS Script Paths:
    E:\ghidra_11.2.1_PUBLIC\Ghidra\Features\SystemEmulation\ghidra_scripts
    E:\ghidra_11.2.1_PUBLIC\Ghidra\Features\FileFormats\ghidra_scripts
    E:\ghidra_11.2.1_PUBLIC\Ghidra\Debug\Debugger\ghidra_scripts
    E:\ghidra_11.2.1_PUBLIC\Ghidra\Processors\JVM\ghidra_scripts
    E:\ghidra_11.2.1_PUBLIC\Ghidra\Features\BSim\ghidra_scripts
    E:\ghidra_11.2.1_PUBLIC\Ghidra\Features\WildcardAssembler\ghidra_scripts
    E:\ghidra_11.2.1_PUBLIC\Ghidra\Features\SwiftDemangler\ghidra_scripts
    E:\ghidra_11.2.1_PUBLIC\Ghidra\Features\BytePatterns\ghidra_scripts
    E:\ghidra_11.2.1_PUBLIC\Ghidra\Processors\PIC\ghidra_scripts
    E:\ghidra_11.2.1_PUBLIC\Ghidra\Debug\Debugger-agent-dbgmodel-traceloader\ghidra_scripts
    E:\ghidra_11.2.1_PUBLIC\Ghidra\Features\PDB\ghidra_scripts
    E:\ghidra_11.2.1_PUBLIC\Ghidra\Processors\8051\ghidra_scripts
    E:\ghidra_11.2.1_PUBLIC\Ghidra\Debug\Debugger-rmi-trace\ghidra_scripts
    I:\SkypeReverse\skypeopensource2\skyserver\tools
    E:\ghidra_11.2.1_PUBLIC\Ghidra\Features\Jython\ghidra_scripts
    E:\ghidra_11.2.1_PUBLIC\Ghidra\Features\Base\ghidra_scripts
    E:\ghidra_11.2.1_PUBLIC\Ghidra\Features\Decompiler\ghidra_scripts
    E:\ghidra_11.2.1_PUBLIC\Ghidra\Processors\Atmel\ghidra_scripts
    E:\ghidra_11.2.1_PUBLIC\Ghidra\Features\FunctionID\ghidra_scripts
    E:\ghidra_11.2.1_PUBLIC\Ghidra\Debug\Debugger-agent-frida\ghidra_scripts
    E:\ghidra_11.2.1_PUBLIC\Ghidra\Features\VersionTracking\ghidra_scripts
    E:\ghidra_11.2.1_PUBLIC\Ghidra\Features\GnuDemangler\ghidra_scripts
    E:\ghidra_11.2.1_PUBLIC\Ghidra\Features\MicrosoftCodeAnalyzer\ghidra_scripts
    E:\ghidra_11.2.1_PUBLIC\Ghidra\Processors\DATA\ghidra_scripts  
2026-09-09 23:27:28 INFO  (HeadlessAnalyzer) HEADLESS: execution starts  
2026-09-09 23:27:28 INFO  (HeadlessAnalyzer) Opening existing project: I:\SkypeReverse\skypeopensource2\skyserver\diagnostics\pe-analysis-20260907-233415\Skype42  
2026-09-09 23:27:28 INFO  (HeadlessProject) Opening project: I:\SkypeReverse\skypeopensource2\skyserver\diagnostics\pe-analysis-20260907-233415\Skype42  
2026-09-09 23:27:30 INFO  (HeadlessAnalyzer) REPORT: Processing project file: /Skype-uncompressed.image.bin  
2026-09-09 23:27:31 INFO  (HeadlessAnalyzer) SCRIPT: I:\SkypeReverse\skypeopensource2\skyserver\tools\InspectSkypeEntry.java  
2026-09-09 23:27:31 INFO  (GhidraScript) InspectSkypeEntry.java> SKYPE_ENTRY 0052c170  
2026-09-09 23:27:31 INFO  (GhidraScript) InspectSkypeEntry.java> 0052c170 PUSH EBP  
2026-09-09 23:27:31 INFO  (GhidraScript) InspectSkypeEntry.java> 0052c171 MOV EBP,ESP  
2026-09-09 23:27:31 INFO  (GhidraScript) InspectSkypeEntry.java> 0052c173 AND ESP,0xfffffff8  
2026-09-09 23:27:31 INFO  (GhidraScript) InspectSkypeEntry.java> 0052c176 SUB ESP,0x14c  
2026-09-09 23:27:31 INFO  (GhidraScript) InspectSkypeEntry.java> 0052c17c MOV EAX,[0x00d0a8a0]  
2026-09-09 23:27:31 INFO  (GhidraScript) InspectSkypeEntry.java> 0052c181 XOR EAX,ESP  
2026-09-09 23:27:31 INFO  (GhidraScript) InspectSkypeEntry.java> 0052c183 MOV dword ptr [ESP + 0x148],EAX  
2026-09-09 23:27:31 INFO  (GhidraScript) InspectSkypeEntry.java> 0052c18a PUSH EBX  
2026-09-09 23:27:31 INFO  (GhidraScript) InspectSkypeEntry.java> 0052c18b PUSH ESI  
2026-09-09 23:27:31 INFO  (GhidraScript) InspectSkypeEntry.java> 0052c18c PUSH EDI  
2026-09-09 23:27:31 INFO  (GhidraScript) InspectSkypeEntry.java> 0052c18d PUSH 0x5f  
2026-09-09 23:27:31 INFO  (GhidraScript) InspectSkypeEntry.java> 0052c18f LEA EAX,[ESP + 0xf4]  
2026-09-09 23:27:31 INFO  (GhidraScript) InspectSkypeEntry.java> 0052c196 PUSH 0x0  
2026-09-09 23:27:31 INFO  (GhidraScript) InspectSkypeEntry.java> 0052c198 PUSH EAX  
2026-09-09 23:27:31 INFO  (GhidraScript) InspectSkypeEntry.java> 0052c199 CALL 0x00a94a10  
2026-09-09 23:27:31 INFO  (GhidraScript) InspectSkypeEntry.java> 0052c19e ADD ESP,0xc  
2026-09-09 23:27:31 INFO  (GhidraScript) InspectSkypeEntry.java> 0052c1a1 XOR EDI,EDI  
2026-09-09 23:27:31 INFO  (GhidraScript) InspectSkypeEntry.java> 0052c1a3 MOV EAX,0xcccccccd  
2026-09-09 23:27:31 INFO  (GhidraScript) InspectSkypeEntry.java> 0052c1a8 MUL EDI  
2026-09-09 23:27:31 INFO  (GhidraScript) InspectSkypeEntry.java> 0052c1aa SHR EDX,0x2  
2026-09-09 23:27:31 INFO  (GhidraScript) InspectSkypeEntry.java> 0052c1ad MOV EAX,EDI  
2026-09-09 23:27:31 INFO  (GhidraScript) InspectSkypeEntry.java> 0052c1af SHR EAX,0x1  
2026-09-09 23:27:31 INFO  (GhidraScript) InspectSkypeEntry.java> 0052c1b1 ADD EDX,EDI  
2026-09-09 23:27:31 INFO  (GhidraScript) InspectSkypeEntry.java> 0052c1b3 ADD EAX,EDX  
2026-09-09 23:27:31 INFO  (GhidraScript) InspectSkypeEntry.java> 0052c1b5 MOV ECX,0x27  
2026-09-09 23:27:31 INFO  (GhidraScript) InspectSkypeEntry.java> 0052c1ba SUB ECX,EAX  
2026-09-09 23:27:31 INFO  (GhidraScript) InspectSkypeEntry.java> 0052c1bc CMP ECX,0x3  
2026-09-09 23:27:31 INFO  (GhidraScript) InspectSkypeEntry.java> 0052c1bf JBE 0x0052c1c6  
2026-09-09 23:27:31 INFO  (GhidraScript) InspectSkypeEntry.java> 0052c1c1 MOV ECX,0x3  
2026-09-09 23:27:31 INFO  (GhidraScript) InspectSkypeEntry.java> 0052c1c6 LEA ESI,[ECX*0x4 + 0x0]  
2026-09-09 23:27:31 INFO  (GhidraScript) InspectSkypeEntry.java> 0052c1cd LEA EDX,[EAX*0x4 + 0x0]  
2026-09-09 23:27:31 INFO  (GhidraScript) InspectSkypeEntry.java> 0052c1d4 ADD EDX,0x52bd10  
2026-09-09 23:27:31 INFO  (GhidraScript) InspectSkypeEntry.java> 0052c1da TEST ESI,ESI  
2026-09-09 23:27:31 INFO  (GhidraScript) InspectSkypeEntry.java> 0052c1dc MOV ECX,0xa9c35b72  
2026-09-09 23:27:31 INFO  (GhidraScript) InspectSkypeEntry.java> 0052c1e1 JZ 0x0052c209  
2026-09-09 23:27:31 INFO  (GhidraScript) InspectSkypeEntry.java> 0052c1e3 MOVZX EAX,byte ptr [EDX]  
2026-09-09 23:27:31 INFO  (GhidraScript) InspectSkypeEntry.java> 0052c1e6 SHL ECX,0x4  
2026-09-09 23:27:31 INFO  (GhidraScript) InspectSkypeEntry.java> 0052c1e9 ADD ECX,EAX  
2026-09-09 23:27:31 INFO  (GhidraScript) InspectSkypeEntry.java> 0052c1eb MOV EAX,ECX  
2026-09-09 23:27:31 INFO  (GhidraScript) InspectSkypeEntry.java> 0052c1ed SUB ESI,0x1  
2026-09-09 23:27:31 INFO  (GhidraScript) InspectSkypeEntry.java> 0052c1f0 AND EAX,0xf0000000  
2026-09-09 23:27:31 INFO  (GhidraScript) InspectSkypeEntry.java> 0052c1f5 JZ 0x0052c1fe  
2026-09-09 23:27:31 INFO  (GhidraScript) InspectSkypeEntry.java> 0052c1f7 MOV EBX,EAX  
2026-09-09 23:27:31 INFO  (GhidraScript) InspectSkypeEntry.java> 0052c1f9 SHR EBX,0x18  
2026-09-09 23:27:31 INFO  (GhidraScript) InspectSkypeEntry.java> 0052c1fc XOR ECX,EBX  
2026-09-09 23:27:31 INFO  (GhidraScript) InspectSkypeEntry.java> 0052c1fe NOT EAX  
2026-09-09 23:27:31 INFO  (GhidraScript) InspectSkypeEntry.java> 0052c200 AND ECX,EAX  
2026-09-09 23:27:31 INFO  (GhidraScript) InspectSkypeEntry.java> 0052c202 ADD EDX,0x1  
2026-09-09 23:27:31 INFO  (GhidraScript) InspectSkypeEntry.java> 0052c205 TEST ESI,ESI  
2026-09-09 23:27:31 INFO  (GhidraScript) InspectSkypeEntry.java> 0052c207 JNZ 0x0052c1e3  
2026-09-09 23:27:31 INFO  (GhidraScript) InspectSkypeEntry.java> 0052c209 MOV dword ptr [ESP + EDI*0x4 + 0x30],ECX  
2026-09-09 23:27:31 INFO  (GhidraScript) InspectSkypeEntry.java> 0052c20d ADD EDI,0x1  
2026-09-09 23:27:31 INFO  (GhidraScript) InspectSkypeEntry.java> 0052c210 CMP EDI,0x17  
2026-09-09 23:27:31 INFO  (GhidraScript) InspectSkypeEntry.java> 0052c213 JC 0x0052c1a3  
2026-09-09 23:27:31 INFO  (GhidraScript) InspectSkypeEntry.java> 0052c215 PUSH 0x5c  
2026-09-09 23:27:31 INFO  (GhidraScript) InspectSkypeEntry.java> 0052c217 LEA ECX,[ESP + 0x34]  
2026-09-09 23:27:31 INFO  (GhidraScript) InspectSkypeEntry.java> 0052c21b PUSH ECX  
2026-09-09 23:27:31 INFO  (GhidraScript) InspectSkypeEntry.java> 0052c21c LEA EDX,[ESP + 0xf8]  
2026-09-09 23:27:31 INFO  (GhidraScript) InspectSkypeEntry.java> 0052c223 PUSH EDX  
2026-09-09 23:27:31 INFO  (GhidraScript) InspectSkypeEntry.java> 0052c224 CALL 0x00a94250  
2026-09-09 23:27:31 INFO  (GhidraScript) InspectSkypeEntry.java> 0052c229 ADD ESP,0xc  
2026-09-09 23:27:31 INFO  (GhidraScript) InspectSkypeEntry.java> 0052c22c MOV EAX,0x52bcb0  
2026-09-09 23:27:31 INFO  (GhidraScript) InspectSkypeEntry.java> 0052c231 XOR ESI,ESI  
2026-09-09 23:27:31 INFO  (GhidraScript) InspectSkypeEntry.java> 0052c233 XOR EDX,EDX  
2026-09-09 23:27:31 INFO  (GhidraScript) InspectSkypeEntry.java> 0052c235 XOR ECX,ECX  
2026-09-09 23:27:31 INFO  (GhidraScript) InspectSkypeEntry.java> 0052c237 MOVZX EDI,byte ptr [EAX]  
2026-09-09 23:27:31 INFO  (GhidraScript) InspectSkypeEntry.java> 0052c23a SHL EDI,CL  
2026-09-09 23:27:31 INFO  (GhidraScript) InspectSkypeEntry.java> 0052c23c ADD ECX,0x8  
2026-09-09 23:27:31 INFO  (GhidraScript) InspectSkypeEntry.java> 0052c23f ADD EAX,0x1  
2026-09-09 23:27:31 INFO  (GhidraScript) InspectSkypeEntry.java> 0052c242 OR EDX,EDI  
2026-09-09 23:27:31 INFO  (GhidraScript) InspectSkypeEntry.java> 0052c244 CMP ECX,0x20  
2026-09-09 23:27:31 INFO  (GhidraScript) InspectSkypeEntry.java> 0052c247 JC 0x0052c237  
2026-09-09 23:27:31 INFO  (GhidraScript) InspectSkypeEntry.java> 0052c249 MOV dword ptr [ESP + ESI*0x4 + 0x30],EDX  
2026-09-09 23:27:31 INFO  (GhidraScript) InspectSkypeEntry.java> 0052c24d ADD ESI,0x1  
2026-09-09 23:27:31 INFO  (GhidraScript) InspectSkypeEntry.java> 0052c250 CMP ESI,0x18  
2026-09-09 23:27:31 INFO  (GhidraScript) InspectSkypeEntry.java> 0052c253 JC 0x0052c233  
2026-09-09 23:27:31 INFO  (GhidraScript) InspectSkypeEntry.java> 0052c255 MOV ECX,0x18  
2026-09-09 23:27:31 INFO  (GhidraScript) InspectSkypeEntry.java> 0052c25a LEA ESI,[ESP + 0x30]  
2026-09-09 23:27:31 INFO  (GhidraScript) InspectSkypeEntry.java> 0052c25e LEA EDI,[ESP + 0x90]  
2026-09-09 23:27:31 INFO  (GhidraScript) InspectSkypeEntry.java> 0052c265 LEA EAX,[ESP + 0xf0]  
2026-09-09 23:27:31 INFO  (GhidraScript) InspectSkypeEntry.java> 0052c26c MOVSD.REP ES:EDI,ESI  
2026-09-09 23:27:31 INFO  (GhidraScript) InspectSkypeEntry.java> 0052c26e MOV EDX,0x52bd10  
2026-09-09 23:27:31 INFO  (GhidraScript) InspectSkypeEntry.java> 0052c273 PUSH EAX  
2026-09-09 23:27:31 INFO  (GhidraScript) InspectSkypeEntry.java> 0052c274 ADD EDX,0x9c  
2026-09-09 23:27:31 INFO  (GhidraScript) InspectSkypeEntry.java> 0052c27a LEA ECX,[ESP + 0x94]  
2026-09-09 23:27:31 INFO  (GhidraScript) InspectSkypeEntry.java> 0052c281 CALL 0x0052c080  
2026-09-09 23:27:31 INFO  (GhidraScript) InspectSkypeEntry.java> 0052c286 TEST EAX,EAX  
2026-09-09 23:27:31 INFO  (GhidraScript) InspectSkypeEntry.java> 0052c288 JZ 0x0052c574  
2026-09-09 23:27:31 INFO  (GhidraScript) InspectSkypeEntry.java> 0052c28e MOV ECX,dword ptr [0x00d15754]  
2026-09-09 23:27:31 INFO  (GhidraScript) InspectSkypeEntry.java> 0052c294 ADD ECX,0x7  
2026-09-09 23:27:31 INFO  (GhidraScript) InspectSkypeEntry.java> 0052c297 MOV EAX,0x4ec4ec4f  
2026-09-09 23:27:31 INFO  (GhidraScript) InspectSkypeEntry.java> 0052c29c MUL ECX  
2026-09-09 23:27:31 INFO  (GhidraScript) InspectSkypeEntry.java> 0052c29e SHR EDX,0x2  
2026-09-09 23:27:31 INFO  (GhidraScript) InspectSkypeEntry.java> 0052c2a1 IMUL EDX,EDX,0xd  
2026-09-09 23:27:31 INFO  (GhidraScript) InspectSkypeEntry.java> 0052c2a4 MOV dword ptr [0x00d15754],ECX  
2026-09-09 23:27:31 INFO  (GhidraScript) InspectSkypeEntry.java> 0052c2aa SUB ECX,EDX  
2026-09-09 23:27:31 INFO  (GhidraScript) InspectSkypeEntry.java> 0052c2ac LEA EAX,[ECX + ECX*0x2]  
2026-09-09 23:27:31 INFO  (GhidraScript) InspectSkypeEntry.java> 0052c2af LEA EDX,[EAX*0x4 + 0x0]  
2026-09-09 23:27:31 INFO  (GhidraScript) InspectSkypeEntry.java> 0052c2b6 ADD EDX,0x52bd10  
2026-09-09 23:27:31 INFO  (GhidraScript) InspectSkypeEntry.java> 0052c2bc MOV ECX,dword ptr [EDX + 0x4]  
2026-09-09 23:27:31 INFO  (GhidraScript) InspectSkypeEntry.java> 0052c2bf MOV dword ptr [ESP + 0x2c],EAX  
2026-09-09 23:27:31 INFO  (GhidraScript) InspectSkypeEntry.java> 0052c2c3 MOV EAX,0x52bd10  
2026-09-09 23:27:31 INFO  (GhidraScript) InspectSkypeEntry.java> 0052c2c8 SUB EAX,dword ptr [EDX]  
2026-09-09 23:27:31 INFO  (GhidraScript) InspectSkypeEntry.java> 0052c2ca CMP ECX,0x4  
2026-09-09 23:27:31 INFO  (GhidraScript) InspectSkypeEntry.java> 0052c2cd MOV EDI,0x67452301  
2026-09-09 23:27:31 INFO  (GhidraScript) InspectSkypeEntry.java> 0052c2d2 MOV ESI,0xefcdab89  
2026-09-09 23:27:31 INFO  (GhidraScript) InspectSkypeEntry.java> 0052c2d7 MOV EBX,0x98badcfe  
2026-09-09 23:27:31 INFO  (GhidraScript) InspectSkypeEntry.java> 0052c2dc MOV EDX,0x10325476  
2026-09-09 23:27:31 INFO  (GhidraScript) InspectSkypeEntry.java> 0052c2e1 MOV dword ptr [ESP + 0x14],ECX  
2026-09-09 23:27:31 INFO  (GhidraScript) InspectSkypeEntry.java> 0052c2e5 MOV dword ptr [ESP + 0x28],EAX  
2026-09-09 23:27:31 INFO  (GhidraScript) InspectSkypeEntry.java> 0052c2e9 MOV dword ptr [ESP + 0x18],EDI  
2026-09-09 23:27:31 INFO  (GhidraScript) InspectSkypeEntry.java> 0052c2ed MOV dword ptr [ESP + 0x1c],ESI  
2026-09-09 23:27:31 INFO  (GhidraScript) InspectSkypeEntry.java> 0052c2f1 MOV dword ptr [ESP + 0x20],EBX  
2026-09-09 23:27:31 INFO  (GhidraScript) InspectSkypeEntry.java> 0052c2f5 MOV dword ptr [ESP + 0x24],EDX  
2026-09-09 23:27:31 INFO  (GhidraScript) InspectSkypeEntry.java> 0052c2f9 JC 0x0052c559  
2026-09-09 23:27:31 INFO  (GhidraScript) InspectSkypeEntry.java> 0052c2ff LEA EDI,[ESP + 0x30]  
2026-09-09 23:27:31 INFO  (GhidraScript) InspectSkypeEntry.java> 0052c303 SUB EDI,EAX  
2026-09-09 23:27:31 INFO  (GhidraScript) InspectSkypeEntry.java> 0052c305 MOV dword ptr [ESP + 0x10],EDI  
2026-09-09 23:27:31 INFO  (GhidraScript) InspectSkypeEntry.java> 0052c309 XOR EDI,EDI  
2026-09-09 23:27:31 INFO  (GhidraScript) InspectSkypeEntry.java> 0052c30b MOV dword ptr [ESP + 0xc],EDI  
2026-09-09 23:27:31 INFO  (GhidraScript) InspectSkypeEntry.java> 0052c30f CMP ECX,0x4  
2026-09-09 23:27:31 INFO  (GhidraScript) InspectSkypeEntry.java> 0052c312 JC 0x0052c360  
2026-09-09 23:27:31 INFO  (GhidraScript) InspectSkypeEntry.java> 0052c314 CMP EAX,0x52bd10  
2026-09-09 23:27:31 INFO  (GhidraScript) InspectSkypeEntry.java> 0052c319 JC 0x0052c337  
2026-09-09 23:27:31 INFO  (GhidraScript) InspectSkypeEntry.java> 0052c31b MOV EDI,0x52bd10  
2026-09-09 23:27:31 INFO  (GhidraScript) InspectSkypeEntry.java> 0052c320 ADD EDI,0xfc  
2026-09-09 23:27:31 INFO  (GhidraScript) InspectSkypeEntry.java> 0052c326 CMP EAX,EDI  
2026-09-09 23:27:31 INFO  (GhidraScript) InspectSkypeEntry.java> 0052c328 JNC 0x0052c337  
2026-09-09 23:27:31 INFO  (GhidraScript) InspectSkypeEntry.java> 0052c32a MOV EDI,dword ptr [ESP + 0x10]  
2026-09-09 23:27:31 INFO  (GhidraScript) InspectSkypeEntry.java> 0052c32e MOV dword ptr [EDI + EAX*0x1],0x0  
2026-09-09 23:27:31 INFO  (GhidraScript) InspectSkypeEntry.java> 0052c335 JMP 0x0052c344  
2026-09-09 23:27:31 INFO  (GhidraScript) InspectSkypeEntry.java> 0052c337 MOV ECX,dword ptr [EAX]  
2026-09-09 23:27:31 INFO  (GhidraScript) InspectSkypeEntry.java> 0052c339 MOV EDI,dword ptr [ESP + 0x10]  
2026-09-09 23:27:31 INFO  (GhidraScript) InspectSkypeEntry.java> 0052c33d MOV dword ptr [EDI + EAX*0x1],ECX  
2026-09-09 23:27:31 INFO  (GhidraScript) InspectSkypeEntry.java> 0052c340 MOV ECX,dword ptr [ESP + 0x14]  
2026-09-09 23:27:31 WARN  (DecompileCallback) Decompiling 0052c170, pcode error at 0052c58b: Unable to resolve constructor at 0052c58b  
2026-09-09 23:27:31 INFO  (GhidraScript) InspectSkypeEntry.java> 
/* WARNING: Instruction at (ram,0x0052c57d) overlaps instruction at (ram,0x0052c57c)
    */
/* WARNING: Control flow encountered bad instruction data */
/* WARNING: Type propagation algorithm not settling */
/* WARNING: Globals starting with '_' overlap smaller symbols at the same address */

void FUN_0052c170(void)

{
  char *pcVar1;
  byte bVar2;
  int iVar3;
  uint uVar4;
  char *pcVar5;
  char *pcVar6;
  byte bVar7;
  uint uVar8;
  int extraout_ECX;
  uint uVar9;
  byte *pbVar10;
  uint uVar11;
  int iVar12;
  uint uVar13;
  int *piVar14;
  int *piVar15;
  bool bVar16;
  byte in_AF;
  bool bVar17;
  byte in_TF;
  byte in_IF;
  bool bVar18;
  byte in_NT;
  byte in_AC;
  byte in_VIF;
  byte in_VIP;
  byte in_ID;
  undefined in_XMM0 [16];
  int iStack_154;
  uint uStack_150;
  int iStack_14c;
  uint uStack_148;
  uint uStack_144;
  uint uStack_140;
  char *pcStack_13c;
  int iStack_138;
  uint auStack_134 [25];
  int aiStack_d0 [24];
  undefined auStack_70 [100];
  uint uStack_c;
  
  uStack_c = _DAT_00d0a8a0 ^ (uint)&iStack_154;
  func_0x00a94a10(auStack_70,0,0x5f);
  uVar13 = 0;
  do {
    iVar3 = (uVar13 >> 1) + (uint)((ulonglong)uVar13 * 0x4cccccccd >> 0x22);
    uVar8 = 0x27 - iVar3;
    if (3 < uVar8) {
      uVar8 = 3;
    }
    iVar12 = uVar8 * 4;
    pbVar10 = (byte *)(iVar3 * 4 + 0x52bd10);
    uVar8 = 0xa9c35b72;
    while (iVar12 != 0) {
      uVar8 = uVar8 * 0x10 + (uint)*pbVar10;
      iVar12 = iVar12 + -1;
      uVar4 = uVar8 & 0xf0000000;
      if (uVar4 != 0) {
        uVar8 = uVar8 ^ uVar4 >> 0x18;
      }
      uVar8 = uVar8 & ~uVar4;
      pbVar10 = pbVar10 + 1;
    }
    auStack_134[uVar13 + 1] = uVar8;
    uVar13 = uVar13 + 1;
  } while (uVar13 < 0x17);
  func_0x00a94250(auStack_70,auStack_134 + 1,0x5c);
  pbVar10 = (byte *)0x52bcb0;
  uVar13 = 0;
  do {
    uVar4 = 0;
    uVar8 = 0;
    do {
      bVar2 = *pbVar10;
      bVar7 = (byte)uVar8;
      uVar8 = uVar8 + 8;
      pbVar10 = pbVar10 + 1;
      uVar4 = uVar4 | (uint)bVar2 << (bVar7 & 0x1f);
    } while (uVar8 < 0x20);
    auStack_134[uVar13 + 1] = uVar4;
    uVar13 = uVar13 + 1;
  } while (uVar13 < 0x18);
  piVar14 = (int *)auStack_134;
  piVar15 = aiStack_d0;
  for (iVar3 = 0x18; piVar14 = (int *)((int)piVar14 + 4), iVar3 != 0; iVar3 = iVar3 + -1) {
    *piVar15 = *piVar14;
    piVar15 = piVar15 + 1;
  }
  pcVar5 = (char *)FUN_0052c080(auStack_70);
  bVar16 = false;
  bVar18 = false;
  bVar17 = pcVar5 == (char *)0x0;
  iVar3 = extraout_ECX;
  pcVar6 = pcVar5;
  if (!bVar17) {
    _DAT_00d15754 = _DAT_00d15754 + 7;
    uVar13 = _DAT_00d15754 % 0xd;
    iVar3 = uVar13 * 3;
    uStack_150 = *(uint *)(uVar13 * 0xc + 0x52bd14);
    pcVar5 = (char *)(0x52bd10 - *(int *)(uVar13 * 0xc + 0x52bd10));
    iStack_14c = 0x67452301;
    uStack_148 = 0xefcdab89;
    uStack_144 = 0x98badcfe;
    uStack_140 = 0x10325476;
    if (3 < uStack_150) {
      iStack_154 = (int)auStack_134 - (int)pcVar5;
      do {
        uVar8 = 0;
        pcVar6 = pcVar5;
        do {
          if (uStack_150 < 4) {
            if (uVar8 < 0x10) {
              piVar14 = (int *)(auStack_134 + uVar8);
              for (iVar12 = 0x10 - uVar8; iVar12 != 0; iVar12 = iVar12 + -1) {
                *piVar14 = 0;
                piVar14 = piVar14 + 1;
              }
            }
            break;
          }
          if ((pcVar6 < (char *)0x52bd10) || ((char *)0x52be0b < pcVar6)) {
            *(undefined4 *)(pcVar6 + iStack_154) = *(undefined4 *)pcVar6;
          }
          else {
            pcVar1 = pcVar6 + iStack_154;
            pcVar1[0] = '\0';
            pcVar1[1] = '\0';
            pcVar1[2] = '\0';
            pcVar1[3] = '\0';
          }
          uVar8 = uVar8 + 1;
          uStack_150 = uStack_150 - 4;
          pcVar6 = pcVar6 + 4;
        } while (uVar8 < 0x10);
        uVar8 = (~uStack_148 & uStack_140 | uStack_144 & uStack_148) + auStack_134[0] + -0x28955b88
                + iStack_14c;
        uVar4 = (uVar8 * 0x80 | uVar8 >> 0x19) + uStack_148;
        uVar8 = (~uVar4 & uStack_144 | uVar4 & uStack_148) + auStack_134[1] + -0x173848aa +
                uStack_140;
        uVar9 = (uVar8 * 0x1000 | uVar8 >> 0x14) + uVar4;
        uVar8 = (~uVar9 & uStack_148 | uVar9 & uVar4) + auStack_134[2] + 0x242070db + uStack_144;
        uVar11 = (uVar8 >> 0xf | uVar8 * 0x20000) + uVar9;
        uVar8 = (~uVar11 & uVar4 | uVar9 & uVar11) + auStack_134[3] + -0x3e423112 + uStack_148;
        uVar8 = (uVar8 >> 10 | uVar8 * 0x400000) + uVar11;
        uVar4 = (~uVar9 & uVar11 | uVar9 & uVar8) + auStack_134[4] + -0xa83f051 + uVar4;
        uVar4 = (uVar4 * 0x80 | uVar4 >> 0x19) + uVar8;
        uVar9 = (~uVar11 & uVar8 | uVar11 & uVar4) + auStack_134[5] + 0x4787c62a + uVar9;
        uVar9 = (uVar9 * 0x1000 | uVar9 >> 0x14) + uVar4;
        uVar11 = (~uVar8 & uVar4 | uVar9 & uVar8) + auStack_134[6] + -0x57cfb9ed + uVar11;
        uVar11 = (uVar11 >> 0xf | uVar11 * 0x20000) + uVar9;
        uVar8 = (~uVar4 & uVar9 | uVar11 & uVar4) + auStack_134[7] + -0x2b96aff + uVar8;
        uVar8 = (uVar8 >> 10 | uVar8 * 0x400000) + uVar11;
        uVar4 = (uVar9 ^ uVar11 ^ uVar8) + auStack_134[8] + 0x698098d8 + uVar4;
        uVar4 = (uVar4 * 0x80 | uVar4 >> 0x19) + uVar8;
        iStack_154 = iStack_154 + -0x40;
        uVar9 = (uVar11 ^ uVar8 ^ uVar4) + auStack_134[9] + -0x74bb0851 + uVar9;
        uVar9 = (uVar9 * 0x1000 | uVar9 >> 0x14) + uVar4;
        uVar11 = (uVar9 ^ uVar8 ^ uVar4) + auStack_134[10] + -0xa44f + uVar11;
        uVar11 = (uVar11 >> 0xf | uVar11 * 0x20000) + uVar9;
        uVar8 = (uVar9 ^ uVar11 ^ uVar4) + auStack_134[0xb] + -0x76a32842 + uVar8;
        uVar8 = (uVar8 >> 10 | uVar8 * 0x400000) + uVar11;
        uVar4 = ((~uVar9 | uVar8) ^ uVar11) + auStack_134[0xc] + 0x6b901122 + uVar4;
        uVar4 = (uVar4 * 0x80 | uVar4 >> 0x19) + uVar8;
        iStack_14c = iStack_14c + uVar4;
        uVar9 = ((~uVar11 | uVar4) ^ uVar8) + auStack_134[0xd] + -0x2678e6d + uVar9;
        uVar9 = (uVar9 * 0x1000 | uVar9 >> 0x14) + uVar4;
        uVar11 = ((~uVar8 | uVar9) ^ uVar4) + auStack_134[0xe] + -0x5986bc72 + uVar11;
        uVar11 = (uVar11 >> 0xf | uVar11 * 0x20000) + uVar9;
        uStack_144 = uStack_144 + uVar11;
        uVar8 = ((~uVar4 | uVar11) ^ uVar9) + auStack_134[0xf] + 0x49b40821 + uVar8;
        uStack_148 = uStack_148 + (uVar8 >> 10 | uVar8 * 0x400000) + uVar11;
        uStack_140 = uStack_140 + uVar9;
        pcVar5 = pcVar5 + 0x40;
      } while (3 < uStack_150);
    }
    piVar15 = (int *)(((iStack_14c - uStack_140) - uStack_144) - uStack_148);
    piVar14 = *(int **)(uVar13 * 0xc + 0x52bd18);
    bVar16 = piVar15 < piVar14;
    bVar18 = SBORROW4((int)piVar15,(int)piVar14);
    pcVar6 = (char *)((int)piVar15 - (int)piVar14);
    bVar17 = pcVar6 == (char *)0x0;
    pcStack_13c = pcVar5;
    iStack_138 = iVar3;
    if (bVar17) goto LAB_0052c590;
  }
  iVar12 = iStack_154;
  if ((bVar17) || (!bVar17)) {
    uStack_148 = (uint)(in_NT & 1) * 0x4000 | (uint)bVar18 * 0x800 | (uint)(in_IF & 1) * 0x200 |
                 (uint)(in_TF & 1) * 0x100 | (uint)((int)pcVar6 < 0) * 0x80 | (uint)bVar17 * 0x40 |
                 (uint)(in_AF & 1) * 0x10 | (uint)((POPCOUNT((uint)pcVar6 & 0xff) & 1U) == 0) * 4 |
                 (uint)bVar16 | (uint)(in_ID & 1) * 0x200000 | (uint)(in_VIP & 1) * 0x100000 |
                 (uint)(in_VIF & 1) * 0x80000 | (uint)(in_AC & 1) * 0x40000;
    iStack_14c = 0x52c584;
    FUN_0052c580();
    sqrtps(in_XMM0,*(undefined (*) [16])(iVar12 + 0x1eb04c4));
                    /* WARNING: Bad instruction - Truncating control flow here */
    halt_baddata();
  }
  *pcVar5 = *pcVar5 + (char)pcVar5;
  *(char *)piVar15 = *(char *)piVar15 + (char)iVar3;
LAB_0052c590:
  func_0x00a90c08();
  return;
}

  
2026-09-09 23:27:33 INFO  (HeadlessAnalyzer) REPORT: Save succeeded for processed file: /Skype-uncompressed.image.bin  
