2026-09-09 23:35:12 INFO  (LoggingInitialization) Using log config file: jar:file:/E:/ghidra_11.2.1_PUBLIC/Ghidra/Framework/Generic/lib/Generic.jar!/generic.log4j.xml  
2026-09-09 23:35:12 INFO  (LoggingInitialization) Using log file: I:\SkypeReverse\skypeopensource2\skyserver\diagnostics\pe-analysis-20260907-233415\seed-table.log  
2026-09-09 23:35:12 INFO  (Preferences) Loading user preferences: C:\Users\IlyaBOT\AppData\Roaming\ghidra\ghidra_11.2.1_PUBLIC\preferences  
2026-09-09 23:35:12 INFO  (ClassSearcher) Searching for classes...  
2026-09-09 23:35:13 INFO  (ClassSearcher) Class search complete (1071 ms)  
2026-09-09 23:35:14 INFO  (SSLContextInitializer) Initializing SSL Context  
2026-09-09 23:35:14 INFO  (SecureRandomFactory) Initializing Random Number Generator...  
2026-09-09 23:35:14 INFO  (SecureRandomFactory) Random Number Generator initialization complete: SHA1PRNG  
2026-09-09 23:35:14 INFO  (ApplicationTrustManagerFactory) Trust manager disabled, cacerts have not been set  
2026-09-09 23:35:14 INFO  (FileCacheMaintenanceDaemon) Starting cache cleanup: C:\Users\IlyaBOT\AppData\Local\ghidra\fscache2  
2026-09-09 23:35:14 INFO  (FileCacheMaintenanceDaemon) Finished cache cleanup, estimated storage used: 0  
2026-09-09 23:35:14 INFO  (AnalyzeHeadless) Headless startup complete (2478 ms)  
2026-09-09 23:35:14 INFO  (ClassSearcher) Class searcher loaded 57 extension points (18 false positives)  
2026-09-09 23:35:14 INFO  (HeadlessAnalyzer) HEADLESS Script Paths:
    E:\ghidra_11.2.1_PUBLIC\Ghidra\Features\SystemEmulation\ghidra_scripts
    E:\ghidra_11.2.1_PUBLIC\Ghidra\Features\FileFormats\ghidra_scripts
    E:\ghidra_11.2.1_PUBLIC\Ghidra\Debug\Debugger\ghidra_scripts
    E:\ghidra_11.2.1_PUBLIC\Ghidra\Processors\JVM\ghidra_scripts
    E:\ghidra_11.2.1_PUBLIC\Ghidra\Features\BSim\ghidra_scripts
    E:\ghidra_11.2.1_PUBLIC\Ghidra\Features\WildcardAssembler\ghidra_scripts
    E:\ghidra_11.2.1_PUBLIC\Ghidra\Features\SwiftDemangler\ghidra_scripts
    E:\ghidra_11.2.1_PUBLIC\Ghidra\Features\BytePatterns\ghidra_scripts
    E:\ghidra_11.2.1_PUBLIC\Ghidra\Processors\PIC\ghidra_scripts
    E:\ghidra_11.2.1_PUBLIC\Ghidra\Debug\Debugger-agent-dbgmodel-traceloader\ghidra_scripts
    E:\ghidra_11.2.1_PUBLIC\Ghidra\Features\PDB\ghidra_scripts
    E:\ghidra_11.2.1_PUBLIC\Ghidra\Processors\8051\ghidra_scripts
    E:\ghidra_11.2.1_PUBLIC\Ghidra\Debug\Debugger-rmi-trace\ghidra_scripts
    I:\SkypeReverse\skypeopensource2\skyserver\tools
    E:\ghidra_11.2.1_PUBLIC\Ghidra\Features\Jython\ghidra_scripts
    E:\ghidra_11.2.1_PUBLIC\Ghidra\Features\Base\ghidra_scripts
    E:\ghidra_11.2.1_PUBLIC\Ghidra\Features\Decompiler\ghidra_scripts
    E:\ghidra_11.2.1_PUBLIC\Ghidra\Processors\Atmel\ghidra_scripts
    E:\ghidra_11.2.1_PUBLIC\Ghidra\Features\FunctionID\ghidra_scripts
    E:\ghidra_11.2.1_PUBLIC\Ghidra\Debug\Debugger-agent-frida\ghidra_scripts
    E:\ghidra_11.2.1_PUBLIC\Ghidra\Features\VersionTracking\ghidra_scripts
    E:\ghidra_11.2.1_PUBLIC\Ghidra\Features\GnuDemangler\ghidra_scripts
    E:\ghidra_11.2.1_PUBLIC\Ghidra\Features\MicrosoftCodeAnalyzer\ghidra_scripts
    E:\ghidra_11.2.1_PUBLIC\Ghidra\Processors\DATA\ghidra_scripts  
2026-09-09 23:35:14 INFO  (HeadlessAnalyzer) HEADLESS: execution starts  
2026-09-09 23:35:14 INFO  (HeadlessAnalyzer) Opening existing project: I:\SkypeReverse\skypeopensource2\skyserver\diagnostics\pe-analysis-20260907-233415\Skype42  
2026-09-09 23:35:14 INFO  (HeadlessProject) Opening project: I:\SkypeReverse\skypeopensource2\skyserver\diagnostics\pe-analysis-20260907-233415\Skype42  
2026-09-09 23:35:16 INFO  (HeadlessAnalyzer) REPORT: Processing project file: /Skype-uncompressed.image.bin  
2026-09-09 23:35:17 INFO  (HeadlessAnalyzer) SCRIPT: I:\SkypeReverse\skypeopensource2\skyserver\tools\InspectSkypeEntry.java  
2026-09-09 23:35:17 INFO  (GhidraScript) InspectSkypeEntry.java> SKYPE_ENTRY 0057d2d0  
2026-09-09 23:35:17 INFO  (GhidraScript) InspectSkypeEntry.java> 0057d2d0 IN AL,DX  
2026-09-09 23:35:17 INFO  (GhidraScript) InspectSkypeEntry.java> 0057d2d1 POPFD  
2026-09-09 23:35:17 INFO  (GhidraScript) InspectSkypeEntry.java> 0057d2d2 ADD EAX,0x4508b00  
2026-09-09 23:35:17 INFO  (GhidraScript) InspectSkypeEntry.java> 0057d2d7 MOV EDI,dword ptr [EAX]  
2026-09-09 23:35:17 INFO  (GhidraScript) InspectSkypeEntry.java> 0057d2d9 MOV EAX,dword ptr [EBX + 0x20]  
2026-09-09 23:35:17 INFO  (GhidraScript) InspectSkypeEntry.java> 0057d2dc MOV ECX,dword ptr [EAX + 0xc]  
2026-09-09 23:35:17 INFO  (GhidraScript) InspectSkypeEntry.java> 0057d2df MOV ESI,dword ptr [ESI]  
2026-09-09 23:35:17 INFO  (GhidraScript) InspectSkypeEntry.java> 0057d2e1 ADD EAX,0x4  
2026-09-09 23:35:17 INFO  (GhidraScript) InspectSkypeEntry.java> 0057d2e4 PUSH ECX  
2026-09-09 23:35:17 INFO  (GhidraScript) InspectSkypeEntry.java> 0057d2e5 MOV dword ptr [ESP + 0x68],EDX  
2026-09-09 23:35:17 INFO  (GhidraScript) InspectSkypeEntry.java> 0057d2e9 CALL 0x0051ad40  
2026-09-09 23:35:17 INFO  (GhidraScript) InspectSkypeEntry.java> 0057d2ee MOV EDX,dword ptr [ESP + 0x64]  
2026-09-09 23:35:17 INFO  (GhidraScript) InspectSkypeEntry.java> 0057d2f2 MOV dword ptr [EAX],0x2  
2026-09-09 23:35:17 INFO  (GhidraScript) InspectSkypeEntry.java> 0057d2f8 MOV dword ptr [EAX + 0x4],ESI  
2026-09-09 23:35:17 INFO  (GhidraScript) InspectSkypeEntry.java> 0057d2fb MOV dword ptr [EAX + 0x8],EDI  
2026-09-09 23:35:17 INFO  (GhidraScript) InspectSkypeEntry.java> 0057d2fe MOV dword ptr [EAX + 0xc],EDX  
2026-09-09 23:35:17 INFO  (GhidraScript) InspectSkypeEntry.java> 0057d301 JMP 0x0057d3f8  
2026-09-09 23:35:17 INFO  (GhidraScript) InspectSkypeEntry.java> 0057d376 OR dword ptr [ESP + 0x1c],0x1  
2026-09-09 23:35:17 INFO  (GhidraScript) InspectSkypeEntry.java> 0057d37b PUSH EAX  
2026-09-09 23:35:17 INFO  (GhidraScript) InspectSkypeEntry.java> 0057d37c PUSH 0xc8d6d8  
2026-09-09 23:35:17 INFO  (GhidraScript) InspectSkypeEntry.java> 0057d381 LEA ESI,[ESP + 0x20]  
2026-09-09 23:35:17 INFO  (GhidraScript) InspectSkypeEntry.java> 0057d385 CALL 0x0051fc20  
2026-09-09 23:35:17 INFO  (GhidraScript) InspectSkypeEntry.java> 0057d38a MOV EAX,dword ptr [EAX]  
2026-09-09 23:35:17 INFO  (GhidraScript) InspectSkypeEntry.java> 0057d38c XOR ESI,ESI  
2026-09-09 23:35:17 INFO  (GhidraScript) InspectSkypeEntry.java> 0057d38e ADD ESP,0x8  
2026-09-09 23:35:17 INFO  (GhidraScript) InspectSkypeEntry.java> 0057d391 CMP EAX,ESI  
2026-09-09 23:35:17 INFO  (GhidraScript) InspectSkypeEntry.java> 0057d393 JNZ 0x0057d39a  
2026-09-09 23:35:17 INFO  (GhidraScript) InspectSkypeEntry.java> 0057d395 MOV EAX,0xb88638  
2026-09-09 23:35:17 INFO  (GhidraScript) InspectSkypeEntry.java> 0057d39a PUSH EAX  
2026-09-09 23:35:17 INFO  (GhidraScript) InspectSkypeEntry.java> 0057d39b PUSH 0xb89a40  
2026-09-09 23:35:17 INFO  (GhidraScript) InspectSkypeEntry.java> 0057d3a0 PUSH 0x202  
2026-09-09 23:35:17 INFO  (GhidraScript) InspectSkypeEntry.java> 0057d3a5 PUSH 0xc8d348  
2026-09-09 23:35:17 INFO  (GhidraScript) InspectSkypeEntry.java> 0057d3aa PUSH 0xb8975c  
2026-09-09 23:35:17 INFO  (GhidraScript) InspectSkypeEntry.java> 0057d3af PUSH 0xb89a44  
2026-09-09 23:35:17 INFO  (GhidraScript) InspectSkypeEntry.java> 0057d3b4 CALL 0x0051fb30  
2026-09-09 23:35:17 INFO  (GhidraScript) InspectSkypeEntry.java> 0057d3b9 LEA EDX,[ESP + 0x40]  
2026-09-09 23:35:17 INFO  (GhidraScript) InspectSkypeEntry.java> 0057d3bd PUSH 0xb8975c  
2026-09-09 23:35:17 INFO  (GhidraScript) InspectSkypeEntry.java> 0057d3c2 PUSH 0xb89a68  
2026-09-09 23:35:17 INFO  (GhidraScript) InspectSkypeEntry.java> 0057d3c7 MOV dword ptr [ESP + 0x48],ESI  
2026-09-09 23:35:17 INFO  (GhidraScript) InspectSkypeEntry.java> 0057d3cb MOV dword ptr [0x00d19a9c],EDX  
2026-09-09 23:35:17 INFO  (GhidraScript) InspectSkypeEntry.java> 0057d3d1 CALL 0x0051fb50  
2026-09-09 23:35:17 INFO  (GhidraScript) InspectSkypeEntry.java> 0057d3d6 ADD ESP,0x20  
2026-09-09 23:35:17 INFO  (GhidraScript) InspectSkypeEntry.java> 0057d3d9 TEST byte ptr [ESP + 0x1c],0x1  
2026-09-09 23:35:17 INFO  (GhidraScript) InspectSkypeEntry.java> 0057d3de JZ 0x0057d3f8  
2026-09-09 23:35:17 INFO  (GhidraScript) InspectSkypeEntry.java> 0057d3e0 MOV EAX,dword ptr [ESP + 0x18]  
2026-09-09 23:35:17 INFO  (GhidraScript) InspectSkypeEntry.java> 0057d3e4 AND dword ptr [ESP + 0x1c],0xfffffffe  
2026-09-09 23:35:17 INFO  (GhidraScript) InspectSkypeEntry.java> 0057d3e9 CMP EAX,ESI  
2026-09-09 23:35:17 INFO  (GhidraScript) InspectSkypeEntry.java> 0057d3eb JZ 0x0057d3f4  
2026-09-09 23:35:17 INFO  (GhidraScript) InspectSkypeEntry.java> 0057d3ed PUSH EAX  
2026-09-09 23:35:17 INFO  (GhidraScript) InspectSkypeEntry.java> 0057d3ee CALL dword ptr [0x00b5d120]  
2026-09-09 23:35:17 INFO  (GhidraScript) InspectSkypeEntry.java> 0057d3f4 MOV dword ptr [ESP + 0x18],ESI  
2026-09-09 23:35:17 INFO  (GhidraScript) InspectSkypeEntry.java> 0057d3f8 ADD dword ptr [ESP + 0x14],0x1  
2026-09-09 23:35:17 INFO  (GhidraScript) InspectSkypeEntry.java> 0057d3fd MOV EAX,dword ptr [ESP + 0x10]  
2026-09-09 23:35:17 INFO  (GhidraScript) InspectSkypeEntry.java> 0057d401 ADD EAX,0x1  
2026-09-09 23:35:17 INFO  (GhidraScript) InspectSkypeEntry.java> 0057d404 MOV dword ptr [ESP + 0x10],EAX  
2026-09-09 23:35:17 INFO  (GhidraScript) InspectSkypeEntry.java> 0057d408 LEA EAX,[EAX + EAX*0x2]  
2026-09-09 23:35:17 INFO  (GhidraScript) InspectSkypeEntry.java> 0057d40b CMP dword ptr [EAX*0x4 + 0xc81c70],-0x1  
2026-09-09 23:35:17 INFO  (GhidraScript) InspectSkypeEntry.java> 0057d413 LEA ESI,[EAX*0x4 + 0xc81c70]  
2026-09-09 23:35:17 INFO  (GhidraScript) InspectSkypeEntry.java> 0057d41a JNZ 0x0057d217  
2026-09-09 23:35:17 INFO  (GhidraScript) InspectSkypeEntry.java> 0057d420 MOV EDI,dword ptr [EBX + 0x20]  
2026-09-09 23:35:20 INFO  (GhidraScript) InspectSkypeEntry.java> 
/* WARNING (jumptable): Unable to track spacebase fully for stack */
/* WARNING: Instruction at (ram,0x0057d2d4) overlaps instruction at (ram,0x0057d2d2)
    */
/* WARNING: Globals starting with '_' overlap smaller symbols at the same address */

void __fastcall FUN_0057d2d0(undefined4 param_1,undefined4 param_2)

{
  undefined uVar1;
  char cVar2;
  int iVar3;
  undefined4 uVar4;
  int in_EAX;
  undefined4 *puVar5;
  int iVar6;
  int *piVar7;
  int unaff_EBX;
  int *unaff_ESI;
  bool bVar8;
  int in_stack_00000018;
  int in_stack_00000020;
  int in_stack_00000028;
  int in_stack_00000030;
  int in_stack_00000048;
  undefined4 in_stack_0000004c;
  undefined4 in_stack_00000054;
  undefined4 uStack00000068;
  undefined4 in_stack_0000006c;
  undefined *in_stack_000000f0;
  undefined4 in_stack_000000f4;
  undefined4 in_stack_000000f8;
  
  do {
    uVar1 = in((short)param_2);
    uVar4 = *(undefined4 *)(CONCAT31((int3)((uint)in_EAX >> 8),uVar1) + 0x4508b00);
    iVar6 = *unaff_ESI;
    uStack00000068 = param_2;
    puVar5 = (undefined4 *)func_0x0051ad40();
    *puVar5 = 2;
    puVar5[1] = iVar6;
    puVar5[2] = uVar4;
    puVar5[3] = in_stack_0000006c;
LAB_0057d3fd:
    in_stack_00000018 = in_stack_00000018 + 1;
    unaff_ESI = (int *)(in_stack_00000018 * 0xc + 0xc81c70);
    if (*(int *)(in_stack_00000018 * 0xc + 0xc81c70) == -1) {
      cVar2 = func_0x0051a440();
      if (cVar2 == '\0') {
        func_0x005330d0(1,0xc8d6e8,*(undefined4 *)(*(int *)(unaff_EBX + 0x20) + 0xc),
                        in_stack_0000004c,in_stack_00000028);
        func_0x0056e3b0(0x56b8d0,0,0);
      }
      in_stack_00000054 = 0xb886e8;
      func_0x004f8d40();
      return;
    }
    in_stack_00000048 = *(int *)(*(int *)(unaff_EBX + 0x20) + 0xc);
    iVar6 = 0;
    in_stack_00000028 = 0;
    if (0 < in_stack_00000048) {
      in_stack_00000030 = *(int *)(*(int *)(unaff_EBX + 0x20) + 4);
      piVar7 = (int *)(in_stack_00000030 + 4);
      do {
        if ((*piVar7 == *unaff_ESI) &&
           (iVar3 = in_stack_00000028 + -1, bVar8 = in_stack_00000028 == 0,
           in_stack_00000028 = iVar3, bVar8)) {
          if (iVar6 * 0x10 + in_stack_00000030 != 0) goto LAB_0057d3fd;
          break;
        }
        iVar6 = iVar6 + 1;
        piVar7 = piVar7 + 4;
      } while (iVar6 < in_stack_00000048);
    }
    switch(*(undefined4 *)(in_stack_00000018 * 0xc + 0xc81c74)) {
    case 0:
      uVar4 = func_0x00a918df();
      iVar6 = *unaff_ESI;
      puVar5 = (undefined4 *)func_0x0051ad40();
      *puVar5 = 0;
      puVar5[1] = iVar6;
      puVar5[2] = uVar4;
      goto LAB_0057d3fd;
    default:
      func_0x0051fc20();
      func_0x0051fb30(0xb89a44,0xb8975c,0xc8d348,0x202);
      _DAT_00d19a9c = &stack0x00000030;
      in_stack_00000030 = 0;
      func_0x0051fb50(0xb89a68,0xb8975c);
      if (in_stack_00000020 != 0) {
        (*_DAT_00b5d120)();
      }
      in_stack_00000020 = 0;
      goto LAB_0057d3fd;
    case 2:
      in_EAX = func_0x005d70c0();
      param_2 = *(undefined4 *)(in_EAX + 4);
      break;
    case 3:
      func_0x00518d80();
      goto LAB_0057d3fd;
    case 6:
      in_stack_000000f0 = &stack0x00000070;
      in_stack_000000f4 = 0;
      in_stack_000000f8 = 0x20;
      func_0x006d6340();
      func_0x00518e60();
      if ((in_stack_000000f0 != &stack0x00000070) && (in_stack_000000f0 != (undefined *)0x0)) {
        (*_DAT_00b5d120)();
      }
      goto LAB_0057d3fd;
    }
  } while( true );
}

  
2026-09-09 23:35:21 INFO  (HeadlessAnalyzer) REPORT: Save succeeded for processed file: /Skype-uncompressed.image.bin  
