2026-09-10 09:38:34 INFO  (LoggingInitialization) Using log config file: jar:file:/E:/ghidra_11.2.1_PUBLIC/Ghidra/Framework/Generic/lib/Generic.jar!/generic.log4j.xml  
2026-09-10 09:38:34 INFO  (LoggingInitialization) Using log file: I:\SkypeReverse\skypeopensource2\skyserver\diagnostics\pe-analysis-20260907-233415\seed-ip-check.log  
2026-09-10 09:38:34 INFO  (Preferences) Loading user preferences: C:\Users\IlyaBOT\AppData\Roaming\ghidra\ghidra_11.2.1_PUBLIC\preferences  
2026-09-10 09:38:34 INFO  (ClassSearcher) Searching for classes...  
2026-09-10 09:38:35 INFO  (ClassSearcher) Class search complete (1046 ms)  
2026-09-10 09:38:35 INFO  (SSLContextInitializer) Initializing SSL Context  
2026-09-10 09:38:35 INFO  (SecureRandomFactory) Initializing Random Number Generator...  
2026-09-10 09:38:35 INFO  (SecureRandomFactory) Random Number Generator initialization complete: SHA1PRNG  
2026-09-10 09:38:35 INFO  (ApplicationTrustManagerFactory) Trust manager disabled, cacerts have not been set  
2026-09-10 09:38:36 INFO  (AnalyzeHeadless) Headless startup complete (2385 ms)  
2026-09-10 09:38:36 INFO  (ClassSearcher) Class searcher loaded 57 extension points (18 false positives)  
2026-09-10 09:38:36 INFO  (HeadlessAnalyzer) HEADLESS Script Paths:
    E:\ghidra_11.2.1_PUBLIC\Ghidra\Features\SystemEmulation\ghidra_scripts
    E:\ghidra_11.2.1_PUBLIC\Ghidra\Features\FileFormats\ghidra_scripts
    E:\ghidra_11.2.1_PUBLIC\Ghidra\Debug\Debugger\ghidra_scripts
    E:\ghidra_11.2.1_PUBLIC\Ghidra\Processors\JVM\ghidra_scripts
    E:\ghidra_11.2.1_PUBLIC\Ghidra\Features\BSim\ghidra_scripts
    E:\ghidra_11.2.1_PUBLIC\Ghidra\Features\WildcardAssembler\ghidra_scripts
    E:\ghidra_11.2.1_PUBLIC\Ghidra\Features\SwiftDemangler\ghidra_scripts
    E:\ghidra_11.2.1_PUBLIC\Ghidra\Features\BytePatterns\ghidra_scripts
    E:\ghidra_11.2.1_PUBLIC\Ghidra\Processors\PIC\ghidra_scripts
    E:\ghidra_11.2.1_PUBLIC\Ghidra\Debug\Debugger-agent-dbgmodel-traceloader\ghidra_scripts
    E:\ghidra_11.2.1_PUBLIC\Ghidra\Features\PDB\ghidra_scripts
    E:\ghidra_11.2.1_PUBLIC\Ghidra\Processors\8051\ghidra_scripts
    E:\ghidra_11.2.1_PUBLIC\Ghidra\Debug\Debugger-rmi-trace\ghidra_scripts
    I:\SkypeReverse\skypeopensource2\skyserver\tools
    E:\ghidra_11.2.1_PUBLIC\Ghidra\Features\Jython\ghidra_scripts
    E:\ghidra_11.2.1_PUBLIC\Ghidra\Features\Base\ghidra_scripts
    E:\ghidra_11.2.1_PUBLIC\Ghidra\Features\Decompiler\ghidra_scripts
    E:\ghidra_11.2.1_PUBLIC\Ghidra\Processors\Atmel\ghidra_scripts
    E:\ghidra_11.2.1_PUBLIC\Ghidra\Features\FunctionID\ghidra_scripts
    E:\ghidra_11.2.1_PUBLIC\Ghidra\Debug\Debugger-agent-frida\ghidra_scripts
    E:\ghidra_11.2.1_PUBLIC\Ghidra\Features\VersionTracking\ghidra_scripts
    E:\ghidra_11.2.1_PUBLIC\Ghidra\Features\GnuDemangler\ghidra_scripts
    E:\ghidra_11.2.1_PUBLIC\Ghidra\Features\MicrosoftCodeAnalyzer\ghidra_scripts
    E:\ghidra_11.2.1_PUBLIC\Ghidra\Processors\DATA\ghidra_scripts  
2026-09-10 09:38:36 INFO  (HeadlessAnalyzer) HEADLESS: execution starts  
2026-09-10 09:38:36 INFO  (HeadlessAnalyzer) Opening existing project: I:\SkypeReverse\skypeopensource2\skyserver\diagnostics\pe-analysis-20260907-233415\Skype42  
2026-09-10 09:38:36 INFO  (HeadlessProject) Opening project: I:\SkypeReverse\skypeopensource2\skyserver\diagnostics\pe-analysis-20260907-233415\Skype42  
2026-09-10 09:38:39 INFO  (HeadlessAnalyzer) REPORT: Processing project file: /Skype-uncompressed.image.bin  
2026-09-10 09:38:39 INFO  (HeadlessAnalyzer) SCRIPT: I:\SkypeReverse\skypeopensource2\skyserver\tools\InspectSkypeEntry.java  
2026-09-10 09:38:39 INFO  (GhidraScript) InspectSkypeEntry.java> SKYPE_ENTRY 0064bd6e  
2026-09-10 09:38:39 INFO  (GhidraScript) InspectSkypeEntry.java> 0064bd6e MOV EAX,dword ptr [ESP + 0x14]  
2026-09-10 09:38:39 INFO  (GhidraScript) InspectSkypeEntry.java> 0064bd72 MOV AL,byte ptr [EAX + -0x2]  
2026-09-10 09:38:39 INFO  (GhidraScript) InspectSkypeEntry.java> 0064bd75 TEST AL,AL  
2026-09-10 09:38:39 INFO  (GhidraScript) InspectSkypeEntry.java> 0064bd77 JZ 0x0064bf49  
2026-09-10 09:38:39 INFO  (GhidraScript) InspectSkypeEntry.java> 0064bd7d MOV EDI,dword ptr [ESP + 0x14]  
2026-09-10 09:38:39 INFO  (GhidraScript) InspectSkypeEntry.java> 0064bd81 MOVZX ECX,byte ptr [EDI + -0x1]  
2026-09-10 09:38:39 INFO  (GhidraScript) InspectSkypeEntry.java> 0064bd85 MOVZX EDX,byte ptr [EDI]  
2026-09-10 09:38:39 INFO  (GhidraScript) InspectSkypeEntry.java> 0064bd88 MOVZX EBX,byte ptr [EDI + 0x2]  
2026-09-10 09:38:39 INFO  (GhidraScript) InspectSkypeEntry.java> 0064bd8c MOVZX ESI,AL  
2026-09-10 09:38:39 INFO  (GhidraScript) InspectSkypeEntry.java> 0064bd8f MOVZX EAX,byte ptr [EDI + 0x1]  
2026-09-10 09:38:39 INFO  (GhidraScript) InspectSkypeEntry.java> 0064bd93 SHL ESI,0x8  
2026-09-10 09:38:39 INFO  (GhidraScript) InspectSkypeEntry.java> 0064bd96 ADD ESI,ECX  
2026-09-10 09:38:39 INFO  (GhidraScript) InspectSkypeEntry.java> 0064bd98 MOVZX ECX,byte ptr [EDI + 0x3]  
2026-09-10 09:38:39 INFO  (GhidraScript) InspectSkypeEntry.java> 0064bd9c SHL ESI,0x8  
2026-09-10 09:38:39 INFO  (GhidraScript) InspectSkypeEntry.java> 0064bd9f ADD ESI,EDX  
2026-09-10 09:38:39 INFO  (GhidraScript) InspectSkypeEntry.java> 0064bda1 SHL ESI,0x8  
2026-09-10 09:38:39 INFO  (GhidraScript) InspectSkypeEntry.java> 0064bda4 ADD ESI,EAX  
2026-09-10 09:38:39 INFO  (GhidraScript) InspectSkypeEntry.java> 0064bda6 SHL EBX,0x8  
2026-09-10 09:38:39 INFO  (GhidraScript) InspectSkypeEntry.java> 0064bda9 MOV EAX,ESI  
2026-09-10 09:38:39 INFO  (GhidraScript) InspectSkypeEntry.java> 0064bdab ADD EBX,ECX  
2026-09-10 09:38:39 INFO  (GhidraScript) InspectSkypeEntry.java> 0064bdad AND EAX,0xff000000  
2026-09-10 09:38:39 INFO  (GhidraScript) InspectSkypeEntry.java> 0064bdb2 CMP EAX,0x7f000000  
2026-09-10 09:38:39 INFO  (GhidraScript) InspectSkypeEntry.java> 0064bdb7 MOV dword ptr [ESP + 0x30],ESI  
2026-09-10 09:38:39 INFO  (GhidraScript) InspectSkypeEntry.java> 0064bdbb MOV dword ptr [ESP + 0x34],EBX  
2026-09-10 09:38:39 INFO  (GhidraScript) InspectSkypeEntry.java> 0064bdbf JZ 0x0064bdff  
2026-09-10 09:38:39 INFO  (GhidraScript) InspectSkypeEntry.java> 0064bdc1 TEST ESI,ESI  
2026-09-10 09:38:39 INFO  (GhidraScript) InspectSkypeEntry.java> 0064bdc3 JZ 0x0064bdff  
2026-09-10 09:38:39 INFO  (GhidraScript) InspectSkypeEntry.java> 0064bdc5 CMP EAX,0xa000000  
2026-09-10 09:38:39 INFO  (GhidraScript) InspectSkypeEntry.java> 0064bdca JZ 0x0064bdff  
2026-09-10 09:38:39 INFO  (GhidraScript) InspectSkypeEntry.java> 0064bdcc MOV EDX,ESI  
2026-09-10 09:38:39 INFO  (GhidraScript) InspectSkypeEntry.java> 0064bdce AND EDX,0xfff00000  
2026-09-10 09:38:39 INFO  (GhidraScript) InspectSkypeEntry.java> 0064bdd4 CMP EDX,0xac100000  
2026-09-10 09:38:39 INFO  (GhidraScript) InspectSkypeEntry.java> 0064bdda JZ 0x0064bdff  
2026-09-10 09:38:39 INFO  (GhidraScript) InspectSkypeEntry.java> 0064bddc MOV ECX,ESI  
2026-09-10 09:38:39 INFO  (GhidraScript) InspectSkypeEntry.java> 0064bdde AND ECX,0xffff0000  
2026-09-10 09:38:39 INFO  (GhidraScript) InspectSkypeEntry.java> 0064bde4 CMP ECX,0xc0a80000  
2026-09-10 09:38:39 INFO  (GhidraScript) InspectSkypeEntry.java> 0064bdea JZ 0x0064bdff  
2026-09-10 09:38:39 INFO  (GhidraScript) InspectSkypeEntry.java> 0064bdec TEST EAX,EAX  
2026-09-10 09:38:39 INFO  (GhidraScript) InspectSkypeEntry.java> 0064bdee JZ 0x0064bdff  
2026-09-10 09:38:39 INFO  (GhidraScript) InspectSkypeEntry.java> 0064bdf0 CMP EAX,0xff000000  
2026-09-10 09:38:39 INFO  (GhidraScript) InspectSkypeEntry.java> 0064bdf5 JZ 0x0064bdff  
2026-09-10 09:38:39 INFO  (GhidraScript) InspectSkypeEntry.java> 0064bdf7 CMP EBX,0xffff  
2026-09-10 09:38:39 INFO  (GhidraScript) InspectSkypeEntry.java> 0064bdfd JBE 0x0064be27  
2026-09-10 09:38:39 INFO  (GhidraScript) InspectSkypeEntry.java> 0064bdff PUSH 0xb88638  
2026-09-10 09:38:39 INFO  (GhidraScript) InspectSkypeEntry.java> 0064be04 PUSH 0xb88638  
2026-09-10 09:38:39 INFO  (GhidraScript) InspectSkypeEntry.java> 0064be09 PUSH 0x77  
2026-09-10 09:38:39 INFO  (GhidraScript) InspectSkypeEntry.java> 0064be0b PUSH 0xc99930  
2026-09-10 09:38:39 INFO  (GhidraScript) InspectSkypeEntry.java> 0064be10 PUSH 0xc99988  
2026-09-10 09:38:39 INFO  (GhidraScript) InspectSkypeEntry.java> 0064be15 PUSH 0xb89a44  
2026-09-10 09:38:39 INFO  (GhidraScript) InspectSkypeEntry.java> 0064be1a CALL 0x0051fb30  
2026-09-10 09:38:39 INFO  (GhidraScript) InspectSkypeEntry.java> 0064be1f ADD ESP,0x18  
2026-09-10 09:38:39 INFO  (GhidraScript) InspectSkypeEntry.java> 0064be22 JMP 0x0064bf39  
2026-09-10 09:38:39 INFO  (GhidraScript) InspectSkypeEntry.java> 0064be27 MOV ECX,dword ptr [ESP + 0xe4]  
2026-09-10 09:38:39 INFO  (GhidraScript) InspectSkypeEntry.java> 0064be2e MOV EDX,dword ptr [ESP + 0xf0]  
2026-09-10 09:38:39 INFO  (GhidraScript) InspectSkypeEntry.java> 0064be35 MOV EAX,ESI  
2026-09-10 09:38:39 INFO  (GhidraScript) InspectSkypeEntry.java> 0064be37 IMUL EAX,EAX,-0x61c8c933  
2026-09-10 09:38:39 INFO  (GhidraScript) InspectSkypeEntry.java> 0064be3d SHR EAX,CL  
2026-09-10 09:38:39 INFO  (GhidraScript) InspectSkypeEntry.java> 0064be3f MOV ECX,dword ptr [EDX + EAX*0x4]  
2026-09-10 09:38:39 INFO  (GhidraScript) InspectSkypeEntry.java> 0064be42 CMP ECX,-0x1  
2026-09-10 09:38:39 INFO  (GhidraScript) InspectSkypeEntry.java> 0064be45 JZ 0x0064be7c  
2026-09-10 09:38:39 INFO  (GhidraScript) InspectSkypeEntry.java> 0064be47 JMP 0x0064be50  
2026-09-10 09:38:39 INFO  (GhidraScript) InspectSkypeEntry.java> 0064be50 MOV EDX,dword ptr [ESP + 0xd0]  
2026-09-10 09:38:39 INFO  (GhidraScript) InspectSkypeEntry.java> 0064be57 LEA EDX,[EDX + ECX*0x4]  
2026-09-10 09:38:39 INFO  (GhidraScript) InspectSkypeEntry.java> 0064be5a CMP dword ptr [ECX + EDX*0x1],ESI  
2026-09-10 09:38:39 INFO  (GhidraScript) InspectSkypeEntry.java> 0064be5d JZ 0x0064be7c  
2026-09-10 09:38:39 INFO  (GhidraScript) InspectSkypeEntry.java> 0064be5f ADD EAX,0x1  
2026-09-10 09:38:39 INFO  (GhidraScript) InspectSkypeEntry.java> 0064be62 CMP EAX,dword ptr [ESP + 0xe0]  
2026-09-10 09:38:39 INFO  (GhidraScript) InspectSkypeEntry.java> 0064be69 JL 0x0064be6d  
2026-09-10 09:38:39 INFO  (GhidraScript) InspectSkypeEntry.java> 0064be6b XOR EAX,EAX  
2026-09-10 09:38:39 INFO  (GhidraScript) InspectSkypeEntry.java> 0064be6d MOV ECX,dword ptr [ESP + 0xf0]  
2026-09-10 09:38:39 INFO  (GhidraScript) InspectSkypeEntry.java> 0064be74 MOV ECX,dword ptr [ECX + EAX*0x4]  
2026-09-10 09:38:39 INFO  (GhidraScript) InspectSkypeEntry.java> 0064be77 CMP ECX,-0x1  
2026-09-10 09:38:39 INFO  (GhidraScript) InspectSkypeEntry.java> 0064be7a JNZ 0x0064be50  
2026-09-10 09:38:39 INFO  (GhidraScript) InspectSkypeEntry.java> 0064be7c MOV EDX,dword ptr [ESP + 0xf0]  
2026-09-10 09:38:39 INFO  (GhidraScript) InspectSkypeEntry.java> 0064be83 CMP dword ptr [EDX + EAX*0x4],-0x1  
2026-09-10 09:38:39 INFO  (GhidraScript) InspectSkypeEntry.java> 0064be87 JNZ 0x0064bf39  
2026-09-10 09:38:39 INFO  (GhidraScript) InspectSkypeEntry.java> 0064be8d MOV EAX,dword ptr [ESP + 0x18]  
2026-09-10 09:38:39 INFO  (GhidraScript) InspectSkypeEntry.java> 0064be91 MOV ECX,dword ptr [EAX + 0x3df]  
2026-09-10 09:38:39 INFO  (GhidraScript) InspectSkypeEntry.java> 0064be97 ADD EAX,0x3b  
2026-09-10 09:38:39 INFO  (GhidraScript) InspectSkypeEntry.java> 0064be9a CMP ECX,dword ptr [EAX + 0x3a8]  
2026-09-10 09:38:39 INFO  (GhidraScript) InspectSkypeEntry.java> 0064bea0 JC 0x0064beae  
2026-09-10 09:38:39 INFO  (GhidraScript) InspectSkypeEntry.java> 0064bea2 MOV EDI,dword ptr [ESP + 0x18]  
2026-09-10 09:38:39 INFO  (GhidraScript) InspectSkypeEntry.java> 0064bea6 ADD EDI,0x3b  
2026-09-10 09:38:39 INFO  (GhidraScript) InspectSkypeEntry.java> 0064bea9 CALL 0x00859d30  
2026-09-10 09:38:39 INFO  (GhidraScript) InspectSkypeEntry.java> 0064beae MOV ECX,dword ptr [ESP + 0x18]  
2026-09-10 09:38:39 INFO  (GhidraScript) InspectSkypeEntry.java> 0064beb2 MOV EDX,dword ptr [ECX + 0x3df]  
2026-09-10 09:38:39 INFO  (GhidraScript) InspectSkypeEntry.java> 0064beb8 ADD ECX,0x3b  
2026-09-10 09:38:39 INFO  (GhidraScript) InspectSkypeEntry.java> 0064bebb MOV EAX,EDX  
2026-09-10 09:38:39 INFO  (GhidraScript) InspectSkypeEntry.java> 0064bebd IMUL EAX,EAX,0x1d  
2026-09-10 09:38:39 INFO  (GhidraScript) InspectSkypeEntry.java> 0064bec0 ADD EAX,dword ptr [ECX + 0x3a0]  
2026-09-10 09:38:39 INFO  (GhidraScript) InspectSkypeEntry.java> 0064bec6 LEA EDX,[EDX + 0x1]  
2026-09-10 09:38:39 INFO  (GhidraScript) InspectSkypeEntry.java> 0064bec9 MOV dword ptr [ECX + 0x3a4],EDX  
2026-09-10 09:38:39 INFO  (GhidraScript) InspectSkypeEntry.java> 0064becf JZ 0x0064bef3  
2026-09-10 09:38:39 INFO  (GhidraScript) InspectSkypeEntry.java> 0064bed1 XOR EDX,EDX  
2026-09-10 09:38:39 INFO  (GhidraScript) InspectSkypeEntry.java> 0064bed3 OR ECX,0xffffffff  
2026-09-10 09:38:39 INFO  (GhidraScript) InspectSkypeEntry.java> 0064bed6 MOV dword ptr [EAX],EDX  
2026-09-10 09:38:39 INFO  (GhidraScript) InspectSkypeEntry.java> 0064bed8 MOV dword ptr [EAX + 0x4],EDX  
2026-09-10 09:38:39 INFO  (GhidraScript) InspectSkypeEntry.java> 0064bedb MOV byte ptr [EAX + 0x8],DL  
2026-09-10 09:38:39 INFO  (GhidraScript) InspectSkypeEntry.java> 0064bede MOV dword ptr [EAX + 0x9],0x8  
2026-09-10 09:38:39 INFO  (GhidraScript) InspectSkypeEntry.java> 0064bee5 MOV dword ptr [EAX + 0xd],ECX  
2026-09-10 09:38:39 INFO  (GhidraScript) InspectSkypeEntry.java> 0064bee8 MOV dword ptr [EAX + 0x11],ECX  
2026-09-10 09:38:39 INFO  (GhidraScript) InspectSkypeEntry.java> 0064beeb MOV dword ptr [EAX + 0x15],ECX  
2026-09-10 09:38:39 INFO  (GhidraScript) InspectSkypeEntry.java> 0064beee MOV dword ptr [EAX + 0x19],EDX  
2026-09-10 09:38:39 INFO  (GhidraScript) InspectSkypeEntry.java> 0064bef1 JMP 0x0064bef5  
2026-09-10 09:38:39 INFO  (GhidraScript) InspectSkypeEntry.java> 0064bef3 XOR EAX,EAX  
2026-09-10 09:38:39 INFO  (GhidraScript) InspectSkypeEntry.java> 0064bef5 MOV EDX,dword ptr [ESP + 0x18]  
2026-09-10 09:38:39 INFO  (GhidraScript) InspectSkypeEntry.java> 0064bef9 MOV dword ptr [EAX],ESI  
2026-09-10 09:38:39 INFO  (GhidraScript) InspectSkypeEntry.java> 0064befb MOV dword ptr [EAX + 0x4],EBX  
2026-09-10 09:38:39 INFO  (GhidraScript) InspectSkypeEntry.java> 0064befe MOV dword ptr [EAX + 0x9],0x4  
2026-09-10 09:38:39 INFO  (GhidraScript) InspectSkypeEntry.java> 0064bf05 MOV ECX,dword ptr [EDX + 0xe]  
2026-09-10 09:38:40 INFO  (GhidraScript) InspectSkypeEntry.java> 
/* WARNING: Globals starting with '_' overlap smaller symbols at the same address */

void FUN_0064bd6e(void)

{
  char cVar1;
  int iVar2;
  ushort uVar3;
  code *pcVar4;
  uint uVar5;
  int *piVar6;
  uint uVar7;
  int iVar8;
  undefined *puVar9;
  bool bVar10;
  undefined4 in_stack_00000010;
  undefined *in_stack_00000014;
  int in_stack_00000018;
  int in_stack_00000030;
  uint in_stack_00000034;
  undefined4 in_stack_00000060;
  int in_stack_00000078;
  int in_stack_00000090;
  int in_stack_000000b0;
  int in_stack_000000d0;
  int in_stack_000000e0;
  undefined4 in_stack_000000e4;
  int in_stack_000000f0;
  
  do {
    puVar9 = in_stack_00000014;
    cVar1 = in_stack_00000014[-2];
    if (cVar1 == '\0') break;
    uVar3 = CONCAT11(cVar1,in_stack_00000014[-1]);
    iVar8 = CONCAT31(CONCAT21(uVar3,*in_stack_00000014),in_stack_00000014[1]);
    uVar7 = (uint)CONCAT11(in_stack_00000014[2],in_stack_00000014[3]);
    in_stack_00000030 = iVar8;
    in_stack_00000034 = uVar7;
    if (((((cVar1 == '\x7f') || (iVar8 == 0)) || (cVar1 == '\n')) ||
        (((uVar3 & 0xfff0) == 0xac10 || (uVar3 == 0xc0a8)))) ||
       ((cVar1 == '\0' || ((cVar1 == -1 || (0xffff < uVar7)))))) {
      func_0x0051fb30(0xb89a44,0xc99988,0xc99930,0x77,0xb88638,0xb88638);
      in_stack_00000014 = puVar9;
    }
    else {
      uVar5 = (uint)(iVar8 * -0x61c8c933) >> ((byte)in_stack_000000e4 & 0x1f);
      iVar2 = *(int *)(in_stack_000000f0 + uVar5 * 4);
      while ((iVar2 != -1 && (*(int *)(in_stack_000000d0 + iVar2 * 5) != iVar8))) {
        uVar5 = uVar5 + 1;
        if (in_stack_000000e0 <= (int)uVar5) {
          uVar5 = 0;
        }
        iVar2 = *(int *)(in_stack_000000f0 + uVar5 * 4);
      }
      in_stack_00000014 = puVar9;
      if (*(int *)(in_stack_000000f0 + uVar5 * 4) == -1) {
        if (*(uint *)(in_stack_00000018 + 0x3e3) <= *(uint *)(in_stack_00000018 + 0x3df)) {
          func_0x00859d30();
        }
        piVar6 = (int *)(*(int *)(in_stack_00000018 + 0x3df) * 0x1d +
                        *(int *)(in_stack_00000018 + 0x3db));
        *(int *)(in_stack_00000018 + 0x3df) = *(int *)(in_stack_00000018 + 0x3df) + 1;
        if (piVar6 == (int *)0x0) {
          piVar6 = (int *)0x0;
        }
        else {
          *piVar6 = 0;
          piVar6[1] = 0;
          *(undefined *)(piVar6 + 2) = 0;
          *(undefined4 *)((int)piVar6 + 9) = 8;
          *(undefined4 *)((int)piVar6 + 0xd) = 0xffffffff;
          *(undefined4 *)((int)piVar6 + 0x11) = 0xffffffff;
          *(undefined4 *)((int)piVar6 + 0x15) = 0xffffffff;
          *(undefined4 *)((int)piVar6 + 0x19) = 0;
        }
        *piVar6 = iVar8;
        piVar6[1] = uVar7;
        *(undefined4 *)((int)piVar6 + 9) = 4;
        iVar8 = *(int *)(*(int *)(in_stack_00000018 + 0xe) + 0x221) + -0x76a700;
        *(int *)((int)piVar6 + 0x15) = iVar8;
        *(int *)((int)piVar6 + 0x11) = iVar8;
        in_stack_00000010._3_1_ = 1;
        func_0x006a82e0(&stack0x00000030,(int)&stack0x00000010 + 3);
      }
    }
    puVar9 = in_stack_00000014 + 6;
    bVar10 = in_stack_00000014 != (undefined *)0xfffffffc;
    in_stack_00000014 = puVar9;
  } while (bVar10);
  pcVar4 = _DAT_00b5d120;
  func_0x0052c940(0xc99990,*(undefined4 *)(in_stack_00000018 + 0x3df));
  if (in_stack_000000f0 != 0) {
    (*pcVar4)(in_stack_000000f0);
  }
  if (in_stack_000000d0 != 0) {
    (*pcVar4)(in_stack_000000d0);
  }
  in_stack_00000060 = 0xb886e8;
  func_0x004f8d40();
  if (in_stack_00000078 != 0) {
    (*pcVar4)(in_stack_00000078);
  }
  if (in_stack_000000b0 != 0) {
    (*pcVar4)(in_stack_000000b0);
  }
  if (in_stack_00000090 != 0) {
    (*pcVar4)(in_stack_00000090);
  }
  func_0x00a90c08();
  return;
}

  
2026-09-10 09:38:41 INFO  (HeadlessAnalyzer) REPORT: Save succeeded for processed file: /Skype-uncompressed.image.bin  
