2026-09-07 23:36:47 INFO  (LoggingInitialization) Using log config file: jar:file:/E:/ghidra_11.2.1_PUBLIC/Ghidra/Framework/Generic/lib/Generic.jar!/generic.log4j.xml  
2026-09-07 23:36:47 INFO  (LoggingInitialization) Using log file: I:\SkypeReverse\skypeopensource2\skyserver\diagnostics\pe-analysis-20260907-233415\stage1.log  
2026-09-07 23:36:47 INFO  (Preferences) Loading user preferences: C:\Users\IlyaBOT\AppData\Roaming\ghidra\ghidra_11.2.1_PUBLIC\preferences  
2026-09-07 23:36:47 INFO  (ClassSearcher) Searching for classes...  
2026-09-07 23:36:49 INFO  (ClassSearcher) Class search complete (1002 ms)  
2026-09-07 23:36:49 INFO  (SSLContextInitializer) Initializing SSL Context  
2026-09-07 23:36:49 INFO  (SecureRandomFactory) Initializing Random Number Generator...  
2026-09-07 23:36:49 INFO  (SecureRandomFactory) Random Number Generator initialization complete: SHA1PRNG  
2026-09-07 23:36:49 INFO  (ApplicationTrustManagerFactory) Trust manager disabled, cacerts have not been set  
2026-09-07 23:36:49 INFO  (AnalyzeHeadless) Headless startup complete (2418 ms)  
2026-09-07 23:36:49 INFO  (ClassSearcher) Class searcher loaded 57 extension points (18 false positives)  
2026-09-07 23:36:49 INFO  (HeadlessAnalyzer) HEADLESS Script Paths:
    E:\ghidra_11.2.1_PUBLIC\Ghidra\Features\SystemEmulation\ghidra_scripts
    E:\ghidra_11.2.1_PUBLIC\Ghidra\Features\FileFormats\ghidra_scripts
    E:\ghidra_11.2.1_PUBLIC\Ghidra\Debug\Debugger\ghidra_scripts
    E:\ghidra_11.2.1_PUBLIC\Ghidra\Processors\JVM\ghidra_scripts
    E:\ghidra_11.2.1_PUBLIC\Ghidra\Features\BSim\ghidra_scripts
    E:\ghidra_11.2.1_PUBLIC\Ghidra\Features\WildcardAssembler\ghidra_scripts
    E:\ghidra_11.2.1_PUBLIC\Ghidra\Features\SwiftDemangler\ghidra_scripts
    E:\ghidra_11.2.1_PUBLIC\Ghidra\Features\BytePatterns\ghidra_scripts
    E:\ghidra_11.2.1_PUBLIC\Ghidra\Processors\PIC\ghidra_scripts
    E:\ghidra_11.2.1_PUBLIC\Ghidra\Debug\Debugger-agent-dbgmodel-traceloader\ghidra_scripts
    E:\ghidra_11.2.1_PUBLIC\Ghidra\Features\PDB\ghidra_scripts
    E:\ghidra_11.2.1_PUBLIC\Ghidra\Processors\8051\ghidra_scripts
    E:\ghidra_11.2.1_PUBLIC\Ghidra\Debug\Debugger-rmi-trace\ghidra_scripts
    I:\SkypeReverse\skypeopensource2\skyserver\tools
    E:\ghidra_11.2.1_PUBLIC\Ghidra\Features\Jython\ghidra_scripts
    E:\ghidra_11.2.1_PUBLIC\Ghidra\Features\Base\ghidra_scripts
    E:\ghidra_11.2.1_PUBLIC\Ghidra\Features\Decompiler\ghidra_scripts
    E:\ghidra_11.2.1_PUBLIC\Ghidra\Processors\Atmel\ghidra_scripts
    E:\ghidra_11.2.1_PUBLIC\Ghidra\Features\FunctionID\ghidra_scripts
    E:\ghidra_11.2.1_PUBLIC\Ghidra\Debug\Debugger-agent-frida\ghidra_scripts
    E:\ghidra_11.2.1_PUBLIC\Ghidra\Features\VersionTracking\ghidra_scripts
    E:\ghidra_11.2.1_PUBLIC\Ghidra\Features\GnuDemangler\ghidra_scripts
    E:\ghidra_11.2.1_PUBLIC\Ghidra\Features\MicrosoftCodeAnalyzer\ghidra_scripts
    E:\ghidra_11.2.1_PUBLIC\Ghidra\Processors\DATA\ghidra_scripts  
2026-09-07 23:36:49 INFO  (HeadlessAnalyzer) HEADLESS: execution starts  
2026-09-07 23:36:49 INFO  (HeadlessAnalyzer) Opening existing project: I:\SkypeReverse\skypeopensource2\skyserver\diagnostics\pe-analysis-20260907-233415\Skype42  
2026-09-07 23:36:49 INFO  (HeadlessProject) Opening project: I:\SkypeReverse\skypeopensource2\skyserver\diagnostics\pe-analysis-20260907-233415\Skype42  
2026-09-07 23:36:52 INFO  (HeadlessAnalyzer) REPORT: Processing project file: /Skype-original.exe  
2026-09-07 23:36:54 INFO  (HeadlessAnalyzer) SCRIPT: I:\SkypeReverse\skypeopensource2\skyserver\tools\DecodeSkypeLoader.java  
2026-09-07 23:36:55 INFO  (GhidraScript) DecodeSkypeLoader.java> STAGE1 decoded in analysis database only; next VA=0050f195  
2026-09-07 23:36:55 INFO  (HeadlessAnalyzer) SCRIPT: I:\SkypeReverse\skypeopensource2\skyserver\tools\InspectSkypeEntry.java  
2026-09-07 23:36:55 INFO  (GhidraScript) InspectSkypeEntry.java> SKYPE_ENTRY 0050f195  
2026-09-07 23:36:57 INFO  (GhidraScript) InspectSkypeEntry.java> 0050f195 PUSH EAX  
2026-09-07 23:36:57 INFO  (GhidraScript) InspectSkypeEntry.java> 0050f196 MOV ECX,0x101b000  
2026-09-07 23:36:57 INFO  (GhidraScript) InspectSkypeEntry.java> 0050f19b CALL 0x0050f160  
2026-09-07 23:36:57 INFO  (GhidraScript) InspectSkypeEntry.java> 0050f1a0 XOR dword ptr [ESP],EAX  
2026-09-07 23:36:57 INFO  (GhidraScript) InspectSkypeEntry.java> 0050f1a3 RET  
2026-09-07 23:36:57 INFO  (GhidraScript) InspectSkypeEntry.java> 0050f1a4 POP dword ptr [EBP + -0x24]  
2026-09-07 23:36:57 INFO  (GhidraScript) InspectSkypeEntry.java> 0050f1a7 MOV dword ptr [EBP + -0x2c],0x0  
2026-09-07 23:36:57 INFO  (GhidraScript) InspectSkypeEntry.java> 0050f1ae MOV EAX,dword ptr [EBP + -0x54]  
2026-09-07 23:36:57 INFO  (GhidraScript) InspectSkypeEntry.java> 0050f1b1 MOV ECX,dword ptr [EAX]  
2026-09-07 23:36:57 INFO  (GhidraScript) InspectSkypeEntry.java> 0050f1b3 MOV dword ptr [EBP + -0x30],ECX  
2026-09-07 23:36:57 INFO  (GhidraScript) InspectSkypeEntry.java> 0050f1b6 MOV EDX,dword ptr [EBP + -0x30]  
2026-09-07 23:36:57 INFO  (GhidraScript) InspectSkypeEntry.java> 0050f1b9 SHR EDX,0x10  
2026-09-07 23:36:57 INFO  (GhidraScript) InspectSkypeEntry.java> 0050f1bc XOR EDX,dword ptr [EBP + -0x30]  
2026-09-07 23:36:57 INFO  (GhidraScript) InspectSkypeEntry.java> 0050f1bf AND EDX,0xffff  
2026-09-07 23:36:57 INFO  (GhidraScript) InspectSkypeEntry.java> 0050f1c5 MOV dword ptr [EBP + -0x30],EDX  
2026-09-07 23:36:57 INFO  (GhidraScript) InspectSkypeEntry.java> 0050f1c8 MOV dword ptr [EBP + -0x34],0x0  
2026-09-07 23:36:57 INFO  (GhidraScript) InspectSkypeEntry.java> 0050f1cf JMP 0x0050f1da  
2026-09-07 23:36:57 INFO  (GhidraScript) InspectSkypeEntry.java> 0050f1d1 MOV EAX,dword ptr [EBP + -0x34]  
2026-09-07 23:36:57 INFO  (GhidraScript) InspectSkypeEntry.java> 0050f1d4 ADD EAX,0x1  
2026-09-07 23:36:57 INFO  (GhidraScript) InspectSkypeEntry.java> 0050f1d7 MOV dword ptr [EBP + -0x34],EAX  
2026-09-07 23:36:57 INFO  (GhidraScript) InspectSkypeEntry.java> 0050f1da MOV ECX,dword ptr [EBP + -0x34]  
2026-09-07 23:36:57 INFO  (GhidraScript) InspectSkypeEntry.java> 0050f1dd CMP ECX,dword ptr [EBP + -0x30]  
2026-09-07 23:36:57 INFO  (GhidraScript) InspectSkypeEntry.java> 0050f1e0 JNC 0x0050f200  
2026-09-07 23:36:57 INFO  (GhidraScript) InspectSkypeEntry.java> 0050f1e2 MOV EDX,0x50f160  
2026-09-07 23:36:57 INFO  (GhidraScript) InspectSkypeEntry.java> 0050f1e7 ADD EDX,dword ptr [EBP + -0x34]  
2026-09-07 23:36:57 INFO  (GhidraScript) InspectSkypeEntry.java> 0050f1ea MOVZX EAX,byte ptr [EDX]  
2026-09-07 23:36:57 INFO  (GhidraScript) InspectSkypeEntry.java> 0050f1ed MOV ECX,dword ptr [EBP + -0x2c]  
2026-09-07 23:36:57 INFO  (GhidraScript) InspectSkypeEntry.java> 0050f1f0 LEA EDX,[EAX + ECX*0x2]  
2026-09-07 23:36:57 INFO  (GhidraScript) InspectSkypeEntry.java> 0050f1f3 MOV EAX,dword ptr [EBP + -0x2c]  
2026-09-07 23:36:57 INFO  (GhidraScript) InspectSkypeEntry.java> 0050f1f6 SHR EAX,0x1f  
2026-09-07 23:36:57 INFO  (GhidraScript) InspectSkypeEntry.java> 0050f1f9 XOR EDX,EAX  
2026-09-07 23:36:57 INFO  (GhidraScript) InspectSkypeEntry.java> 0050f1fb MOV dword ptr [EBP + -0x2c],EDX  
2026-09-07 23:36:57 INFO  (GhidraScript) InspectSkypeEntry.java> 0050f1fe JMP 0x0050f1d1  
2026-09-07 23:36:57 INFO  (GhidraScript) InspectSkypeEntry.java> 0050f200 MOV dword ptr [EBP + -0x34],0x4  
2026-09-07 23:36:57 INFO  (GhidraScript) InspectSkypeEntry.java> 0050f207 JMP 0x0050f212  
2026-09-07 23:36:57 INFO  (GhidraScript) InspectSkypeEntry.java> 0050f209 MOV ECX,dword ptr [EBP + -0x34]  
2026-09-07 23:36:57 INFO  (GhidraScript) InspectSkypeEntry.java> 0050f20c ADD ECX,0x1  
2026-09-07 23:36:57 INFO  (GhidraScript) InspectSkypeEntry.java> 0050f20f MOV dword ptr [EBP + -0x34],ECX  
2026-09-07 23:36:57 INFO  (GhidraScript) InspectSkypeEntry.java> 0050f212 MOV dword ptr [EBP + -0x40],0x90  
2026-09-07 23:36:57 INFO  (GhidraScript) InspectSkypeEntry.java> 0050f219 MOV dword ptr [EBP + -0x3c],0x0  
2026-09-07 23:36:57 INFO  (GhidraScript) InspectSkypeEntry.java> 0050f220 MOV dword ptr [EBP + -0x38],0x0  
2026-09-07 23:36:57 INFO  (GhidraScript) InspectSkypeEntry.java> 0050f227 MOV EDX,0x118  
2026-09-07 23:36:57 INFO  (GhidraScript) InspectSkypeEntry.java> 0050f22c SUB EDX,dword ptr [EBP + -0x40]  
2026-09-07 23:36:57 INFO  (GhidraScript) InspectSkypeEntry.java> 0050f22f CMP dword ptr [EBP + -0x34],EDX  
2026-09-07 23:36:57 INFO  (GhidraScript) InspectSkypeEntry.java> 0050f232 JNC 0x0050f25e  
2026-09-07 23:36:57 INFO  (GhidraScript) InspectSkypeEntry.java> 0050f234 MOV EAX,dword ptr [EBP + -0x2c]  
2026-09-07 23:36:57 INFO  (GhidraScript) InspectSkypeEntry.java> 0050f237 SHL EAX,0x3  
2026-09-07 23:36:57 INFO  (GhidraScript) InspectSkypeEntry.java> 0050f23a MOV ECX,dword ptr [EBP + -0x2c]  
2026-09-07 23:36:57 INFO  (GhidraScript) InspectSkypeEntry.java> 0050f23d SHR ECX,0x1d  
2026-09-07 23:36:57 INFO  (GhidraScript) InspectSkypeEntry.java> 0050f240 OR EAX,ECX  
2026-09-07 23:36:57 INFO  (GhidraScript) InspectSkypeEntry.java> 0050f242 MOV dword ptr [EBP + -0x2c],EAX  
2026-09-07 23:36:57 INFO  (GhidraScript) InspectSkypeEntry.java> 0050f245 MOVZX EDX,byte ptr [EBP + -0x2c]  
2026-09-07 23:36:57 INFO  (GhidraScript) InspectSkypeEntry.java> 0050f249 MOV EAX,dword ptr [EBP + -0x54]  
2026-09-07 23:36:57 INFO  (GhidraScript) InspectSkypeEntry.java> 0050f24c ADD EAX,dword ptr [EBP + -0x34]  
2026-09-07 23:36:57 INFO  (GhidraScript) InspectSkypeEntry.java> 0050f24f MOVZX ECX,byte ptr [EAX]  
2026-09-07 23:36:57 INFO  (GhidraScript) InspectSkypeEntry.java> 0050f252 XOR ECX,EDX  
2026-09-07 23:36:57 INFO  (GhidraScript) InspectSkypeEntry.java> 0050f254 MOV EDX,dword ptr [EBP + -0x54]  
2026-09-07 23:36:57 INFO  (GhidraScript) InspectSkypeEntry.java> 0050f257 ADD EDX,dword ptr [EBP + -0x34]  
2026-09-07 23:36:57 INFO  (GhidraScript) InspectSkypeEntry.java> 0050f25a MOV byte ptr [EDX],CL  
2026-09-07 23:36:57 INFO  (GhidraScript) InspectSkypeEntry.java> 0050f25c JMP 0x0050f209  
2026-09-07 23:36:57 INFO  (GhidraScript) InspectSkypeEntry.java> 0050f25e MOV EAX,dword ptr [EBP + -0x54]  
2026-09-07 23:36:57 INFO  (GhidraScript) InspectSkypeEntry.java> 0050f261 MOV ECX,dword ptr [EAX + 0xa0]  
2026-09-07 23:36:57 INFO  (GhidraScript) InspectSkypeEntry.java> 0050f267 MOV dword ptr [EBP + -0x20],ECX  
2026-09-07 23:36:57 INFO  (GhidraScript) InspectSkypeEntry.java> 0050f26a MOV EDX,dword ptr [EBP + -0x54]  
2026-09-07 23:36:57 INFO  (GhidraScript) InspectSkypeEntry.java> 0050f26d MOV EAX,dword ptr [EDX + 0xa4]  
2026-09-07 23:36:57 INFO  (GhidraScript) InspectSkypeEntry.java> 0050f273 MOV dword ptr [EBP + -0x1c],EAX  
2026-09-07 23:36:57 INFO  (GhidraScript) InspectSkypeEntry.java> 0050f276 MOV ECX,dword ptr [EBP + -0x54]  
2026-09-07 23:36:57 INFO  (GhidraScript) InspectSkypeEntry.java> 0050f279 ADD ECX,0xe0  
2026-09-07 23:36:57 INFO  (GhidraScript) InspectSkypeEntry.java> 0050f27f PUSH ECX  
2026-09-07 23:36:57 INFO  (GhidraScript) InspectSkypeEntry.java> 0050f280 CALL dword ptr [EBP + -0x20]  
2026-09-07 23:36:57 INFO  (GhidraScript) InspectSkypeEntry.java> 0050f283 MOV dword ptr [EBP + -0x18],EAX  
2026-09-07 23:36:57 INFO  (GhidraScript) InspectSkypeEntry.java> 0050f286 PUSH 0x50efc0  
2026-09-07 23:36:57 INFO  (GhidraScript) InspectSkypeEntry.java> 0050f28b MOV EDX,dword ptr [EBP + -0x18]  
2026-09-07 23:36:57 INFO  (GhidraScript) InspectSkypeEntry.java> 0050f28e PUSH EDX  
2026-09-07 23:36:57 INFO  (GhidraScript) InspectSkypeEntry.java> 0050f28f CALL dword ptr [EBP + -0x1c]  
2026-09-07 23:36:57 INFO  (GhidraScript) InspectSkypeEntry.java> 0050f292 CALL EAX  
2026-09-07 23:36:57 INFO  (GhidraScript) InspectSkypeEntry.java> 0050f294 MOV dword ptr [EBP + -0x14],EAX  
2026-09-07 23:36:57 INFO  (GhidraScript) InspectSkypeEntry.java> 0050f297 PUSH 0x50efe0  
2026-09-07 23:36:57 INFO  (GhidraScript) InspectSkypeEntry.java> 0050f29c MOV EAX,dword ptr [EBP + -0x18]  
2026-09-07 23:36:57 INFO  (GhidraScript) InspectSkypeEntry.java> 0050f29f PUSH EAX  
2026-09-07 23:36:57 INFO  (GhidraScript) InspectSkypeEntry.java> 0050f2a0 CALL dword ptr [EBP + -0x1c]  
2026-09-07 23:36:57 INFO  (GhidraScript) InspectSkypeEntry.java> 0050f2a3 MOV dword ptr [EBP + -0x10],EAX  
2026-09-07 23:36:57 INFO  (GhidraScript) InspectSkypeEntry.java> 0050f2a6 PUSH 0x50eff0  
2026-09-07 23:36:57 INFO  (GhidraScript) InspectSkypeEntry.java> 0050f2ab MOV ECX,dword ptr [EBP + -0x18]  
2026-09-07 23:36:57 INFO  (GhidraScript) InspectSkypeEntry.java> 0050f2ae PUSH ECX  
2026-09-07 23:36:57 INFO  (GhidraScript) InspectSkypeEntry.java> 0050f2af CALL dword ptr [EBP + -0x1c]  
2026-09-07 23:36:57 INFO  (GhidraScript) InspectSkypeEntry.java> 0050f2b2 MOV dword ptr [EBP + -0xc],EAX  
2026-09-07 23:36:57 INFO  (GhidraScript) InspectSkypeEntry.java> 0050f2b5 PUSH 0x50f000  
2026-09-07 23:36:57 INFO  (GhidraScript) InspectSkypeEntry.java> 0050f2ba MOV EDX,dword ptr [EBP + -0x18]  
2026-09-07 23:36:57 INFO  (GhidraScript) InspectSkypeEntry.java> 0050f2bd PUSH EDX  
2026-09-07 23:36:57 INFO  (GhidraScript) InspectSkypeEntry.java> 0050f2be CALL dword ptr [EBP + -0x1c]  
2026-09-07 23:36:57 INFO  (GhidraScript) InspectSkypeEntry.java> 0050f2c1 MOV dword ptr [EBP + -0x8],EAX  
2026-09-07 23:36:57 INFO  (GhidraScript) InspectSkypeEntry.java> 0050f2c4 PUSH 0x50f010  
2026-09-07 23:36:57 INFO  (GhidraScript) InspectSkypeEntry.java> 0050f2c9 MOV EAX,dword ptr [EBP + -0x18]  
2026-09-07 23:36:57 INFO  (GhidraScript) InspectSkypeEntry.java> 0050f2cc PUSH EAX  
2026-09-07 23:36:57 INFO  (GhidraScript) InspectSkypeEntry.java> 0050f2cd CALL dword ptr [EBP + -0x1c]  
2026-09-07 23:36:57 INFO  (GhidraScript) InspectSkypeEntry.java> 0050f2d0 MOV dword ptr [EBP + -0x4],EAX  
2026-09-07 23:36:57 INFO  (GhidraScript) InspectSkypeEntry.java> 0050f2d3 MOV ECX,dword ptr [EBP + -0x54]  
2026-09-07 23:36:57 INFO  (GhidraScript) InspectSkypeEntry.java> 0050f2d6 MOV EDX,dword ptr [EBP + -0x54]  
2026-09-07 23:36:57 INFO  (GhidraScript) InspectSkypeEntry.java> 0050f2d9 MOV EAX,dword ptr [ECX + 0x18]  
2026-09-07 23:36:57 INFO  (GhidraScript) InspectSkypeEntry.java> 
void FUN_0050f195(undefined4 param_1,undefined4 param_2)

{
  func_0x0050f160(param_1,param_2,&DAT_0101b000,param_1);
  return;
}

  
2026-09-07 23:36:58 INFO  (HeadlessAnalyzer) REPORT: Save succeeded for processed file: /Skype-original.exe  
