2026-09-12 22:57:49 INFO  (LoggingInitialization) Using log config file: jar:file:/E:/ghidra_11.2.1_PUBLIC/Ghidra/Framework/Generic/lib/Generic.jar!/generic.log4j.xml  
2026-09-12 22:57:49 INFO  (LoggingInitialization) Using log file: skyserver\diagnostics\pe-analysis-20260907-233415\supernode-timer-20260912.log  
2026-09-12 22:57:49 INFO  (Preferences) Loading user preferences: C:\Users\IlyaBOT\AppData\Roaming\ghidra\ghidra_11.2.1_PUBLIC\preferences  
2026-09-12 22:57:49 INFO  (ClassSearcher) Searching for classes...  
2026-09-12 22:57:50 INFO  (ClassSearcher) Class search complete (1060 ms)  
2026-09-12 22:57:50 INFO  (SSLContextInitializer) Initializing SSL Context  
2026-09-12 22:57:50 INFO  (SecureRandomFactory) Initializing Random Number Generator...  
2026-09-12 22:57:51 INFO  (SecureRandomFactory) Random Number Generator initialization complete: SHA1PRNG  
2026-09-12 22:57:51 INFO  (ApplicationTrustManagerFactory) Trust manager disabled, cacerts have not been set  
2026-09-12 22:57:51 INFO  (AnalyzeHeadless) Headless startup complete (2985 ms)  
2026-09-12 22:57:52 INFO  (ClassSearcher) Class searcher loaded 57 extension points (18 false positives)  
2026-09-12 22:57:52 INFO  (HeadlessAnalyzer) HEADLESS Script Paths:
    E:\ghidra_11.2.1_PUBLIC\Ghidra\Features\SystemEmulation\ghidra_scripts
    E:\ghidra_11.2.1_PUBLIC\Ghidra\Features\FileFormats\ghidra_scripts
    E:\ghidra_11.2.1_PUBLIC\Ghidra\Debug\Debugger\ghidra_scripts
    E:\ghidra_11.2.1_PUBLIC\Ghidra\Processors\JVM\ghidra_scripts
    E:\ghidra_11.2.1_PUBLIC\Ghidra\Features\BSim\ghidra_scripts
    E:\ghidra_11.2.1_PUBLIC\Ghidra\Features\WildcardAssembler\ghidra_scripts
    E:\ghidra_11.2.1_PUBLIC\Ghidra\Features\SwiftDemangler\ghidra_scripts
    E:\ghidra_11.2.1_PUBLIC\Ghidra\Features\BytePatterns\ghidra_scripts
    E:\ghidra_11.2.1_PUBLIC\Ghidra\Processors\PIC\ghidra_scripts
    E:\ghidra_11.2.1_PUBLIC\Ghidra\Debug\Debugger-agent-dbgmodel-traceloader\ghidra_scripts
    E:\ghidra_11.2.1_PUBLIC\Ghidra\Features\PDB\ghidra_scripts
    E:\ghidra_11.2.1_PUBLIC\Ghidra\Processors\8051\ghidra_scripts
    E:\ghidra_11.2.1_PUBLIC\Ghidra\Debug\Debugger-rmi-trace\ghidra_scripts
    E:\ghidra_11.2.1_PUBLIC\Ghidra\Features\Jython\ghidra_scripts
    I:\Open-SkyServer\skyserver\tools
    E:\ghidra_11.2.1_PUBLIC\Ghidra\Features\Base\ghidra_scripts
    E:\ghidra_11.2.1_PUBLIC\Ghidra\Features\Decompiler\ghidra_scripts
    E:\ghidra_11.2.1_PUBLIC\Ghidra\Processors\Atmel\ghidra_scripts
    E:\ghidra_11.2.1_PUBLIC\Ghidra\Features\FunctionID\ghidra_scripts
    E:\ghidra_11.2.1_PUBLIC\Ghidra\Debug\Debugger-agent-frida\ghidra_scripts
    E:\ghidra_11.2.1_PUBLIC\Ghidra\Features\VersionTracking\ghidra_scripts
    E:\ghidra_11.2.1_PUBLIC\Ghidra\Features\GnuDemangler\ghidra_scripts
    E:\ghidra_11.2.1_PUBLIC\Ghidra\Features\MicrosoftCodeAnalyzer\ghidra_scripts
    E:\ghidra_11.2.1_PUBLIC\Ghidra\Processors\DATA\ghidra_scripts  
2026-09-12 22:57:52 INFO  (HeadlessAnalyzer) HEADLESS: execution starts  
2026-09-12 22:57:52 INFO  (HeadlessAnalyzer) Opening existing project: I:\Open-SkyServer\skyserver\diagnostics\pe-analysis-20260907-233415\Skype42  
2026-09-12 22:57:52 INFO  (HeadlessProject) Opening project: I:\Open-SkyServer\skyserver\diagnostics\pe-analysis-20260907-233415\Skype42  
2026-09-12 22:57:54 INFO  (HeadlessAnalyzer) REPORT: Processing project file: /Skype-uncompressed.image.bin  
2026-09-12 22:57:55 INFO  (HeadlessAnalyzer) SCRIPT: I:\Open-SkyServer\skyserver\tools\InspectSkypeEntry.java  
2026-09-12 22:57:55 INFO  (GhidraScript) InspectSkypeEntry.java> SKYPE_ENTRY 007848f0  
2026-09-12 22:57:56 INFO  (GhidraScript) InspectSkypeEntry.java> 007848f0 PUSH EBP  
2026-09-12 22:57:56 INFO  (GhidraScript) InspectSkypeEntry.java> 007848f1 MOV EBP,ESP  
2026-09-12 22:57:56 INFO  (GhidraScript) InspectSkypeEntry.java> 007848f3 AND ESP,0xfffffff8  
2026-09-12 22:57:56 INFO  (GhidraScript) InspectSkypeEntry.java> 007848f6 MOV EAX,0x21a4  
2026-09-12 22:57:56 INFO  (GhidraScript) InspectSkypeEntry.java> 007848fb CALL 0x00a94de0  
2026-09-12 22:57:56 INFO  (GhidraScript) InspectSkypeEntry.java> 00784900 MOV EAX,[0x00d0a8a0]  
2026-09-12 22:57:56 INFO  (GhidraScript) InspectSkypeEntry.java> 00784905 XOR EAX,ESP  
2026-09-12 22:57:56 INFO  (GhidraScript) InspectSkypeEntry.java> 00784907 MOV dword ptr [ESP + 0x21a0],EAX  
2026-09-12 22:57:56 INFO  (GhidraScript) InspectSkypeEntry.java> 0078490e PUSH EBX  
2026-09-12 22:57:56 INFO  (GhidraScript) InspectSkypeEntry.java> 0078490f MOV EBX,ECX  
2026-09-12 22:57:56 INFO  (GhidraScript) InspectSkypeEntry.java> 00784911 XOR EAX,EAX  
2026-09-12 22:57:56 INFO  (GhidraScript) InspectSkypeEntry.java> 00784913 PUSH ESI  
2026-09-12 22:57:56 INFO  (GhidraScript) InspectSkypeEntry.java> 00784914 MOV dword ptr [ESP + 0x24],EAX  
2026-09-12 22:57:56 INFO  (GhidraScript) InspectSkypeEntry.java> 00784918 CMP dword ptr [EBX + 0x19b1],-0x1  
2026-09-12 22:57:56 INFO  (GhidraScript) InspectSkypeEntry.java> 0078491f PUSH EDI  
2026-09-12 22:57:56 INFO  (GhidraScript) InspectSkypeEntry.java> 00784920 MOV EDI,dword ptr [EBX + 0x5b]  
2026-09-12 22:57:56 INFO  (GhidraScript) InspectSkypeEntry.java> 00784923 MOV ECX,dword ptr [EDI + 0x225]  
2026-09-12 22:57:56 INFO  (GhidraScript) InspectSkypeEntry.java> 00784929 MOV dword ptr [ESP + 0x34],EBX  
2026-09-12 22:57:56 INFO  (GhidraScript) InspectSkypeEntry.java> 0078492d MOV dword ptr [ESP + 0x10],ECX  
2026-09-12 22:57:56 INFO  (GhidraScript) InspectSkypeEntry.java> 00784931 JNZ 0x00784942  
2026-09-12 22:57:56 INFO  (GhidraScript) InspectSkypeEntry.java> 00784933 LEA EDX,[ECX + -0x1]  
2026-09-12 22:57:56 INFO  (GhidraScript) InspectSkypeEntry.java> 00784936 MOV dword ptr [EBX + 0x19b1],ECX  
2026-09-12 22:57:56 INFO  (GhidraScript) InspectSkypeEntry.java> 0078493c MOV dword ptr [EBX + 0x19ad],EDX  
2026-09-12 22:57:56 INFO  (GhidraScript) InspectSkypeEntry.java> 00784942 CMP ECX,dword ptr [EBX + 0x19ad]  
2026-09-12 22:57:56 INFO  (GhidraScript) InspectSkypeEntry.java> 00784948 JZ 0x00785369  
2026-09-12 22:57:56 INFO  (GhidraScript) InspectSkypeEntry.java> 0078494e MOV dword ptr [EBX + 0x226d],EAX  
2026-09-12 22:57:56 INFO  (GhidraScript) InspectSkypeEntry.java> 00784954 MOV dword ptr [EBX + 0x2269],EAX  
2026-09-12 22:57:56 INFO  (GhidraScript) InspectSkypeEntry.java> 0078495a MOV EAX,dword ptr [EDI + 0x32c]  
2026-09-12 22:57:56 INFO  (GhidraScript) InspectSkypeEntry.java> 00784960 CMP byte ptr [EAX + 0x17],0x0  
2026-09-12 22:57:56 INFO  (GhidraScript) InspectSkypeEntry.java> 00784964 JZ 0x00784a4f  
2026-09-12 22:57:56 INFO  (GhidraScript) InspectSkypeEntry.java> 0078496a MOV ESI,dword ptr [EAX + 0xb1]  
2026-09-12 22:57:56 INFO  (GhidraScript) InspectSkypeEntry.java> 00784970 MOV EAX,dword ptr [EAX + 0xad]  
2026-09-12 22:57:56 INFO  (GhidraScript) InspectSkypeEntry.java> 00784976 LEA EDX,[ESP + 0x1c]  
2026-09-12 22:57:56 INFO  (GhidraScript) InspectSkypeEntry.java> 0078497a MOV dword ptr [ESP + 0x1c],EAX  
2026-09-12 22:57:56 INFO  (GhidraScript) InspectSkypeEntry.java> 0078497e MOV dword ptr [ESP + 0x20],ESI  
2026-09-12 22:57:56 INFO  (GhidraScript) InspectSkypeEntry.java> 00784982 CALL 0x0056e350  
2026-09-12 22:57:56 INFO  (GhidraScript) InspectSkypeEntry.java> 00784987 TEST AL,AL  
2026-09-12 22:57:56 INFO  (GhidraScript) InspectSkypeEntry.java> 00784989 JNZ 0x007849c6  
2026-09-12 22:57:56 INFO  (GhidraScript) InspectSkypeEntry.java> 0078498b CALL 0x0057f3e0  
2026-09-12 22:57:56 INFO  (GhidraScript) InspectSkypeEntry.java> 00784990 MOV EDX,dword ptr [EAX]  
2026-09-12 22:57:56 INFO  (GhidraScript) InspectSkypeEntry.java> 00784992 MOV ECX,EAX  
2026-09-12 22:57:56 INFO  (GhidraScript) InspectSkypeEntry.java> 00784994 MOV EAX,dword ptr [EDX + 0x1c]  
2026-09-12 22:57:56 INFO  (GhidraScript) InspectSkypeEntry.java> 00784997 CALL EAX  
2026-09-12 22:57:56 INFO  (GhidraScript) InspectSkypeEntry.java> 00784999 TEST AL,AL  
2026-09-12 22:57:56 INFO  (GhidraScript) InspectSkypeEntry.java> 0078499b JZ 0x007849c6  
2026-09-12 22:57:56 INFO  (GhidraScript) InspectSkypeEntry.java> 0078499d MOV EDI,dword ptr [EBX + 0x5b]  
2026-09-12 22:57:56 INFO  (GhidraScript) InspectSkypeEntry.java> 007849a0 CALL 0x0057f3e0  
2026-09-12 22:57:56 INFO  (GhidraScript) InspectSkypeEntry.java> 007849a5 MOV EDX,dword ptr [EAX]  
2026-09-12 22:57:56 INFO  (GhidraScript) InspectSkypeEntry.java> 007849a7 MOV ECX,EAX  
2026-09-12 22:57:56 INFO  (GhidraScript) InspectSkypeEntry.java> 007849a9 MOV EAX,dword ptr [EDX + 0x14]  
2026-09-12 22:57:56 INFO  (GhidraScript) InspectSkypeEntry.java> 007849ac CALL EAX  
2026-09-12 22:57:56 INFO  (GhidraScript) InspectSkypeEntry.java> 007849ae CMP byte ptr [EAX + 0x20],0x0  
2026-09-12 22:57:56 INFO  (GhidraScript) InspectSkypeEntry.java> 007849b2 JZ 0x007849b9  
2026-09-12 22:57:56 INFO  (GhidraScript) InspectSkypeEntry.java> 007849b4 ADD EAX,0x8  
2026-09-12 22:57:56 INFO  (GhidraScript) InspectSkypeEntry.java> 007849b7 JMP 0x007849bc  
2026-09-12 22:57:56 INFO  (GhidraScript) InspectSkypeEntry.java> 007849b9 ADD EAX,0x10  
2026-09-12 22:57:56 INFO  (GhidraScript) InspectSkypeEntry.java> 007849bc MOV ECX,dword ptr [EAX]  
2026-09-12 22:57:56 INFO  (GhidraScript) InspectSkypeEntry.java> 007849be MOV dword ptr [ESP + 0x1c],ECX  
2026-09-12 22:57:56 INFO  (GhidraScript) InspectSkypeEntry.java> 007849c2 MOV dword ptr [ESP + 0x20],ESI  
2026-09-12 22:57:56 INFO  (GhidraScript) InspectSkypeEntry.java> 007849c6 LEA EDX,[ESP + 0x1c]  
2026-09-12 22:57:56 INFO  (GhidraScript) InspectSkypeEntry.java> 007849ca CALL 0x0056e350  
2026-09-12 22:57:56 INFO  (GhidraScript) InspectSkypeEntry.java> 007849cf TEST AL,AL  
2026-09-12 22:57:56 INFO  (GhidraScript) InspectSkypeEntry.java> 007849d1 JNZ 0x007849e7  
2026-09-12 22:57:56 INFO  (GhidraScript) InspectSkypeEntry.java> 007849d3 MOV EDX,dword ptr [EBX + 0x5b]  
2026-09-12 22:57:56 INFO  (GhidraScript) InspectSkypeEntry.java> 007849d6 MOV EAX,dword ptr [EDX + 0x32c]  
2026-09-12 22:57:56 INFO  (GhidraScript) InspectSkypeEntry.java> 007849dc MOV ECX,dword ptr [EAX + 0x46]  
2026-09-12 22:57:56 INFO  (GhidraScript) InspectSkypeEntry.java> 007849df MOV dword ptr [ESP + 0x1c],ECX  
2026-09-12 22:57:56 INFO  (GhidraScript) InspectSkypeEntry.java> 007849e3 MOV dword ptr [ESP + 0x20],ESI  
2026-09-12 22:57:56 INFO  (GhidraScript) InspectSkypeEntry.java> 007849e7 LEA EDX,[ESP + 0x1c]  
2026-09-12 22:57:56 INFO  (GhidraScript) InspectSkypeEntry.java> 007849eb CALL 0x0056e350  
2026-09-12 22:57:56 INFO  (GhidraScript) InspectSkypeEntry.java> 007849f0 TEST AL,AL  
2026-09-12 22:57:56 INFO  (GhidraScript) InspectSkypeEntry.java> 007849f2 JZ 0x00784a4b  
2026-09-12 22:57:56 INFO  (GhidraScript) InspectSkypeEntry.java> 007849f4 MOV EDX,dword ptr [ESP + 0x1c]  
2026-09-12 22:57:56 INFO  (GhidraScript) InspectSkypeEntry.java> 007849f8 CMP EDX,dword ptr [EBX + 0x20c1]  
2026-09-12 22:57:56 INFO  (GhidraScript) InspectSkypeEntry.java> 007849fe JNZ 0x00784a0c  
2026-09-12 22:57:56 INFO  (GhidraScript) InspectSkypeEntry.java> 00784a00 MOV EAX,dword ptr [ESP + 0x20]  
2026-09-12 22:57:56 INFO  (GhidraScript) InspectSkypeEntry.java> 00784a04 CMP EAX,dword ptr [EBX + 0x20c5]  
2026-09-12 22:57:56 INFO  (GhidraScript) InspectSkypeEntry.java> 00784a0a JZ 0x00784a4b  
2026-09-12 22:57:56 INFO  (GhidraScript) InspectSkypeEntry.java> 00784a0c LEA ESI,[ESP + 0x218c]  
2026-09-12 22:57:56 INFO  (GhidraScript) InspectSkypeEntry.java> 00784a13 LEA ECX,[ESP + 0x1c]  
2026-09-12 22:57:56 INFO  (GhidraScript) InspectSkypeEntry.java> 00784a17 CALL 0x005d7240  
2026-09-12 22:57:56 INFO  (GhidraScript) InspectSkypeEntry.java> 00784a1c PUSH EAX  
2026-09-12 22:57:56 INFO  (GhidraScript) InspectSkypeEntry.java> 00784a1d PUSH 0xcb7568  
2026-09-12 22:57:56 INFO  (GhidraScript) InspectSkypeEntry.java> 00784a22 CALL 0x0051fb10  
2026-09-12 22:57:56 INFO  (GhidraScript) InspectSkypeEntry.java> 00784a27 MOV ECX,dword ptr [ESP + 0x28]  
2026-09-12 22:57:56 INFO  (GhidraScript) InspectSkypeEntry.java> 00784a2b MOV EAX,dword ptr [ESP + 0x24]  
2026-09-12 22:57:56 INFO  (GhidraScript) InspectSkypeEntry.java> 00784a2f ADD ESP,0x8  
2026-09-12 22:57:56 INFO  (GhidraScript) InspectSkypeEntry.java> 00784a32 PUSH ECX  
2026-09-12 22:57:56 INFO  (GhidraScript) InspectSkypeEntry.java> 00784a33 PUSH EAX  
2026-09-12 22:57:56 INFO  (GhidraScript) InspectSkypeEntry.java> 00784a34 LEA ESI,[EBX + 0xa3]  
2026-09-12 22:57:56 INFO  (GhidraScript) InspectSkypeEntry.java> 00784a3a MOV dword ptr [EBX + 0x20c1],EAX  
2026-09-12 22:57:56 INFO  (GhidraScript) InspectSkypeEntry.java> 00784a40 MOV dword ptr [EBX + 0x20c5],ECX  
2026-09-12 22:57:56 INFO  (GhidraScript) InspectSkypeEntry.java> 00784a46 CALL 0x0077b110  
2026-09-12 22:57:56 INFO  (GhidraScript) InspectSkypeEntry.java> 00784a4b MOV ECX,dword ptr [ESP + 0x10]  
2026-09-12 22:57:56 INFO  (GhidraScript) InspectSkypeEntry.java> 00784a4f MOV ESI,0x1  
2026-09-12 22:57:56 INFO  (GhidraScript) InspectSkypeEntry.java> 00784a54 MOV EAX,dword ptr [EBX + 0x19ad]  
2026-09-12 22:57:56 INFO  (GhidraScript) InspectSkypeEntry.java> 00784a5a CMP EAX,-0x1  
2026-09-12 22:57:56 INFO  (GhidraScript) InspectSkypeEntry.java> 00784a5d JZ 0x00784a63  
2026-09-12 22:57:56 INFO  (GhidraScript) InspectSkypeEntry.java> 00784a5f CMP EAX,ECX  
2026-09-12 22:57:56 INFO  (GhidraScript) InspectSkypeEntry.java> 00784a61 JNC 0x00784a9c  
2026-09-12 22:57:57 INFO  (GhidraScript) InspectSkypeEntry.java> 
/* WARNING: Globals starting with '_' overlap smaller symbols at the same address */

ulonglong FUN_007848f0(void)

{
  byte bVar1;
  char cVar2;
  byte bVar3;
  int *piVar4;
  int iVar5;
  undefined4 *puVar6;
  int iVar7;
  uint uVar8;
  int iVar9;
  undefined4 uVar10;
  int *extraout_ECX;
  uint uVar11;
  int *piVar12;
  int unaff_EBX;
  undefined4 *unaff_ESI;
  undefined4 *puVar13;
  int iVar14;
  uint unaff_EDI;
  byte in_AF;
  ulonglong uVar15;
  undefined4 *unaff_retaddr;
  uint uStack00000004;
  undefined4 *puStack00000008;
  int in_stack_00000010;
  int in_stack_00000018;
  undefined4 in_stack_0000001c;
  int *in_stack_00000020;
  undefined4 in_stack_00000024;
  undefined4 in_stack_00000028;
  undefined4 in_stack_0000002c;
  undefined4 in_stack_00000030;
  undefined4 in_stack_00000034;
  undefined4 in_stack_00000038;
  undefined4 in_stack_0000003c;
  undefined4 in_stack_00000040;
  undefined4 in_stack_00000044;
  undefined4 in_stack_00000048;
  undefined4 in_stack_0000004c;
  undefined4 in_stack_00000050;
  undefined4 in_stack_00000054;
  undefined4 in_stack_00000058;
  undefined4 in_stack_0000005c;
  undefined4 in_stack_00000060;
  undefined4 in_stack_00000064;
  undefined4 in_stack_00000068;
  undefined4 in_stack_0000006c;
  undefined4 in_stack_00000070;
  undefined4 in_stack_00000074;
  undefined4 in_stack_0000007c;
  undefined4 in_stack_00000080;
  undefined4 in_stack_00000084;
  undefined4 in_stack_00000088;
  undefined4 in_stack_0000008c;
  undefined4 in_stack_00000090;
  undefined4 in_stack_00000094;
  undefined4 in_stack_00000098;
  undefined4 in_stack_0000009c;
  undefined4 in_stack_000000a0;
  undefined4 in_stack_000000a4;
  undefined4 in_stack_000000a8;
  undefined4 in_stack_000000ac;
  undefined4 in_stack_000000b0;
  undefined4 in_stack_000000b4;
  undefined4 in_stack_000000b8;
  undefined4 in_stack_000000c4;
  undefined4 in_stack_000000c8;
  undefined4 in_stack_000000cc;
  undefined4 in_stack_000000d0;
  undefined4 in_stack_000000d4;
  undefined4 in_stack_000000d8;
  undefined4 in_stack_000000dc;
  undefined4 in_stack_000000e0;
  undefined4 in_stack_000000e4;
  undefined4 in_stack_000000e8;
  undefined4 in_stack_000000ec;
  undefined4 in_stack_000000f0;
  undefined4 in_stack_000000f4;
  undefined4 in_stack_000000f8;
  undefined4 in_stack_000000fc;
  undefined4 in_stack_00000100;
  int in_stack_00000128;
  int in_stack_0000013c;
  undefined4 *puStack_1c;
  int *piStack_18;
  uint uStack_8;
  
  func_0x00a94de0();
  uVar11 = *(uint *)(*(int *)((int)extraout_ECX + 0x5b) + 0x225);
  if (*(int *)((int)extraout_ECX + 0x19b1) == -1) {
    *(uint *)((int)extraout_ECX + 0x19b1) = uVar11;
    *(uint *)((int)extraout_ECX + 0x19ad) = uVar11 - 1;
  }
  if (uVar11 == *(uint *)((int)extraout_ECX + 0x19ad)) goto LAB_00785369;
  *(undefined4 *)((int)extraout_ECX + 0x226d) = 0;
  *(undefined4 *)((int)extraout_ECX + 0x2269) = 0;
  iVar5 = *(int *)(*(int *)((int)extraout_ECX + 0x5b) + 0x32c);
  in_stack_00000020 = extraout_ECX;
  if (*(char *)(iVar5 + 0x17) != '\0') {
    iVar7 = *(int *)(iVar5 + 0xb1);
    puStack00000008 = *(undefined4 **)(iVar5 + 0xad);
    piStack_18 = (int *)0x784987;
    cVar2 = FUN_0056e350();
    if (cVar2 == '\0') {
      piStack_18 = (int *)0x784990;
      piVar4 = (int *)func_0x0057f3e0();
      piStack_18 = (int *)0x784999;
      cVar2 = (**(code **)(*piVar4 + 0x1c))();
      if (cVar2 != '\0') {
        piStack_18 = (int *)0x7849a5;
        piVar4 = (int *)func_0x0057f3e0();
        piStack_18 = (int *)0x7849ae;
        iVar5 = (**(code **)(*piVar4 + 0x14))();
        if (*(char *)(iVar5 + 0x20) == '\0') {
          piVar4 = (int *)(iVar5 + 0x10);
        }
        else {
          piVar4 = (int *)(iVar5 + 8);
        }
        puStack00000008 = (undefined4 *)*piVar4;
      }
    }
    piStack_18 = (int *)0x7849cf;
    cVar2 = FUN_0056e350();
    if (cVar2 == '\0') {
      puStack00000008 =
           *(undefined4 **)(*(int *)(*(int *)((int)extraout_ECX + 0x5b) + 0x32c) + 0x46);
    }
    piStack_18 = (int *)0x7849f0;
    cVar2 = FUN_0056e350();
    if ((cVar2 != '\0') &&
       ((puStack00000008 != *(undefined4 **)((int)extraout_ECX + 0x20c1) ||
        (iVar7 != *(int *)((int)extraout_ECX + 0x20c5))))) {
      piStack_18 = (int *)0x784a1c;
      piStack_18 = (int *)func_0x005d7240();
      puStack_1c = (undefined4 *)0xcb7568;
      func_0x0051fb10();
      puStack_1c = puStack00000008;
      *(undefined4 **)((int)extraout_ECX + 0x20c1) = puStack00000008;
      *(int *)((int)extraout_ECX + 0x20c5) = iVar7;
      piStack_18 = (int *)iVar7;
      func_0x0077b110();
    }
  }
  while ((uVar8 = *(uint *)((int)extraout_ECX + 0x19ad), uVar8 == 0xffffffff || (uVar8 < uVar11))) {
    puStack_1c = (undefined4 *)((int)extraout_ECX + 0xa3);
    piStack_18 = (int *)((uVar8 - *(int *)((int)extraout_ECX + 0x19b1)) + 1);
    func_0x0077bf30();
    (**(code **)(*extraout_ECX + 8))(*(int *)((int)extraout_ECX + 0x19ad) + 1);
    *(int *)((int)extraout_ECX + 0x19ad) = *(int *)((int)extraout_ECX + 0x19ad) + 1;
  }
  puVar6 = *(undefined4 **)((int)extraout_ECX + 0x67);
  if (puVar6 != (undefined4 *)0x0) {
    piStack_18 = (int *)0xa;
    puStack_1c = (undefined4 *)0x3;
    unaff_ESI = (undefined4 *)func_0x00518120();
    if ((int)puVar6 < (int)unaff_ESI) {
      unaff_ESI = puVar6;
    }
    if (0 < (int)unaff_ESI) {
      iVar5 = 0;
      do {
        in_stack_00000030 = *(undefined4 *)(*(int *)((int)extraout_ECX + 0x5f) + 0x25 + iVar5);
        uVar10 = *(undefined4 *)(*(int *)((int)extraout_ECX + 0x5f) + 0x21 + iVar5);
        in_stack_0000001c = 0xb886e8;
        in_stack_00000028 = 0;
        in_stack_00000024 = 0;
        in_stack_00000020 = (int *)0x0;
        puVar6 = (undefined4 *)func_0x0051ad40(0);
        *puVar6 = 1;
        puVar6[1] = 0xd;
        puVar6[2] = uVar10;
        puVar6[3] = in_stack_0000002c;
        func_0x006a7540(*(undefined4 *)(*(int *)((int)extraout_ECX + 0x5b) + 0x338),
                        *(int *)((int)extraout_ECX + 0x5f) + iVar5,0x32,&stack0x00000018,0,0,0x1e,0)
        ;
        func_0x004f8d40();
        iVar5 = iVar5 + 0x29;
      } while( true );
    }
    puVar6 = *(undefined4 **)((int)extraout_ECX + 0x67);
    puVar13 = unaff_ESI;
    if ((int)puVar6 < (int)unaff_ESI) {
      puVar13 = puVar6;
    }
    func_0x00a90f10(*(int *)((int)extraout_ECX + 0x5f),
                    (int)puVar13 * 0x29 + *(int *)((int)extraout_ECX + 0x5f),
                    ((int)puVar6 - (int)puVar13) * 0x29);
    *(int *)((int)extraout_ECX + 0x67) = *(int *)((int)extraout_ECX + 0x67) - (int)puVar13;
  }
  puStack_1c = (undefined4 *)0x784b99;
  piStack_18 = extraout_ECX;
  func_0x00783710();
  if ((uVar11 & 0xf) == 0) {
    piStack_18 = (int *)((int)extraout_ECX + 0x19b5);
    puStack_1c = &stack0x00000034;
    func_0x0077dab0((int)extraout_ECX + 0xa3);
    func_0x004f8d40();
    uStack_8 = 0;
    for (unaff_retaddr = (undefined4 *)0x0;
        (uStack_8 < *(uint *)((int)extraout_ECX + 0x1d8d) &&
        (iVar5 = *(int *)((int)extraout_ECX + 0x1d89) + (int)unaff_retaddr, iVar5 != 0));
        unaff_retaddr = (undefined4 *)((int)unaff_retaddr + 0x1d)) {
      if ((*(char *)(iVar5 + 0xc) != '\0') && (uStack00000004 = 0, *(int *)(iVar5 + 8) != 0)) {
        do {
          iVar7 = 0;
          if (0 < *(int *)((int)extraout_ECX + 0x19c1)) {
            in_stack_00000010 = *(int *)(iVar5 + 4) + uStack00000004;
            in_stack_00000018 = *(int *)((int)extraout_ECX + 0x19b9);
            piVar4 = (int *)(in_stack_00000018 + 4);
            iVar9 = 0;
            do {
              iVar14 = iVar9;
              if ((*piVar4 == in_stack_00000010) && (iVar14 = iVar9 + -1, iVar9 == 0)) {
                piVar4 = (int *)(iVar7 * 0x10 + in_stack_00000018);
                if (piVar4 != (int *)0x0) {
                  puStack_1c = (undefined4 *)0x784c6d;
                  piStack_18 = piVar4;
                  func_0x0051add0();
                }
                break;
              }
              iVar7 = iVar7 + 1;
              piVar4 = piVar4 + 4;
              iVar9 = iVar14;
            } while (iVar7 < *(int *)((int)extraout_ECX + 0x19c1));
          }
          uStack00000004 = uStack00000004 + 1;
        } while (uStack00000004 < *(uint *)(iVar5 + 8));
      }
      uStack_8 = uStack_8 + 1;
    }
    iVar5 = *(int *)((int)extraout_ECX + 0x6b);
    while (iVar7 = iVar5, iVar7 != 0) {
      iVar5 = *(int *)(iVar7 + 0x4c);
      if ((*(char *)(iVar7 + 0xbf) == '\0') && (0x77 < uVar11 - *(int *)(iVar7 + 0x60))) {
        piStack_18 = (int *)(iVar7 + 0x7f);
        puStack_1c = (undefined4 *)0xcb7574;
        func_0x0051fb10();
        puStack_1c = *(undefined4 **)(iVar7 + 0xc);
        piStack_18 = (int *)0x0;
        (**(code **)(*(int *)(*(int *)(*(int *)((int)extraout_ECX + 0x5b) + 0x328) + 0x13) + 0x18))
                  ();
      }
    }
  }
  if (*(int *)((int)extraout_ECX + 0x19a9) != 0) {
    piStack_18 = (int *)0x15180;
    puStack_1c = (undefined4 *)0x1;
    uVar8 = func_0x00518190(0x1f,600);
    if (uVar8 <= uVar11 - *(int *)((int)extraout_ECX + 0x2265)) {
      iVar5 = *(int *)((int)extraout_ECX + 0x6b);
      *(uint *)((int)extraout_ECX + 0x2265) = uVar11;
      *(undefined4 *)((int)extraout_ECX + 0x19a9) = 0;
      for (; iVar5 != 0; iVar5 = *(int *)(iVar5 + 0x4c)) {
        *(undefined *)(iVar5 + 0xc1) = 1;
      }
    }
  }
  puVar6 = *(undefined4 **)((int)extraout_ECX + 0x6b);
  if ((puVar6 != (undefined4 *)0x0) && (0x1d < uVar11 - puVar6[0x1c])) {
    puStack_1c = puVar6;
    piStack_18 = *(int **)((int)extraout_ECX + 0x5b);
    func_0x007835c0();
    if ((uint)puVar6[0x1b] <= (uint)(unaff_EBX - puVar6[0x1a])) {
      in_stack_00000048 = *puVar6;
      in_stack_0000004c = puVar6[1];
      puVar6[0x1a] = unaff_EBX;
      in_stack_00000044 = 0;
      in_stack_00000040 = 0;
      in_stack_0000003c = 0;
      in_stack_0000006c = 0;
      in_stack_0000005c = 0;
      in_stack_00000068 = 0;
      in_stack_00000050 = 0;
      in_stack_00000010 = *(int *)((int)extraout_ECX + 0x19c9);
      in_stack_00000038 = 0xb886e8;
      in_stack_00000034 = 0xb;
      in_stack_00000054 = 1;
      in_stack_00000058 = 3;
      in_stack_00000060 = 13000;
      in_stack_00000064 = 26000;
      in_stack_00000070 = 10;
      func_0x0051aee0();
      in_stack_0000006c = puVar6[3];
      in_stack_00000058 = 2;
      (*(code *)**(undefined4 **)(*(int *)(*(int *)((int)extraout_ECX + 0x5b) + 0x328) + 0x13))
                (&stack0x00000034,0);
      in_stack_00000030 = 0xb886e8;
      func_0x004f8d40();
      puVar6 = unaff_ESI;
    }
    if (puVar6[0x1e] != uVar11) {
      in_stack_00000090 = *unaff_ESI;
      unaff_ESI[0x1e] = uVar11;
      in_stack_00000094 = unaff_ESI[1];
      in_stack_0000008c = 0;
      in_stack_00000088 = 0;
      in_stack_00000084 = 0;
      in_stack_000000b4 = 0;
      in_stack_000000a4 = 0;
      in_stack_000000b0 = 0;
      in_stack_00000098 = 0;
      in_stack_00000080 = 0xb886e8;
      in_stack_0000007c = 0x2f;
      in_stack_0000009c = 1;
      in_stack_000000a0 = 3;
      in_stack_000000a8 = 13000;
      in_stack_000000ac = 26000;
      in_stack_000000b8 = 10;
      func_0x006bc400(&stack0x0000007c);
      in_stack_000000b0 = unaff_ESI[3];
      in_stack_0000009c = 2;
      (*(code *)**(undefined4 **)(*(int *)(*(int *)((int)extraout_ECX + 0x5b) + 0x328) + 0x13))
                (&stack0x00000078,0);
      in_stack_00000074 = 0xb886e8;
      func_0x004f8d40();
      puVar6 = unaff_ESI;
    }
    if (*(char *)((int)puVar6 + 0xc1) != '\0') {
      in_stack_000000fc = puVar6[3];
      *(undefined *)((int)puVar6 + 0xc1) = 0;
      in_stack_000000c8 = 0xb886e8;
      in_stack_000000d4 = 0;
      in_stack_000000d0 = 0;
      in_stack_000000cc = 0;
      in_stack_000000c4 = 0x38;
      in_stack_000000dc = 0;
      in_stack_000000d8 = 0;
      in_stack_000000e4 = 1;
      in_stack_000000ec = 0;
      in_stack_000000f0 = 60000;
      in_stack_000000f4 = 60000;
      in_stack_000000f8 = 0;
      in_stack_00000100 = 10;
      in_stack_000000e0 = 0;
      in_stack_000000e8 = 2;
      if (*(char *)(puVar6 + 0x30) == '\0') {
        uVar10 = *(undefined4 *)((int)extraout_ECX + 0x1911);
      }
      else {
        uVar10 = *(undefined4 *)((int)extraout_ECX + 0x199d);
      }
      func_0x00518e60(0x21,uVar10);
      (*(code *)**(undefined4 **)(*(int *)(*(int *)((int)extraout_ECX + 0x5b) + 0x328) + 0x13))
                (&stack0x000000bc,0);
      in_stack_000000b8 = 0xb886e8;
      func_0x004f8d40();
    }
    puVar6[0x1c] = unaff_EBX;
    func_0x006049f0();
  }
  iVar5 = *(int *)(*(int *)((int)extraout_ECX + 0x5b) + 0x33c);
  iVar7 = *(int *)(iVar5 + 0x5b);
  iVar9 = 0;
  if (0 < iVar7) {
    piVar4 = *(int **)(iVar5 + 0x53);
    piVar12 = piVar4;
    do {
      if (*piVar12 == 3) {
        piVar4 = piVar4 + iVar9 * 9;
        if (piVar4 != (int *)0x0) {
          iVar5 = piVar4[1];
          goto LAB_007850b5;
        }
        break;
      }
      iVar9 = iVar9 + 1;
      piVar12 = piVar12 + 9;
    } while (iVar9 < iVar7);
  }
  iVar5 = 0;
LAB_007850b5:
  iVar7 = *(int *)((int)extraout_ECX + 0x2261);
  if ((iVar5 != iVar7) && ((iVar7 == 0 || (iVar5 != iVar7 && -1 < iVar5 - iVar7)))) {
    puStack_1c = (undefined4 *)0x7850cf;
    piStack_18 = extraout_ECX;
    func_0x00786600();
  }
  if (((uVar11 - *(int *)((int)extraout_ECX + 0x20c9) < 0x708) ||
      (*(int *)((int)extraout_ECX + 0xf7) != -1)) ||
     (*(int **)((int)extraout_ECX + 0x2271) != (int *)0x0)) goto LAB_00785369;
  puStack_1c = (undefined4 *)0x9;
  piStack_18 = *(int **)((int)extraout_ECX + 0x2271);
  iVar7 = func_0x00518120();
  iVar5 = *(int *)(*(int *)((int)extraout_ECX + 0x5b) + 0x328);
  func_0x0063b9e0(iVar5 + 0xaab,&puStack_1c);
  uVar11 = iVar5 + 0xaaeU & 0xfffffffc;
  (*_DAT_00b5d150)();
  if (DAT_00d19f76 != '\0') {
    func_0x0063bcf0(iVar5 + 0xaab);
  }
  uVar10 = (*_DAT_00b5d11c)();
  *(undefined4 *)(iVar5 + 0xacf) = uVar10;
  *(int *)(iVar5 + 0xacb) = *(int *)(iVar5 + 0xacb) + 1;
  func_0x00a94250(&stack0x00000100,iVar5 + 0x14ed,0x2064);
  func_0x0063bf70();
  uVar8 = in_stack_00000128 - *(int *)((int)extraout_ECX + 0x20d1);
  if (((uVar8 < 300) && (9999 < unaff_EDI)) || ((uVar8 < 0x1e && (999 < unaff_EDI)))) {
    puStack_1c = (undefined4 *)0xcb7580;
  }
  func_0x0077dc60(10,200);
  func_0x00518120(0x13,3000);
  if (53999 < uVar11 - *(int *)((int)extraout_ECX + 0x20cd)) {
    *(uint *)((int)extraout_ECX + 0x20cd) = uVar11;
    func_0x0077dd50();
  }
  cVar2 = func_0x00518190(0x1c,3,2,0x20);
  puVar6 = (undefined4 *)(0xffffffff >> (0x20U - cVar2 & 0x1f));
  iVar5 = func_0x0077dc60(0x5f,0x50);
  if (iVar5 == 0) {
LAB_0078528a:
    iVar5 = *(int *)(*(int *)((int)extraout_ECX + 0x56) + 0x32c);
    if ((((*(uint *)(iVar5 + 0x13a) & (uint)puVar6) == 0) ||
        ((*(uint *)(iVar5 + 0x2c6) & (uint)puVar6) == 0)) ||
       ((*(uint *)(iVar5 + 0x34a) & (uint)puVar6) == 0)) goto LAB_007852ab;
    if (iVar7 != 0) goto LAB_007852d0;
  }
  else {
    piStack_18 = (int *)(*(int *)(*(int *)((int)extraout_ECX + 0x56) + 0x32c) + 0xd6);
    puStack_1c = (undefined4 *)0x785286;
    cVar2 = func_0x00627e60();
    if (cVar2 != '\0') goto LAB_0078528a;
LAB_007852ab:
    iVar7 = 0xcb75c8;
LAB_007852d0:
    piStack_18 = *(int **)((int)extraout_ECX + 0x20b9);
    puStack_1c = unaff_retaddr;
    func_0x0051fb10(0xcb75d8,iVar7,in_stack_0000013c - *(int *)((int)extraout_ECX + 0x20d1));
    *(int *)((int)extraout_ECX + 0x2271) = in_stack_00000010;
  }
  *(int *)((int)extraout_ECX + 0x20d1) = in_stack_0000013c;
  piVar4 = (int *)0x5c6b46;
  iVar7 = 0xde619c;
  iVar5 = 0x26;
  do {
    iVar7 = iVar7 + *piVar4;
    piVar4 = piVar4 + 1;
    iVar5 = iVar5 + -1;
  } while (iVar5 != 0);
  if (iVar7 != 0x5b02233) {
    bVar3 = in_AF * '\x06' & 0xf;
    *(char *)((int)extraout_ECX + 0xda) = *(char *)((int)extraout_ECX + 0xda) + '[';
    *(uint *)((int)extraout_ECX + 0x34aa3841) =
         *(uint *)((int)extraout_ECX + 0x34aa3841) ^ 0xf1375b04;
    *(undefined4 *)((int)extraout_ECX + 0xa3) = *puVar6;
    bVar1 = 9 < bVar3 | in_AF;
    return (ulonglong)
           (CONCAT24(CONCAT11(in_AF + bVar1,bVar3 + bVar1 * '\x06'),puVar6[1]) & 0xff0fffffffff);
  }
  *(undefined4 ***)((int)in_stack_00000020 + 0x20c9) = &puStack_1c;
LAB_00785369:
  uVar15 = func_0x00a90c08();
  return uVar15;
}

  
2026-09-12 22:57:58 INFO  (HeadlessAnalyzer) REPORT: Save succeeded for processed file: /Skype-uncompressed.image.bin  
