2026-09-07 23:40:02 INFO  (LoggingInitialization) Using log config file: jar:file:/E:/ghidra_11.2.1_PUBLIC/Ghidra/Framework/Generic/lib/Generic.jar!/generic.log4j.xml  
2026-09-07 23:40:02 INFO  (LoggingInitialization) Using log file: I:\SkypeReverse\skypeopensource2\skyserver\diagnostics\pe-analysis-20260907-233415\unpacker.log  
2026-09-07 23:40:02 INFO  (Preferences) Loading user preferences: C:\Users\IlyaBOT\AppData\Roaming\ghidra\ghidra_11.2.1_PUBLIC\preferences  
2026-09-07 23:40:02 INFO  (ClassSearcher) Searching for classes...  
2026-09-07 23:40:03 INFO  (ClassSearcher) Class search complete (1035 ms)  
2026-09-07 23:40:03 INFO  (SSLContextInitializer) Initializing SSL Context  
2026-09-07 23:40:04 INFO  (SecureRandomFactory) Initializing Random Number Generator...  
2026-09-07 23:40:04 INFO  (SecureRandomFactory) Random Number Generator initialization complete: SHA1PRNG  
2026-09-07 23:40:04 INFO  (ApplicationTrustManagerFactory) Trust manager disabled, cacerts have not been set  
2026-09-07 23:40:04 INFO  (AnalyzeHeadless) Headless startup complete (2380 ms)  
2026-09-07 23:40:04 INFO  (ClassSearcher) Class searcher loaded 57 extension points (18 false positives)  
2026-09-07 23:40:04 INFO  (HeadlessAnalyzer) HEADLESS Script Paths:
    E:\ghidra_11.2.1_PUBLIC\Ghidra\Features\SystemEmulation\ghidra_scripts
    E:\ghidra_11.2.1_PUBLIC\Ghidra\Features\FileFormats\ghidra_scripts
    E:\ghidra_11.2.1_PUBLIC\Ghidra\Debug\Debugger\ghidra_scripts
    E:\ghidra_11.2.1_PUBLIC\Ghidra\Processors\JVM\ghidra_scripts
    E:\ghidra_11.2.1_PUBLIC\Ghidra\Features\BSim\ghidra_scripts
    E:\ghidra_11.2.1_PUBLIC\Ghidra\Features\WildcardAssembler\ghidra_scripts
    E:\ghidra_11.2.1_PUBLIC\Ghidra\Features\SwiftDemangler\ghidra_scripts
    E:\ghidra_11.2.1_PUBLIC\Ghidra\Features\BytePatterns\ghidra_scripts
    E:\ghidra_11.2.1_PUBLIC\Ghidra\Processors\PIC\ghidra_scripts
    E:\ghidra_11.2.1_PUBLIC\Ghidra\Debug\Debugger-agent-dbgmodel-traceloader\ghidra_scripts
    E:\ghidra_11.2.1_PUBLIC\Ghidra\Features\PDB\ghidra_scripts
    E:\ghidra_11.2.1_PUBLIC\Ghidra\Processors\8051\ghidra_scripts
    E:\ghidra_11.2.1_PUBLIC\Ghidra\Debug\Debugger-rmi-trace\ghidra_scripts
    I:\SkypeReverse\skypeopensource2\skyserver\tools
    E:\ghidra_11.2.1_PUBLIC\Ghidra\Features\Jython\ghidra_scripts
    E:\ghidra_11.2.1_PUBLIC\Ghidra\Features\Base\ghidra_scripts
    E:\ghidra_11.2.1_PUBLIC\Ghidra\Features\Decompiler\ghidra_scripts
    E:\ghidra_11.2.1_PUBLIC\Ghidra\Processors\Atmel\ghidra_scripts
    E:\ghidra_11.2.1_PUBLIC\Ghidra\Features\FunctionID\ghidra_scripts
    E:\ghidra_11.2.1_PUBLIC\Ghidra\Debug\Debugger-agent-frida\ghidra_scripts
    E:\ghidra_11.2.1_PUBLIC\Ghidra\Features\VersionTracking\ghidra_scripts
    E:\ghidra_11.2.1_PUBLIC\Ghidra\Features\GnuDemangler\ghidra_scripts
    E:\ghidra_11.2.1_PUBLIC\Ghidra\Features\MicrosoftCodeAnalyzer\ghidra_scripts
    E:\ghidra_11.2.1_PUBLIC\Ghidra\Processors\DATA\ghidra_scripts  
2026-09-07 23:40:04 INFO  (HeadlessAnalyzer) HEADLESS: execution starts  
2026-09-07 23:40:04 INFO  (HeadlessAnalyzer) Opening existing project: I:\SkypeReverse\skypeopensource2\skyserver\diagnostics\pe-analysis-20260907-233415\Skype42  
2026-09-07 23:40:04 INFO  (HeadlessProject) Opening project: I:\SkypeReverse\skypeopensource2\skyserver\diagnostics\pe-analysis-20260907-233415\Skype42  
2026-09-07 23:40:06 INFO  (HeadlessAnalyzer) REPORT: Processing project file: /Skype-original.exe  
2026-09-07 23:40:07 INFO  (HeadlessAnalyzer) SCRIPT: I:\SkypeReverse\skypeopensource2\skyserver\tools\InspectSkypeEntry.java  
2026-09-07 23:40:07 INFO  (GhidraScript) InspectSkypeEntry.java> SKYPE_ENTRY 004f93d0  
2026-09-07 23:40:08 INFO  (GhidraScript) InspectSkypeEntry.java> 
/* WARNING: Unable to track spacebase fully for stack */

uint FUN_004f93d0(undefined4 param_1,undefined4 *param_2,int param_3,short *param_4)

{
  char cVar1;
  uint uVar2;
  code *pcVar3;
  code *pcVar4;
  code *pcVar5;
  undefined2 *puVar6;
  int iVar7;
  undefined4 uVar8;
  uint uVar9;
  short *psVar10;
  undefined4 *puVar11;
  uint uVar12;
  uint extraout_EDX;
  uint extraout_EDX_00;
  undefined4 *puVar13;
  undefined4 *puVar14;
  byte *pbVar15;
  uint uVar16;
  undefined4 uVar17;
  byte *pbVar18;
  undefined4 *puVar19;
  undefined4 uVar20;
  undefined4 uVar21;
  undefined4 uVar22;
  undefined4 uVar23;
  short *psStack_34;
  uint uStack_30;
  short *psStack_2c;
  code *pcStack_28;
  uint uStack_24;
  code *pcStack_20;
  code *pcStack_1c;
  code *pcStack_18;
  code *pcStack_14;
  byte *pbStack_10;
  undefined4 uStack_c;
  undefined4 *puStack_8;
  
  psStack_2c = param_4;
  pbStack_10 = *(byte **)(param_3 + 4);
  pcStack_20 = (code *)(pbStack_10 + *(int *)(pbStack_10 + 0x3c));
  uVar8 = param_2[2];
  uVar23 = 0x50f020;
  uStack_30 = 0;
  uStack_24 = param_3;
  puStack_8 = param_2;
  pcVar3 = (code *)(*(code *)param_2[1])();
  uVar17 = param_2[2];
  uVar22 = 0x50f040;
  pcStack_14 = pcVar3;
  pcVar4 = (code *)(*(code *)param_2[1])();
  uVar20 = param_2[2];
  uVar21 = 0x50f050;
  pcVar5 = (code *)(*(code *)param_2[1])();
  pcStack_1c = pcVar5;
  if (((pcVar4 == (code *)0x0) || (pcVar3 == (code *)0x0)) || (pcVar5 == (code *)0x0)) {
    pcVar5 = (code *)(*(code *)param_2[4])();
  }
  puVar6 = (undefined2 *)
           func_0x004f9330(pcVar5,0x18,&uStack_30,uVar20,uVar21,uVar17,uVar22,uVar8,uVar23);
  *puVar6 = 0x4e;
  puVar6[1] = 0x55;
  puVar6[2] = 0x4c;
  puVar6[3] = 0;
  pcStack_18 = (code *)(*pcVar4)();
  pcStack_1c = (code *)(*pcStack_1c)();
  if (pcStack_18 != (code *)0xffffffff) {
    (*pcStack_14)();
  }
  if (pcStack_1c == (code *)0x4d2) {
    pcVar4 = (code *)(*(code *)param_2[1])();
    if (pcVar4 == (code *)0x0) {
      (*(code *)param_2[4])();
    }
    *(undefined *)puVar6 = 0x5c;
    *(undefined *)((int)puVar6 + 1) = 0x5c;
    *(undefined *)(puVar6 + 1) = 0x2e;
    *(undefined *)((int)puVar6 + 3) = 0x5c;
    *(undefined *)(puVar6 + 2) = 0x53;
    *(undefined *)((int)puVar6 + 5) = 0x49;
    *(undefined *)(puVar6 + 3) = 0x43;
    *(undefined *)((int)puVar6 + 7) = 0x45;
    *(undefined *)(puVar6 + 4) = 0;
    iVar7 = (*pcVar4)();
    if (iVar7 != -1) goto LAB_004f9350;
    *(undefined *)puVar6 = 0x5c;
    *(undefined *)((int)puVar6 + 1) = 0x5c;
    *(undefined *)(puVar6 + 1) = 0x2e;
    *(undefined *)((int)puVar6 + 3) = 0x5c;
    *(undefined *)(puVar6 + 2) = 0x53;
    *(undefined *)((int)puVar6 + 5) = 0x69;
    *(undefined *)(puVar6 + 3) = 0x77;
    *(undefined *)((int)puVar6 + 7) = 0x76;
    *(undefined *)(puVar6 + 4) = 0x69;
    *(undefined *)((int)puVar6 + 9) = 100;
    *(undefined *)(puVar6 + 5) = 0;
  }
  else {
    *puVar6 = 0x5c;
    puVar6[1] = 0x5c;
    puVar6[2] = 0x2e;
    puVar6[3] = 0x5c;
    puVar6[4] = 0x4e;
    puVar6[5] = 0x54;
    puVar6[6] = 0x49;
    puVar6[7] = 0x43;
    puVar6[8] = 0x45;
    puVar6[9] = 0;
    iVar7 = (*pcVar4)();
    if (iVar7 != -1) goto LAB_004f9350;
    *puVar6 = 0x5c;
    puVar6[1] = 0x5c;
    puVar6[2] = 0x2e;
    puVar6[3] = 0x5c;
    puVar6[4] = 0x53;
    puVar6[5] = 0x69;
    puVar6[6] = 0x77;
    puVar6[7] = 0x76;
    puVar6[8] = 0x69;
    puVar6[9] = 100;
    puVar6[10] = 0;
  }
  iVar7 = (*pcVar4)();
  puVar19 = puStack_8;
  pbVar15 = pbStack_10;
  pcVar3 = pcStack_20;
  if (iVar7 == -1) {
    pcVar5 = *(code **)(pcStack_20 + *(ushort *)(pcStack_20 + 0x14) + 0x24);
    puVar11 = &uStack_c;
    uVar8 = 0x40;
    pbVar18 = pbStack_10;
    pcStack_28 = pcVar5;
    iVar7 = (*(code *)puStack_8[6])();
    uVar2 = extraout_EDX;
    if (iVar7 == 0) {
      cVar1 = func_0x004f92e0(0,&pcStack_20,puVar19,pbVar18,pcVar5,uVar8,puVar11);
      if (cVar1 != '\0') {
        (*pcStack_20)();
      }
      (*(code *)puVar19[4])();
      uVar2 = extraout_EDX_00;
    }
    uVar12 = uStack_24;
    pbVar15[0x12] = 0;
    pbVar15[0x13] = 0;
    pcStack_1c = (code *)0x0;
    pcStack_14 = (code *)0x0;
    *(undefined4 *)(pcVar3 + 0x58) = 0;
    if (((9 < *(uint *)(pcVar3 + 0x74)) && (*(int *)(pcVar3 + 0xc0) != 0)) &&
       ((*(int *)(pcVar3 + 0xc4) == 0x18 &&
        (pcStack_14 = *(code **)(pbVar15 + *(int *)(pcVar3 + 0xc0) + 8), pcStack_14 != (code *)0x0))
       )) {
      uVar2 = *(uint *)pcStack_14;
      *(uint *)pcStack_14 = 0;
      pcStack_1c = (code *)uVar2;
    }
    if ((4 < *(uint *)(pcVar3 + 0x74)) &&
       ((*(int *)(pcVar3 + 0x9c) != 0 || (*(int *)(pcVar3 + 0x98) != 0)))) {
      *(undefined4 *)(pcVar3 + 0x9c) = 0;
      *(undefined4 *)(pcVar3 + 0x98) = 0;
    }
    uVar16 = 0;
    uVar9 = 0;
    pcStack_18 = (code *)0x0;
    if (*(uint *)(uStack_24 + 8) != 0) {
      do {
        uVar2 = (uint)pbStack_10[uVar9] + uVar16 * 2;
        uVar9 = uVar9 + 1;
        uVar16 = uVar16 >> 0x1f ^ uVar2;
        pcStack_18 = (code *)uVar16;
      } while (uVar9 < *(uint *)(uStack_24 + 8));
    }
    pcVar3 = pcStack_18;
    func_0x0050eee0(uVar9,uVar2,uStack_24);
    pbVar15 = pbStack_10;
    if ((*(int *)(uVar12 + 0xc) != 0) &&
       (cVar1 = func_0x0050e9f0(&uStack_30,pbStack_10,uVar12,&uStack_30), cVar1 == '\0')) {
      (*(code *)puStack_8[4])();
    }
    puVar19 = &param_4;
    pbVar18 = pbVar15;
    pcVar5 = pcStack_28;
    iVar7 = (*(code *)puStack_8[6])();
    if (iVar7 == 0) {
      cVar1 = func_0x004f92e0(0,&pcStack_28,puStack_8,pbVar18,pcVar5,uStack_c,puVar19);
      if (cVar1 != '\0') {
        (*pcStack_28)();
      }
      (*(code *)puStack_8[4])();
    }
    puVar19 = puStack_8;
    iVar7 = *(int *)(uVar12 + 8);
    uVar2 = 0xa9c35b72;
    while (iVar7 != 0) {
      uVar2 = uVar2 * 0x10 + (uint)*pbVar15;
      iVar7 = iVar7 + -1;
      uVar9 = uVar2 & 0xf0000000;
      if (uVar9 != 0) {
        uVar2 = uVar2 ^ uVar9 >> 0x18;
        pcVar3 = pcStack_18;
      }
      uVar2 = uVar2 & ~uVar9;
      pbVar15 = pbVar15 + 1;
    }
    uVar2 = uVar2 ^ (uint)pcVar3;
    if (pcStack_14 != (code *)0x0) {
      *(code **)pcStack_14 = pcStack_1c;
    }
    uVar8 = *(undefined4 *)(uVar12 + 0x94);
    pbVar15 = pbStack_10 + *(int *)(uVar12 + 0x90);
    puVar11 = &param_4;
    uVar17 = 4;
    iVar7 = (*(code *)puStack_8[6])();
    if (iVar7 == 0) {
      cVar1 = func_0x004f92e0(0,&pcStack_28,puVar19,pbVar15,uVar8,uVar17,puVar11);
      if (cVar1 != '\0') {
        (*pcStack_28)();
      }
      iVar7 = (*(code *)puVar19[4])();
    }
    func_0x004f9190(iVar7,pbStack_10,uVar12 + 0x98,pbStack_10,uVar12,puVar19);
    uStack_24 = uVar2 >> 2 ^ uVar2 * 5;
    pcVar3 = (code *)(~(uStack_24 * 3) ^ *(uint *)(uVar12 + 0x84));
    uStack_24 = *(uint *)(uVar12 + 0x80) ^ uStack_24;
    pcStack_18 = pcVar3;
    if (uStack_24 != 0) {
      psStack_2c = (short *)(*(uint *)(uVar12 + 0x8c) ^ *(uint *)(uVar12 + 0x84) ^ uStack_24);
      uStack_30 = *(uint *)(uVar12 + 0x88) ^ *(uint *)(uVar12 + 0x80) ^ (uint)pcVar3;
      func_0x004f9190(puStack_8,uStack_30,&uStack_30,uStack_24,uVar12,puStack_8);
    }
    pcVar5 = (code *)(uVar2 ^ *(uint *)(uVar12 + 0x1c));
    uVar8 = 0;
    pcStack_1c = pcVar5;
    pcStack_14 = (code *)(*(code *)*puStack_8)();
    if ((pcStack_14 != (code *)0x0) && (pcStack_14 != (code *)*(short **)(uVar12 + 4))) {
      cVar1 = '\0';
      psVar10 = (short *)pcStack_14;
      if ((*(short *)pcStack_14 == 0x5a4d) &&
         ((((iVar7 = *(int *)((int)pcStack_14 + 0x3c), iVar7 != 0 &&
            (uStack_30 = (int)pcStack_14 + iVar7, *(int *)((int)pcStack_14 + iVar7) == 0x4550)) &&
           (*(short *)(uStack_30 + 0x14) == 0xe0)) && (*(short *)(uStack_30 + 0x18) == 0x10b)))) {
        psStack_2c = (short *)(uStack_30 + 0xf8);
        cVar1 = '\x01';
        psVar10 = psStack_2c;
      }
      uVar2 = uStack_30;
      pcVar5 = pcStack_1c;
      psStack_34 = (short *)pcStack_14;
      if ((cVar1 != '\0') &&
         (pcStack_28 = (code *)func_0x004f8dc0(psVar10,cVar1,&psStack_34,uVar8), pcVar5 = pcStack_1c
         , pcStack_28 != (code *)0x0)) {
        iVar7 = (*(code *)puStack_8[6])();
        puVar19 = puStack_8;
        if (iVar7 != 0) {
          *(undefined2 *)(uVar2 + 6) = 0;
          uVar12 = 0;
          if (*(int *)(uVar2 + 0x74) != 0) {
            puVar11 = (undefined4 *)(uVar2 + 0x78);
            do {
              puVar11[1] = 0;
              *puVar11 = 0;
              uVar12 = uVar12 + 1;
              puVar11 = puVar11 + 2;
            } while (uVar12 < *(uint *)(uVar2 + 0x74));
          }
          *(undefined4 *)(uVar2 + 0x1c) = 0;
          *(undefined4 *)(uVar2 + 0x20) = 0;
          *(undefined4 *)(uVar2 + 0x24) = 0;
          *(undefined4 *)(uVar2 + 0x28) = 0;
          *(undefined4 *)(uVar2 + 0x2c) = 0;
          *(undefined4 *)(uVar2 + 0x30) = 0;
          (*(code *)puStack_8[6])();
        }
        (*(code *)puVar19[7])();
        (*(code *)puVar19[6])();
        pcVar5 = pcStack_1c;
        pcVar3 = pcStack_18;
      }
    }
    func_0x0052b690(pbStack_10);
    DAT_00d19a98 = 1;
    if (pcVar3 != (code *)0x0) {
      (*pcStack_18)();
    }
    return (uint)pcVar5;
  }
LAB_004f9350:
  uVar8 = (*pcStack_14)();
  puVar19 = puStack_8;
  puStack_8[-1] = puStack_8;
  puStack_8[-2] = puVar6;
  puVar13 = puStack_8 + -3;
  puStack_8[-3] = 0x4f935d;
  cVar1 = func_0x004f92e0(uVar8,puStack_8 + -1);
  if (cVar1 != '\0') {
    *(undefined4 *)((int)puVar13 + -4) = 0;
    *(undefined4 *)((int)puVar13 + -8) = 0x50f100;
    *(undefined4 *)((int)puVar13 + -0xc) = 0x50f0b0;
    *(undefined4 *)((int)puVar13 + -0x10) = 0;
    puVar11 = (undefined4 *)((int)puVar13 + 4);
    puVar14 = (undefined4 *)((int)puVar13 + -0x14);
    puVar13 = (undefined4 *)((int)puVar13 + -0x14);
    *puVar14 = 0x4f9373;
    (*(code *)*puVar11)();
  }
  pcVar3 = (code *)puVar19[4];
  *(undefined4 *)((int)puVar13 + -4) = 1;
  *(undefined4 *)((int)puVar13 + -8) = 0x4f937a;
  uVar2 = (*pcVar3)();
  return uVar2;
}

  
2026-09-07 23:40:08 INFO  (HeadlessAnalyzer) REPORT: Save succeeded for processed file: /Skype-original.exe  
