j:\skypeopensource2\skycontact4_dll\skycontact4_dll\release\vc143.pdb
j:\skypeopensource2\skycontact4_dll\skycontact4_dll\release\mrbrick.obj
j:\skypeopensource2\skycontact4_dll\skycontact4_dll\release\mrbits.obj
j:\skypeopensource2\skycontact4_dll\skycontact4_dll\release\mrarth3.obj
j:\skypeopensource2\skycontact4_dll\skycontact4_dll\release\mrarth2.obj
j:\skypeopensource2\skycontact4_dll\skycontact4_dll\release\mrarth1.obj
j:\skypeopensource2\skycontact4_dll\skycontact4_dll\release\mrarth0.obj
j:\skypeopensource2\skycontact4_dll\skycontact4_dll\release\mralloc.obj
j:\skypeopensource2\skycontact4_dll\skycontact4_dll\release\mraes.obj
j:\skypeopensource2\skycontact4_dll\skycontact4_dll\release\get_blob.obj
j:\skypeopensource2\skycontact4_dll\skycontact4_dll\release\for_dll.obj
j:\skypeopensource2\skycontact4_dll\skycontact4_dll\release\dh_384.obj
j:\skypeopensource2\skycontact4_dll\skycontact4_dll\release\sha1.obj
j:\skypeopensource2\skycontact4_dll\skycontact4_dll\release\rijndael.obj
j:\skypeopensource2\skycontact4_dll\skycontact4_dll\release\md5.obj
j:\skypeopensource2\skycontact4_dll\skycontact4_dll\release\crc32_util.obj
j:\skypeopensource2\skycontact4_dll\skycontact4_dll\release\blob_enc.obj
j:\skypeopensource2\skycontact4_dll\skycontact4_dll\release\blob_auth7.obj
j:\skypeopensource2\skycontact4_dll\skycontact4_dll\release\blob_auth4.obj
j:\skypeopensource2\skycontact4_dll\skycontact4_dll\release\blob_auth3.obj
j:\skypeopensource2\skycontact4_dll\skycontact4_dll\release\blob_auth2.obj
j:\skypeopensource2\skycontact4_dll\skycontact4_dll\release\mrio2.obj
j:\skypeopensource2\skycontact4_dll\skycontact4_dll\release\mrio1.obj
j:\skypeopensource2\skycontact4_dll\skycontact4_dll\release\mrgf2m.obj
j:\skypeopensource2\skycontact4_dll\skycontact4_dll\release\mrgcm.obj
j:\skypeopensource2\skycontact4_dll\skycontact4_dll\release\mrgcd.obj
j:\skypeopensource2\skycontact4_dll\skycontact4_dll\release\mrfrnd.obj
j:\skypeopensource2\skycontact4_dll\skycontact4_dll\release\mrflsh4.obj
j:\skypeopensource2\skycontact4_dll\skycontact4_dll\release\mrflsh3.obj
j:\skypeopensource2\skycontact4_dll\skycontact4_dll\release\mrflsh2.obj
j:\skypeopensource2\skycontact4_dll\skycontact4_dll\release\mrflsh1.obj
j:\skypeopensource2\skycontact4_dll\skycontact4_dll\release\mrflash.obj
j:\skypeopensource2\skycontact4_dll\skycontact4_dll\release\mrfast.obj
j:\skypeopensource2\skycontact4_dll\skycontact4_dll\release\mrecn2.obj
j:\skypeopensource2\skycontact4_dll\skycontact4_dll\release\mrec2m.obj
j:\skypeopensource2\skycontact4_dll\skycontact4_dll\release\mrebrick.obj
j:\skypeopensource2\skycontact4_dll\skycontact4_dll\release\mrdouble.obj
j:\skypeopensource2\skycontact4_dll\skycontact4_dll\release\mrcurve.obj
j:\skypeopensource2\skycontact4_dll\skycontact4_dll\release\mrcrt.obj
j:\skypeopensource2\skycontact4_dll\skycontact4_dll\release\mrcore.obj
j:\skypeopensource2\skycontact4_dll\skycontact4_dll\release\mrbuild.obj
j:\skypeopensource2\skycontact4_dll\skycontact4_dll\release\mrzzn3.obj
j:\skypeopensource2\skycontact4_dll\skycontact4_dll\release\mrzzn2b.obj
j:\skypeopensource2\skycontact4_dll\skycontact4_dll\release\mrzzn2.obj
j:\skypeopensource2\skycontact4_dll\skycontact4_dll\release\mrxgcd.obj
j:\skypeopensource2\skycontact4_dll\skycontact4_dll\release\mrstrong.obj
j:\skypeopensource2\skycontact4_dll\skycontact4_dll\release\mrsroot.obj
j:\skypeopensource2\skycontact4_dll\skycontact4_dll\release\mrsmall.obj
j:\skypeopensource2\skycontact4_dll\skycontact4_dll\release\mrshs512.obj
j:\skypeopensource2\skycontact4_dll\skycontact4_dll\release\mrshs256.obj
j:\skypeopensource2\skycontact4_dll\skycontact4_dll\release\mrshs.obj
j:\skypeopensource2\skycontact4_dll\skycontact4_dll\release\mrscrt.obj
j:\skypeopensource2\skycontact4_dll\skycontact4_dll\release\mrround.obj
j:\skypeopensource2\skycontact4_dll\skycontact4_dll\release\mrrand.obj
j:\skypeopensource2\skycontact4_dll\skycontact4_dll\release\mrprime.obj
j:\skypeopensource2\skycontact4_dll\skycontact4_dll\release\mrpower.obj
j:\skypeopensource2\skycontact4_dll\skycontact4_dll\release\mrpi.obj
j:\skypeopensource2\skycontact4_dll\skycontact4_dll\release\mrmuldv.obj
j:\skypeopensource2\skycontact4_dll\skycontact4_dll\release\mrmonty.obj
j:\skypeopensource2\skycontact4_dll\skycontact4_dll\release\mrlucas.obj
j:\skypeopensource2\skycontact4_dll\skycontact4_dll\release\mrjack.obj
j:\skypeopensource2\skycontact4_dll\skycontact4_dll\release\util.obj
j:\skypeopensource2\skycontact4_dll\skycontact4_dll\release\tcp_setup.obj
j:\skypeopensource2\skycontact4_dll\skycontact4_dll\release\tcp_recv.obj
j:\skypeopensource2\skycontact4_dll\skycontact4_dll\release\sock_comm.obj
j:\skypeopensource2\skycontact4_dll\skycontact4_dll\release\skype_login.obj
j:\skypeopensource2\skycontact4_dll\skycontact4_dll\release\unpack-4142.obj
j:\skypeopensource2\skycontact4_dll\skycontact4_dll\release\skype_rc4.obj
j:\skypeopensource2\skycontact4_dll\skycontact4_dll\release\pack-4142.obj
j:\skypeopensource2\skycontact4_dll\skycontact4_dll\release\ext42.obj
j:\skypeopensource2\skycontact4_dll\skycontact4_dll\release\skycontact3.obj
j:\skypeopensource2\skycontact4_dll\skycontact4_dll\release\miramax.obj
j:\skypeopensource2\skycontact4_dll\skycontact4_dll\release\skycontact4_dll.obj
j:\skypeopensource2\skycontact4_dll\skycontact4_dll\release\skycontact4_dll.tlog\cl.command.1.tlog
j:\skypeopensource2\skycontact4_dll\skycontact4_dll\release\skycontact4_dll.tlog\cl.read.1.tlog
j:\skypeopensource2\skycontact4_dll\skycontact4_dll\release\skycontact4_dll.tlog\cl.write.1.tlog
j:\skypeopensource2\skycontact4_dll\skycontact4_dll\release\skycontact4_dll.tlog\link.command.1.tlog
j:\skypeopensource2\skycontact4_dll\skycontact4_dll\release\skycontact4_dll.tlog\link.delete.1.tlog
j:\skypeopensource2\skycontact4_dll\skycontact4_dll\release\skycontact4_dll.tlog\link.read.1.tlog
j:\skypeopensource2\skycontact4_dll\skycontact4_dll\release\skycontact4_dll.tlog\link.write.1.tlog
